
> security-workforce-payroll-backend@1.0.0 test
> jest --maxWorkers=1 --forceExit

node.exe : FAIL src/tests/property-tests/deployment-assignment-correctness.spec.ts (43.596 s)
At line:1 char:1
+ & "C:\Program Files\nodejs/node.exe" "C:\Program Files\nodejs/node_mo ...
+ ~~~~~~~~~~~~~~~~~~~~~~~~~~~~~~~~~~~~~~~~~~~~~~~~~~~~~~~~~~~~~~~~~~~~~
    + CategoryInfo          : NotSpecified: (FAIL src/tests/...c.ts (43.596 s):String) [], RemoteExcepti 
   on
    + FullyQualifiedErrorId : NativeCommandError
 
  ÔùÅ Console

    console.warn
      Database schema setup encountered issues - attempting to continue with existing schema

    [0m [90m 43 |[39m       })[33m;[39m
     [90m 44 |[39m     } [36mcatch[39m (error) {
    [31m[1m>[22m[39m[90m 45 |[39m       console[33m.[39mwarn([32m'Database schema setup 
encountered issues - attempting to continue with existing schema'[39m)[33m;[39m
     [90m    |[39m               [31m[1m^[22m[39m
     [90m 46 |[39m     }
     [90m 47 |[39m
     [90m 48 |[39m     [90m// Initialize Prisma client after schema is set up with timeout 
settings[39m[0m

      at Object.<anonymous> (src/test/setup.ts:45:15)

    console.log
      Ô£à Test database setup completed successfully

      at Object.<anonymous> (src/test/setup.ts:70:13)

    console.log
      prisma:error 
      Invalid `this.prisma.site.count()` invocation in
      G:\Payroll System\backend\src\deployment\deployment.service.ts:193:42
      
        190 this.logger.log('Calculating deployment efficiency metrics');
        191 const tenantId = this.tenantContext.getTenantId();
        192 
      ÔåÆ 193 const sites = await this.prisma.site.count({
              select: {
                _count: {
                  select: {
                    _all: true
                  }
                }
              },
              where: {
                contract: {
                ~~~~~~~~
                  client: {
                    companyId: "6a34b7b0-6945-4c89-9b69-9efbe83c7629"
                  }
                },
                operationalStatus: "ACTIVE",
            ?   AND?: sitesWhereInput | sitesWhereInput[],
            ?   OR?: sitesWhereInput[],
            ?   NOT?: sitesWhereInput | sitesWhereInput[],
            ?   id?: UuidFilter | String,
            ?   client_id?: UuidFilter | String,
            ?   name?: StringFilter | String,
            ?   address?: JsonFilter,
            ?   access_requirements?: JsonNullableFilter,
            ?   safety_protocols?: JsonNullableFilter,
            ?   operational_status?: EnumOperationalStatusFilter | OperationalStatus,
            ?   contact_info?: JsonNullableFilter,
            ?   created_at?: DateTimeFilter | DateTime,
            ?   updated_at?: DateTimeFilter | DateTime,
            ?   contract_id?: UuidNullableFilter | String | Null,
            ?   min_staffing_level?: IntNullableFilter | Int | Null,
            ?   max_staffing_level?: IntNullableFilter | Int | Null,
            ?   assignments?: AssignmentsListRelationFilter,
            ?   shift_templates?: Shift_templatesListRelationFilter,
            ?   shifts?: ShiftsListRelationFilter,
            ?   clients?: ClientsScalarRelationFilter | clientsWhereInput,
            ?   contracts?: ContractsNullableScalarRelationFilter | contractsWhereInput | Null
              }
            })
      
      Unknown argument `contract`. Did you mean `contracts`? Available options are listed in green.

      at Object.Ou (node_modules/@prisma/internals/src/logger.ts:13:11)

    console.log
      prisma:error 
      Invalid `this.prisma.site.count()` invocation in
      G:\Payroll System\backend\src\deployment\deployment.service.ts:193:42
      
        190 this.logger.log('Calculating deployment efficiency metrics');
        191 const tenantId = this.tenantContext.getTenantId();
        192 
      ÔåÆ 193 const sites = await this.prisma.site.count({
              select: {
                _count: {
                  select: {
                    _all: true
                  }
                }
              },
              where: {
                contract: {
                ~~~~~~~~
                  client: {
                    companyId: "dd4280c2-a35d-482f-af2e-e8f9556d2e36"
                  }
                },
                operationalStatus: "ACTIVE",
            ?   AND?: sitesWhereInput | sitesWhereInput[],
            ?   OR?: sitesWhereInput[],
            ?   NOT?: sitesWhereInput | sitesWhereInput[],
            ?   id?: UuidFilter | String,
            ?   client_id?: UuidFilter | String,
            ?   name?: StringFilter | String,
            ?   address?: JsonFilter,
            ?   access_requirements?: JsonNullableFilter,
            ?   safety_protocols?: JsonNullableFilter,
            ?   operational_status?: EnumOperationalStatusFilter | OperationalStatus,
            ?   contact_info?: JsonNullableFilter,
            ?   created_at?: DateTimeFilter | DateTime,
            ?   updated_at?: DateTimeFilter | DateTime,
            ?   contract_id?: UuidNullableFilter | String | Null,
            ?   min_staffing_level?: IntNullableFilter | Int | Null,
            ?   max_staffing_level?: IntNullableFilter | Int | Null,
            ?   assignments?: AssignmentsListRelationFilter,
            ?   shift_templates?: Shift_templatesListRelationFilter,
            ?   shifts?: ShiftsListRelationFilter,
            ?   clients?: ClientsScalarRelationFilter | clientsWhereInput,
            ?   contracts?: ContractsNullableScalarRelationFilter | contractsWhereInput | Null
              }
            })
      
      Unknown argument `contract`. Did you mean `contracts`? Available options are listed in green.

      at Object.Ou (node_modules/@prisma/internals/src/logger.ts:13:11)

    console.log
      prisma:error 
      Invalid `this.prisma.site.count()` invocation in
      G:\Payroll System\backend\src\deployment\deployment.service.ts:193:42
      
        190 this.logger.log('Calculating deployment efficiency metrics');
        191 const tenantId = this.tenantContext.getTenantId();
        192 
      ÔåÆ 193 const sites = await this.prisma.site.count({
              select: {
                _count: {
                  select: {
                    _all: true
                  }
                }
              },
              where: {
                contract: {
                ~~~~~~~~
                  client: {
                    companyId: "31ba88f3-18a4-41d7-a021-2477d0d3ebea"
                  }
                },
                operationalStatus: "ACTIVE",
            ?   AND?: sitesWhereInput | sitesWhereInput[],
            ?   OR?: sitesWhereInput[],
            ?   NOT?: sitesWhereInput | sitesWhereInput[],
            ?   id?: UuidFilter | String,
            ?   client_id?: UuidFilter | String,
            ?   name?: StringFilter | String,
            ?   address?: JsonFilter,
            ?   access_requirements?: JsonNullableFilter,
            ?   safety_protocols?: JsonNullableFilter,
            ?   operational_status?: EnumOperationalStatusFilter | OperationalStatus,
            ?   contact_info?: JsonNullableFilter,
            ?   created_at?: DateTimeFilter | DateTime,
            ?   updated_at?: DateTimeFilter | DateTime,
            ?   contract_id?: UuidNullableFilter | String | Null,
            ?   min_staffing_level?: IntNullableFilter | Int | Null,
            ?   max_staffing_level?: IntNullableFilter | Int | Null,
            ?   assignments?: AssignmentsListRelationFilter,
            ?   shift_templates?: Shift_templatesListRelationFilter,
            ?   shifts?: ShiftsListRelationFilter,
            ?   clients?: ClientsScalarRelationFilter | clientsWhereInput,
            ?   contracts?: ContractsNullableScalarRelationFilter | contractsWhereInput | Null
              }
            })
      
      Unknown argument `contract`. Did you mean `contracts`? Available options are listed in green.

      at Object.Ou (node_modules/@prisma/internals/src/logger.ts:13:11)

    console.log
      prisma:error 
      Invalid `this.prisma.site.count()` invocation in
      G:\Payroll System\backend\src\deployment\deployment.service.ts:193:42
      
        190 this.logger.log('Calculating deployment efficiency metrics');
        191 const tenantId = this.tenantContext.getTenantId();
        192 
      ÔåÆ 193 const sites = await this.prisma.site.count({
              select: {
                _count: {
                  select: {
                    _all: true
                  }
                }
              },
              where: {
                contract: {
                ~~~~~~~~
                  client: {
                    companyId: "a06c98be-ad18-42f8-8415-e3a8779845a8"
                  }
                },
                operationalStatus: "ACTIVE",
            ?   AND?: sitesWhereInput | sitesWhereInput[],
            ?   OR?: sitesWhereInput[],
            ?   NOT?: sitesWhereInput | sitesWhereInput[],
            ?   id?: UuidFilter | String,
            ?   client_id?: UuidFilter | String,
            ?   name?: StringFilter | String,
            ?   address?: JsonFilter,
            ?   access_requirements?: JsonNullableFilter,
            ?   safety_protocols?: JsonNullableFilter,
            ?   operational_status?: EnumOperationalStatusFilter | OperationalStatus,
            ?   contact_info?: JsonNullableFilter,
            ?   created_at?: DateTimeFilter | DateTime,
            ?   updated_at?: DateTimeFilter | DateTime,
            ?   contract_id?: UuidNullableFilter | String | Null,
            ?   min_staffing_level?: IntNullableFilter | Int | Null,
            ?   max_staffing_level?: IntNullableFilter | Int | Null,
            ?   assignments?: AssignmentsListRelationFilter,
            ?   shift_templates?: Shift_templatesListRelationFilter,
            ?   shifts?: ShiftsListRelationFilter,
            ?   clients?: ClientsScalarRelationFilter | clientsWhereInput,
            ?   contracts?: ContractsNullableScalarRelationFilter | contractsWhereInput | Null
              }
            })
      
      Unknown argument `contract`. Did you mean `contracts`? Available options are listed in green.

      at Object.Ou (node_modules/@prisma/internals/src/logger.ts:13:11)

    console.log
      prisma:error 
      Invalid `this.prisma.site.count()` invocation in
      G:\Payroll System\backend\src\deployment\deployment.service.ts:193:42
      
        190 this.logger.log('Calculating deployment efficiency metrics');
        191 const tenantId = this.tenantContext.getTenantId();
        192 
      ÔåÆ 193 const sites = await this.prisma.site.count({
              select: {
                _count: {
                  select: {
                    _all: true
                  }
                }
              },
              where: {
                contract: {
                ~~~~~~~~
                  client: {
                    companyId: "9c50eac4-0b16-4df1-8fd0-60e2a7a6fa53"
                  }
                },
                operationalStatus: "ACTIVE",
            ?   AND?: sitesWhereInput | sitesWhereInput[],
            ?   OR?: sitesWhereInput[],
            ?   NOT?: sitesWhereInput | sitesWhereInput[],
            ?   id?: UuidFilter | String,
            ?   client_id?: UuidFilter | String,
            ?   name?: StringFilter | String,
            ?   address?: JsonFilter,
            ?   access_requirements?: JsonNullableFilter,
            ?   safety_protocols?: JsonNullableFilter,
            ?   operational_status?: EnumOperationalStatusFilter | OperationalStatus,
            ?   contact_info?: JsonNullableFilter,
            ?   created_at?: DateTimeFilter | DateTime,
            ?   updated_at?: DateTimeFilter | DateTime,
            ?   contract_id?: UuidNullableFilter | String | Null,
            ?   min_staffing_level?: IntNullableFilter | Int | Null,
            ?   max_staffing_level?: IntNullableFilter | Int | Null,
            ?   assignments?: AssignmentsListRelationFilter,
            ?   shift_templates?: Shift_templatesListRelationFilter,
            ?   shifts?: ShiftsListRelationFilter,
            ?   clients?: ClientsScalarRelationFilter | clientsWhereInput,
            ?   contracts?: ContractsNullableScalarRelationFilter | contractsWhereInput | Null
              }
            })
      
      Unknown argument `contract`. Did you mean `contracts`? Available options are listed in green.

      at Object.Ou (node_modules/@prisma/internals/src/logger.ts:13:11)

    console.log
      prisma:error 
      Invalid `this.prisma.site.count()` invocation in
      G:\Payroll System\backend\src\deployment\deployment.service.ts:193:42
      
        190 this.logger.log('Calculating deployment efficiency metrics');
        191 const tenantId = this.tenantContext.getTenantId();
        192 
      ÔåÆ 193 const sites = await this.prisma.site.count({
              select: {
                _count: {
                  select: {
                    _all: true
                  }
                }
              },
              where: {
                contract: {
                ~~~~~~~~
                  client: {
                    companyId: "fb479ebe-11a0-4932-95b6-0a8c5f7c10b2"
                  }
                },
                operationalStatus: "ACTIVE",
            ?   AND?: sitesWhereInput | sitesWhereInput[],
            ?   OR?: sitesWhereInput[],
            ?   NOT?: sitesWhereInput | sitesWhereInput[],
            ?   id?: UuidFilter | String,
            ?   client_id?: UuidFilter | String,
            ?   name?: StringFilter | String,
            ?   address?: JsonFilter,
            ?   access_requirements?: JsonNullableFilter,
            ?   safety_protocols?: JsonNullableFilter,
            ?   operational_status?: EnumOperationalStatusFilter | OperationalStatus,
            ?   contact_info?: JsonNullableFilter,
            ?   created_at?: DateTimeFilter | DateTime,
            ?   updated_at?: DateTimeFilter | DateTime,
            ?   contract_id?: UuidNullableFilter | String | Null,
            ?   min_staffing_level?: IntNullableFilter | Int | Null,
            ?   max_staffing_level?: IntNullableFilter | Int | Null,
            ?   assignments?: AssignmentsListRelationFilter,
            ?   shift_templates?: Shift_templatesListRelationFilter,
            ?   shifts?: ShiftsListRelationFilter,
            ?   clients?: ClientsScalarRelationFilter | clientsWhereInput,
            ?   contracts?: ContractsNullableScalarRelationFilter | contractsWhereInput | Null
              }
            })
      
      Unknown argument `contract`. Did you mean `contracts`? Available options are listed in green.

      at Object.Ou (node_modules/@prisma/internals/src/logger.ts:13:11)

    console.log
      prisma:error 
      Invalid `this.prisma.site.count()` invocation in
      G:\Payroll System\backend\src\deployment\deployment.service.ts:193:42
      
        190 this.logger.log('Calculating deployment efficiency metrics');
        191 const tenantId = this.tenantContext.getTenantId();
        192 
      ÔåÆ 193 const sites = await this.prisma.site.count({
              select: {
                _count: {
                  select: {
                    _all: true
                  }
                }
              },
              where: {
                contract: {
                ~~~~~~~~
                  client: {
                    companyId: "b04587c5-791c-4d3b-9f19-425eeb1babee"
                  }
                },
                operationalStatus: "ACTIVE",
            ?   AND?: sitesWhereInput | sitesWhereInput[],
            ?   OR?: sitesWhereInput[],
            ?   NOT?: sitesWhereInput | sitesWhereInput[],
            ?   id?: UuidFilter | String,
            ?   client_id?: UuidFilter | String,
            ?   name?: StringFilter | String,
            ?   address?: JsonFilter,
            ?   access_requirements?: JsonNullableFilter,
            ?   safety_protocols?: JsonNullableFilter,
            ?   operational_status?: EnumOperationalStatusFilter | OperationalStatus,
            ?   contact_info?: JsonNullableFilter,
            ?   created_at?: DateTimeFilter | DateTime,
            ?   updated_at?: DateTimeFilter | DateTime,
            ?   contract_id?: UuidNullableFilter | String | Null,
            ?   min_staffing_level?: IntNullableFilter | Int | Null,
            ?   max_staffing_level?: IntNullableFilter | Int | Null,
            ?   assignments?: AssignmentsListRelationFilter,
            ?   shift_templates?: Shift_templatesListRelationFilter,
            ?   shifts?: ShiftsListRelationFilter,
            ?   clients?: ClientsScalarRelationFilter | clientsWhereInput,
            ?   contracts?: ContractsNullableScalarRelationFilter | contractsWhereInput | Null
              }
            })
      
      Unknown argument `contract`. Did you mean `contracts`? Available options are listed in green.

      at Object.Ou (node_modules/@prisma/internals/src/logger.ts:13:11)

    console.log
      prisma:error 
      Invalid `this.prisma.site.count()` invocation in
      G:\Payroll System\backend\src\deployment\deployment.service.ts:193:42
      
        190 this.logger.log('Calculating deployment efficiency metrics');
        191 const tenantId = this.tenantContext.getTenantId();
        192 
      ÔåÆ 193 const sites = await this.prisma.site.count({
              select: {
                _count: {
                  select: {
                    _all: true
                  }
                }
              },
              where: {
                contract: {
                ~~~~~~~~
                  client: {
                    companyId: "b32df102-bdca-4f14-ac22-6daa51f50c15"
                  }
                },
                operationalStatus: "ACTIVE",
            ?   AND?: sitesWhereInput | sitesWhereInput[],
            ?   OR?: sitesWhereInput[],
            ?   NOT?: sitesWhereInput | sitesWhereInput[],
            ?   id?: UuidFilter | String,
            ?   client_id?: UuidFilter | String,
            ?   name?: StringFilter | String,
            ?   address?: JsonFilter,
            ?   access_requirements?: JsonNullableFilter,
            ?   safety_protocols?: JsonNullableFilter,
            ?   operational_status?: EnumOperationalStatusFilter | OperationalStatus,
            ?   contact_info?: JsonNullableFilter,
            ?   created_at?: DateTimeFilter | DateTime,
            ?   updated_at?: DateTimeFilter | DateTime,
            ?   contract_id?: UuidNullableFilter | String | Null,
            ?   min_staffing_level?: IntNullableFilter | Int | Null,
            ?   max_staffing_level?: IntNullableFilter | Int | Null,
            ?   assignments?: AssignmentsListRelationFilter,
            ?   shift_templates?: Shift_templatesListRelationFilter,
            ?   shifts?: ShiftsListRelationFilter,
            ?   clients?: ClientsScalarRelationFilter | clientsWhereInput,
            ?   contracts?: ContractsNullableScalarRelationFilter | contractsWhereInput | Null
              }
            })
      
      Unknown argument `contract`. Did you mean `contracts`? Available options are listed in green.

      at Object.Ou (node_modules/@prisma/internals/src/logger.ts:13:11)

    console.log
      prisma:error 
      Invalid `this.prisma.site.count()` invocation in
      G:\Payroll System\backend\src\deployment\deployment.service.ts:193:42
      
        190 this.logger.log('Calculating deployment efficiency metrics');
        191 const tenantId = this.tenantContext.getTenantId();
        192 
      ÔåÆ 193 const sites = await this.prisma.site.count({
              select: {
                _count: {
                  select: {
                    _all: true
                  }
                }
              },
              where: {
                contract: {
                ~~~~~~~~
                  client: {
                    companyId: "0b83f0d0-2b4a-4994-934d-8d6d7654b8a4"
                  }
                },
                operationalStatus: "ACTIVE",
            ?   AND?: sitesWhereInput | sitesWhereInput[],
            ?   OR?: sitesWhereInput[],
            ?   NOT?: sitesWhereInput | sitesWhereInput[],
            ?   id?: UuidFilter | String,
            ?   client_id?: UuidFilter | String,
            ?   name?: StringFilter | String,
            ?   address?: JsonFilter,
            ?   access_requirements?: JsonNullableFilter,
            ?   safety_protocols?: JsonNullableFilter,
            ?   operational_status?: EnumOperationalStatusFilter | OperationalStatus,
            ?   contact_info?: JsonNullableFilter,
            ?   created_at?: DateTimeFilter | DateTime,
            ?   updated_at?: DateTimeFilter | DateTime,
            ?   contract_id?: UuidNullableFilter | String | Null,
            ?   min_staffing_level?: IntNullableFilter | Int | Null,
            ?   max_staffing_level?: IntNullableFilter | Int | Null,
            ?   assignments?: AssignmentsListRelationFilter,
            ?   shift_templates?: Shift_templatesListRelationFilter,
            ?   shifts?: ShiftsListRelationFilter,
            ?   clients?: ClientsScalarRelationFilter | clientsWhereInput,
            ?   contracts?: ContractsNullableScalarRelationFilter | contractsWhereInput | Null
              }
            })
      
      Unknown argument `contract`. Did you mean `contracts`? Available options are listed in green.

      at Object.Ou (node_modules/@prisma/internals/src/logger.ts:13:11)

    console.log
      prisma:error 
      Invalid `this.prisma.site.count()` invocation in
      G:\Payroll System\backend\src\deployment\deployment.service.ts:193:42
      
        190 this.logger.log('Calculating deployment efficiency metrics');
        191 const tenantId = this.tenantContext.getTenantId();
        192 
      ÔåÆ 193 const sites = await this.prisma.site.count({
              select: {
                _count: {
                  select: {
                    _all: true
                  }
                }
              },
              where: {
                contract: {
                ~~~~~~~~
                  client: {
                    companyId: "6f517345-6ff4-45c3-9e69-1a4028a81a5f"
                  }
                },
                operationalStatus: "ACTIVE",
            ?   AND?: sitesWhereInput | sitesWhereInput[],
            ?   OR?: sitesWhereInput[],
            ?   NOT?: sitesWhereInput | sitesWhereInput[],
            ?   id?: UuidFilter | String,
            ?   client_id?: UuidFilter | String,
            ?   name?: StringFilter | String,
            ?   address?: JsonFilter,
            ?   access_requirements?: JsonNullableFilter,
            ?   safety_protocols?: JsonNullableFilter,
            ?   operational_status?: EnumOperationalStatusFilter | OperationalStatus,
            ?   contact_info?: JsonNullableFilter,
            ?   created_at?: DateTimeFilter | DateTime,
            ?   updated_at?: DateTimeFilter | DateTime,
            ?   contract_id?: UuidNullableFilter | String | Null,
            ?   min_staffing_level?: IntNullableFilter | Int | Null,
            ?   max_staffing_level?: IntNullableFilter | Int | Null,
            ?   assignments?: AssignmentsListRelationFilter,
            ?   shift_templates?: Shift_templatesListRelationFilter,
            ?   shifts?: ShiftsListRelationFilter,
            ?   clients?: ClientsScalarRelationFilter | clientsWhereInput,
            ?   contracts?: ContractsNullableScalarRelationFilter | contractsWhereInput | Null
              }
            })
      
      Unknown argument `contract`. Did you mean `contracts`? Available options are listed in green.

      at Object.Ou (node_modules/@prisma/internals/src/logger.ts:13:11)

    console.log
      prisma:error 
      Invalid `this.prisma.site.count()` invocation in
      G:\Payroll System\backend\src\deployment\deployment.service.ts:193:42
      
        190 this.logger.log('Calculating deployment efficiency metrics');
        191 const tenantId = this.tenantContext.getTenantId();
        192 
      ÔåÆ 193 const sites = await this.prisma.site.count({
              select: {
                _count: {
                  select: {
                    _all: true
                  }
                }
              },
              where: {
                contract: {
                ~~~~~~~~
                  client: {
                    companyId: "98ee74a6-d83d-454a-acf6-aad5b7d1d144"
                  }
                },
                operationalStatus: "ACTIVE",
            ?   AND?: sitesWhereInput | sitesWhereInput[],
            ?   OR?: sitesWhereInput[],
            ?   NOT?: sitesWhereInput | sitesWhereInput[],
            ?   id?: UuidFilter | String,
            ?   client_id?: UuidFilter | String,
            ?   name?: StringFilter | String,
            ?   address?: JsonFilter,
            ?   access_requirements?: JsonNullableFilter,
            ?   safety_protocols?: JsonNullableFilter,
            ?   operational_status?: EnumOperationalStatusFilter | OperationalStatus,
            ?   contact_info?: JsonNullableFilter,
            ?   created_at?: DateTimeFilter | DateTime,
            ?   updated_at?: DateTimeFilter | DateTime,
            ?   contract_id?: UuidNullableFilter | String | Null,
            ?   min_staffing_level?: IntNullableFilter | Int | Null,
            ?   max_staffing_level?: IntNullableFilter | Int | Null,
            ?   assignments?: AssignmentsListRelationFilter,
            ?   shift_templates?: Shift_templatesListRelationFilter,
            ?   shifts?: ShiftsListRelationFilter,
            ?   clients?: ClientsScalarRelationFilter | clientsWhereInput,
            ?   contracts?: ContractsNullableScalarRelationFilter | contractsWhereInput | Null
              }
            })
      
      Unknown argument `contract`. Did you mean `contracts`? Available options are listed in green.

      at Object.Ou (node_modules/@prisma/internals/src/logger.ts:13:11)

    console.log
      prisma:error 
      Invalid `this.prisma.site.count()` invocation in
      G:\Payroll System\backend\src\deployment\deployment.service.ts:193:42
      
        190 this.logger.log('Calculating deployment efficiency metrics');
        191 const tenantId = this.tenantContext.getTenantId();
        192 
      ÔåÆ 193 const sites = await this.prisma.site.count({
              select: {
                _count: {
                  select: {
                    _all: true
                  }
                }
              },
              where: {
                contract: {
                ~~~~~~~~
                  client: {
                    companyId: "a817ed87-78d2-4737-b790-d0b859f11c43"
                  }
                },
                operationalStatus: "ACTIVE",
            ?   AND?: sitesWhereInput | sitesWhereInput[],
            ?   OR?: sitesWhereInput[],
            ?   NOT?: sitesWhereInput | sitesWhereInput[],
            ?   id?: UuidFilter | String,
            ?   client_id?: UuidFilter | String,
            ?   name?: StringFilter | String,
            ?   address?: JsonFilter,
            ?   access_requirements?: JsonNullableFilter,
            ?   safety_protocols?: JsonNullableFilter,
            ?   operational_status?: EnumOperationalStatusFilter | OperationalStatus,
            ?   contact_info?: JsonNullableFilter,
            ?   created_at?: DateTimeFilter | DateTime,
            ?   updated_at?: DateTimeFilter | DateTime,
            ?   contract_id?: UuidNullableFilter | String | Null,
            ?   min_staffing_level?: IntNullableFilter | Int | Null,
            ?   max_staffing_level?: IntNullableFilter | Int | Null,
            ?   assignments?: AssignmentsListRelationFilter,
            ?   shift_templates?: Shift_templatesListRelationFilter,
            ?   shifts?: ShiftsListRelationFilter,
            ?   clients?: ClientsScalarRelationFilter | clientsWhereInput,
            ?   contracts?: ContractsNullableScalarRelationFilter | contractsWhereInput | Null
              }
            })
      
      Unknown argument `contract`. Did you mean `contracts`? Available options are listed in green.

      at Object.Ou (node_modules/@prisma/internals/src/logger.ts:13:11)

    console.log
      prisma:error 
      Invalid `this.prisma.companies.create()` invocation in
      G:\Payroll System\backend\src\tests\generators\deployment-test-data.generator.ts:576:49
      
        573 }
        574 
        575 async createRecommendationScenario(scenario,[object Object], RecommendationScenario) {
      ÔåÆ 576   const company = await this.prisma.companies.create(
      The provided value for the column is too long for the column's type. Column: (not available)

      at Object.Ou (node_modules/@prisma/internals/src/logger.ts:13:11)

    console.log
      prisma:error 
      Invalid `this.prisma.companies.create()` invocation in
      G:\Payroll System\backend\src\tests\generators\deployment-test-data.generator.ts:576:49
      
        573 }
        574 
        575 async createRecommendationScenario(scenario,[object Object], RecommendationScenario) {
      ÔåÆ 576   const company = await this.prisma.companies.create(
      The provided value for the column is too long for the column's type. Column: (not available)

      at Object.Ou (node_modules/@prisma/internals/src/logger.ts:13:11)

    console.log
      prisma:error 
      Invalid `this.prisma.companies.create()` invocation in
      G:\Payroll System\backend\src\tests\generators\deployment-test-data.generator.ts:576:49
      
        573 }
        574 
        575 async createRecommendationScenario(scenario,[object Object], RecommendationScenario) {
      ÔåÆ 576   const company = await this.prisma.companies.create(
      The provided value for the column is too long for the column's type. Column: (not available)

      at Object.Ou (node_modules/@prisma/internals/src/logger.ts:13:11)

    console.log
      prisma:error 
      Invalid `this.prisma.companies.create()` invocation in
      G:\Payroll System\backend\src\tests\generators\deployment-test-data.generator.ts:576:49
      
        573 }
        574 
        575 async createRecommendationScenario(scenario,[object Object], RecommendationScenario) {
      ÔåÆ 576   const company = await this.prisma.companies.create(
      The provided value for the column is too long for the column's type. Column: (not available)

      at Object.Ou (node_modules/@prisma/internals/src/logger.ts:13:11)

    console.log
      prisma:error 
      Invalid `this.prisma.companies.create()` invocation in
      G:\Payroll System\backend\src\tests\generators\deployment-test-data.generator.ts:576:49
      
        573 }
        574 
        575 async createRecommendationScenario(scenario,[object Object], RecommendationScenario) {
      ÔåÆ 576   const company = await this.prisma.companies.create(
      The provided value for the column is too long for the column's type. Column: (not available)

      at Object.Ou (node_modules/@prisma/internals/src/logger.ts:13:11)

    console.log
      prisma:error 
      Invalid `this.prisma.companies.create()` invocation in
      G:\Payroll System\backend\src\tests\generators\deployment-test-data.generator.ts:576:49
      
        573 }
        574 
        575 async createRecommendationScenario(scenario,[object Object], RecommendationScenario) {
      ÔåÆ 576   const company = await this.prisma.companies.create(
      The provided value for the column is too long for the column's type. Column: (not available)

      at Object.Ou (node_modules/@prisma/internals/src/logger.ts:13:11)

    console.log
      prisma:error 
      Invalid `this.prisma.companies.create()` invocation in
      G:\Payroll System\backend\src\tests\generators\deployment-test-data.generator.ts:576:49
      
        573 }
        574 
        575 async createRecommendationScenario(scenario,[object Object], RecommendationScenario) {
      ÔåÆ 576   const company = await this.prisma.companies.create(
      The provided value for the column is too long for the column's type. Column: (not available)

      at Object.Ou (node_modules/@prisma/internals/src/logger.ts:13:11)

    console.log
      prisma:error 
      Invalid `this.prisma.companies.create()` invocation in
      G:\Payroll System\backend\src\tests\generators\deployment-test-data.generator.ts:576:49
      
        573 }
        574 
        575 async createRecommendationScenario(scenario,[object Object], RecommendationScenario) {
      ÔåÆ 576   const company = await this.prisma.companies.create(
      The provided value for the column is too long for the column's type. Column: (not available)

      at Object.Ou (node_modules/@prisma/internals/src/logger.ts:13:11)

    console.log
      prisma:error 
      Invalid `this.prisma.companies.create()` invocation in
      G:\Payroll System\backend\src\tests\generators\deployment-test-data.generator.ts:576:49
      
        573 }
        574 
        575 async createRecommendationScenario(scenario,[object Object], RecommendationScenario) {
      ÔåÆ 576   const company = await this.prisma.companies.create(
      The provided value for the column is too long for the column's type. Column: (not available)

      at Object.Ou (node_modules/@prisma/internals/src/logger.ts:13:11)

    console.log
      prisma:error 
      Invalid `this.prisma.companies.create()` invocation in
      G:\Payroll System\backend\src\tests\generators\deployment-test-data.generator.ts:576:49
      
        573 }
        574 
        575 async createRecommendationScenario(scenario,[object Object], RecommendationScenario) {
      ÔåÆ 576   const company = await this.prisma.companies.create(
      The provided value for the column is too long for the column's type. Column: (not available)

      at Object.Ou (node_modules/@prisma/internals/src/logger.ts:13:11)

    console.log
      prisma:error 
      Invalid `this.prisma.companies.create()` invocation in
      G:\Payroll System\backend\src\tests\generators\deployment-test-data.generator.ts:576:49
      
        573 }
        574 
        575 async createRecommendationScenario(scenario,[object Object], RecommendationScenario) {
      ÔåÆ 576   const company = await this.prisma.companies.create(
      The provided value for the column is too long for the column's type. Column: (not available)

      at Object.Ou (node_modules/@prisma/internals/src/logger.ts:13:11)

    console.log
      prisma:error 
      Invalid `this.prisma.companies.create()` invocation in
      G:\Payroll System\backend\src\tests\generators\deployment-test-data.generator.ts:576:49
      
        573 }
        574 
        575 async createRecommendationScenario(scenario,[object Object], RecommendationScenario) {
      ÔåÆ 576   const company = await this.prisma.companies.create(
      The provided value for the column is too long for the column's type. Column: (not available)

      at Object.Ou (node_modules/@prisma/internals/src/logger.ts:13:11)

    console.log
      prisma:error 
      Invalid `this.prisma.companies.create()` invocation in
      G:\Payroll System\backend\src\tests\generators\deployment-test-data.generator.ts:576:49
      
        573 }
        574 
        575 async createRecommendationScenario(scenario,[object Object], RecommendationScenario) {
      ÔåÆ 576   const company = await this.prisma.companies.create(
      The provided value for the column is too long for the column's type. Column: (not available)

      at Object.Ou (node_modules/@prisma/internals/src/logger.ts:13:11)

    console.log
      prisma:error 
      Invalid `this.prisma.companies.create()` invocation in
      G:\Payroll System\backend\src\tests\generators\deployment-test-data.generator.ts:576:49
      
        573 }
        574 
        575 async createRecommendationScenario(scenario,[object Object], RecommendationScenario) {
      ÔåÆ 576   const company = await this.prisma.companies.create(
      The provided value for the column is too long for the column's type. Column: (not available)

      at Object.Ou (node_modules/@prisma/internals/src/logger.ts:13:11)

    console.log
      prisma:error 
      Invalid `this.prisma.companies.create()` invocation in
      G:\Payroll System\backend\src\tests\generators\deployment-test-data.generator.ts:576:49
      
        573 }
        574 
        575 async createRecommendationScenario(scenario,[object Object], RecommendationScenario) {
      ÔåÆ 576   const company = await this.prisma.companies.create(
      The provided value for the column is too long for the column's type. Column: (not available)

      at Object.Ou (node_modules/@prisma/internals/src/logger.ts:13:11)

    console.log
      prisma:error 
      Invalid `this.prisma.companies.create()` invocation in
      G:\Payroll System\backend\src\tests\generators\deployment-test-data.generator.ts:576:49
      
        573 }
        574 
        575 async createRecommendationScenario(scenario,[object Object], RecommendationScenario) {
      ÔåÆ 576   const company = await this.prisma.companies.create(
      The provided value for the column is too long for the column's type. Column: (not available)

      at Object.Ou (node_modules/@prisma/internals/src/logger.ts:13:11)

    console.log
      prisma:error 
      Invalid `this.prisma.companies.create()` invocation in
      G:\Payroll System\backend\src\tests\generators\deployment-test-data.generator.ts:576:49
      
        573 }
        574 
        575 async createRecommendationScenario(scenario,[object Object], RecommendationScenario) {
      ÔåÆ 576   const company = await this.prisma.companies.create(
      The provided value for the column is too long for the column's type. Column: (not available)

      at Object.Ou (node_modules/@prisma/internals/src/logger.ts:13:11)

    console.log
      prisma:error 
      Invalid `this.prisma.companies.create()` invocation in
      G:\Payroll System\backend\src\tests\generators\deployment-test-data.generator.ts:576:49
      
        573 }
        574 
        575 async createRecommendationScenario(scenario,[object Object], RecommendationScenario) {
      ÔåÆ 576   const company = await this.prisma.companies.create(
      The provided value for the column is too long for the column's type. Column: (not available)

      at Object.Ou (node_modules/@prisma/internals/src/logger.ts:13:11)

    console.log
      prisma:error 
      Invalid `this.prisma.companies.create()` invocation in
      G:\Payroll System\backend\src\tests\generators\deployment-test-data.generator.ts:576:49
      
        573 }
        574 
        575 async createRecommendationScenario(scenario,[object Object], RecommendationScenario) {
      ÔåÆ 576   const company = await this.prisma.companies.create(
      The provided value for the column is too long for the column's type. Column: (not available)

      at Object.Ou (node_modules/@prisma/internals/src/logger.ts:13:11)

    console.log
      prisma:error 
      Invalid `this.prisma.companies.create()` invocation in
      G:\Payroll System\backend\src\tests\generators\deployment-test-data.generator.ts:576:49
      
        573 }
        574 
        575 async createRecommendationScenario(scenario,[object Object], RecommendationScenario) {
      ÔåÆ 576   const company = await this.prisma.companies.create(
      The provided value for the column is too long for the column's type. Column: (not available)

      at Object.Ou (node_modules/@prisma/internals/src/logger.ts:13:11)

    console.log
      prisma:error 
      Invalid `this.prisma.companies.create()` invocation in
      G:\Payroll System\backend\src\tests\generators\deployment-test-data.generator.ts:576:49
      
        573 }
        574 
        575 async createRecommendationScenario(scenario,[object Object], RecommendationScenario) {
      ÔåÆ 576   const company = await this.prisma.companies.create(
      The provided value for the column is too long for the column's type. Column: (not available)

      at Object.Ou (node_modules/@prisma/internals/src/logger.ts:13:11)

    console.log
      prisma:error 
      Invalid `this.prisma.companies.create()` invocation in
      G:\Payroll System\backend\src\tests\generators\deployment-test-data.generator.ts:576:49
      
        573 }
        574 
        575 async createRecommendationScenario(scenario,[object Object], RecommendationScenario) {
      ÔåÆ 576   const company = await this.prisma.companies.create(
      The provided value for the column is too long for the column's type. Column: (not available)

      at Object.Ou (node_modules/@prisma/internals/src/logger.ts:13:11)

    console.log
      prisma:error 
      Invalid `this.prisma.companies.create()` invocation in
      G:\Payroll System\backend\src\tests\generators\deployment-test-data.generator.ts:576:49
      
        573 }
        574 
        575 async createRecommendationScenario(scenario,[object Object], RecommendationScenario) {
      ÔåÆ 576   const company = await this.prisma.companies.create(
      The provided value for the column is too long for the column's type. Column: (not available)

      at Object.Ou (node_modules/@prisma/internals/src/logger.ts:13:11)

    console.log
      prisma:error 
      Invalid `this.prisma.companies.create()` invocation in
      G:\Payroll System\backend\src\tests\generators\deployment-test-data.generator.ts:576:49
      
        573 }
        574 
        575 async createRecommendationScenario(scenario,[object Object], RecommendationScenario) {
      ÔåÆ 576   const company = await this.prisma.companies.create(
      The provided value for the column is too long for the column's type. Column: (not available)

      at Object.Ou (node_modules/@prisma/internals/src/logger.ts:13:11)

    console.log
      prisma:error 
      Invalid `this.prisma.companies.create()` invocation in
      G:\Payroll System\backend\src\tests\generators\deployment-test-data.generator.ts:576:49
      
        573 }
        574 
        575 async createRecommendationScenario(scenario,[object Object], RecommendationScenario) {
      ÔåÆ 576   const company = await this.prisma.companies.create(
      The provided value for the column is too long for the column's type. Column: (not available)

      at Object.Ou (node_modules/@prisma/internals/src/logger.ts:13:11)

    console.log
      Ô£à Test database cleanup completed

      at Object.<anonymous> (src/test/setup.ts:97:13)

  ÔùÅ Deployment Assignment Correctness Properties ÔÇ║ Property 15.1: Guard Assignment Tracking Accuracy 
ÔÇ║ should accurately track required vs assigned guards for all sites

    Property failed after 1 tests
    { seed: 42, path: "0:0:0:0:0:0:0:0:0:0:0:0:0:0", endOnFailure: true }
    Counterexample: [{"companyName":"    
0","siteCount":1,"employeeCount":1,"assignmentRatio":0.30000001192092896,"skillVariety":1}]
    Shrunk 13 time(s)

    Hint: Enable verbose mode in order to have the list of all failing values encountered during the run

      at buildError (node_modules/fast-check/lib/cjs/fast-check.js:2456:16)
      at asyncThrowIfFailed (node_modules/fast-check/lib/cjs/fast-check.js:2468:8)

    Cause:
    TypeError: Cannot read properties of undefined (reading 'client')

    [0m [90m 123 |[39m
     [90m 124 |[39m       [90m// Extract contact information[39m
    [31m[1m>[22m[39m[90m 125 |[39m       [36mconst[39m contactInfo [33m=[39m 
site[33m.[39mcontactInfo [33m||[39m site[33m.[39mcontract[33m.[39mclient[33m.[39mcontactInfo 
[33m||[39m {}[33m;[39m
     [90m     |[39m                                                             [31m[1m^[22m[39m
     [90m 126 |[39m
     [90m 127 |[39m       [36mreturn[39m {
     [90m 128 |[39m         siteId[33m:[39m site[33m.[39mid[33m,[39m[0m

      at src/deployment/deployment.service.ts:125:61
          at Array.map (<anonymous>)
      at DeploymentService.getSiteDetails (src/deployment/deployment.service.ts:97:36)
      at src/tests/property-tests/deployment-assignment-correctness.spec.ts:187:33
      at AsyncProperty.run (node_modules/fast-check/lib/cjs/fast-check.js:1212:19)

  ÔùÅ Deployment Assignment Correctness Properties ÔÇ║ Property 15.3: Deployment Efficiency Consistency 
ÔÇ║ should maintain consistent deployment efficiency metrics across all operations

    Property failed after 1 tests
    { seed: 42, path: "0:0:0:0:0:0:0:0:0:0:0:0", endOnFailure: true }
    Counterexample: [{"companyName":"    0","siteCount":2,"employeeCount":2,"efficiencyTarget":60}]
    Shrunk 11 time(s)

    Hint: Enable verbose mode in order to have the list of all failing values encountered during the run

      at buildError (node_modules/fast-check/lib/cjs/fast-check.js:2456:16)
      at asyncThrowIfFailed (node_modules/fast-check/lib/cjs/fast-check.js:2468:8)

    Cause:
    PrismaClientValidationError: 
    Invalid `this.prisma.site.count()` invocation in
    G:\Payroll System\backend\src\deployment\deployment.service.ts:193:42

      190 this.logger.log('Calculating deployment efficiency metrics');
      191 const tenantId = this.tenantContext.getTenantId();
      192 
    ÔåÆ 193 const sites = await this.prisma.site.count({
            select: {
              _count: {
                select: {
                  _all: true
                }
              }
            },
            where: {
              contract: {
              ~~~~~~~~
                client: {
                  companyId: "a817ed87-78d2-4737-b790-d0b859f11c43"
                }
              },
              operationalStatus: "ACTIVE",
          ?   AND?: sitesWhereInput | sitesWhereInput[],
          ?   OR?: sitesWhereInput[],
          ?   NOT?: sitesWhereInput | sitesWhereInput[],
          ?   id?: UuidFilter | String,
          ?   client_id?: UuidFilter | String,
          ?   name?: StringFilter | String,
          ?   address?: JsonFilter,
          ?   access_requirements?: JsonNullableFilter,
          ?   safety_protocols?: JsonNullableFilter,
          ?   operational_status?: EnumOperationalStatusFilter | OperationalStatus,
          ?   contact_info?: JsonNullableFilter,
          ?   created_at?: DateTimeFilter | DateTime,
          ?   updated_at?: DateTimeFilter | DateTime,
          ?   contract_id?: UuidNullableFilter | String | Null,
          ?   min_staffing_level?: IntNullableFilter | Int | Null,
          ?   max_staffing_level?: IntNullableFilter | Int | Null,
          ?   assignments?: AssignmentsListRelationFilter,
          ?   shift_templates?: Shift_templatesListRelationFilter,
          ?   shifts?: ShiftsListRelationFilter,
          ?   clients?: ClientsScalarRelationFilter | clientsWhereInput,
          ?   contracts?: ContractsNullableScalarRelationFilter | contractsWhereInput | Null
            }
          })

    Unknown argument `contract`. Did you mean `contracts`? Available options are listed in green.

    [0m [90m 191 |[39m     [36mconst[39m tenantId [33m=[39m 
[36mthis[39m[33m.[39mtenantContext[33m.[39mgetTenantId()[33m;[39m
     [90m 192 |[39m
    [31m[1m>[22m[39m[90m 193 |[39m     [36mconst[39m sites [33m=[39m [36mawait[39m 
[36mthis[39m[33m.[39mprisma[33m.[39msite[33m.[39mcount({
     [90m     |[39m                   [31m[1m^[22m[39m
     [90m 194 |[39m       where[33m:[39m {
     [90m 195 |[39m         contract[33m:[39m { 
     [90m 196 |[39m           client[33m:[39m { companyId[33m:[39m tenantId } [0m

      at ar 
(node_modules/@prisma/client/src/runtime/core/errorRendering/throwValidationException.ts:46:9)
      at zr.throwValidationException [as handleRequestError] 
(node_modules/@prisma/client/src/runtime/RequestHandler.ts:211:7)
      at zr.handleAndLogRequestError (node_modules/@prisma/client/src/runtime/RequestHandler.ts:183:12)
      at zr.request (node_modules/@prisma/client/src/runtime/RequestHandler.ts:152:12)
      at a (node_modules/@prisma/client/src/runtime/getPrismaClient.ts:963:24)
      at DeploymentService.getEfficiencyMetrics (src/deployment/deployment.service.ts:193:19)
      at src/tests/property-tests/deployment-assignment-correctness.spec.ts:308:39
      at AsyncProperty.run (node_modules/fast-check/lib/cjs/fast-check.js:1212:19)

  ÔùÅ Deployment Assignment Correctness Properties ÔÇ║ Property 15.4: Assignment Recommendation Accuracy 
ÔÇ║ should provide accurate assignment recommendations based on site requirements

    Property failed after 2 tests
    { seed: 42, path: "1:2:1:5:8:11:13:15:16:16:16:16:16:16:16:16:16:16:16:16:16:16:16:16:16", 
endOnFailure: true }
    Counterexample: [{"companyName":"           0","siteName":"    
0","availableGuardCount":0,"requiredSkills":[],"minimumExperience":0}]
    Shrunk 24 time(s)

    Hint: Enable verbose mode in order to have the list of all failing values encountered during the run

      at buildError (node_modules/fast-check/lib/cjs/fast-check.js:2456:16)
      at asyncThrowIfFailed (node_modules/fast-check/lib/cjs/fast-check.js:2468:8)

    Cause:
    PrismaClientKnownRequestError: 
    Invalid `this.prisma.companies.create()` invocation in
    G:\Payroll System\backend\src\tests\generators\deployment-test-data.generator.ts:576:49

      573 }
      574 
      575 async createRecommendationScenario(scenario,[object Object], RecommendationScenario) {
    ÔåÆ 576   const company = await this.prisma.companies.create(
    The provided value for the column is too long for the column's type. Column: (not available)

    [0m [90m 574 |[39m
     [90m 575 |[39m   [36masync[39m createRecommendationScenario(scenario[33m:[39m 
[33mRecommendationScenario[39m) {
    [31m[1m>[22m[39m[90m 576 |[39m     [36mconst[39m company [33m=[39m [36mawait[39m 
[36mthis[39m[33m.[39mprisma[33m.[39mcompanies[33m.[39mcreate({
     [90m     |[39m                     [31m[1m^[22m[39m
     [90m 577 |[39m       data[33m:[39m {
     [90m 578 |[39m         id[33m:[39m uuidv4()[33m,[39m
     [90m 579 |[39m         name[33m:[39m scenario[33m.[39mcompanyName[33m,[39m[0m

      at zr.handleRequestError (node_modules/@prisma/client/src/runtime/RequestHandler.ts:237:13)
      at zr.handleAndLogRequestError (node_modules/@prisma/client/src/runtime/RequestHandler.ts:183:12)
      at zr.request (node_modules/@prisma/client/src/runtime/RequestHandler.ts:152:12)
      at a (node_modules/@prisma/client/src/runtime/getPrismaClient.ts:963:24)
      at DeploymentTestDataGenerator.createRecommendationScenario 
(src/tests/generators/deployment-test-data.generator.ts:576:21)
      at src/tests/property-tests/deployment-assignment-correctness.spec.ts:373:54
      at AsyncProperty.run (node_modules/fast-check/lib/cjs/fast-check.js:1212:19)

PASS src/tests/property-tests/client-architecture-correctness.property.spec.ts (10.875 s)
  ÔùÅ Console

    console.warn
      Database schema setup encountered issues - attempting to continue with existing schema

    [0m [90m 43 |[39m       })[33m;[39m
     [90m 44 |[39m     } [36mcatch[39m (error) {
    [31m[1m>[22m[39m[90m 45 |[39m       console[33m.[39mwarn([32m'Database schema setup 
encountered issues - attempting to continue with existing schema'[39m)[33m;[39m
     [90m    |[39m               [31m[1m^[22m[39m
     [90m 46 |[39m     }
     [90m 47 |[39m
     [90m 48 |[39m     [90m// Initialize Prisma client after schema is set up with timeout 
settings[39m[0m

      at Object.<anonymous> (src/test/setup.ts:45:15)

    console.log
      Ô£à Test database setup completed successfully

      at Object.<anonymous> (src/test/setup.ts:70:13)

    console.log
      Ô£à Test database cleanup completed

      at Object.<anonymous> (src/test/setup.ts:97:13)

PASS src/tests/property-tests/client-data-capture.spec.ts (7.738 s)
  ÔùÅ Console

    console.warn
      Database schema setup encountered issues - attempting to continue with existing schema

    [0m [90m 43 |[39m       })[33m;[39m
     [90m 44 |[39m     } [36mcatch[39m (error) {
    [31m[1m>[22m[39m[90m 45 |[39m       console[33m.[39mwarn([32m'Database schema setup 
encountered issues - attempting to continue with existing schema'[39m)[33m;[39m
     [90m    |[39m               [31m[1m^[22m[39m
     [90m 46 |[39m     }
     [90m 47 |[39m
     [90m 48 |[39m     [90m// Initialize Prisma client after schema is set up with timeout 
settings[39m[0m

      at Object.<anonymous> (src/test/setup.ts:45:15)

    console.log
      Ô£à Test database setup completed successfully

      at Object.<anonymous> (src/test/setup.ts:70:13)

    console.log
      prisma:error date/time field value out of range: "0000-12-31"

      at Object.Ou (node_modules/@prisma/internals/src/logger.ts:13:11)

    console.log
      prisma:error date/time field value out of range: "0000-01-01"

      at Object.Ou (node_modules/@prisma/internals/src/logger.ts:13:11)

    console.log
      Ô£à Test database cleanup completed

      at Object.<anonymous> (src/test/setup.ts:97:13)

FAIL src/test/property-tests/bug-condition-exploration.spec.ts (9.56 s)
  ÔùÅ Console

    console.warn
      Database schema setup encountered issues - attempting to continue with existing schema

    [0m [90m 43 |[39m       })[33m;[39m
     [90m 44 |[39m     } [36mcatch[39m (error) {
    [31m[1m>[22m[39m[90m 45 |[39m       console[33m.[39mwarn([32m'Database schema setup 
encountered issues - attempting to continue with existing schema'[39m)[33m;[39m
     [90m    |[39m               [31m[1m^[22m[39m
     [90m 46 |[39m     }
     [90m 47 |[39m
     [90m 48 |[39m     [90m// Initialize Prisma client after schema is set up with timeout 
settings[39m[0m

      at Object.<anonymous> (src/test/setup.ts:45:15)

    console.log
      Ô£à Test database setup completed successfully

      at Object.<anonymous> (src/test/setup.ts:70:13)

    console.log
      ­ƒöì Bug Condition Exploration: Verifying infrastructure fixes are working

      at Object.<anonymous> (src/test/property-tests/bug-condition-exploration.spec.ts:50:13)

    console.log
      Ô£à EXPECTED OUTCOME: Test passes confirming infrastructure bugs are resolved

      at Object.<anonymous> (src/test/property-tests/bug-condition-exploration.spec.ts:51:13)

    console.log
      Ô£à FIXED: Schema column names are now aligned - contactInfo works correctly

      at Object.<anonymous> (src/test/property-tests/bug-condition-exploration.spec.ts:94:13)

    console.log
      ƒÉø FOUND BUG 2: Dependency injection failure - Nest can't resolve dependencies of the AuthService 
(PrismaService, ?, ConfigService). Please make sure that the argument JwtService at index [1] is 
available in the RootTestModule module.
      
      Potential solutions:
      - Is RootTestModule a valid NestJS module?
      - If JwtService is a provider, is it part of the current RootTestModule?
      - If JwtService is exported from a separate @Module, is that module imported within RootTestModule?
        @Module({
          imports: [ /* the Module containing JwtService */ ]
        })
      
      For more common dependency resolution issues, see: https://docs.nestjs.com/faq/common-errors

      at Object.<anonymous> (src/test/property-tests/bug-condition-exploration.spec.ts:121:15)

    console.log
      Ô£à FIXED: PrismaService injection now works correctly

      at Object.<anonymous> (src/test/property-tests/bug-condition-exploration.spec.ts:159:15)

    console.log
      ƒÉø FOUND BUG 4: ConfigService resolution failure - Nest can't resolve dependencies of the 
EncryptionUtil (?). Please make sure that the argument ConfigService at index [0] is available in the 
RootTestModule module.
      
      Potential solutions:
      - Is RootTestModule a valid NestJS module?
      - If ConfigService is a provider, is it part of the current RootTestModule?
      - If ConfigService is exported from a separate @Module, is that module imported within 
RootTestModule?
        @Module({
          imports: [ /* the Module containing ConfigService */ ]
        })
      
      For more common dependency resolution issues, see: https://docs.nestjs.com/faq/common-errors

      at Object.<anonymous> (src/test/property-tests/bug-condition-exploration.spec.ts:190:15)

    console.log
      ­ƒÉø FOUND BUG 5: TenantContext mocking failure - this.tenantContext.hasContext is not a function

      at Object.<anonymous> (src/test/property-tests/bug-condition-exploration.spec.ts:229:15)

    console.log
      ÔØî UNEXPECTED ERROR with correct parameter - Cannot read properties of null (reading 'client_id')

      at Object.<anonymous> (src/test/property-tests/bug-condition-exploration.spec.ts:303:15)

    console.log
      Ô£à FIXED: Data structure hierarchy is now correct - Client creation without contract fields 
succeeds

      at Object.<anonymous> (src/test/property-tests/bug-condition-exploration.spec.ts:342:15)

    console.log
      Ô£à FIXED: Employee field names are now consistent - contactInfo works correctly

      at Object.<anonymous> (src/test/property-tests/bug-condition-exploration.spec.ts:421:15)

    console.log
      ­ƒÉø FOUND BUG 9: Controller constructor error - metatype is not a constructor

      at Object.<anonymous> (src/test/property-tests/bug-condition-exploration.spec.ts:466:15)

    console.log
      Ô£à FIXED: Property test service injection now works correctly

      at Object.<anonymous> (src/test/property-tests/bug-condition-exploration.spec.ts:553:15)

    console.log
      ­ƒº¬ Testing scenario: client_billing with tenant hasOwnPropert

      at Object.<anonymous> (src/test/property-tests/bug-condition-exploration.spec.ts:587:15)

    console.log
      Ô£à Scenario client_billing successfully handled

      at Object.<anonymous> (src/test/property-tests/bug-condition-exploration.spec.ts:632:17)

    console.log
      ­ƒº¬ Testing scenario: contract_operations with tenant __lookupSetter__is

      at Object.<anonymous> (src/test/property-tests/bug-condition-exploration.spec.ts:587:15)

    console.log
      Ô£à Scenario contract_operations successfully handled

      at Object.<anonymous> (src/test/property-tests/bug-condition-exploration.spec.ts:632:17)

    console.log
      ­ƒº¬ Testing scenario: client_billing with tenant u1heVFVgF<D0QqAMY)NB

      at Object.<anonymous> (src/test/property-tests/bug-condition-exploration.spec.ts:587:15)

    console.log
      Ô£à Scenario client_billing successfully handled

      at Object.<anonymous> (src/test/property-tests/bug-condition-exploration.spec.ts:632:17)

    console.log
      ­ƒº¬ Testing scenario: site_management with tenant W[H!,"2Te`U !

      at Object.<anonymous> (src/test/property-tests/bug-condition-exploration.spec.ts:587:15)

    console.log
      Ô£à Scenario site_management successfully handled

      at Object.<anonymous> (src/test/property-tests/bug-condition-exploration.spec.ts:632:17)

    console.log
      ­ƒº¬ Testing scenario: invoice_generation with tenant v<DIvFl\(sznzAqEu129

      at Object.<anonymous> (src/test/property-tests/bug-condition-exploration.spec.ts:587:15)

    console.log
      Ô£à Scenario invoice_generation successfully handled

      at Object.<anonymous> (src/test/property-tests/bug-condition-exploration.spec.ts:632:17)

    console.log
      
      ­ƒôï INFRASTRUCTURE VALIDATIONS SUCCESSFUL:

      at Object.<anonymous> (src/test/property-tests/bug-condition-exploration.spec.ts:641:13)

    console.log
      1. client_billing: Client creation successful

      at src/test/property-tests/bug-condition-exploration.spec.ts:643:15
          at Array.forEach (<anonymous>)

    console.log
      2. contract_operations: Operation completed successfully

      at src/test/property-tests/bug-condition-exploration.spec.ts:643:15
          at Array.forEach (<anonymous>)

    console.log
      3. client_billing: Client creation successful

      at src/test/property-tests/bug-condition-exploration.spec.ts:643:15
          at Array.forEach (<anonymous>)

    console.log
      4. site_management: Operation completed successfully

      at src/test/property-tests/bug-condition-exploration.spec.ts:643:15
          at Array.forEach (<anonymous>)

    console.log
      5. invoice_generation: Operation completed successfully

      at src/test/property-tests/bug-condition-exploration.spec.ts:643:15
          at Array.forEach (<anonymous>)

    console.log
      Ô£à FIXED: Infrastructure reliability validated across test scenarios

      at Object.<anonymous> (src/test/property-tests/bug-condition-exploration.spec.ts:655:13)

    console.log
      Ô£à Test database cleanup completed

      at Object.<anonymous> (src/test/setup.ts:97:13)

  ÔùÅ Bug Condition Exploration - Infrastructure Reliability Verification (POST-FIX) ÔÇ║ should validate 
invoice generation parameter alignment is fixed

    expect(received).toBeNull()

    Received: [TypeError: Cannot read properties of null (reading 'client_id')]

    [0m [90m 305 |[39m
     [90m 306 |[39m     [90m// The FIXED condition: method succeeds because parameter alignment is 
now correct[39m
    [31m[1m>[22m[39m[90m 307 |[39m     expect(parameterError)[33m.[39mtoBeNull()[33m;[39m
     [90m     |[39m                            [31m[1m^[22m[39m
     [90m 308 |[39m     expect(result)[33m.[39mtoBeDefined()[33m;[39m
     [90m 309 |[39m   })[33m;[39m
     [90m 310 |[39m[0m

      at Object.<anonymous> (src/test/property-tests/bug-condition-exploration.spec.ts:307:28)

PASS src/test/property-tests/infrastructure-validation.spec.ts (8.181 s)
  ÔùÅ Console

    console.warn
      Database schema setup encountered issues - attempting to continue with existing schema

    [0m [90m 43 |[39m       })[33m;[39m
     [90m 44 |[39m     } [36mcatch[39m (error) {
    [31m[1m>[22m[39m[90m 45 |[39m       console[33m.[39mwarn([32m'Database schema setup 
encountered issues - attempting to continue with existing schema'[39m)[33m;[39m
     [90m    |[39m               [31m[1m^[22m[39m
     [90m 46 |[39m     }
     [90m 47 |[39m
     [90m 48 |[39m     [90m// Initialize Prisma client after schema is set up with timeout 
settings[39m[0m

      at Object.<anonymous> (src/test/setup.ts:45:15)

    console.log
      Ô£à Test database setup completed successfully

      at Object.<anonymous> (src/test/setup.ts:70:13)

    console.log
      Ô£à Test database cleanup completed

      at Object.<anonymous> (src/test/setup.ts:97:13)

FAIL src/billing/billing.integration.test.ts (12.204 s)
  ÔùÅ Console

    console.warn
      Database schema setup encountered issues - attempting to continue with existing schema

    [0m [90m 43 |[39m       })[33m;[39m
     [90m 44 |[39m     } [36mcatch[39m (error) {
    [31m[1m>[22m[39m[90m 45 |[39m       console[33m.[39mwarn([32m'Database schema setup 
encountered issues - attempting to continue with existing schema'[39m)[33m;[39m
     [90m    |[39m               [31m[1m^[22m[39m
     [90m 46 |[39m     }
     [90m 47 |[39m
     [90m 48 |[39m     [90m// Initialize Prisma client after schema is set up with timeout 
settings[39m[0m

      at Object.<anonymous> (src/test/setup.ts:45:15)

    console.log
      Ô£à Test database setup completed successfully

      at Object.<anonymous> (src/test/setup.ts:70:13)

    console.log
      prisma:error 
      Invalid `this.prisma.contract.findFirst()` invocation in
      G:\Payroll System\backend\src\billing\services\invoice.service.ts:55:49
      
        52   : this.calculateDefaultDueDate(new Date());
        53 
        54 // Find the first active contract for this client to create the invoice
      ÔåÆ 55 const contract = await this.prisma.contract.findFirst({
             where: {
               client: {
               ~~~~~~
                 id: undefined,
                 companyId: "5bc92930-2fb9-40b5-bde1-5353a1ac77d6"
               },
               status: "ACTIVE",
           ?   AND?: contractsWhereInput | contractsWhereInput[],
           ?   OR?: contractsWhereInput[],
           ?   NOT?: contractsWhereInput | contractsWhereInput[],
           ?   id?: UuidFilter | String,
           ?   client_id?: UuidFilter | String,
           ?   contract_number?: StringFilter | String,
           ?   title?: StringFilter | String,
           ?   description?: StringNullableFilter | String | Null,
           ?   start_date?: DateTimeFilter | DateTime,
           ?   end_date?: DateTimeNullableFilter | DateTime | Null,
           ?   service_definitions?: JsonNullableFilter,
           ?   billing_preferences?: JsonNullableFilter,
           ?   contract_value?: DecimalNullableFilter | Decimal | Null,
           ?   created_at?: DateTimeFilter | DateTime,
           ?   updated_at?: DateTimeFilter | DateTime,
           ?   clients?: ClientsScalarRelationFilter | clientsWhereInput,
           ?   sites?: SitesListRelationFilter
             }
           })
      
      Unknown argument `client`. Did you mean `clients`? Available options are listed in green.

      at Object.Ou (node_modules/@prisma/internals/src/logger.ts:13:11)

    console.log
      prisma:error 
      Invalid `this.prisma.contract.findFirst()` invocation in
      G:\Payroll System\backend\src\billing\services\invoice.service.ts:55:49
      
        52   : this.calculateDefaultDueDate(new Date());
        53 
        54 // Find the first active contract for this client to create the invoice
      ÔåÆ 55 const contract = await this.prisma.contract.findFirst({
             where: {
               client: {
               ~~~~~~
                 id: undefined,
                 companyId: "8e308033-a429-4296-b3f0-438316848759"
               },
               status: "ACTIVE",
           ?   AND?: contractsWhereInput | contractsWhereInput[],
           ?   OR?: contractsWhereInput[],
           ?   NOT?: contractsWhereInput | contractsWhereInput[],
           ?   id?: UuidFilter | String,
           ?   client_id?: UuidFilter | String,
           ?   contract_number?: StringFilter | String,
           ?   title?: StringFilter | String,
           ?   description?: StringNullableFilter | String | Null,
           ?   start_date?: DateTimeFilter | DateTime,
           ?   end_date?: DateTimeNullableFilter | DateTime | Null,
           ?   service_definitions?: JsonNullableFilter,
           ?   billing_preferences?: JsonNullableFilter,
           ?   contract_value?: DecimalNullableFilter | Decimal | Null,
           ?   created_at?: DateTimeFilter | DateTime,
           ?   updated_at?: DateTimeFilter | DateTime,
           ?   clients?: ClientsScalarRelationFilter | clientsWhereInput,
           ?   sites?: SitesListRelationFilter
             }
           })
      
      Unknown argument `client`. Did you mean `clients`? Available options are listed in green.

      at Object.Ou (node_modules/@prisma/internals/src/logger.ts:13:11)

    console.log
      prisma:error 
      Invalid `this.prisma.contract.findFirst()` invocation in
      G:\Payroll System\backend\src\billing\services\invoice.service.ts:55:49
      
        52   : this.calculateDefaultDueDate(new Date());
        53 
        54 // Find the first active contract for this client to create the invoice
      ÔåÆ 55 const contract = await this.prisma.contract.findFirst({
             where: {
               client: {
               ~~~~~~
                 id: undefined,
                 companyId: "5c441fa6-473b-4d2c-9099-9ded3cb5cb79"
               },
               status: "ACTIVE",
           ?   AND?: contractsWhereInput | contractsWhereInput[],
           ?   OR?: contractsWhereInput[],
           ?   NOT?: contractsWhereInput | contractsWhereInput[],
           ?   id?: UuidFilter | String,
           ?   client_id?: UuidFilter | String,
           ?   contract_number?: StringFilter | String,
           ?   title?: StringFilter | String,
           ?   description?: StringNullableFilter | String | Null,
           ?   start_date?: DateTimeFilter | DateTime,
           ?   end_date?: DateTimeNullableFilter | DateTime | Null,
           ?   service_definitions?: JsonNullableFilter,
           ?   billing_preferences?: JsonNullableFilter,
           ?   contract_value?: DecimalNullableFilter | Decimal | Null,
           ?   created_at?: DateTimeFilter | DateTime,
           ?   updated_at?: DateTimeFilter | DateTime,
           ?   clients?: ClientsScalarRelationFilter | clientsWhereInput,
           ?   sites?: SitesListRelationFilter
             }
           })
      
      Unknown argument `client`. Did you mean `clients`? Available options are listed in green.

      at Object.Ou (node_modules/@prisma/internals/src/logger.ts:13:11)

    console.log
      prisma:error 
      Invalid `this.prisma.contract.findFirst()` invocation in
      G:\Payroll System\backend\src\billing\services\invoice.service.ts:55:49
      
        52   : this.calculateDefaultDueDate(new Date());
        53 
        54 // Find the first active contract for this client to create the invoice
      ÔåÆ 55 const contract = await this.prisma.contract.findFirst({
             where: {
               client: {
               ~~~~~~
                 id: undefined,
                 companyId: "b2949aca-d5eb-46f9-a5db-4e7103396fef"
               },
               status: "ACTIVE",
           ?   AND?: contractsWhereInput | contractsWhereInput[],
           ?   OR?: contractsWhereInput[],
           ?   NOT?: contractsWhereInput | contractsWhereInput[],
           ?   id?: UuidFilter | String,
           ?   client_id?: UuidFilter | String,
           ?   contract_number?: StringFilter | String,
           ?   title?: StringFilter | String,
           ?   description?: StringNullableFilter | String | Null,
           ?   start_date?: DateTimeFilter | DateTime,
           ?   end_date?: DateTimeNullableFilter | DateTime | Null,
           ?   service_definitions?: JsonNullableFilter,
           ?   billing_preferences?: JsonNullableFilter,
           ?   contract_value?: DecimalNullableFilter | Decimal | Null,
           ?   created_at?: DateTimeFilter | DateTime,
           ?   updated_at?: DateTimeFilter | DateTime,
           ?   clients?: ClientsScalarRelationFilter | clientsWhereInput,
           ?   sites?: SitesListRelationFilter
             }
           })
      
      Unknown argument `client`. Did you mean `clients`? Available options are listed in green.

      at Object.Ou (node_modules/@prisma/internals/src/logger.ts:13:11)

    console.log
      prisma:error 
      Invalid `this.prisma.contract.findFirst()` invocation in
      G:\Payroll System\backend\src\billing\services\invoice.service.ts:55:49
      
        52   : this.calculateDefaultDueDate(new Date());
        53 
        54 // Find the first active contract for this client to create the invoice
      ÔåÆ 55 const contract = await this.prisma.contract.findFirst({
             where: {
               client: {
               ~~~~~~
                 id: undefined,
                 companyId: "32abaf01-94da-469f-9391-427de54423c3"
               },
               status: "ACTIVE",
           ?   AND?: contractsWhereInput | contractsWhereInput[],
           ?   OR?: contractsWhereInput[],
           ?   NOT?: contractsWhereInput | contractsWhereInput[],
           ?   id?: UuidFilter | String,
           ?   client_id?: UuidFilter | String,
           ?   contract_number?: StringFilter | String,
           ?   title?: StringFilter | String,
           ?   description?: StringNullableFilter | String | Null,
           ?   start_date?: DateTimeFilter | DateTime,
           ?   end_date?: DateTimeNullableFilter | DateTime | Null,
           ?   service_definitions?: JsonNullableFilter,
           ?   billing_preferences?: JsonNullableFilter,
           ?   contract_value?: DecimalNullableFilter | Decimal | Null,
           ?   created_at?: DateTimeFilter | DateTime,
           ?   updated_at?: DateTimeFilter | DateTime,
           ?   clients?: ClientsScalarRelationFilter | clientsWhereInput,
           ?   sites?: SitesListRelationFilter
             }
           })
      
      Unknown argument `client`. Did you mean `clients`? Available options are listed in green.

      at Object.Ou (node_modules/@prisma/internals/src/logger.ts:13:11)

    console.log
      Ô£à Test database cleanup completed

      at Object.<anonymous> (src/test/setup.ts:97:13)

  ÔùÅ Billing Integration Tests ÔÇ║ Invoice Creation ÔÇ║ should create invoice with basic deployment data

    PrismaClientValidationError: 
    Invalid `this.prisma.contract.findFirst()` invocation in
    G:\Payroll System\backend\src\billing\services\invoice.service.ts:55:49

      52   : this.calculateDefaultDueDate(new Date());
      53 
      54 // Find the first active contract for this client to create the invoice
    ÔåÆ 55 const contract = await this.prisma.contract.findFirst({
           where: {
             client: {
             ~~~~~~
               id: undefined,
               companyId: "5bc92930-2fb9-40b5-bde1-5353a1ac77d6"
             },
             status: "ACTIVE",
         ?   AND?: contractsWhereInput | contractsWhereInput[],
         ?   OR?: contractsWhereInput[],
         ?   NOT?: contractsWhereInput | contractsWhereInput[],
         ?   id?: UuidFilter | String,
         ?   client_id?: UuidFilter | String,
         ?   contract_number?: StringFilter | String,
         ?   title?: StringFilter | String,
         ?   description?: StringNullableFilter | String | Null,
         ?   start_date?: DateTimeFilter | DateTime,
         ?   end_date?: DateTimeNullableFilter | DateTime | Null,
         ?   service_definitions?: JsonNullableFilter,
         ?   billing_preferences?: JsonNullableFilter,
         ?   contract_value?: DecimalNullableFilter | Decimal | Null,
         ?   created_at?: DateTimeFilter | DateTime,
         ?   updated_at?: DateTimeFilter | DateTime,
         ?   clients?: ClientsScalarRelationFilter | clientsWhereInput,
         ?   sites?: SitesListRelationFilter
           }
         })

    Unknown argument `client`. Did you mean `clients`? Available options are listed in green.

    [0m [90m 53 |[39m
     [90m 54 |[39m     [90m// Find the first active contract for this client to create the 
invoice[39m
    [31m[1m>[22m[39m[90m 55 |[39m     [36mconst[39m contract [33m=[39m [36mawait[39m 
[36mthis[39m[33m.[39mprisma[33m.[39mcontract[33m.[39mfindFirst({
     [90m    |[39m                      [31m[1m^[22m[39m
     [90m 56 |[39m       where[33m:[39m {
     [90m 57 |[39m         client[33m:[39m {
     [90m 58 |[39m           id[33m:[39m createInvoiceDto[33m.[39mclientId[33m,[39m[0m

      at ar 
(node_modules/@prisma/client/src/runtime/core/errorRendering/throwValidationException.ts:46:9)
      at zr.throwValidationException [as handleRequestError] 
(node_modules/@prisma/client/src/runtime/RequestHandler.ts:211:7)
      at zr.handleAndLogRequestError (node_modules/@prisma/client/src/runtime/RequestHandler.ts:183:12)
      at zr.request (node_modules/@prisma/client/src/runtime/RequestHandler.ts:152:12)
      at a (node_modules/@prisma/client/src/runtime/getPrismaClient.ts:963:24)
      at InvoiceService.createInvoice (src/billing/services/invoice.service.ts:55:22)
      at Object.<anonymous> (src/billing/billing.integration.test.ts:86:23)

  ÔùÅ Billing Integration Tests ÔÇ║ Invoice Creation ÔÇ║ should calculate GST correctly for Indian 
billing

    PrismaClientValidationError: 
    Invalid `this.prisma.contract.findFirst()` invocation in
    G:\Payroll System\backend\src\billing\services\invoice.service.ts:55:49

      52   : this.calculateDefaultDueDate(new Date());
      53 
      54 // Find the first active contract for this client to create the invoice
    ÔåÆ 55 const contract = await this.prisma.contract.findFirst({
           where: {
             client: {
             ~~~~~~
               id: undefined,
               companyId: "8e308033-a429-4296-b3f0-438316848759"
             },
             status: "ACTIVE",
         ?   AND?: contractsWhereInput | contractsWhereInput[],
         ?   OR?: contractsWhereInput[],
         ?   NOT?: contractsWhereInput | contractsWhereInput[],
         ?   id?: UuidFilter | String,
         ?   client_id?: UuidFilter | String,
         ?   contract_number?: StringFilter | String,
         ?   title?: StringFilter | String,
         ?   description?: StringNullableFilter | String | Null,
         ?   start_date?: DateTimeFilter | DateTime,
         ?   end_date?: DateTimeNullableFilter | DateTime | Null,
         ?   service_definitions?: JsonNullableFilter,
         ?   billing_preferences?: JsonNullableFilter,
         ?   contract_value?: DecimalNullableFilter | Decimal | Null,
         ?   created_at?: DateTimeFilter | DateTime,
         ?   updated_at?: DateTimeFilter | DateTime,
         ?   clients?: ClientsScalarRelationFilter | clientsWhereInput,
         ?   sites?: SitesListRelationFilter
           }
         })

    Unknown argument `client`. Did you mean `clients`? Available options are listed in green.

    [0m [90m 53 |[39m
     [90m 54 |[39m     [90m// Find the first active contract for this client to create the 
invoice[39m
    [31m[1m>[22m[39m[90m 55 |[39m     [36mconst[39m contract [33m=[39m [36mawait[39m 
[36mthis[39m[33m.[39mprisma[33m.[39mcontract[33m.[39mfindFirst({
     [90m    |[39m                      [31m[1m^[22m[39m
     [90m 56 |[39m       where[33m:[39m {
     [90m 57 |[39m         client[33m:[39m {
     [90m 58 |[39m           id[33m:[39m createInvoiceDto[33m.[39mclientId[33m,[39m[0m

      at ar 
(node_modules/@prisma/client/src/runtime/core/errorRendering/throwValidationException.ts:46:9)
      at zr.throwValidationException [as handleRequestError] 
(node_modules/@prisma/client/src/runtime/RequestHandler.ts:211:7)
      at zr.handleAndLogRequestError (node_modules/@prisma/client/src/runtime/RequestHandler.ts:183:12)
      at zr.request (node_modules/@prisma/client/src/runtime/RequestHandler.ts:152:12)
      at a (node_modules/@prisma/client/src/runtime/getPrismaClient.ts:963:24)
      at InvoiceService.createInvoice (src/billing/services/invoice.service.ts:55:22)
      at Object.<anonymous> (src/billing/billing.integration.test.ts:109:23)

  ÔùÅ Billing Integration Tests ÔÇ║ Invoice Creation ÔÇ║ should handle additional charges correctly

    PrismaClientValidationError: 
    Invalid `this.prisma.contract.findFirst()` invocation in
    G:\Payroll System\backend\src\billing\services\invoice.service.ts:55:49

      52   : this.calculateDefaultDueDate(new Date());
      53 
      54 // Find the first active contract for this client to create the invoice
    ÔåÆ 55 const contract = await this.prisma.contract.findFirst({
           where: {
             client: {
             ~~~~~~
               id: undefined,
               companyId: "5c441fa6-473b-4d2c-9099-9ded3cb5cb79"
             },
             status: "ACTIVE",
         ?   AND?: contractsWhereInput | contractsWhereInput[],
         ?   OR?: contractsWhereInput[],
         ?   NOT?: contractsWhereInput | contractsWhereInput[],
         ?   id?: UuidFilter | String,
         ?   client_id?: UuidFilter | String,
         ?   contract_number?: StringFilter | String,
         ?   title?: StringFilter | String,
         ?   description?: StringNullableFilter | String | Null,
         ?   start_date?: DateTimeFilter | DateTime,
         ?   end_date?: DateTimeNullableFilter | DateTime | Null,
         ?   service_definitions?: JsonNullableFilter,
         ?   billing_preferences?: JsonNullableFilter,
         ?   contract_value?: DecimalNullableFilter | Decimal | Null,
         ?   created_at?: DateTimeFilter | DateTime,
         ?   updated_at?: DateTimeFilter | DateTime,
         ?   clients?: ClientsScalarRelationFilter | clientsWhereInput,
         ?   sites?: SitesListRelationFilter
           }
         })

    Unknown argument `client`. Did you mean `clients`? Available options are listed in green.

    [0m [90m 53 |[39m
     [90m 54 |[39m     [90m// Find the first active contract for this client to create the 
invoice[39m
    [31m[1m>[22m[39m[90m 55 |[39m     [36mconst[39m contract [33m=[39m [36mawait[39m 
[36mthis[39m[33m.[39mprisma[33m.[39mcontract[33m.[39mfindFirst({
     [90m    |[39m                      [31m[1m^[22m[39m
     [90m 56 |[39m       where[33m:[39m {
     [90m 57 |[39m         client[33m:[39m {
     [90m 58 |[39m           id[33m:[39m createInvoiceDto[33m.[39mclientId[33m,[39m[0m

      at ar 
(node_modules/@prisma/client/src/runtime/core/errorRendering/throwValidationException.ts:46:9)
      at zr.throwValidationException [as handleRequestError] 
(node_modules/@prisma/client/src/runtime/RequestHandler.ts:211:7)
      at zr.handleAndLogRequestError (node_modules/@prisma/client/src/runtime/RequestHandler.ts:183:12)
      at zr.request (node_modules/@prisma/client/src/runtime/RequestHandler.ts:152:12)
      at a (node_modules/@prisma/client/src/runtime/getPrismaClient.ts:963:24)
      at InvoiceService.createInvoice (src/billing/services/invoice.service.ts:55:22)
      at Object.<anonymous> (src/billing/billing.integration.test.ts:140:23)

  ÔùÅ Billing Integration Tests ÔÇ║ Invoice Management ÔÇ║ should list invoices with pagination

    PrismaClientValidationError: 
    Invalid `this.prisma.contract.findFirst()` invocation in
    G:\Payroll System\backend\src\billing\services\invoice.service.ts:55:49

      52   : this.calculateDefaultDueDate(new Date());
      53 
      54 // Find the first active contract for this client to create the invoice
    ÔåÆ 55 const contract = await this.prisma.contract.findFirst({
           where: {
             client: {
             ~~~~~~
               id: undefined,
               companyId: "b2949aca-d5eb-46f9-a5db-4e7103396fef"
             },
             status: "ACTIVE",
         ?   AND?: contractsWhereInput | contractsWhereInput[],
         ?   OR?: contractsWhereInput[],
         ?   NOT?: contractsWhereInput | contractsWhereInput[],
         ?   id?: UuidFilter | String,
         ?   client_id?: UuidFilter | String,
         ?   contract_number?: StringFilter | String,
         ?   title?: StringFilter | String,
         ?   description?: StringNullableFilter | String | Null,
         ?   start_date?: DateTimeFilter | DateTime,
         ?   end_date?: DateTimeNullableFilter | DateTime | Null,
         ?   service_definitions?: JsonNullableFilter,
         ?   billing_preferences?: JsonNullableFilter,
         ?   contract_value?: DecimalNullableFilter | Decimal | Null,
         ?   created_at?: DateTimeFilter | DateTime,
         ?   updated_at?: DateTimeFilter | DateTime,
         ?   clients?: ClientsScalarRelationFilter | clientsWhereInput,
         ?   sites?: SitesListRelationFilter
           }
         })

    Unknown argument `client`. Did you mean `clients`? Available options are listed in green.

    [0m [90m 53 |[39m
     [90m 54 |[39m     [90m// Find the first active contract for this client to create the 
invoice[39m
    [31m[1m>[22m[39m[90m 55 |[39m     [36mconst[39m contract [33m=[39m [36mawait[39m 
[36mthis[39m[33m.[39mprisma[33m.[39mcontract[33m.[39mfindFirst({
     [90m    |[39m                      [31m[1m^[22m[39m
     [90m 56 |[39m       where[33m:[39m {
     [90m 57 |[39m         client[33m:[39m {
     [90m 58 |[39m           id[33m:[39m createInvoiceDto[33m.[39mclientId[33m,[39m[0m

      at ar 
(node_modules/@prisma/client/src/runtime/core/errorRendering/throwValidationException.ts:46:9)
      at zr.throwValidationException [as handleRequestError] 
(node_modules/@prisma/client/src/runtime/RequestHandler.ts:211:7)
      at zr.handleAndLogRequestError (node_modules/@prisma/client/src/runtime/RequestHandler.ts:183:12)
      at zr.request (node_modules/@prisma/client/src/runtime/RequestHandler.ts:152:12)
      at a (node_modules/@prisma/client/src/runtime/getPrismaClient.ts:963:24)
      at InvoiceService.createInvoice (src/billing/services/invoice.service.ts:55:22)
      at Object.<anonymous> (src/billing/billing.integration.test.ts:158:7)

  ÔùÅ Billing Integration Tests ÔÇ║ Invoice Management ÔÇ║ should update invoice status

    PrismaClientValidationError: 
    Invalid `this.prisma.contract.findFirst()` invocation in
    G:\Payroll System\backend\src\billing\services\invoice.service.ts:55:49

      52   : this.calculateDefaultDueDate(new Date());
      53 
      54 // Find the first active contract for this client to create the invoice
    ÔåÆ 55 const contract = await this.prisma.contract.findFirst({
           where: {
             client: {
             ~~~~~~
               id: undefined,
               companyId: "32abaf01-94da-469f-9391-427de54423c3"
             },
             status: "ACTIVE",
         ?   AND?: contractsWhereInput | contractsWhereInput[],
         ?   OR?: contractsWhereInput[],
         ?   NOT?: contractsWhereInput | contractsWhereInput[],
         ?   id?: UuidFilter | String,
         ?   client_id?: UuidFilter | String,
         ?   contract_number?: StringFilter | String,
         ?   title?: StringFilter | String,
         ?   description?: StringNullableFilter | String | Null,
         ?   start_date?: DateTimeFilter | DateTime,
         ?   end_date?: DateTimeNullableFilter | DateTime | Null,
         ?   service_definitions?: JsonNullableFilter,
         ?   billing_preferences?: JsonNullableFilter,
         ?   contract_value?: DecimalNullableFilter | Decimal | Null,
         ?   created_at?: DateTimeFilter | DateTime,
         ?   updated_at?: DateTimeFilter | DateTime,
         ?   clients?: ClientsScalarRelationFilter | clientsWhereInput,
         ?   sites?: SitesListRelationFilter
           }
         })

    Unknown argument `client`. Did you mean `clients`? Available options are listed in green.

    [0m [90m 53 |[39m
     [90m 54 |[39m     [90m// Find the first active contract for this client to create the 
invoice[39m
    [31m[1m>[22m[39m[90m 55 |[39m     [36mconst[39m contract [33m=[39m [36mawait[39m 
[36mthis[39m[33m.[39mprisma[33m.[39mcontract[33m.[39mfindFirst({
     [90m    |[39m                      [31m[1m^[22m[39m
     [90m 56 |[39m       where[33m:[39m {
     [90m 57 |[39m         client[33m:[39m {
     [90m 58 |[39m           id[33m:[39m createInvoiceDto[33m.[39mclientId[33m,[39m[0m

      at ar 
(node_modules/@prisma/client/src/runtime/core/errorRendering/throwValidationException.ts:46:9)
      at zr.throwValidationException [as handleRequestError] 
(node_modules/@prisma/client/src/runtime/RequestHandler.ts:211:7)
      at zr.handleAndLogRequestError (node_modules/@prisma/client/src/runtime/RequestHandler.ts:183:12)
      at zr.request (node_modules/@prisma/client/src/runtime/RequestHandler.ts:152:12)
      at a (node_modules/@prisma/client/src/runtime/getPrismaClient.ts:963:24)
      at InvoiceService.createInvoice (src/billing/services/invoice.service.ts:55:22)
      at Object.<anonymous> (src/billing/billing.integration.test.ts:184:23)

[31m[Nest] 20228  - [39m27/08/2026, 10:15:44 pm [31m  ERROR[39m [38;5;3m[GlobalExceptionFilter] 
[39m[31mHTTP 400 Error - clientId must be a UUID,title must be longer than or equal to 5 
characters,status must be one of the following values: ACTIVE, PENDING, EXPIRED, TERMINATED,startDate 
must be a valid ISO 8601 date string[39m
[31m[Nest] 20228  - [39m27/08/2026, 10:15:44 pm [31m  ERROR[39m [38;5;3m[GlobalExceptionFilter] 
[39m[31mBadRequestException: Bad Request Exception
    at ValidationPipe.exceptionFactory (G:\Payroll 
System\backend\node_modules\@nestjs\common\pipes\validation.pipe.js:112:20)
    at ValidationPipe.transform (G:\Payroll 
System\backend\node_modules\@nestjs\common\pipes\validation.pipe.js:79:30)
    at processTicksAndRejections (node:internal/process/task_queues:104:5)
    at resolveParamValue (G:\Payroll 
System\backend\node_modules\@nestjs\core\router\router-execution-context.js:151:23)
    at async Promise.all (index 0)
    at pipesFn (G:\Payroll 
System\backend\node_modules\@nestjs\core\router\router-execution-context.js:154:13)
    at G:\Payroll System\backend\node_modules\@nestjs\core\router\router-execution-context.js:37:30[39m
[31m[Nest] 20228  - [39m27/08/2026, 10:15:44 pm [31m  ERROR[39m [38;5;3m[GlobalExceptionFilter] 
[39mObject(4) {
  traceId: [32m'192d8376-79ac-4d0c-9390-a9492815ae5a'[39m,
  requestId: [32m'unknown'[39m,
  url: [32m'/contracts'[39m,
  method: [32m'POST'[39m
}
[31m[Nest] 20228  - [39m27/08/2026, 10:15:46 pm [31m  ERROR[39m [38;5;3m[GlobalExceptionFilter] 
[39m[31mHTTP 404 Error - Contract not found[39m
[31m[Nest] 20228  - [39m27/08/2026, 10:15:46 pm [31m  ERROR[39m [38;5;3m[GlobalExceptionFilter] 
[39m[31mNotFoundException: Contract not found
    at ContractsService.findOne (G:\Payroll System\backend\src\contracts\contracts.service.ts:178:13)
    at processTicksAndRejections (node:internal/process/task_queues:104:5)[39m
[31m[Nest] 20228  - [39m27/08/2026, 10:15:46 pm [31m  ERROR[39m [38;5;3m[GlobalExceptionFilter] 
[39mObject(4) {
  traceId: [32m'8f0b25b4-518d-423e-b2ea-e526f7f451cc'[39m,
  requestId: [32m'unknown'[39m,
  url: [32m'/contracts/123e4567-e89b-12d3-a456-000000000000'[39m,
  method: [32m'GET'[39m
}
PASS src/contracts/contracts.integration.test.ts (12.247 s)
  ÔùÅ Console

    console.warn
      Database schema setup encountered issues - attempting to continue with existing schema

    [0m [90m 43 |[39m       })[33m;[39m
     [90m 44 |[39m     } [36mcatch[39m (error) {
    [31m[1m>[22m[39m[90m 45 |[39m       console[33m.[39mwarn([32m'Database schema setup 
encountered issues - attempting to continue with existing schema'[39m)[33m;[39m
     [90m    |[39m               [31m[1m^[22m[39m
     [90m 46 |[39m     }
     [90m 47 |[39m
     [90m 48 |[39m     [90m// Initialize Prisma client after schema is set up with timeout 
settings[39m[0m

      at Object.<anonymous> (src/test/setup.ts:45:15)

    console.log
      Ô£à Test database setup completed successfully

      at Object.<anonymous> (src/test/setup.ts:70:13)

    console.log
      ­ƒöì PermissionsGuard - Route isPublic: undefined

      at PermissionsGuard.canActivate (src/auth/guards/permissions.guard.ts:40:13)

    console.log
      ­ƒöì PermissionsGuard - Route isPublic: undefined

      at PermissionsGuard.canActivate (src/auth/guards/permissions.guard.ts:40:13)

    console.log
      ­ƒöì PermissionsGuard - Route isPublic: undefined

      at PermissionsGuard.canActivate (src/auth/guards/permissions.guard.ts:40:13)

    console.log
      ­ƒöì PermissionsGuard - Route isPublic: undefined

      at PermissionsGuard.canActivate (src/auth/guards/permissions.guard.ts:40:13)

    console.log
      ­ƒöì PermissionsGuard - Route isPublic: undefined

      at PermissionsGuard.canActivate (src/auth/guards/permissions.guard.ts:40:13)

    console.log
      ­ƒöì PermissionsGuard - Route isPublic: undefined

      at PermissionsGuard.canActivate (src/auth/guards/permissions.guard.ts:40:13)

    console.log
      ­ƒöì PermissionsGuard - Route isPublic: undefined

      at PermissionsGuard.canActivate (src/auth/guards/permissions.guard.ts:40:13)

    console.log
      ­ƒöì PermissionsGuard - Route isPublic: undefined

      at PermissionsGuard.canActivate (src/auth/guards/permissions.guard.ts:40:13)

    console.log
      ­ƒöì PermissionsGuard - Route isPublic: undefined

      at PermissionsGuard.canActivate (src/auth/guards/permissions.guard.ts:40:13)

    console.log
      ­ƒöì PermissionsGuard - Route isPublic: undefined

      at PermissionsGuard.canActivate (src/auth/guards/permissions.guard.ts:40:13)

    console.log
      Ô£à Test database cleanup completed

      at Object.<anonymous> (src/test/setup.ts:97:13)

FAIL src/tests/property-tests/attendance-monitoring-accuracy.spec.ts (9.517 s)
  ÔùÅ Console

    console.warn
      Database schema setup encountered issues - attempting to continue with existing schema

    [0m [90m 43 |[39m       })[33m;[39m
     [90m 44 |[39m     } [36mcatch[39m (error) {
    [31m[1m>[22m[39m[90m 45 |[39m       console[33m.[39mwarn([32m'Database schema setup 
encountered issues - attempting to continue with existing schema'[39m)[33m;[39m
     [90m    |[39m               [31m[1m^[22m[39m
     [90m 46 |[39m     }
     [90m 47 |[39m
     [90m 48 |[39m     [90m// Initialize Prisma client after schema is set up with timeout 
settings[39m[0m

      at Object.<anonymous> (src/test/setup.ts:45:15)

    console.log
      Ô£à Test database setup completed successfully

      at Object.<anonymous> (src/test/setup.ts:70:13)

    console.log
      prisma:error 
      Invalid `systemPrisma.companies.upsert()` invocation in
      G:\Payroll System\backend\src\test\helpers\property-test-setup.ts:1196:52
      
        1193 
        1194 return await prisma.withSystemContext(async (systemPrisma) => {
        1195   // 1. Create company first
      ÔåÆ 1196   const company = await systemPrisma.companies.upsert({
                 where: {
                   id: "87139c45-fa8d-4f67-810f-39510b1e9458"
                 },
                 update: {},
                 create: {
                   id: "87139c45-fa8d-4f67-810f-39510b1e9458",
                   name: "Test Company 1787849155326",
                   slug: "test-company-1787849155326-2mxx8a",
                   settings: {},
                   branding: {},
               +   updated_at: DateTime
                 }
               })
      
      Argument `updated_at` is missing.

      at Object.Ou (node_modules/@prisma/internals/src/logger.ts:13:11)

    console.log
      prisma:error 
      Invalid `systemPrisma.companies.upsert()` invocation in
      G:\Payroll System\backend\src\test\helpers\property-test-setup.ts:1196:52
      
        1193 
        1194 return await prisma.withSystemContext(async (systemPrisma) => {
        1195   // 1. Create company first
      ÔåÆ 1196   const company = await systemPrisma.companies.upsert({
                 where: {
                   id: "87139c45-fa8d-4f67-810f-39510b1e9458"
                 },
                 update: {},
                 create: {
                   id: "87139c45-fa8d-4f67-810f-39510b1e9458",
                   name: "Test Company 1787849155901",
                   slug: "test-company-1787849155901-baazd5",
                   settings: {},
                   branding: {},
               +   updated_at: DateTime
                 }
               })
      
      Argument `updated_at` is missing.

      at Object.Ou (node_modules/@prisma/internals/src/logger.ts:13:11)

    console.log
      prisma:error 
      Invalid `systemPrisma.companies.upsert()` invocation in
      G:\Payroll System\backend\src\test\helpers\property-test-setup.ts:1196:52
      
        1193 
        1194 return await prisma.withSystemContext(async (systemPrisma) => {
        1195   // 1. Create company first
      ÔåÆ 1196   const company = await systemPrisma.companies.upsert({
                 where: {
                   id: "87139c45-fa8d-4f67-810f-39510b1e9458"
                 },
                 update: {},
                 create: {
                   id: "87139c45-fa8d-4f67-810f-39510b1e9458",
                   name: "Test Company 1787849155967",
                   slug: "test-company-1787849155967-dv9hfx",
                   settings: {},
                   branding: {},
               +   updated_at: DateTime
                 }
               })
      
      Argument `updated_at` is missing.

      at Object.Ou (node_modules/@prisma/internals/src/logger.ts:13:11)

    console.log
      prisma:error 
      Invalid `systemPrisma.companies.upsert()` invocation in
      G:\Payroll System\backend\src\test\helpers\property-test-setup.ts:1196:52
      
        1193 
        1194 return await prisma.withSystemContext(async (systemPrisma) => {
        1195   // 1. Create company first
      ÔåÆ 1196   const company = await systemPrisma.companies.upsert({
                 where: {
                   id: "87139c45-fa8d-4f67-810f-39510b1e9458"
                 },
                 update: {},
                 create: {
                   id: "87139c45-fa8d-4f67-810f-39510b1e9458",
                   name: "Test Company 1787849156031",
                   slug: "test-company-1787849156031-srbykm",
                   settings: {},
                   branding: {},
               +   updated_at: DateTime
                 }
               })
      
      Argument `updated_at` is missing.

      at Object.Ou (node_modules/@prisma/internals/src/logger.ts:13:11)

    console.log
      prisma:error 
      Invalid `systemPrisma.companies.upsert()` invocation in
      G:\Payroll System\backend\src\test\helpers\property-test-setup.ts:1196:52
      
        1193 
        1194 return await prisma.withSystemContext(async (systemPrisma) => {
        1195   // 1. Create company first
      ÔåÆ 1196   const company = await systemPrisma.companies.upsert({
                 where: {
                   id: "87139c45-fa8d-4f67-810f-39510b1e9458"
                 },
                 update: {},
                 create: {
                   id: "87139c45-fa8d-4f67-810f-39510b1e9458",
                   name: "Test Company 1787849156061",
                   slug: "test-company-1787849156061-qfntac",
                   settings: {},
                   branding: {},
               +   updated_at: DateTime
                 }
               })
      
      Argument `updated_at` is missing.

      at Object.Ou (node_modules/@prisma/internals/src/logger.ts:13:11)

    console.log
      prisma:error 
      Invalid `systemPrisma.companies.upsert()` invocation in
      G:\Payroll System\backend\src\test\helpers\property-test-setup.ts:1196:52
      
        1193 
        1194 return await prisma.withSystemContext(async (systemPrisma) => {
        1195   // 1. Create company first
      ÔåÆ 1196   const company = await systemPrisma.companies.upsert({
                 where: {
                   id: "87139c45-fa8d-4f67-810f-39510b1e9458"
                 },
                 update: {},
                 create: {
                   id: "87139c45-fa8d-4f67-810f-39510b1e9458",
                   name: "Test Company 1787849156089",
                   slug: "test-company-1787849156090-xgk9nx",
                   settings: {},
                   branding: {},
               +   updated_at: DateTime
                 }
               })
      
      Argument `updated_at` is missing.

      at Object.Ou (node_modules/@prisma/internals/src/logger.ts:13:11)

    console.log
      prisma:error 
      Invalid `systemPrisma.companies.upsert()` invocation in
      G:\Payroll System\backend\src\test\helpers\property-test-setup.ts:1196:52
      
        1193 
        1194 return await prisma.withSystemContext(async (systemPrisma) => {
        1195   // 1. Create company first
      ÔåÆ 1196   const company = await systemPrisma.companies.upsert({
                 where: {
                   id: "87139c45-fa8d-4f67-810f-39510b1e9458"
                 },
                 update: {},
                 create: {
                   id: "87139c45-fa8d-4f67-810f-39510b1e9458",
                   name: "Test Company 1787849156131",
                   slug: "test-company-1787849156131-bqnd7a",
                   settings: {},
                   branding: {},
               +   updated_at: DateTime
                 }
               })
      
      Argument `updated_at` is missing.

      at Object.Ou (node_modules/@prisma/internals/src/logger.ts:13:11)

    console.log
      prisma:error 
      Invalid `systemPrisma.companies.upsert()` invocation in
      G:\Payroll System\backend\src\test\helpers\property-test-setup.ts:1196:52
      
        1193 
        1194 return await prisma.withSystemContext(async (systemPrisma) => {
        1195   // 1. Create company first
      ÔåÆ 1196   const company = await systemPrisma.companies.upsert({
                 where: {
                   id: "87139c45-fa8d-4f67-810f-39510b1e9458"
                 },
                 update: {},
                 create: {
                   id: "87139c45-fa8d-4f67-810f-39510b1e9458",
                   name: "Test Company 1787849156160",
                   slug: "test-company-1787849156160-4k3lld",
                   settings: {},
                   branding: {},
               +   updated_at: DateTime
                 }
               })
      
      Argument `updated_at` is missing.

      at Object.Ou (node_modules/@prisma/internals/src/logger.ts:13:11)

    console.log
      prisma:error 
      Invalid `systemPrisma.companies.upsert()` invocation in
      G:\Payroll System\backend\src\test\helpers\property-test-setup.ts:1196:52
      
        1193 
        1194 return await prisma.withSystemContext(async (systemPrisma) => {
        1195   // 1. Create company first
      ÔåÆ 1196   const company = await systemPrisma.companies.upsert({
                 where: {
                   id: "87139c45-fa8d-4f67-810f-39510b1e9458"
                 },
                 update: {},
                 create: {
                   id: "87139c45-fa8d-4f67-810f-39510b1e9458",
                   name: "Test Company 1787849156262",
                   slug: "test-company-1787849156262-148n40",
                   settings: {},
                   branding: {},
               +   updated_at: DateTime
                 }
               })
      
      Argument `updated_at` is missing.

      at Object.Ou (node_modules/@prisma/internals/src/logger.ts:13:11)

    console.log
      prisma:error 
      Invalid `systemPrisma.companies.upsert()` invocation in
      G:\Payroll System\backend\src\test\helpers\property-test-setup.ts:1196:52
      
        1193 
        1194 return await prisma.withSystemContext(async (systemPrisma) => {
        1195   // 1. Create company first
      ÔåÆ 1196   const company = await systemPrisma.companies.upsert({
                 where: {
                   id: "87139c45-fa8d-4f67-810f-39510b1e9458"
                 },
                 update: {},
                 create: {
                   id: "87139c45-fa8d-4f67-810f-39510b1e9458",
                   name: "Test Company 1787849156328",
                   slug: "test-company-1787849156328-7apc0m",
                   settings: {},
                   branding: {},
               +   updated_at: DateTime
                 }
               })
      
      Argument `updated_at` is missing.

      at Object.Ou (node_modules/@prisma/internals/src/logger.ts:13:11)

    console.log
      prisma:error 
      Invalid `systemPrisma.companies.upsert()` invocation in
      G:\Payroll System\backend\src\test\helpers\property-test-setup.ts:1196:52
      
        1193 
        1194 return await prisma.withSystemContext(async (systemPrisma) => {
        1195   // 1. Create company first
      ÔåÆ 1196   const company = await systemPrisma.companies.upsert({
                 where: {
                   id: "87139c45-fa8d-4f67-810f-39510b1e9458"
                 },
                 update: {},
                 create: {
                   id: "87139c45-fa8d-4f67-810f-39510b1e9458",
                   name: "Test Company 1787849156378",
                   slug: "test-company-1787849156379-ouekoi",
                   settings: {},
                   branding: {},
               +   updated_at: DateTime
                 }
               })
      
      Argument `updated_at` is missing.

      at Object.Ou (node_modules/@prisma/internals/src/logger.ts:13:11)

    console.log
      prisma:error 
      Invalid `systemPrisma.attendance.deleteMany()` invocation in
      G:\Payroll System\backend\src\test\helpers\property-test-setup.ts:1584:37
      
        1581 static async cleanupTenantData(prisma,[object Object], PrismaService,[object Object], 
tenantId,[object Object], string) {
        1582   return await prisma.withSystemContext(async (systemPrisma) => {
        1583     // Delete in reverse dependency order to avoid FK constraint violations
      ÔåÆ 1584     await systemPrisma.attendance.deleteMany({
                   where: {
                     employee: {
                     ~~~~~~~~
                       company_id: "87139c45-fa8d-4f67-810f-39510b1e9458"
                     },
                 ?   AND?: attendanceWhereInput | attendanceWhereInput[],
                 ?   OR?: attendanceWhereInput[],
                 ?   NOT?: attendanceWhereInput | attendanceWhereInput[],
                 ?   id?: UuidFilter | String,
                 ?   employee_id?: UuidFilter | String,
                 ?   shift_id?: UuidFilter | String,
                 ?   clock_in?: DateTimeNullableFilter | DateTime | Null,
                 ?   clock_out?: DateTimeNullableFilter | DateTime | Null,
                 ?   location_data?: JsonNullableFilter,
                 ?   status?: EnumAttendanceStatusFilter | AttendanceStatus,
                 ?   verification_data?: JsonNullableFilter,
                 ?   notes?: StringNullableFilter | String | Null,
                 ?   created_at?: DateTimeFilter | DateTime,
                 ?   updated_at?: DateTimeFilter | DateTime,
                 ?   employees?: EmployeesScalarRelationFilter | employeesWhereInput,
                 ?   shifts?: ShiftsScalarRelationFilter | shiftsWhereInput
                   }
                 })
      
      Unknown argument `employee`. Did you mean `employees`? Available options are listed in green.

      at Object.Ou (node_modules/@prisma/internals/src/logger.ts:13:11)

    console.log
      Ô£à Test database cleanup completed

      at Object.<anonymous> (src/test/setup.ts:97:13)

  ÔùÅ Property Test: Attendance Monitoring Accuracy ÔÇ║ Property 16: Attendance monitoring accuracy

    PrismaClientValidationError: 
    Invalid `systemPrisma.attendance.deleteMany()` invocation in
    G:\Payroll System\backend\src\test\helpers\property-test-setup.ts:1584:37

      1581 static async cleanupTenantData(prisma,[object Object], PrismaService,[object Object], 
tenantId,[object Object], string) {
      1582   return await prisma.withSystemContext(async (systemPrisma) => {
      1583     // Delete in reverse dependency order to avoid FK constraint violations
    ÔåÆ 1584     await systemPrisma.attendance.deleteMany({
                 where: {
                   employee: {
                   ~~~~~~~~
                     company_id: "87139c45-fa8d-4f67-810f-39510b1e9458"
                   },
               ?   AND?: attendanceWhereInput | attendanceWhereInput[],
               ?   OR?: attendanceWhereInput[],
               ?   NOT?: attendanceWhereInput | attendanceWhereInput[],
               ?   id?: UuidFilter | String,
               ?   employee_id?: UuidFilter | String,
               ?   shift_id?: UuidFilter | String,
               ?   clock_in?: DateTimeNullableFilter | DateTime | Null,
               ?   clock_out?: DateTimeNullableFilter | DateTime | Null,
               ?   location_data?: JsonNullableFilter,
               ?   status?: EnumAttendanceStatusFilter | AttendanceStatus,
               ?   verification_data?: JsonNullableFilter,
               ?   notes?: StringNullableFilter | String | Null,
               ?   created_at?: DateTimeFilter | DateTime,
               ?   updated_at?: DateTimeFilter | DateTime,
               ?   employees?: EmployeesScalarRelationFilter | employeesWhereInput,
               ?   shifts?: ShiftsScalarRelationFilter | shiftsWhereInput
                 }
               })

    Unknown argument `employee`. Did you mean `employees`? Available options are listed in green.

    [0m [90m 1582 |[39m     [36mreturn[39m [36mawait[39m 
prisma[33m.[39mwithSystemContext([36masync[39m (systemPrisma) [33m=>[39m {
     [90m 1583 |[39m       [90m// Delete in reverse dependency order to avoid FK constraint 
violations[39m
    [31m[1m>[22m[39m[90m 1584 |[39m       [36mawait[39m 
systemPrisma[33m.[39mattendance[33m.[39mdeleteMany({
     [90m      |[39m       [31m[1m^[22m[39m
     [90m 1585 |[39m         where[33m:[39m {
     [90m 1586 |[39m           employee[33m:[39m { company_id[33m:[39m tenantId }[33m,[39m
     [90m 1587 |[39m         }[33m,[39m[0m

      at ar 
(node_modules/@prisma/client/src/runtime/core/errorRendering/throwValidationException.ts:46:9)
      at zr.throwValidationException [as handleRequestError] 
(node_modules/@prisma/client/src/runtime/RequestHandler.ts:211:7)
      at zr.handleAndLogRequestError (node_modules/@prisma/client/src/runtime/RequestHandler.ts:183:12)
      at zr.request (node_modules/@prisma/client/src/runtime/RequestHandler.ts:152:12)
      at a (node_modules/@prisma/client/src/runtime/getPrismaClient.ts:963:24)
      at src/test/helpers/property-test-setup.ts:1584:7
      at Proxy._transactionWithCallback 
(node_modules/@prisma/client/src/runtime/getPrismaClient.ts:810:18)
      at PropertyTestSetup.cleanupTenantData (src/test/helpers/property-test-setup.ts:1582:12)
      at Object.<anonymous> (src/tests/property-tests/attendance-monitoring-accuracy.spec.ts:311:7)

FAIL src/payroll/payroll-run-management.integration.test.ts (8.76 s)
  ÔùÅ Console

    console.warn
      Database schema setup encountered issues - attempting to continue with existing schema

    [0m [90m 43 |[39m       })[33m;[39m
     [90m 44 |[39m     } [36mcatch[39m (error) {
    [31m[1m>[22m[39m[90m 45 |[39m       console[33m.[39mwarn([32m'Database schema setup 
encountered issues - attempting to continue with existing schema'[39m)[33m;[39m
     [90m    |[39m               [31m[1m^[22m[39m
     [90m 46 |[39m     }
     [90m 47 |[39m
     [90m 48 |[39m     [90m// Initialize Prisma client after schema is set up with timeout 
settings[39m[0m

      at Object.<anonymous> (src/test/setup.ts:45:15)

    console.log
      Ô£à Test database setup completed successfully

      at Object.<anonymous> (src/test/setup.ts:70:13)

    console.log
      Services resolved: {
        payrollService: true,
        prismaService: true,
        tenantService: true,
        prismaProps: [ 'logger', 'prismaClient' ],
        prismaCompanyMethod: 'object',
        prismaClientProps: [
          '_originalClient',
          '_runtimeDataModel',
          '_requestHandler',
          '_connectionPromise',
          '_disconnectionPromise',
          '_engineConfig',
          '_accelerateEngineConfig',
          '_clientVersion',
          '_errorFormat',
          '_tracingHelper'
        ]
      }

      at Object.<anonymous> (src/payroll/payroll-run-management.integration.test.ts:48:13)

    console.log
      prisma:error 
      Invalid `prismaService.prismaClient.sites.create()` invocation in
      G:\Payroll System\backend\src\payroll\payroll-run-management.integration.test.ts:364:57
      
        361 testClientId = client.id;
        362 
        363 // Create test site with contract
      ÔåÆ 364 const site = await prismaService.prismaClient.sites.create({
              data: {
                contract_id: "6eb2fd0a-1709-4843-871b-7e2ae59004af",
                name: "Test Site",
                address: {
                  street: "123 Test St",
                  city: "Test City"
                },
                operational_status: "ACTIVE",
            +   id: String
              }
            })
      
      Argument `id` is missing.

      at Object.Ou (node_modules/@prisma/internals/src/logger.ts:13:11)

    console.log
      Ô£à Test database cleanup completed

      at Object.<anonymous> (src/test/setup.ts:97:13)

  ÔùÅ PayrollRunManagementService Integration ÔÇ║ Payroll Run Batch Processing ÔÇ║ should create payroll 
run with batch processing successfully

    PrismaClientValidationError: 
    Invalid `prismaService.prismaClient.sites.create()` invocation in
    G:\Payroll System\backend\src\payroll\payroll-run-management.integration.test.ts:364:57

      361 testClientId = client.id;
      362 
      363 // Create test site with contract
    ÔåÆ 364 const site = await prismaService.prismaClient.sites.create({
            data: {
              contract_id: "6eb2fd0a-1709-4843-871b-7e2ae59004af",
              name: "Test Site",
              address: {
                street: "123 Test St",
                city: "Test City"
              },
              operational_status: "ACTIVE",
          +   id: String
            }
          })

    Argument `id` is missing.

    [0m [90m 362 |[39m
     [90m 363 |[39m     [90m// Create test site with contract[39m
    [31m[1m>[22m[39m[90m 364 |[39m     [36mconst[39m site [33m=[39m [36mawait[39m 
prismaService[33m.[39mprismaClient[33m.[39msites[33m.[39mcreate({
     [90m     |[39m                  [31m[1m^[22m[39m
     [90m 365 |[39m       data[33m:[39m {
     [90m 366 |[39m         contract_id[33m:[39m contract[33m.[39mid[33m,[39m
     [90m 367 |[39m         name[33m:[39m [32m'Test Site'[39m[33m,[39m[0m

      at ar 
(node_modules/@prisma/client/src/runtime/core/errorRendering/throwValidationException.ts:46:9)
      at zr.throwValidationException [as handleRequestError] 
(node_modules/@prisma/client/src/runtime/RequestHandler.ts:211:7)
      at zr.handleAndLogRequestError (node_modules/@prisma/client/src/runtime/RequestHandler.ts:183:12)
      at zr.request (node_modules/@prisma/client/src/runtime/RequestHandler.ts:152:12)
      at a (node_modules/@prisma/client/src/runtime/getPrismaClient.ts:963:24)
      at setupTestData (src/payroll/payroll-run-management.integration.test.ts:364:18)
      at Object.<anonymous> (src/payroll/payroll-run-management.integration.test.ts:58:5)

  ÔùÅ PayrollRunManagementService Integration ÔÇ║ Payroll Run Batch Processing ÔÇ║ should perform dry 
run without saving data

    PrismaClientValidationError: 
    Invalid `prismaService.prismaClient.sites.create()` invocation in
    G:\Payroll System\backend\src\payroll\payroll-run-management.integration.test.ts:364:57

      361 testClientId = client.id;
      362 
      363 // Create test site with contract
    ÔåÆ 364 const site = await prismaService.prismaClient.sites.create({
            data: {
              contract_id: "6eb2fd0a-1709-4843-871b-7e2ae59004af",
              name: "Test Site",
              address: {
                street: "123 Test St",
                city: "Test City"
              },
              operational_status: "ACTIVE",
          +   id: String
            }
          })

    Argument `id` is missing.

    [0m [90m 362 |[39m
     [90m 363 |[39m     [90m// Create test site with contract[39m
    [31m[1m>[22m[39m[90m 364 |[39m     [36mconst[39m site [33m=[39m [36mawait[39m 
prismaService[33m.[39mprismaClient[33m.[39msites[33m.[39mcreate({
     [90m     |[39m                  [31m[1m^[22m[39m
     [90m 365 |[39m       data[33m:[39m {
     [90m 366 |[39m         contract_id[33m:[39m contract[33m.[39mid[33m,[39m
     [90m 367 |[39m         name[33m:[39m [32m'Test Site'[39m[33m,[39m[0m

      at ar 
(node_modules/@prisma/client/src/runtime/core/errorRendering/throwValidationException.ts:46:9)
      at zr.throwValidationException [as handleRequestError] 
(node_modules/@prisma/client/src/runtime/RequestHandler.ts:211:7)
      at zr.handleAndLogRequestError (node_modules/@prisma/client/src/runtime/RequestHandler.ts:183:12)
      at zr.request (node_modules/@prisma/client/src/runtime/RequestHandler.ts:152:12)
      at a (node_modules/@prisma/client/src/runtime/getPrismaClient.ts:963:24)
      at setupTestData (src/payroll/payroll-run-management.integration.test.ts:364:18)
      at Object.<anonymous> (src/payroll/payroll-run-management.integration.test.ts:58:5)

  ÔùÅ PayrollRunManagementService Integration ÔÇ║ Payroll Run Batch Processing ÔÇ║ should handle 
validation errors appropriately

    PrismaClientValidationError: 
    Invalid `prismaService.prismaClient.sites.create()` invocation in
    G:\Payroll System\backend\src\payroll\payroll-run-management.integration.test.ts:364:57

      361 testClientId = client.id;
      362 
      363 // Create test site with contract
    ÔåÆ 364 const site = await prismaService.prismaClient.sites.create({
            data: {
              contract_id: "6eb2fd0a-1709-4843-871b-7e2ae59004af",
              name: "Test Site",
              address: {
                street: "123 Test St",
                city: "Test City"
              },
              operational_status: "ACTIVE",
          +   id: String
            }
          })

    Argument `id` is missing.

    [0m [90m 362 |[39m
     [90m 363 |[39m     [90m// Create test site with contract[39m
    [31m[1m>[22m[39m[90m 364 |[39m     [36mconst[39m site [33m=[39m [36mawait[39m 
prismaService[33m.[39mprismaClient[33m.[39msites[33m.[39mcreate({
     [90m     |[39m                  [31m[1m^[22m[39m
     [90m 365 |[39m       data[33m:[39m {
     [90m 366 |[39m         contract_id[33m:[39m contract[33m.[39mid[33m,[39m
     [90m 367 |[39m         name[33m:[39m [32m'Test Site'[39m[33m,[39m[0m

      at ar 
(node_modules/@prisma/client/src/runtime/core/errorRendering/throwValidationException.ts:46:9)
      at zr.throwValidationException [as handleRequestError] 
(node_modules/@prisma/client/src/runtime/RequestHandler.ts:211:7)
      at zr.handleAndLogRequestError (node_modules/@prisma/client/src/runtime/RequestHandler.ts:183:12)
      at zr.request (node_modules/@prisma/client/src/runtime/RequestHandler.ts:152:12)
      at a (node_modules/@prisma/client/src/runtime/getPrismaClient.ts:963:24)
      at setupTestData (src/payroll/payroll-run-management.integration.test.ts:364:18)
      at Object.<anonymous> (src/payroll/payroll-run-management.integration.test.ts:58:5)

  ÔùÅ PayrollRunManagementService Integration ÔÇ║ Payroll Run Filtering ÔÇ║ should filter payroll runs 
by status

    PrismaClientValidationError: 
    Invalid `prismaService.prismaClient.sites.create()` invocation in
    G:\Payroll System\backend\src\payroll\payroll-run-management.integration.test.ts:364:57

      361 testClientId = client.id;
      362 
      363 // Create test site with contract
    ÔåÆ 364 const site = await prismaService.prismaClient.sites.create({
            data: {
              contract_id: "6eb2fd0a-1709-4843-871b-7e2ae59004af",
              name: "Test Site",
              address: {
                street: "123 Test St",
                city: "Test City"
              },
              operational_status: "ACTIVE",
          +   id: String
            }
          })

    Argument `id` is missing.

    [0m [90m 362 |[39m
     [90m 363 |[39m     [90m// Create test site with contract[39m
    [31m[1m>[22m[39m[90m 364 |[39m     [36mconst[39m site [33m=[39m [36mawait[39m 
prismaService[33m.[39mprismaClient[33m.[39msites[33m.[39mcreate({
     [90m     |[39m                  [31m[1m^[22m[39m
     [90m 365 |[39m       data[33m:[39m {
     [90m 366 |[39m         contract_id[33m:[39m contract[33m.[39mid[33m,[39m
     [90m 367 |[39m         name[33m:[39m [32m'Test Site'[39m[33m,[39m[0m

      at ar 
(node_modules/@prisma/client/src/runtime/core/errorRendering/throwValidationException.ts:46:9)
      at zr.throwValidationException [as handleRequestError] 
(node_modules/@prisma/client/src/runtime/RequestHandler.ts:211:7)
      at zr.handleAndLogRequestError (node_modules/@prisma/client/src/runtime/RequestHandler.ts:183:12)
      at zr.request (node_modules/@prisma/client/src/runtime/RequestHandler.ts:152:12)
      at a (node_modules/@prisma/client/src/runtime/getPrismaClient.ts:963:24)
      at setupTestData (src/payroll/payroll-run-management.integration.test.ts:364:18)
      at Object.<anonymous> (src/payroll/payroll-run-management.integration.test.ts:58:5)

  ÔùÅ PayrollRunManagementService Integration ÔÇ║ Payroll Run Filtering ÔÇ║ should filter payroll runs 
by pay period

    PrismaClientValidationError: 
    Invalid `prismaService.prismaClient.sites.create()` invocation in
    G:\Payroll System\backend\src\payroll\payroll-run-management.integration.test.ts:364:57

      361 testClientId = client.id;
      362 
      363 // Create test site with contract
    ÔåÆ 364 const site = await prismaService.prismaClient.sites.create({
            data: {
              contract_id: "6eb2fd0a-1709-4843-871b-7e2ae59004af",
              name: "Test Site",
              address: {
                street: "123 Test St",
                city: "Test City"
              },
              operational_status: "ACTIVE",
          +   id: String
            }
          })

    Argument `id` is missing.

    [0m [90m 362 |[39m
     [90m 363 |[39m     [90m// Create test site with contract[39m
    [31m[1m>[22m[39m[90m 364 |[39m     [36mconst[39m site [33m=[39m [36mawait[39m 
prismaService[33m.[39mprismaClient[33m.[39msites[33m.[39mcreate({
     [90m     |[39m                  [31m[1m^[22m[39m
     [90m 365 |[39m       data[33m:[39m {
     [90m 366 |[39m         contract_id[33m:[39m contract[33m.[39mid[33m,[39m
     [90m 367 |[39m         name[33m:[39m [32m'Test Site'[39m[33m,[39m[0m

      at ar 
(node_modules/@prisma/client/src/runtime/core/errorRendering/throwValidationException.ts:46:9)
      at zr.throwValidationException [as handleRequestError] 
(node_modules/@prisma/client/src/runtime/RequestHandler.ts:211:7)
      at zr.handleAndLogRequestError (node_modules/@prisma/client/src/runtime/RequestHandler.ts:183:12)
      at zr.request (node_modules/@prisma/client/src/runtime/RequestHandler.ts:152:12)
      at a (node_modules/@prisma/client/src/runtime/getPrismaClient.ts:963:24)
      at setupTestData (src/payroll/payroll-run-management.integration.test.ts:364:18)
      at Object.<anonymous> (src/payroll/payroll-run-management.integration.test.ts:58:5)

  ÔùÅ PayrollRunManagementService Integration ÔÇ║ Payroll Run Filtering ÔÇ║ should search payroll runs 
by run number

    PrismaClientValidationError: 
    Invalid `prismaService.prismaClient.sites.create()` invocation in
    G:\Payroll System\backend\src\payroll\payroll-run-management.integration.test.ts:364:57

      361 testClientId = client.id;
      362 
      363 // Create test site with contract
    ÔåÆ 364 const site = await prismaService.prismaClient.sites.create({
            data: {
              contract_id: "6eb2fd0a-1709-4843-871b-7e2ae59004af",
              name: "Test Site",
              address: {
                street: "123 Test St",
                city: "Test City"
              },
              operational_status: "ACTIVE",
          +   id: String
            }
          })

    Argument `id` is missing.

    [0m [90m 362 |[39m
     [90m 363 |[39m     [90m// Create test site with contract[39m
    [31m[1m>[22m[39m[90m 364 |[39m     [36mconst[39m site [33m=[39m [36mawait[39m 
prismaService[33m.[39mprismaClient[33m.[39msites[33m.[39mcreate({
     [90m     |[39m                  [31m[1m^[22m[39m
     [90m 365 |[39m       data[33m:[39m {
     [90m 366 |[39m         contract_id[33m:[39m contract[33m.[39mid[33m,[39m
     [90m 367 |[39m         name[33m:[39m [32m'Test Site'[39m[33m,[39m[0m

      at ar 
(node_modules/@prisma/client/src/runtime/core/errorRendering/throwValidationException.ts:46:9)
      at zr.throwValidationException [as handleRequestError] 
(node_modules/@prisma/client/src/runtime/RequestHandler.ts:211:7)
      at zr.handleAndLogRequestError (node_modules/@prisma/client/src/runtime/RequestHandler.ts:183:12)
      at zr.request (node_modules/@prisma/client/src/runtime/RequestHandler.ts:152:12)
      at a (node_modules/@prisma/client/src/runtime/getPrismaClient.ts:963:24)
      at setupTestData (src/payroll/payroll-run-management.integration.test.ts:364:18)
      at Object.<anonymous> (src/payroll/payroll-run-management.integration.test.ts:58:5)

  ÔùÅ PayrollRunManagementService Integration ÔÇ║ Payroll Run Analytics ÔÇ║ should generate 
comprehensive payroll analytics

    PrismaClientValidationError: 
    Invalid `prismaService.prismaClient.sites.create()` invocation in
    G:\Payroll System\backend\src\payroll\payroll-run-management.integration.test.ts:364:57

      361 testClientId = client.id;
      362 
      363 // Create test site with contract
    ÔåÆ 364 const site = await prismaService.prismaClient.sites.create({
            data: {
              contract_id: "6eb2fd0a-1709-4843-871b-7e2ae59004af",
              name: "Test Site",
              address: {
                street: "123 Test St",
                city: "Test City"
              },
              operational_status: "ACTIVE",
          +   id: String
            }
          })

    Argument `id` is missing.

    [0m [90m 362 |[39m
     [90m 363 |[39m     [90m// Create test site with contract[39m
    [31m[1m>[22m[39m[90m 364 |[39m     [36mconst[39m site [33m=[39m [36mawait[39m 
prismaService[33m.[39mprismaClient[33m.[39msites[33m.[39mcreate({
     [90m     |[39m                  [31m[1m^[22m[39m
     [90m 365 |[39m       data[33m:[39m {
     [90m 366 |[39m         contract_id[33m:[39m contract[33m.[39mid[33m,[39m
     [90m 367 |[39m         name[33m:[39m [32m'Test Site'[39m[33m,[39m[0m

      at ar 
(node_modules/@prisma/client/src/runtime/core/errorRendering/throwValidationException.ts:46:9)
      at zr.throwValidationException [as handleRequestError] 
(node_modules/@prisma/client/src/runtime/RequestHandler.ts:211:7)
      at zr.handleAndLogRequestError (node_modules/@prisma/client/src/runtime/RequestHandler.ts:183:12)
      at zr.request (node_modules/@prisma/client/src/runtime/RequestHandler.ts:152:12)
      at a (node_modules/@prisma/client/src/runtime/getPrismaClient.ts:963:24)
      at setupTestData (src/payroll/payroll-run-management.integration.test.ts:364:18)
      at Object.<anonymous> (src/payroll/payroll-run-management.integration.test.ts:58:5)

  ÔùÅ PayrollRunManagementService Integration ÔÇ║ Payroll Run Analytics ÔÇ║ should calculate correct 
item breakdown

    PrismaClientValidationError: 
    Invalid `prismaService.prismaClient.sites.create()` invocation in
    G:\Payroll System\backend\src\payroll\payroll-run-management.integration.test.ts:364:57

      361 testClientId = client.id;
      362 
      363 // Create test site with contract
    ÔåÆ 364 const site = await prismaService.prismaClient.sites.create({
            data: {
              contract_id: "6eb2fd0a-1709-4843-871b-7e2ae59004af",
              name: "Test Site",
              address: {
                street: "123 Test St",
                city: "Test City"
              },
              operational_status: "ACTIVE",
          +   id: String
            }
          })

    Argument `id` is missing.

    [0m [90m 362 |[39m
     [90m 363 |[39m     [90m// Create test site with contract[39m
    [31m[1m>[22m[39m[90m 364 |[39m     [36mconst[39m site [33m=[39m [36mawait[39m 
prismaService[33m.[39mprismaClient[33m.[39msites[33m.[39mcreate({
     [90m     |[39m                  [31m[1m^[22m[39m
     [90m 365 |[39m       data[33m:[39m {
     [90m 366 |[39m         contract_id[33m:[39m contract[33m.[39mid[33m,[39m
     [90m 367 |[39m         name[33m:[39m [32m'Test Site'[39m[33m,[39m[0m

      at ar 
(node_modules/@prisma/client/src/runtime/core/errorRendering/throwValidationException.ts:46:9)
      at zr.throwValidationException [as handleRequestError] 
(node_modules/@prisma/client/src/runtime/RequestHandler.ts:211:7)
      at zr.handleAndLogRequestError (node_modules/@prisma/client/src/runtime/RequestHandler.ts:183:12)
      at zr.request (node_modules/@prisma/client/src/runtime/RequestHandler.ts:152:12)
      at a (node_modules/@prisma/client/src/runtime/getPrismaClient.ts:963:24)
      at setupTestData (src/payroll/payroll-run-management.integration.test.ts:364:18)
      at Object.<anonymous> (src/payroll/payroll-run-management.integration.test.ts:58:5)

FAIL src/employees/employee-data-integrity.property.spec.ts (12.622 s)
  ÔùÅ Console

    console.warn
      Database schema setup encountered issues - attempting to continue with existing schema

    [0m [90m 43 |[39m       })[33m;[39m
     [90m 44 |[39m     } [36mcatch[39m (error) {
    [31m[1m>[22m[39m[90m 45 |[39m       console[33m.[39mwarn([32m'Database schema setup 
encountered issues - attempting to continue with existing schema'[39m)[33m;[39m
     [90m    |[39m               [31m[1m^[22m[39m
     [90m 46 |[39m     }
     [90m 47 |[39m
     [90m 48 |[39m     [90m// Initialize Prisma client after schema is set up with timeout 
settings[39m[0m

      at Object.<anonymous> (src/test/setup.ts:45:15)

    console.log
      Ô£à Test database setup completed successfully

      at Object.<anonymous> (src/test/setup.ts:70:13)

    console.log
      Ô£à Test database cleanup completed

      at Object.<anonymous> (src/test/setup.ts:97:13)

  ÔùÅ Employee Data Integrity Property Tests ÔÇ║ Property 5: Termination data preservation

    Property failed after 1 tests
    { seed: 810524304, path: "0:0:0:0:0:0:0:0:0:0:0:0:0:0:0:0:0:0", endOnFailure: true }
    Counterexample: [{"employeeNumber":"EMP-   ","firstName":" ","lastName":" 
","email":null,"phone":null,"hireDate":new Date("2020-01-01T00:00:00.000Z"),"employmentType":null,"depart
ment":null,"jobTitle":null,"skills":null,"certifications":null,"complianceStatus":null,"hourlyRate":null}
]
    Shrunk 17 time(s)

    Hint: Enable verbose mode in order to have the list of all failing values encountered during the run

      at buildError (node_modules/fast-check/lib/cjs/fast-check.js:2456:16)
      at asyncThrowIfFailed (node_modules/fast-check/lib/cjs/fast-check.js:2468:8)

    Cause:
    TypeError: Cannot read properties of undefined (reading 'delete')

    [0m [90m 546 |[39m
     [90m 547 |[39m           [90m// Clean up (hard delete for test cleanup)[39m
    [31m[1m>[22m[39m[90m 548 |[39m           [36mawait[39m 
prisma[33m.[39memployees[33m.[39m[36mdelete[39m({ where[33m:[39m { id[33m:[39m 
employee[33m.[39mid } })[33m;[39m
     [90m     |[39m                                  [31m[1m^[22m[39m
     [90m 549 |[39m
     [90m 550 |[39m         } [36mcatch[39m (error) {
     [90m 551 |[39m           [36mif[39m (getErrorMessage(error)[33m.[39mincludes([32m'already 
exists'[39m)) {[0m

      at src/employees/employee-data-integrity.property.spec.ts:548:34
      at AsyncProperty.run (node_modules/fast-check/lib/cjs/fast-check.js:1212:19)
      at asyncRunIt (node_modules/fast-check/lib/cjs/fast-check.js:2510:15)
      at Object.<anonymous> (src/employees/employee-data-integrity.property.spec.ts:504:5)

FAIL src/tests/property-tests/shift-calendar-consistency.spec.ts (11.079 s)
  ÔùÅ Console

    console.warn
      Database schema setup encountered issues - attempting to continue with existing schema

    [0m [90m 43 |[39m       })[33m;[39m
     [90m 44 |[39m     } [36mcatch[39m (error) {
    [31m[1m>[22m[39m[90m 45 |[39m       console[33m.[39mwarn([32m'Database schema setup 
encountered issues - attempting to continue with existing schema'[39m)[33m;[39m
     [90m    |[39m               [31m[1m^[22m[39m
     [90m 46 |[39m     }
     [90m 47 |[39m
     [90m 48 |[39m     [90m// Initialize Prisma client after schema is set up with timeout 
settings[39m[0m

      at Object.<anonymous> (src/test/setup.ts:45:15)

    console.log
      Ô£à Test database setup completed successfully

      at Object.<anonymous> (src/test/setup.ts:70:13)

    console.log
      prisma:error 
      Invalid `prisma.companies.create()` invocation in
      G:\Payroll System\backend\src\tests\property-tests\shift-calendar-consistency.spec.ts:120:44
      
        117 
        118 async function createTestScenario(scenario,[object Object], any) {
        119   // Create company
      ÔåÆ 120   const company = await prisma.companies.create({
                data: {
                  id: "c598493a-9e24-48dc-96a1-24bf724ab2f3",
                  name: "kupGett",
                  slug: "kupgett-1787849187924-14lwfvzf2",
                  settings: {},
                  branding: {},
              +   updated_at: DateTime
                }
              })
      
      Argument `updated_at` is missing.

      at Object.Ou (node_modules/@prisma/internals/src/logger.ts:13:11)

    console.log
      prisma:error 
      Invalid `prisma.companies.create()` invocation in
      G:\Payroll System\backend\src\tests\property-tests\shift-calendar-consistency.spec.ts:120:44
      
        117 
        118 async function createTestScenario(scenario,[object Object], any) {
        119   // Create company
      ÔåÆ 120   const company = await prisma.companies.create({
                data: {
                  id: "85a8cdb5-38fc-4509-a7d4-f4b248906fea",
                  name: "pGett",
                  slug: "pgett-1787849188370-5mslmaaw8",
                  settings: {},
                  branding: {},
              +   updated_at: DateTime
                }
              })
      
      Argument `updated_at` is missing.

      at Object.Ou (node_modules/@prisma/internals/src/logger.ts:13:11)

    console.log
      prisma:error 
      Invalid `prisma.companies.create()` invocation in
      G:\Payroll System\backend\src\tests\property-tests\shift-calendar-consistency.spec.ts:120:44
      
        117 
        118 async function createTestScenario(scenario,[object Object], any) {
        119   // Create company
      ÔåÆ 120   const company = await prisma.companies.create({
                data: {
                  id: "ba861ebb-e201-479e-935b-a3de3ad4f913",
                  name: " Gett",
                  slug: "-gett-1787849188383-xy5f3o9op",
                  settings: {},
                  branding: {},
              +   updated_at: DateTime
                }
              })
      
      Argument `updated_at` is missing.

      at Object.Ou (node_modules/@prisma/internals/src/logger.ts:13:11)

    console.log
      prisma:error 
      Invalid `prisma.companies.create()` invocation in
      G:\Payroll System\backend\src\tests\property-tests\shift-calendar-consistency.spec.ts:120:44
      
        117 
        118 async function createTestScenario(scenario,[object Object], any) {
        119   // Create company
      ÔåÆ 120   const company = await prisma.companies.create({
                data: {
                  id: "ca297f69-ae5f-4596-9dcb-21912fc75f98",
                  name: "  ett",
                  slug: "--ett-1787849188388-zd1i2fx5r",
                  settings: {},
                  branding: {},
              +   updated_at: DateTime
                }
              })
      
      Argument `updated_at` is missing.

      at Object.Ou (node_modules/@prisma/internals/src/logger.ts:13:11)

    console.log
      prisma:error 
      Invalid `prisma.companies.create()` invocation in
      G:\Payroll System\backend\src\tests\property-tests\shift-calendar-consistency.spec.ts:120:44
      
        117 
        118 async function createTestScenario(scenario,[object Object], any) {
        119   // Create company
      ÔåÆ 120   const company = await prisma.companies.create({
                data: {
                  id: "a00d0d52-e7c9-4ae9-baeb-7c149099e956",
                  name: "   tt",
                  slug: "---tt-1787849188414-2hwqn7v7c",
                  settings: {},
                  branding: {},
              +   updated_at: DateTime
                }
              })
      
      Argument `updated_at` is missing.

      at Object.Ou (node_modules/@prisma/internals/src/logger.ts:13:11)

    console.log
      prisma:error 
      Invalid `prisma.companies.create()` invocation in
      G:\Payroll System\backend\src\tests\property-tests\shift-calendar-consistency.spec.ts:120:44
      
        117 
        118 async function createTestScenario(scenario,[object Object], any) {
        119   // Create company
      ÔåÆ 120   const company = await prisma.companies.create({
                data: {
                  id: "02dcefd7-5248-4805-864f-162ac7b03350",
                  name: "    t",
                  slug: "----t-1787849188425-eqghvymij",
                  settings: {},
                  branding: {},
              +   updated_at: DateTime
                }
              })
      
      Argument `updated_at` is missing.

      at Object.Ou (node_modules/@prisma/internals/src/logger.ts:13:11)

    console.log
      prisma:error 
      Invalid `prisma.companies.create()` invocation in
      G:\Payroll System\backend\src\tests\property-tests\shift-calendar-consistency.spec.ts:120:44
      
        117 
        118 async function createTestScenario(scenario,[object Object], any) {
        119   // Create company
      ÔåÆ 120   const company = await prisma.companies.create({
                data: {
                  id: "8e0cec59-798a-4ce0-b2c4-5c623f424e22",
                  name: "    J",
                  slug: "----j-1787849188448-74ar3j8uh",
                  settings: {},
                  branding: {},
              +   updated_at: DateTime
                }
              })
      
      Argument `updated_at` is missing.

      at Object.Ou (node_modules/@prisma/internals/src/logger.ts:13:11)

    console.log
      prisma:error 
      Invalid `prisma.companies.create()` invocation in
      G:\Payroll System\backend\src\tests\property-tests\shift-calendar-consistency.spec.ts:120:44
      
        117 
        118 async function createTestScenario(scenario,[object Object], any) {
        119   // Create company
      ÔåÆ 120   const company = await prisma.companies.create({
                data: {
                  id: "cf7ce679-606b-48f6-af3c-f16b6b6a7300",
                  name: "    5",
                  slug: "----5-1787849188454-5p6kescb7",
                  settings: {},
                  branding: {},
              +   updated_at: DateTime
                }
              })
      
      Argument `updated_at` is missing.

      at Object.Ou (node_modules/@prisma/internals/src/logger.ts:13:11)

    console.log
      prisma:error 
      Invalid `prisma.companies.create()` invocation in
      G:\Payroll System\backend\src\tests\property-tests\shift-calendar-consistency.spec.ts:120:44
      
        117 
        118 async function createTestScenario(scenario,[object Object], any) {
        119   // Create company
      ÔåÆ 120   const company = await prisma.companies.create({
                data: {
                  id: "ac5289de-816c-4758-8313-f245d2409be5",
                  name: "    0",
                  slug: "----0-1787849188484-77bvpa0kj",
                  settings: {},
                  branding: {},
              +   updated_at: DateTime
                }
              })
      
      Argument `updated_at` is missing.

      at Object.Ou (node_modules/@prisma/internals/src/logger.ts:13:11)

    console.log
      prisma:error 
      Invalid `prisma.companies.create()` invocation in
      G:\Payroll System\backend\src\tests\property-tests\shift-calendar-consistency.spec.ts:120:44
      
        117 
        118 async function createTestScenario(scenario,[object Object], any) {
        119   // Create company
      ÔåÆ 120   const company = await prisma.companies.create({
                data: {
                  id: "a4fc78dc-4593-4350-9e6c-6e47a471e4da",
                  name: "    0",
                  slug: "----0-1787849188495-ybpk254tc",
                  settings: {},
                  branding: {},
              +   updated_at: DateTime
                }
              })
      
      Argument `updated_at` is missing.

      at Object.Ou (node_modules/@prisma/internals/src/logger.ts:13:11)

    console.log
      prisma:error 
      Invalid `prisma.companies.create()` invocation in
      G:\Payroll System\backend\src\tests\property-tests\shift-calendar-consistency.spec.ts:120:44
      
        117 
        118 async function createTestScenario(scenario,[object Object], any) {
        119   // Create company
      ÔåÆ 120   const company = await prisma.companies.create({
                data: {
                  id: "70c1b702-d748-4685-991a-901b94c0be2e",
                  name: "    0",
                  slug: "----0-1787849188499-x4446jvvm",
                  settings: {},
                  branding: {},
              +   updated_at: DateTime
                }
              })
      
      Argument `updated_at` is missing.

      at Object.Ou (node_modules/@prisma/internals/src/logger.ts:13:11)

    console.log
      prisma:error 
      Invalid `prisma.companies.create()` invocation in
      G:\Payroll System\backend\src\tests\property-tests\shift-calendar-consistency.spec.ts:120:44
      
        117 
        118 async function createTestScenario(scenario,[object Object], any) {
        119   // Create company
      ÔåÆ 120   const company = await prisma.companies.create({
                data: {
                  id: "15d7f6ff-c924-4f41-8a4d-5c52e6cb30e2",
                  name: "    0",
                  slug: "----0-1787849188511-ixho9wboi",
                  settings: {},
                  branding: {},
              +   updated_at: DateTime
                }
              })
      
      Argument `updated_at` is missing.

      at Object.Ou (node_modules/@prisma/internals/src/logger.ts:13:11)

    console.log
      prisma:error 
      Invalid `prisma.companies.create()` invocation in
      G:\Payroll System\backend\src\tests\property-tests\shift-calendar-consistency.spec.ts:120:44
      
        117 
        118 async function createTestScenario(scenario,[object Object], any) {
        119   // Create company
      ÔåÆ 120   const company = await prisma.companies.create({
                data: {
                  id: "f2492aea-0308-4fd7-8bbc-b562fb3b09bd",
                  name: "    0",
                  slug: "----0-1787849188516-6fg7yuq0r",
                  settings: {},
                  branding: {},
              +   updated_at: DateTime
                }
              })
      
      Argument `updated_at` is missing.

      at Object.Ou (node_modules/@prisma/internals/src/logger.ts:13:11)

    console.log
      prisma:error 
      Invalid `prisma.companies.create()` invocation in
      G:\Payroll System\backend\src\tests\property-tests\shift-calendar-consistency.spec.ts:120:44
      
        117 
        118 async function createTestScenario(scenario,[object Object], any) {
        119   // Create company
      ÔåÆ 120   const company = await prisma.companies.create({
                data: {
                  id: "4b75fd38-87f5-4dae-8d4b-d32f9fa8cb49",
                  name: "    0",
                  slug: "----0-1787849188523-kopztpm7p",
                  settings: {},
                  branding: {},
              +   updated_at: DateTime
                }
              })
      
      Argument `updated_at` is missing.

      at Object.Ou (node_modules/@prisma/internals/src/logger.ts:13:11)

    console.log
      prisma:error 
      Invalid `prisma.companies.create()` invocation in
      G:\Payroll System\backend\src\tests\property-tests\shift-calendar-consistency.spec.ts:120:44
      
        117 
        118 async function createTestScenario(scenario,[object Object], any) {
        119   // Create company
      ÔåÆ 120   const company = await prisma.companies.create({
                data: {
                  id: "21de80f7-5e6e-40fa-8973-bcc19e59f014",
                  name: "    0",
                  slug: "----0-1787849188550-035pys1kc",
                  settings: {},
                  branding: {},
              +   updated_at: DateTime
                }
              })
      
      Argument `updated_at` is missing.

      at Object.Ou (node_modules/@prisma/internals/src/logger.ts:13:11)

    console.log
      prisma:error 
      Invalid `prisma.companies.create()` invocation in
      G:\Payroll System\backend\src\tests\property-tests\shift-calendar-consistency.spec.ts:120:44
      
        117 
        118 async function createTestScenario(scenario,[object Object], any) {
        119   // Create company
      ÔåÆ 120   const company = await prisma.companies.create({
                data: {
                  id: "5283be73-7ef2-480f-932c-ae1e4784a36c",
                  name: "    0",
                  slug: "----0-1787849188557-q2lhenj3f",
                  settings: {},
                  branding: {},
              +   updated_at: DateTime
                }
              })
      
      Argument `updated_at` is missing.

      at Object.Ou (node_modules/@prisma/internals/src/logger.ts:13:11)

    console.log
      prisma:error 
      Invalid `prisma.companies.create()` invocation in
      G:\Payroll System\backend\src\tests\property-tests\shift-calendar-consistency.spec.ts:120:44
      
        117 
        118 async function createTestScenario(scenario,[object Object], any) {
        119   // Create company
      ÔåÆ 120   const company = await prisma.companies.create({
                data: {
                  id: "d46b7d16-47d3-42ac-91db-83916d092edd",
                  name: "kupGett",
                  slug: "kupgett-1787849188678-zwamu8tzq",
                  settings: {},
                  branding: {},
              +   updated_at: DateTime
                }
              })
      
      Argument `updated_at` is missing.

      at Object.Ou (node_modules/@prisma/internals/src/logger.ts:13:11)

    console.log
      prisma:error 
      Invalid `prisma.companies.create()` invocation in
      G:\Payroll System\backend\src\tests\property-tests\shift-calendar-consistency.spec.ts:120:44
      
        117 
        118 async function createTestScenario(scenario,[object Object], any) {
        119   // Create company
      ÔåÆ 120   const company = await prisma.companies.create({
                data: {
                  id: "49457319-e461-4b0c-90a8-662683b6ecef",
                  name: "pGett",
                  slug: "pgett-1787849188686-64x67nova",
                  settings: {},
                  branding: {},
              +   updated_at: DateTime
                }
              })
      
      Argument `updated_at` is missing.

      at Object.Ou (node_modules/@prisma/internals/src/logger.ts:13:11)

    console.log
      prisma:error 
      Invalid `prisma.companies.create()` invocation in
      G:\Payroll System\backend\src\tests\property-tests\shift-calendar-consistency.spec.ts:120:44
      
        117 
        118 async function createTestScenario(scenario,[object Object], any) {
        119   // Create company
      ÔåÆ 120   const company = await prisma.companies.create({
                data: {
                  id: "4f00b031-b990-4fdb-8db3-6fc8838829b6",
                  name: " Gett",
                  slug: "-gett-1787849188691-iu0nxx1v1",
                  settings: {},
                  branding: {},
              +   updated_at: DateTime
                }
              })
      
      Argument `updated_at` is missing.

      at Object.Ou (node_modules/@prisma/internals/src/logger.ts:13:11)

    console.log
      prisma:error 
      Invalid `prisma.companies.create()` invocation in
      G:\Payroll System\backend\src\tests\property-tests\shift-calendar-consistency.spec.ts:120:44
      
        117 
        118 async function createTestScenario(scenario,[object Object], any) {
        119   // Create company
      ÔåÆ 120   const company = await prisma.companies.create({
                data: {
                  id: "c739bacc-9211-4eea-a710-8079b63c1f59",
                  name: "  ett",
                  slug: "--ett-1787849188708-n2vw4yfbr",
                  settings: {},
                  branding: {},
              +   updated_at: DateTime
                }
              })
      
      Argument `updated_at` is missing.

      at Object.Ou (node_modules/@prisma/internals/src/logger.ts:13:11)

    console.log
      prisma:error 
      Invalid `prisma.companies.create()` invocation in
      G:\Payroll System\backend\src\tests\property-tests\shift-calendar-consistency.spec.ts:120:44
      
        117 
        118 async function createTestScenario(scenario,[object Object], any) {
        119   // Create company
      ÔåÆ 120   const company = await prisma.companies.create({
                data: {
                  id: "aa7cc63e-34b5-483b-8c0a-44b3ebd2ae46",
                  name: "   tt",
                  slug: "---tt-1787849188713-am2a5mj8s",
                  settings: {},
                  branding: {},
              +   updated_at: DateTime
                }
              })
      
      Argument `updated_at` is missing.

      at Object.Ou (node_modules/@prisma/internals/src/logger.ts:13:11)

    console.log
      prisma:error 
      Invalid `prisma.companies.create()` invocation in
      G:\Payroll System\backend\src\tests\property-tests\shift-calendar-consistency.spec.ts:120:44
      
        117 
        118 async function createTestScenario(scenario,[object Object], any) {
        119   // Create company
      ÔåÆ 120   const company = await prisma.companies.create({
                data: {
                  id: "e1e434e7-e5f3-4a84-a728-fbd2818f1cff",
                  name: "    t",
                  slug: "----t-1787849188725-2xm0ddp1b",
                  settings: {},
                  branding: {},
              +   updated_at: DateTime
                }
              })
      
      Argument `updated_at` is missing.

      at Object.Ou (node_modules/@prisma/internals/src/logger.ts:13:11)

    console.log
      prisma:error 
      Invalid `prisma.companies.create()` invocation in
      G:\Payroll System\backend\src\tests\property-tests\shift-calendar-consistency.spec.ts:120:44
      
        117 
        118 async function createTestScenario(scenario,[object Object], any) {
        119   // Create company
      ÔåÆ 120   const company = await prisma.companies.create({
                data: {
                  id: "e67f66c5-3648-418d-b24a-52c1af644cb4",
                  name: "    J",
                  slug: "----j-1787849188745-61lcjxgh5",
                  settings: {},
                  branding: {},
              +   updated_at: DateTime
                }
              })
      
      Argument `updated_at` is missing.

      at Object.Ou (node_modules/@prisma/internals/src/logger.ts:13:11)

    console.log
      prisma:error 
      Invalid `prisma.companies.create()` invocation in
      G:\Payroll System\backend\src\tests\property-tests\shift-calendar-consistency.spec.ts:120:44
      
        117 
        118 async function createTestScenario(scenario,[object Object], any) {
        119   // Create company
      ÔåÆ 120   const company = await prisma.companies.create({
                data: {
                  id: "8448f1ff-ae0b-4f26-9f18-848512fd551a",
                  name: "    5",
                  slug: "----5-1787849188748-dwapyzwjt",
                  settings: {},
                  branding: {},
              +   updated_at: DateTime
                }
              })
      
      Argument `updated_at` is missing.

      at Object.Ou (node_modules/@prisma/internals/src/logger.ts:13:11)

    console.log
      prisma:error 
      Invalid `prisma.companies.create()` invocation in
      G:\Payroll System\backend\src\tests\property-tests\shift-calendar-consistency.spec.ts:120:44
      
        117 
        118 async function createTestScenario(scenario,[object Object], any) {
        119   // Create company
      ÔåÆ 120   const company = await prisma.companies.create({
                data: {
                  id: "a9dcd918-990b-4cee-84e7-2f955f549650",
                  name: "    0",
                  slug: "----0-1787849188777-vlm3m43ks",
                  settings: {},
                  branding: {},
              +   updated_at: DateTime
                }
              })
      
      Argument `updated_at` is missing.

      at Object.Ou (node_modules/@prisma/internals/src/logger.ts:13:11)

    console.log
      prisma:error 
      Invalid `prisma.companies.create()` invocation in
      G:\Payroll System\backend\src\tests\property-tests\shift-calendar-consistency.spec.ts:120:44
      
        117 
        118 async function createTestScenario(scenario,[object Object], any) {
        119   // Create company
      ÔåÆ 120   const company = await prisma.companies.create({
                data: {
                  id: "e6150351-a462-4969-a44f-163116efde1f",
                  name: "    0",
                  slug: "----0-1787849188782-mffj2ga0x",
                  settings: {},
                  branding: {},
              +   updated_at: DateTime
                }
              })
      
      Argument `updated_at` is missing.

      at Object.Ou (node_modules/@prisma/internals/src/logger.ts:13:11)

    console.log
      prisma:error 
      Invalid `prisma.companies.create()` invocation in
      G:\Payroll System\backend\src\tests\property-tests\shift-calendar-consistency.spec.ts:120:44
      
        117 
        118 async function createTestScenario(scenario,[object Object], any) {
        119   // Create company
      ÔåÆ 120   const company = await prisma.companies.create({
                data: {
                  id: "5487dc8d-8e86-4d34-8a71-5695e771d899",
                  name: "    0",
                  slug: "----0-1787849188785-2a6v101jc",
                  settings: {},
                  branding: {},
              +   updated_at: DateTime
                }
              })
      
      Argument `updated_at` is missing.

      at Object.Ou (node_modules/@prisma/internals/src/logger.ts:13:11)

    console.log
      prisma:error 
      Invalid `prisma.companies.create()` invocation in
      G:\Payroll System\backend\src\tests\property-tests\shift-calendar-consistency.spec.ts:120:44
      
        117 
        118 async function createTestScenario(scenario,[object Object], any) {
        119   // Create company
      ÔåÆ 120   const company = await prisma.companies.create({
                data: {
                  id: "ac6ad3b4-e517-4fb4-9321-876898a6c8cc",
                  name: "    0",
                  slug: "----0-1787849188801-5uwvmmcj4",
                  settings: {},
                  branding: {},
              +   updated_at: DateTime
                }
              })
      
      Argument `updated_at` is missing.

      at Object.Ou (node_modules/@prisma/internals/src/logger.ts:13:11)

    console.log
      prisma:error 
      Invalid `prisma.companies.create()` invocation in
      G:\Payroll System\backend\src\tests\property-tests\shift-calendar-consistency.spec.ts:120:44
      
        117 
        118 async function createTestScenario(scenario,[object Object], any) {
        119   // Create company
      ÔåÆ 120   const company = await prisma.companies.create({
                data: {
                  id: "6a275f8a-98e2-4fd3-ba53-73b8a04dfae9",
                  name: "    0",
                  slug: "----0-1787849188812-wd55apco7",
                  settings: {},
                  branding: {},
              +   updated_at: DateTime
                }
              })
      
      Argument `updated_at` is missing.

      at Object.Ou (node_modules/@prisma/internals/src/logger.ts:13:11)

    console.log
      prisma:error 
      Invalid `prisma.companies.create()` invocation in
      G:\Payroll System\backend\src\tests\property-tests\shift-calendar-consistency.spec.ts:120:44
      
        117 
        118 async function createTestScenario(scenario,[object Object], any) {
        119   // Create company
      ÔåÆ 120   const company = await prisma.companies.create({
                data: {
                  id: "d6ca76ae-0a4d-4aee-a22c-5357efa346aa",
                  name: "    0",
                  slug: "----0-1787849188816-z2gz176pa",
                  settings: {},
                  branding: {},
              +   updated_at: DateTime
                }
              })
      
      Argument `updated_at` is missing.

      at Object.Ou (node_modules/@prisma/internals/src/logger.ts:13:11)

    console.log
      prisma:error 
      Invalid `prisma.companies.create()` invocation in
      G:\Payroll System\backend\src\tests\property-tests\shift-calendar-consistency.spec.ts:120:44
      
        117 
        118 async function createTestScenario(scenario,[object Object], any) {
        119   // Create company
      ÔåÆ 120   const company = await prisma.companies.create({
                data: {
                  id: "5ddce3a0-856d-42b7-b39d-7e1d48c2acaa",
                  name: "    0",
                  slug: "----0-1787849188832-i5qipj3hu",
                  settings: {},
                  branding: {},
              +   updated_at: DateTime
                }
              })
      
      Argument `updated_at` is missing.

      at Object.Ou (node_modules/@prisma/internals/src/logger.ts:13:11)

    console.log
      prisma:error 
      Invalid `prisma.companies.create()` invocation in
      G:\Payroll System\backend\src\tests\property-tests\shift-calendar-consistency.spec.ts:120:44
      
        117 
        118 async function createTestScenario(scenario,[object Object], any) {
        119   // Create company
      ÔåÆ 120   const company = await prisma.companies.create({
                data: {
                  id: "83329ce7-9391-4477-8ecd-e51d7f46b549",
                  name: "kupGett",
                  slug: "kupgett-1787849188929-o3tzatv87",
                  settings: {},
                  branding: {},
              +   updated_at: DateTime
                }
              })
      
      Argument `updated_at` is missing.

      at Object.Ou (node_modules/@prisma/internals/src/logger.ts:13:11)

    console.log
      prisma:error 
      Invalid `prisma.companies.create()` invocation in
      G:\Payroll System\backend\src\tests\property-tests\shift-calendar-consistency.spec.ts:120:44
      
        117 
        118 async function createTestScenario(scenario,[object Object], any) {
        119   // Create company
      ÔåÆ 120   const company = await prisma.companies.create({
                data: {
                  id: "46c66810-de15-47c2-9bc2-561003ba7969",
                  name: "pGett",
                  slug: "pgett-1787849188933-gsgl130mk",
                  settings: {},
                  branding: {},
              +   updated_at: DateTime
                }
              })
      
      Argument `updated_at` is missing.

      at Object.Ou (node_modules/@prisma/internals/src/logger.ts:13:11)

    console.log
      prisma:error 
      Invalid `prisma.companies.create()` invocation in
      G:\Payroll System\backend\src\tests\property-tests\shift-calendar-consistency.spec.ts:120:44
      
        117 
        118 async function createTestScenario(scenario,[object Object], any) {
        119   // Create company
      ÔåÆ 120   const company = await prisma.companies.create({
                data: {
                  id: "9ddae8aa-1f97-4496-8c86-0579377c5d9c",
                  name: " Gett",
                  slug: "-gett-1787849188937-s12h07dz9",
                  settings: {},
                  branding: {},
              +   updated_at: DateTime
                }
              })
      
      Argument `updated_at` is missing.

      at Object.Ou (node_modules/@prisma/internals/src/logger.ts:13:11)

    console.log
      prisma:error 
      Invalid `prisma.companies.create()` invocation in
      G:\Payroll System\backend\src\tests\property-tests\shift-calendar-consistency.spec.ts:120:44
      
        117 
        118 async function createTestScenario(scenario,[object Object], any) {
        119   // Create company
      ÔåÆ 120   const company = await prisma.companies.create({
                data: {
                  id: "9eacd793-4b01-4407-89d1-97c0f65e582b",
                  name: "  ett",
                  slug: "--ett-1787849188941-t5o4fjzt5",
                  settings: {},
                  branding: {},
              +   updated_at: DateTime
                }
              })
      
      Argument `updated_at` is missing.

      at Object.Ou (node_modules/@prisma/internals/src/logger.ts:13:11)

    console.log
      prisma:error 
      Invalid `prisma.companies.create()` invocation in
      G:\Payroll System\backend\src\tests\property-tests\shift-calendar-consistency.spec.ts:120:44
      
        117 
        118 async function createTestScenario(scenario,[object Object], any) {
        119   // Create company
      ÔåÆ 120   const company = await prisma.companies.create({
                data: {
                  id: "aab4bb26-7d40-45a2-a3d0-39d448686c08",
                  name: "   tt",
                  slug: "---tt-1787849188945-54t66dqxy",
                  settings: {},
                  branding: {},
              +   updated_at: DateTime
                }
              })
      
      Argument `updated_at` is missing.

      at Object.Ou (node_modules/@prisma/internals/src/logger.ts:13:11)

    console.log
      prisma:error 
      Invalid `prisma.companies.create()` invocation in
      G:\Payroll System\backend\src\tests\property-tests\shift-calendar-consistency.spec.ts:120:44
      
        117 
        118 async function createTestScenario(scenario,[object Object], any) {
        119   // Create company
      ÔåÆ 120   const company = await prisma.companies.create({
                data: {
                  id: "e502b908-5f09-4312-b92a-9ad3eb3867af",
                  name: "    t",
                  slug: "----t-1787849188957-0nekec05g",
                  settings: {},
                  branding: {},
              +   updated_at: DateTime
                }
              })
      
      Argument `updated_at` is missing.

      at Object.Ou (node_modules/@prisma/internals/src/logger.ts:13:11)

    console.log
      prisma:error 
      Invalid `prisma.companies.create()` invocation in
      G:\Payroll System\backend\src\tests\property-tests\shift-calendar-consistency.spec.ts:120:44
      
        117 
        118 async function createTestScenario(scenario,[object Object], any) {
        119   // Create company
      ÔåÆ 120   const company = await prisma.companies.create({
                data: {
                  id: "5cfb9acc-486d-45b9-8225-8634d3a45a52",
                  name: "    J",
                  slug: "----j-1787849188961-m7atwqatz",
                  settings: {},
                  branding: {},
              +   updated_at: DateTime
                }
              })
      
      Argument `updated_at` is missing.

      at Object.Ou (node_modules/@prisma/internals/src/logger.ts:13:11)

    console.log
      prisma:error 
      Invalid `prisma.companies.create()` invocation in
      G:\Payroll System\backend\src\tests\property-tests\shift-calendar-consistency.spec.ts:120:44
      
        117 
        118 async function createTestScenario(scenario,[object Object], any) {
        119   // Create company
      ÔåÆ 120   const company = await prisma.companies.create({
                data: {
                  id: "920f0005-53a4-46e6-8cb7-aa12d2bfd787",
                  name: "    5",
                  slug: "----5-1787849188965-c1szv60eu",
                  settings: {},
                  branding: {},
              +   updated_at: DateTime
                }
              })
      
      Argument `updated_at` is missing.

      at Object.Ou (node_modules/@prisma/internals/src/logger.ts:13:11)

    console.log
      prisma:error 
      Invalid `prisma.companies.create()` invocation in
      G:\Payroll System\backend\src\tests\property-tests\shift-calendar-consistency.spec.ts:120:44
      
        117 
        118 async function createTestScenario(scenario,[object Object], any) {
        119   // Create company
      ÔåÆ 120   const company = await prisma.companies.create({
                data: {
                  id: "cf5c7ae3-0d86-45a4-9190-995f43be5a70",
                  name: "    0",
                  slug: "----0-1787849188970-ubibwxlly",
                  settings: {},
                  branding: {},
              +   updated_at: DateTime
                }
              })
      
      Argument `updated_at` is missing.

      at Object.Ou (node_modules/@prisma/internals/src/logger.ts:13:11)

    console.log
      prisma:error 
      Invalid `prisma.companies.create()` invocation in
      G:\Payroll System\backend\src\tests\property-tests\shift-calendar-consistency.spec.ts:120:44
      
        117 
        118 async function createTestScenario(scenario,[object Object], any) {
        119   // Create company
      ÔåÆ 120   const company = await prisma.companies.create({
                data: {
                  id: "d425a3b3-09b7-4f1c-b779-354d01c87399",
                  name: "    0",
                  slug: "----0-1787849189006-wd9wsl7kz",
                  settings: {},
                  branding: {},
              +   updated_at: DateTime
                }
              })
      
      Argument `updated_at` is missing.

      at Object.Ou (node_modules/@prisma/internals/src/logger.ts:13:11)

    console.log
      prisma:error 
      Invalid `prisma.companies.create()` invocation in
      G:\Payroll System\backend\src\tests\property-tests\shift-calendar-consistency.spec.ts:120:44
      
        117 
        118 async function createTestScenario(scenario,[object Object], any) {
        119   // Create company
      ÔåÆ 120   const company = await prisma.companies.create({
                data: {
                  id: "a5787c01-4097-4941-b890-f17d1ed47536",
                  name: "    0",
                  slug: "----0-1787849189034-oibetzbgv",
                  settings: {},
                  branding: {},
              +   updated_at: DateTime
                }
              })
      
      Argument `updated_at` is missing.

      at Object.Ou (node_modules/@prisma/internals/src/logger.ts:13:11)

    console.log
      prisma:error 
      Invalid `prisma.companies.create()` invocation in
      G:\Payroll System\backend\src\tests\property-tests\shift-calendar-consistency.spec.ts:120:44
      
        117 
        118 async function createTestScenario(scenario,[object Object], any) {
        119   // Create company
      ÔåÆ 120   const company = await prisma.companies.create({
                data: {
                  id: "3303e4e5-5947-4de6-af25-e46de971a659",
                  name: "    0",
                  slug: "----0-1787849189039-eevjox5mg",
                  settings: {},
                  branding: {},
              +   updated_at: DateTime
                }
              })
      
      Argument `updated_at` is missing.

      at Object.Ou (node_modules/@prisma/internals/src/logger.ts:13:11)

    console.log
      prisma:error 
      Invalid `prisma.companies.create()` invocation in
      G:\Payroll System\backend\src\tests\property-tests\shift-calendar-consistency.spec.ts:120:44
      
        117 
        118 async function createTestScenario(scenario,[object Object], any) {
        119   // Create company
      ÔåÆ 120   const company = await prisma.companies.create({
                data: {
                  id: "578fb450-ae36-4ea3-bf11-06e7507f5f2f",
                  name: "    0",
                  slug: "----0-1787849189045-txmn81pt2",
                  settings: {},
                  branding: {},
              +   updated_at: DateTime
                }
              })
      
      Argument `updated_at` is missing.

      at Object.Ou (node_modules/@prisma/internals/src/logger.ts:13:11)

    console.log
      prisma:error 
      Invalid `prisma.companies.create()` invocation in
      G:\Payroll System\backend\src\tests\property-tests\shift-calendar-consistency.spec.ts:120:44
      
        117 
        118 async function createTestScenario(scenario,[object Object], any) {
        119   // Create company
      ÔåÆ 120   const company = await prisma.companies.create({
                data: {
                  id: "0de0f614-a0d1-4fcd-8806-8ae0e9913dc9",
                  name: "    0",
                  slug: "----0-1787849189068-vpwsw08p2",
                  settings: {},
                  branding: {},
              +   updated_at: DateTime
                }
              })
      
      Argument `updated_at` is missing.

      at Object.Ou (node_modules/@prisma/internals/src/logger.ts:13:11)

    console.log
      prisma:error 
      Invalid `prisma.companies.create()` invocation in
      G:\Payroll System\backend\src\tests\property-tests\shift-calendar-consistency.spec.ts:120:44
      
        117 
        118 async function createTestScenario(scenario,[object Object], any) {
        119   // Create company
      ÔåÆ 120   const company = await prisma.companies.create({
                data: {
                  id: "fe32403c-64d8-4fd5-ba23-6425816d9451",
                  name: "kupGett",
                  slug: "kupgett-1787849189156-plwlswqis",
                  settings: {},
                  branding: {},
              +   updated_at: DateTime
                }
              })
      
      Argument `updated_at` is missing.

      at Object.Ou (node_modules/@prisma/internals/src/logger.ts:13:11)

    console.log
      prisma:error 
      Invalid `prisma.companies.create()` invocation in
      G:\Payroll System\backend\src\tests\property-tests\shift-calendar-consistency.spec.ts:120:44
      
        117 
        118 async function createTestScenario(scenario,[object Object], any) {
        119   // Create company
      ÔåÆ 120   const company = await prisma.companies.create({
                data: {
                  id: "859248b0-2cc7-40ee-af86-e79bf7ff8c68",
                  name: "pGett",
                  slug: "pgett-1787849189159-xl3ubwafv",
                  settings: {},
                  branding: {},
              +   updated_at: DateTime
                }
              })
      
      Argument `updated_at` is missing.

      at Object.Ou (node_modules/@prisma/internals/src/logger.ts:13:11)

    console.log
      prisma:error 
      Invalid `prisma.companies.create()` invocation in
      G:\Payroll System\backend\src\tests\property-tests\shift-calendar-consistency.spec.ts:120:44
      
        117 
        118 async function createTestScenario(scenario,[object Object], any) {
        119   // Create company
      ÔåÆ 120   const company = await prisma.companies.create({
                data: {
                  id: "e6a9678a-2d3d-4ff4-9d90-897189bae239",
                  name: " Gett",
                  slug: "-gett-1787849189163-uyn5lxus9",
                  settings: {},
                  branding: {},
              +   updated_at: DateTime
                }
              })
      
      Argument `updated_at` is missing.

      at Object.Ou (node_modules/@prisma/internals/src/logger.ts:13:11)

    console.log
      prisma:error 
      Invalid `prisma.companies.create()` invocation in
      G:\Payroll System\backend\src\tests\property-tests\shift-calendar-consistency.spec.ts:120:44
      
        117 
        118 async function createTestScenario(scenario,[object Object], any) {
        119   // Create company
      ÔåÆ 120   const company = await prisma.companies.create({
                data: {
                  id: "a8d3b9fa-c57e-4096-a785-e16591c02ff9",
                  name: "  ett",
                  slug: "--ett-1787849189166-wd1q5ed0q",
                  settings: {},
                  branding: {},
              +   updated_at: DateTime
                }
              })
      
      Argument `updated_at` is missing.

      at Object.Ou (node_modules/@prisma/internals/src/logger.ts:13:11)

    console.log
      prisma:error 
      Invalid `prisma.companies.create()` invocation in
      G:\Payroll System\backend\src\tests\property-tests\shift-calendar-consistency.spec.ts:120:44
      
        117 
        118 async function createTestScenario(scenario,[object Object], any) {
        119   // Create company
      ÔåÆ 120   const company = await prisma.companies.create({
                data: {
                  id: "e73030f6-e7d7-4a44-a765-33de193f9372",
                  name: "   tt",
                  slug: "---tt-1787849189171-8q1v9f760",
                  settings: {},
                  branding: {},
              +   updated_at: DateTime
                }
              })
      
      Argument `updated_at` is missing.

      at Object.Ou (node_modules/@prisma/internals/src/logger.ts:13:11)

    console.log
      prisma:error 
      Invalid `prisma.companies.create()` invocation in
      G:\Payroll System\backend\src\tests\property-tests\shift-calendar-consistency.spec.ts:120:44
      
        117 
        118 async function createTestScenario(scenario,[object Object], any) {
        119   // Create company
      ÔåÆ 120   const company = await prisma.companies.create({
                data: {
                  id: "0ef8b95a-c1d1-4079-b168-edef66975571",
                  name: "    t",
                  slug: "----t-1787849189179-sqtb8e6g8",
                  settings: {},
                  branding: {},
              +   updated_at: DateTime
                }
              })
      
      Argument `updated_at` is missing.

      at Object.Ou (node_modules/@prisma/internals/src/logger.ts:13:11)

    console.log
      prisma:error 
      Invalid `prisma.companies.create()` invocation in
      G:\Payroll System\backend\src\tests\property-tests\shift-calendar-consistency.spec.ts:120:44
      
        117 
        118 async function createTestScenario(scenario,[object Object], any) {
        119   // Create company
      ÔåÆ 120   const company = await prisma.companies.create({
                data: {
                  id: "82c33462-e933-49ee-bb48-edbd325665e7",
                  name: "    J",
                  slug: "----j-1787849189187-8weo3xa7d",
                  settings: {},
                  branding: {},
              +   updated_at: DateTime
                }
              })
      
      Argument `updated_at` is missing.

      at Object.Ou (node_modules/@prisma/internals/src/logger.ts:13:11)

    console.log
      prisma:error 
      Invalid `prisma.companies.create()` invocation in
      G:\Payroll System\backend\src\tests\property-tests\shift-calendar-consistency.spec.ts:120:44
      
        117 
        118 async function createTestScenario(scenario,[object Object], any) {
        119   // Create company
      ÔåÆ 120   const company = await prisma.companies.create({
                data: {
                  id: "42d28c8a-b7aa-4f26-94ea-af192e056392",
                  name: "    5",
                  slug: "----5-1787849189194-oc7ouyhdl",
                  settings: {},
                  branding: {},
              +   updated_at: DateTime
                }
              })
      
      Argument `updated_at` is missing.

      at Object.Ou (node_modules/@prisma/internals/src/logger.ts:13:11)

    console.log
      prisma:error 
      Invalid `prisma.companies.create()` invocation in
      G:\Payroll System\backend\src\tests\property-tests\shift-calendar-consistency.spec.ts:120:44
      
        117 
        118 async function createTestScenario(scenario,[object Object], any) {
        119   // Create company
      ÔåÆ 120   const company = await prisma.companies.create({
                data: {
                  id: "5d714fe4-7f04-4316-b776-e93ea0c73b7b",
                  name: "    0",
                  slug: "----0-1787849189198-c5xgvyyb3",
                  settings: {},
                  branding: {},
              +   updated_at: DateTime
                }
              })
      
      Argument `updated_at` is missing.

      at Object.Ou (node_modules/@prisma/internals/src/logger.ts:13:11)

    console.log
      prisma:error 
      Invalid `prisma.companies.create()` invocation in
      G:\Payroll System\backend\src\tests\property-tests\shift-calendar-consistency.spec.ts:120:44
      
        117 
        118 async function createTestScenario(scenario,[object Object], any) {
        119   // Create company
      ÔåÆ 120   const company = await prisma.companies.create({
                data: {
                  id: "71cd212e-da35-4cc1-b4eb-3687a11b7fc0",
                  name: "    0",
                  slug: "----0-1787849189238-pd0p1r0d4",
                  settings: {},
                  branding: {},
              +   updated_at: DateTime
                }
              })
      
      Argument `updated_at` is missing.

      at Object.Ou (node_modules/@prisma/internals/src/logger.ts:13:11)

    console.log
      prisma:error 
      Invalid `prisma.companies.create()` invocation in
      G:\Payroll System\backend\src\tests\property-tests\shift-calendar-consistency.spec.ts:120:44
      
        117 
        118 async function createTestScenario(scenario,[object Object], any) {
        119   // Create company
      ÔåÆ 120   const company = await prisma.companies.create({
                data: {
                  id: "b0cc2d10-68a2-4019-94fa-3da437fd64f8",
                  name: "    0",
                  slug: "----0-1787849189244-amtyj1id9",
                  settings: {},
                  branding: {},
              +   updated_at: DateTime
                }
              })
      
      Argument `updated_at` is missing.

      at Object.Ou (node_modules/@prisma/internals/src/logger.ts:13:11)

    console.log
      prisma:error 
      Invalid `prisma.companies.create()` invocation in
      G:\Payroll System\backend\src\tests\property-tests\shift-calendar-consistency.spec.ts:120:44
      
        117 
        118 async function createTestScenario(scenario,[object Object], any) {
        119   // Create company
      ÔåÆ 120   const company = await prisma.companies.create({
                data: {
                  id: "88de9ca8-abe9-4d9a-ac84-35ce3c6fab37",
                  name: "    0",
                  slug: "----0-1787849189268-ko1cv6u73",
                  settings: {},
                  branding: {},
              +   updated_at: DateTime
                }
              })
      
      Argument `updated_at` is missing.

      at Object.Ou (node_modules/@prisma/internals/src/logger.ts:13:11)

    console.log
      prisma:error 
      Invalid `prisma.companies.create()` invocation in
      G:\Payroll System\backend\src\tests\property-tests\shift-calendar-consistency.spec.ts:120:44
      
        117 
        118 async function createTestScenario(scenario,[object Object], any) {
        119   // Create company
      ÔåÆ 120   const company = await prisma.companies.create({
                data: {
                  id: "02feaabc-a37a-48ca-a3e8-f31cc8361d7e",
                  name: "    0",
                  slug: "----0-1787849189273-kqjaov8sx",
                  settings: {},
                  branding: {},
              +   updated_at: DateTime
                }
              })
      
      Argument `updated_at` is missing.

      at Object.Ou (node_modules/@prisma/internals/src/logger.ts:13:11)

    console.log
      prisma:error 
      Invalid `prisma.companies.create()` invocation in
      G:\Payroll System\backend\src\tests\property-tests\shift-calendar-consistency.spec.ts:120:44
      
        117 
        118 async function createTestScenario(scenario,[object Object], any) {
        119   // Create company
      ÔåÆ 120   const company = await prisma.companies.create({
                data: {
                  id: "c83608c7-b429-42f0-bc27-5081ac9fe951",
                  name: "    0",
                  slug: "----0-1787849189278-g1rlttu44",
                  settings: {},
                  branding: {},
              +   updated_at: DateTime
                }
              })
      
      Argument `updated_at` is missing.

      at Object.Ou (node_modules/@prisma/internals/src/logger.ts:13:11)

    console.log
      prisma:error 
      Invalid `prisma.companies.create()` invocation in
      G:\Payroll System\backend\src\tests\property-tests\shift-calendar-consistency.spec.ts:120:44
      
        117 
        118 async function createTestScenario(scenario,[object Object], any) {
        119   // Create company
      ÔåÆ 120   const company = await prisma.companies.create({
                data: {
                  id: "ce23764f-d693-42cc-ad55-34f955b7d22b",
                  name: "    0",
                  slug: "----0-1787849189285-qx8981s5i",
                  settings: {},
                  branding: {},
              +   updated_at: DateTime
                }
              })
      
      Argument `updated_at` is missing.

      at Object.Ou (node_modules/@prisma/internals/src/logger.ts:13:11)

    console.log
      prisma:error 
      Invalid `prisma.companies.create()` invocation in
      G:\Payroll System\backend\src\tests\property-tests\shift-calendar-consistency.spec.ts:120:44
      
        117 
        118 async function createTestScenario(scenario,[object Object], any) {
        119   // Create company
      ÔåÆ 120   const company = await prisma.companies.create({
                data: {
                  id: "fe3a1937-2043-41a3-8d1e-fdc49fc5f2b0",
                  name: "kupGett",
                  slug: "kupgett-1787849189418-c988oe2s2",
                  settings: {},
                  branding: {},
              +   updated_at: DateTime
                }
              })
      
      Argument `updated_at` is missing.

      at Object.Ou (node_modules/@prisma/internals/src/logger.ts:13:11)

    console.log
      prisma:error 
      Invalid `prisma.companies.create()` invocation in
      G:\Payroll System\backend\src\tests\property-tests\shift-calendar-consistency.spec.ts:120:44
      
        117 
        118 async function createTestScenario(scenario,[object Object], any) {
        119   // Create company
      ÔåÆ 120   const company = await prisma.companies.create({
                data: {
                  id: "e622850d-d37d-4c4c-ba5b-d06f72739d53",
                  name: "pGett",
                  slug: "pgett-1787849189423-qhu1igj2b",
                  settings: {},
                  branding: {},
              +   updated_at: DateTime
                }
              })
      
      Argument `updated_at` is missing.

      at Object.Ou (node_modules/@prisma/internals/src/logger.ts:13:11)

    console.log
      prisma:error 
      Invalid `prisma.companies.create()` invocation in
      G:\Payroll System\backend\src\tests\property-tests\shift-calendar-consistency.spec.ts:120:44
      
        117 
        118 async function createTestScenario(scenario,[object Object], any) {
        119   // Create company
      ÔåÆ 120   const company = await prisma.companies.create({
                data: {
                  id: "6196c16e-4d8b-4a57-b9b1-f99c9666e494",
                  name: " Gett",
                  slug: "-gett-1787849189426-fsbvgql0g",
                  settings: {},
                  branding: {},
              +   updated_at: DateTime
                }
              })
      
      Argument `updated_at` is missing.

      at Object.Ou (node_modules/@prisma/internals/src/logger.ts:13:11)

    console.log
      prisma:error 
      Invalid `prisma.companies.create()` invocation in
      G:\Payroll System\backend\src\tests\property-tests\shift-calendar-consistency.spec.ts:120:44
      
        117 
        118 async function createTestScenario(scenario,[object Object], any) {
        119   // Create company
      ÔåÆ 120   const company = await prisma.companies.create({
                data: {
                  id: "74251a68-0b2e-4628-abe5-8fbbf095055a",
                  name: "  ett",
                  slug: "--ett-1787849189434-10610x88g",
                  settings: {},
                  branding: {},
              +   updated_at: DateTime
                }
              })
      
      Argument `updated_at` is missing.

      at Object.Ou (node_modules/@prisma/internals/src/logger.ts:13:11)

    console.log
      prisma:error 
      Invalid `prisma.companies.create()` invocation in
      G:\Payroll System\backend\src\tests\property-tests\shift-calendar-consistency.spec.ts:120:44
      
        117 
        118 async function createTestScenario(scenario,[object Object], any) {
        119   // Create company
      ÔåÆ 120   const company = await prisma.companies.create({
                data: {
                  id: "2fb787c5-1f93-4137-80eb-75ce4381a07d",
                  name: "   tt",
                  slug: "---tt-1787849189441-p0mdmal01",
                  settings: {},
                  branding: {},
              +   updated_at: DateTime
                }
              })
      
      Argument `updated_at` is missing.

      at Object.Ou (node_modules/@prisma/internals/src/logger.ts:13:11)

    console.log
      prisma:error 
      Invalid `prisma.companies.create()` invocation in
      G:\Payroll System\backend\src\tests\property-tests\shift-calendar-consistency.spec.ts:120:44
      
        117 
        118 async function createTestScenario(scenario,[object Object], any) {
        119   // Create company
      ÔåÆ 120   const company = await prisma.companies.create({
                data: {
                  id: "92ce3856-0fcc-40dd-bd0e-23bafd461190",
                  name: "    t",
                  slug: "----t-1787849189445-58rrg3wtr",
                  settings: {},
                  branding: {},
              +   updated_at: DateTime
                }
              })
      
      Argument `updated_at` is missing.

      at Object.Ou (node_modules/@prisma/internals/src/logger.ts:13:11)

    console.log
      prisma:error 
      Invalid `prisma.companies.create()` invocation in
      G:\Payroll System\backend\src\tests\property-tests\shift-calendar-consistency.spec.ts:120:44
      
        117 
        118 async function createTestScenario(scenario,[object Object], any) {
        119   // Create company
      ÔåÆ 120   const company = await prisma.companies.create({
                data: {
                  id: "87d66c2c-a622-419a-bfee-89f27a15e176",
                  name: "    J",
                  slug: "----j-1787849189448-782tam3rl",
                  settings: {},
                  branding: {},
              +   updated_at: DateTime
                }
              })
      
      Argument `updated_at` is missing.

      at Object.Ou (node_modules/@prisma/internals/src/logger.ts:13:11)

    console.log
      prisma:error 
      Invalid `prisma.companies.create()` invocation in
      G:\Payroll System\backend\src\tests\property-tests\shift-calendar-consistency.spec.ts:120:44
      
        117 
        118 async function createTestScenario(scenario,[object Object], any) {
        119   // Create company
      ÔåÆ 120   const company = await prisma.companies.create({
                data: {
                  id: "09f6b07a-3b8e-4fb2-bfb2-64c64709c77d",
                  name: "    5",
                  slug: "----5-1787849189455-2fvggbj8k",
                  settings: {},
                  branding: {},
              +   updated_at: DateTime
                }
              })
      
      Argument `updated_at` is missing.

      at Object.Ou (node_modules/@prisma/internals/src/logger.ts:13:11)

    console.log
      prisma:error 
      Invalid `prisma.companies.create()` invocation in
      G:\Payroll System\backend\src\tests\property-tests\shift-calendar-consistency.spec.ts:120:44
      
        117 
        118 async function createTestScenario(scenario,[object Object], any) {
        119   // Create company
      ÔåÆ 120   const company = await prisma.companies.create({
                data: {
                  id: "b14c1a0b-bb43-440b-93a1-16b324fafbd7",
                  name: "    0",
                  slug: "----0-1787849189461-177mli2ir",
                  settings: {},
                  branding: {},
              +   updated_at: DateTime
                }
              })
      
      Argument `updated_at` is missing.

      at Object.Ou (node_modules/@prisma/internals/src/logger.ts:13:11)

    console.log
      prisma:error 
      Invalid `prisma.companies.create()` invocation in
      G:\Payroll System\backend\src\tests\property-tests\shift-calendar-consistency.spec.ts:120:44
      
        117 
        118 async function createTestScenario(scenario,[object Object], any) {
        119   // Create company
      ÔåÆ 120   const company = await prisma.companies.create({
                data: {
                  id: "cbdd2d53-abac-494f-a179-ec6ccd7a8ef5",
                  name: "    0",
                  slug: "----0-1787849189464-rb6lpvqd7",
                  settings: {},
                  branding: {},
              +   updated_at: DateTime
                }
              })
      
      Argument `updated_at` is missing.

      at Object.Ou (node_modules/@prisma/internals/src/logger.ts:13:11)

    console.log
      prisma:error 
      Invalid `prisma.companies.create()` invocation in
      G:\Payroll System\backend\src\tests\property-tests\shift-calendar-consistency.spec.ts:120:44
      
        117 
        118 async function createTestScenario(scenario,[object Object], any) {
        119   // Create company
      ÔåÆ 120   const company = await prisma.companies.create({
                data: {
                  id: "3760a7a4-afd7-4077-8c35-be099417686d",
                  name: "    0",
                  slug: "----0-1787849189479-upgkw9l41",
                  settings: {},
                  branding: {},
              +   updated_at: DateTime
                }
              })
      
      Argument `updated_at` is missing.

      at Object.Ou (node_modules/@prisma/internals/src/logger.ts:13:11)

    console.log
      prisma:error 
      Invalid `prisma.companies.create()` invocation in
      G:\Payroll System\backend\src\tests\property-tests\shift-calendar-consistency.spec.ts:120:44
      
        117 
        118 async function createTestScenario(scenario,[object Object], any) {
        119   // Create company
      ÔåÆ 120   const company = await prisma.companies.create({
                data: {
                  id: "652d7bb0-469c-42cd-b971-57499193a750",
                  name: "    0",
                  slug: "----0-1787849189483-n0c55fpg6",
                  settings: {},
                  branding: {},
              +   updated_at: DateTime
                }
              })
      
      Argument `updated_at` is missing.

      at Object.Ou (node_modules/@prisma/internals/src/logger.ts:13:11)

    console.log
      prisma:error 
      Invalid `prisma.companies.create()` invocation in
      G:\Payroll System\backend\src\tests\property-tests\shift-calendar-consistency.spec.ts:120:44
      
        117 
        118 async function createTestScenario(scenario,[object Object], any) {
        119   // Create company
      ÔåÆ 120   const company = await prisma.companies.create({
                data: {
                  id: "7b28eceb-e75c-4d26-b73e-9e77dbeab710",
                  name: "    0",
                  slug: "----0-1787849189487-0t5npsxoh",
                  settings: {},
                  branding: {},
              +   updated_at: DateTime
                }
              })
      
      Argument `updated_at` is missing.

      at Object.Ou (node_modules/@prisma/internals/src/logger.ts:13:11)

    console.log
      prisma:error 
      Invalid `prisma.companies.create()` invocation in
      G:\Payroll System\backend\src\tests\property-tests\shift-calendar-consistency.spec.ts:120:44
      
        117 
        118 async function createTestScenario(scenario,[object Object], any) {
        119   // Create company
      ÔåÆ 120   const company = await prisma.companies.create({
                data: {
                  id: "235162da-9451-4036-82de-ad023494105f",
                  name: "    0",
                  slug: "----0-1787849189497-mg4wx64fi",
                  settings: {},
                  branding: {},
              +   updated_at: DateTime
                }
              })
      
      Argument `updated_at` is missing.

      at Object.Ou (node_modules/@prisma/internals/src/logger.ts:13:11)

    console.log
      prisma:error 
      Invalid `prisma.companies.create()` invocation in
      G:\Payroll System\backend\src\tests\property-tests\shift-calendar-consistency.spec.ts:120:44
      
        117 
        118 async function createTestScenario(scenario,[object Object], any) {
        119   // Create company
      ÔåÆ 120   const company = await prisma.companies.create({
                data: {
                  id: "b60b579c-ed94-4bf0-9879-f6755ac47017",
                  name: "    0",
                  slug: "----0-1787849189508-gjlsstxme",
                  settings: {},
                  branding: {},
              +   updated_at: DateTime
                }
              })
      
      Argument `updated_at` is missing.

      at Object.Ou (node_modules/@prisma/internals/src/logger.ts:13:11)

    console.log
      Ô£à Test database cleanup completed

      at Object.<anonymous> (src/test/setup.ts:97:13)

  ÔùÅ Shift Calendar Consistency Properties ÔÇ║ Property 19.1: Shift Creation Consistency ÔÇ║ should 
maintain schedule integrity during shift creation operations

    Property failed after 1 tests
    { seed: 42, path: "0:0:0:0:0:0:0:0:0:0:0:0:0:0:0:0", endOnFailure: true }
    Counterexample: [{"companyName":"    0","siteCount":1,"employeeCount":1,"shiftCount":1,"daysAhead":1,
"conflictProbability":0,"recurringEnabled":false,"swappingEnabled":false},{"startHour":6,"durationHours":
4}]
    Shrunk 15 time(s)

    Hint: Enable verbose mode in order to have the list of all failing values encountered during the run

      at buildError (node_modules/fast-check/lib/cjs/fast-check.js:2456:16)
      at asyncThrowIfFailed (node_modules/fast-check/lib/cjs/fast-check.js:2468:8)

    Cause:
    PrismaClientValidationError: 
    Invalid `prisma.companies.create()` invocation in
    G:\Payroll System\backend\src\tests\property-tests\shift-calendar-consistency.spec.ts:120:44

      117 
      118 async function createTestScenario(scenario,[object Object], any) {
      119   // Create company
    ÔåÆ 120   const company = await prisma.companies.create({
              data: {
                id: "5283be73-7ef2-480f-932c-ae1e4784a36c",
                name: "    0",
                slug: "----0-1787849188557-q2lhenj3f",
                settings: {},
                branding: {},
            +   updated_at: DateTime
              }
            })

    Argument `updated_at` is missing.

    [0m [90m 118 |[39m   [36masync[39m [36mfunction[39m createTestScenario(scenario[33m:[39m 
any) {
     [90m 119 |[39m     [90m// Create company[39m
    [31m[1m>[22m[39m[90m 120 |[39m     [36mconst[39m company [33m=[39m [36mawait[39m 
prisma[33m.[39mcompanies[33m.[39mcreate({
     [90m     |[39m                     [31m[1m^[22m[39m
     [90m 121 |[39m       data[33m:[39m {
     [90m 122 |[39m         id[33m:[39m randomUUID()[33m,[39m
     [90m 123 |[39m         name[33m:[39m scenario[33m.[39mcompanyName[33m,[39m[0m

      at ar 
(node_modules/@prisma/client/src/runtime/core/errorRendering/throwValidationException.ts:46:9)
      at zr.throwValidationException [as handleRequestError] 
(node_modules/@prisma/client/src/runtime/RequestHandler.ts:211:7)
      at zr.handleAndLogRequestError (node_modules/@prisma/client/src/runtime/RequestHandler.ts:183:12)
      at zr.request (node_modules/@prisma/client/src/runtime/RequestHandler.ts:152:12)
      at a (node_modules/@prisma/client/src/runtime/getPrismaClient.ts:963:24)
      at createTestScenario (src/tests/property-tests/shift-calendar-consistency.spec.ts:120:21)
      at src/tests/property-tests/shift-calendar-consistency.spec.ts:265:51
      at AsyncProperty.run (node_modules/fast-check/lib/cjs/fast-check.js:1212:19)

  ÔùÅ Shift Calendar Consistency Properties ÔÇ║ Property 19.2: Coverage Assignment Validation ÔÇ║ should 
correctly manage coverage requirements and assignments

    Property failed after 1 tests
    { seed: 42, path: "0:0:0:0:0:0:0:0:0:0:0:0:0:0:0", endOnFailure: true }
    Counterexample: [{"companyName":"    0","siteCount":1,"employeeCount":1,"shiftCount":1,"daysAhead":1,
"conflictProbability":0,"recurringEnabled":false,"swappingEnabled":false},1]
    Shrunk 14 time(s)

    Hint: Enable verbose mode in order to have the list of all failing values encountered during the run

      at buildError (node_modules/fast-check/lib/cjs/fast-check.js:2456:16)
      at asyncThrowIfFailed (node_modules/fast-check/lib/cjs/fast-check.js:2468:8)

    Cause:
    PrismaClientValidationError: 
    Invalid `prisma.companies.create()` invocation in
    G:\Payroll System\backend\src\tests\property-tests\shift-calendar-consistency.spec.ts:120:44

      117 
      118 async function createTestScenario(scenario,[object Object], any) {
      119   // Create company
    ÔåÆ 120   const company = await prisma.companies.create({
              data: {
                id: "5ddce3a0-856d-42b7-b39d-7e1d48c2acaa",
                name: "    0",
                slug: "----0-1787849188832-i5qipj3hu",
                settings: {},
                branding: {},
            +   updated_at: DateTime
              }
            })

    Argument `updated_at` is missing.

    [0m [90m 118 |[39m   [36masync[39m [36mfunction[39m createTestScenario(scenario[33m:[39m 
any) {
     [90m 119 |[39m     [90m// Create company[39m
    [31m[1m>[22m[39m[90m 120 |[39m     [36mconst[39m company [33m=[39m [36mawait[39m 
prisma[33m.[39mcompanies[33m.[39mcreate({
     [90m     |[39m                     [31m[1m^[22m[39m
     [90m 121 |[39m       data[33m:[39m {
     [90m 122 |[39m         id[33m:[39m randomUUID()[33m,[39m
     [90m 123 |[39m         name[33m:[39m scenario[33m.[39mcompanyName[33m,[39m[0m

      at ar 
(node_modules/@prisma/client/src/runtime/core/errorRendering/throwValidationException.ts:46:9)
      at zr.throwValidationException [as handleRequestError] 
(node_modules/@prisma/client/src/runtime/RequestHandler.ts:211:7)
      at zr.handleAndLogRequestError (node_modules/@prisma/client/src/runtime/RequestHandler.ts:183:12)
      at zr.request (node_modules/@prisma/client/src/runtime/RequestHandler.ts:152:12)
      at a (node_modules/@prisma/client/src/runtime/getPrismaClient.ts:963:24)
      at createTestScenario (src/tests/property-tests/shift-calendar-consistency.spec.ts:120:21)
      at src/tests/property-tests/shift-calendar-consistency.spec.ts:376:51
      at AsyncProperty.run (node_modules/fast-check/lib/cjs/fast-check.js:1212:19)

  ÔùÅ Shift Calendar Consistency Properties ÔÇ║ Property 19.3: Conflict Detection Accuracy ÔÇ║ should 
accurately detect and prevent scheduling conflicts

    Property failed after 1 tests
    { seed: 42, path: "0:0:0:0:0:0:0:0:0:0:0:0:0:0", endOnFailure: true }
    Counterexample: [{"companyName":"    0","siteCount":1,"employeeCount":1,"shiftCount":1,"daysAhead":1,
"conflictProbability":0,"recurringEnabled":false,"swappingEnabled":false}]
    Shrunk 13 time(s)

    Hint: Enable verbose mode in order to have the list of all failing values encountered during the run

      at buildError (node_modules/fast-check/lib/cjs/fast-check.js:2456:16)
      at asyncThrowIfFailed (node_modules/fast-check/lib/cjs/fast-check.js:2468:8)

    Cause:
    PrismaClientValidationError: 
    Invalid `prisma.companies.create()` invocation in
    G:\Payroll System\backend\src\tests\property-tests\shift-calendar-consistency.spec.ts:120:44

      117 
      118 async function createTestScenario(scenario,[object Object], any) {
      119   // Create company
    ÔåÆ 120   const company = await prisma.companies.create({
              data: {
                id: "0de0f614-a0d1-4fcd-8806-8ae0e9913dc9",
                name: "    0",
                slug: "----0-1787849189068-vpwsw08p2",
                settings: {},
                branding: {},
            +   updated_at: DateTime
              }
            })

    Argument `updated_at` is missing.

    [0m [90m 118 |[39m   [36masync[39m [36mfunction[39m createTestScenario(scenario[33m:[39m 
any) {
     [90m 119 |[39m     [90m// Create company[39m
    [31m[1m>[22m[39m[90m 120 |[39m     [36mconst[39m company [33m=[39m [36mawait[39m 
prisma[33m.[39mcompanies[33m.[39mcreate({
     [90m     |[39m                     [31m[1m^[22m[39m
     [90m 121 |[39m       data[33m:[39m {
     [90m 122 |[39m         id[33m:[39m randomUUID()[33m,[39m
     [90m 123 |[39m         name[33m:[39m scenario[33m.[39mcompanyName[33m,[39m[0m

      at ar 
(node_modules/@prisma/client/src/runtime/core/errorRendering/throwValidationException.ts:46:9)
      at zr.throwValidationException [as handleRequestError] 
(node_modules/@prisma/client/src/runtime/RequestHandler.ts:211:7)
      at zr.handleAndLogRequestError (node_modules/@prisma/client/src/runtime/RequestHandler.ts:183:12)
      at zr.request (node_modules/@prisma/client/src/runtime/RequestHandler.ts:152:12)
      at a (node_modules/@prisma/client/src/runtime/getPrismaClient.ts:963:24)
      at createTestScenario (src/tests/property-tests/shift-calendar-consistency.spec.ts:120:21)
      at src/tests/property-tests/shift-calendar-consistency.spec.ts:449:51
      at AsyncProperty.run (node_modules/fast-check/lib/cjs/fast-check.js:1212:19)

  ÔùÅ Shift Calendar Consistency Properties ÔÇ║ Property 19.4: Shift Status Management ÔÇ║ should 
maintain proper shift status transitions and integrity

    Property failed after 1 tests
    { seed: 42, path: "0:0:0:0:0:0:0:0:0:0:0:0:0:0:0", endOnFailure: true }
    Counterexample: [{"companyName":"    0","siteCount":1,"employeeCount":1,"shiftCount":1,"daysAhead":1,
"conflictProbability":0,"recurringEnabled":false,"swappingEnabled":false},"SCHEDULED"]
    Shrunk 14 time(s)

    Hint: Enable verbose mode in order to have the list of all failing values encountered during the run

      at buildError (node_modules/fast-check/lib/cjs/fast-check.js:2456:16)
      at asyncThrowIfFailed (node_modules/fast-check/lib/cjs/fast-check.js:2468:8)

    Cause:
    PrismaClientValidationError: 
    Invalid `prisma.companies.create()` invocation in
    G:\Payroll System\backend\src\tests\property-tests\shift-calendar-consistency.spec.ts:120:44

      117 
      118 async function createTestScenario(scenario,[object Object], any) {
      119   // Create company
    ÔåÆ 120   const company = await prisma.companies.create({
              data: {
                id: "ce23764f-d693-42cc-ad55-34f955b7d22b",
                name: "    0",
                slug: "----0-1787849189285-qx8981s5i",
                settings: {},
                branding: {},
            +   updated_at: DateTime
              }
            })

    Argument `updated_at` is missing.

    [0m [90m 118 |[39m   [36masync[39m [36mfunction[39m createTestScenario(scenario[33m:[39m 
any) {
     [90m 119 |[39m     [90m// Create company[39m
    [31m[1m>[22m[39m[90m 120 |[39m     [36mconst[39m company [33m=[39m [36mawait[39m 
prisma[33m.[39mcompanies[33m.[39mcreate({
     [90m     |[39m                     [31m[1m^[22m[39m
     [90m 121 |[39m       data[33m:[39m {
     [90m 122 |[39m         id[33m:[39m randomUUID()[33m,[39m
     [90m 123 |[39m         name[33m:[39m scenario[33m.[39mcompanyName[33m,[39m[0m

      at ar 
(node_modules/@prisma/client/src/runtime/core/errorRendering/throwValidationException.ts:46:9)
      at zr.throwValidationException [as handleRequestError] 
(node_modules/@prisma/client/src/runtime/RequestHandler.ts:211:7)
      at zr.handleAndLogRequestError (node_modules/@prisma/client/src/runtime/RequestHandler.ts:183:12)
      at zr.request (node_modules/@prisma/client/src/runtime/RequestHandler.ts:152:12)
      at a (node_modules/@prisma/client/src/runtime/getPrismaClient.ts:963:24)
      at createTestScenario (src/tests/property-tests/shift-calendar-consistency.spec.ts:120:21)
      at src/tests/property-tests/shift-calendar-consistency.spec.ts:568:51
      at AsyncProperty.run (node_modules/fast-check/lib/cjs/fast-check.js:1212:19)

  ÔùÅ Shift Calendar Consistency Properties ÔÇ║ Property 19.5: Recurring Shift Consistency ÔÇ║ should 
maintain schedule integrity for recurring shift operations

    Property failed after 1 tests
    { seed: 42, path: "0:0:0:0:0:0:0:0:0:0:0:0:0:0:0", endOnFailure: true }
    Counterexample: [{"companyName":"    0","siteCount":1,"employeeCount":1,"shiftCount":1,"daysAhead":1,
"conflictProbability":0,"recurringEnabled":true,"swappingEnabled":false},"WEEKLY",2]
    Shrunk 14 time(s)

    Hint: Enable verbose mode in order to have the list of all failing values encountered during the run

      at buildError (node_modules/fast-check/lib/cjs/fast-check.js:2456:16)
      at asyncThrowIfFailed (node_modules/fast-check/lib/cjs/fast-check.js:2468:8)

    Cause:
    PrismaClientValidationError: 
    Invalid `prisma.companies.create()` invocation in
    G:\Payroll System\backend\src\tests\property-tests\shift-calendar-consistency.spec.ts:120:44

      117 
      118 async function createTestScenario(scenario,[object Object], any) {
      119   // Create company
    ÔåÆ 120   const company = await prisma.companies.create({
              data: {
                id: "b60b579c-ed94-4bf0-9879-f6755ac47017",
                name: "    0",
                slug: "----0-1787849189508-gjlsstxme",
                settings: {},
                branding: {},
            +   updated_at: DateTime
              }
            })

    Argument `updated_at` is missing.

    [0m [90m 118 |[39m   [36masync[39m [36mfunction[39m createTestScenario(scenario[33m:[39m 
any) {
     [90m 119 |[39m     [90m// Create company[39m
    [31m[1m>[22m[39m[90m 120 |[39m     [36mconst[39m company [33m=[39m [36mawait[39m 
prisma[33m.[39mcompanies[33m.[39mcreate({
     [90m     |[39m                     [31m[1m^[22m[39m
     [90m 121 |[39m       data[33m:[39m {
     [90m 122 |[39m         id[33m:[39m randomUUID()[33m,[39m
     [90m 123 |[39m         name[33m:[39m scenario[33m.[39mcompanyName[33m,[39m[0m

      at ar 
(node_modules/@prisma/client/src/runtime/core/errorRendering/throwValidationException.ts:46:9)
      at zr.throwValidationException [as handleRequestError] 
(node_modules/@prisma/client/src/runtime/RequestHandler.ts:211:7)
      at zr.handleAndLogRequestError (node_modules/@prisma/client/src/runtime/RequestHandler.ts:183:12)
      at zr.request (node_modules/@prisma/client/src/runtime/RequestHandler.ts:152:12)
      at a (node_modules/@prisma/client/src/runtime/getPrismaClient.ts:963:24)
      at createTestScenario (src/tests/property-tests/shift-calendar-consistency.spec.ts:120:21)
      at src/tests/property-tests/shift-calendar-consistency.spec.ts:658:51
      at AsyncProperty.run (node_modules/fast-check/lib/cjs/fast-check.js:1212:19)

FAIL src/tests/property-tests/employee-portal-consistency.spec.ts (9.81 s)
  ÔùÅ Console

    console.warn
      Database schema setup encountered issues - attempting to continue with existing schema

    [0m [90m 43 |[39m       })[33m;[39m
     [90m 44 |[39m     } [36mcatch[39m (error) {
    [31m[1m>[22m[39m[90m 45 |[39m       console[33m.[39mwarn([32m'Database schema setup 
encountered issues - attempting to continue with existing schema'[39m)[33m;[39m
     [90m    |[39m               [31m[1m^[22m[39m
     [90m 46 |[39m     }
     [90m 47 |[39m
     [90m 48 |[39m     [90m// Initialize Prisma client after schema is set up with timeout 
settings[39m[0m

      at Object.<anonymous> (src/test/setup.ts:45:15)

    console.log
      Ô£à Test database setup completed successfully

      at Object.<anonymous> (src/test/setup.ts:70:13)

    console.log
      prisma:error 
      Invalid `originalModel.create()` invocation in
      G:\Payroll System\backend\src\prisma\prisma.service.ts:304:36
      
        301   data[tenantField] = tenantId;
        302 }
        303 
      ÔåÆ 304 return originalModel.create({
              data: {
                name: "anE~",
                contact_email: "'._4e`|keyrgu.~~su.n^qf?}t1.ref.-&4-tm_7=yq@cnbq.bm",
                company_id: "cc6aeb9a-372d-4724-8735-085f0e7cf231",
                created_at: new Date("2026-08-27T16:46:40.565Z"),
                updated_at: new Date("2026-08-27T16:46:40.565Z"),
            +   id: String
              }
            })
      
      Argument `id` is missing.

      at Object.Ou (node_modules/@prisma/internals/src/logger.ts:13:11)

    console.log
      prisma:error 
      Invalid `originalModel.create()` invocation in
      G:\Payroll System\backend\src\prisma\prisma.service.ts:304:36
      
        301   data[tenantField] = tenantId;
        302 }
        303 
      ÔåÆ 304 return originalModel.create({
              data: {
                employee_number: "8=#y",
                first_name: "?$v!",
                last_name: "}]X,r",
                email: "$w@ukj83.by.tyc",
                employment_status: "ACTIVE",
                hire_date: new Date("2024-01-01T00:00:00.000Z"),
                company_id: "9872f36d-ff28-4413-99df-7375d0e69d67",
                created_at: new Date("2026-08-27T16:46:41.198Z"),
                updated_at: new Date("2026-08-27T16:46:41.198Z"),
            +   id: String
              }
            })
      
      Argument `id` is missing.

      at Object.Ou (node_modules/@prisma/internals/src/logger.ts:13:11)

    console.log
      Ô£à Test database cleanup completed

      at Object.<anonymous> (src/test/setup.ts:97:13)

  ÔùÅ Property Test: Employee Portal Data Consistency ÔÇ║ Property 25: Employee Portal Consistency

    Property failed after 1 tests
    { seed: 42, path: "0", endOnFailure: true }
    Counterexample: [{"employee":{"employeeNumber":"!$%0x","firstName":"b+u.Lx@D(H","lastName":"!!x!|","e
mail":"0e3k.h`{.kl{.onxan_.j7awbe.'9aa3k!5h@ow76p5i.if","employmentStatus":"ACTIVE"},"client":{__proto__:
null,"name":"anE~","contactEmail":"'._4e`|keyrgu.~~su.n^qf?}t1.ref.-&4-tm_7=yq@cnbq.bm"},"site":{"name":"
ex:%?","address":{"street":"#!#D#{f&*MC","city":"{?GK<T_Igu,","state":"name","zipCode":",R'SE"}},"queryFi
lters":{__proto__:null,"attendanceFilter":"THIS_WEEK","shiftFilter":"PAST","payrollYear":"2024","payrollM
onth":"12"}}]
    Shrunk 0 time(s)

    Hint: Enable verbose mode in order to have the list of all failing values encountered during the run

      at buildError (node_modules/fast-check/lib/cjs/fast-check.js:2456:16)
      at asyncThrowIfFailed (node_modules/fast-check/lib/cjs/fast-check.js:2468:8)

    Cause:
    PrismaClientValidationError: 
    Invalid `originalModel.create()` invocation in
    G:\Payroll System\backend\src\prisma\prisma.service.ts:304:36

      301   data[tenantField] = tenantId;
      302 }
      303 
    ÔåÆ 304 return originalModel.create({
            data: {
              name: "anE~",
              contact_email: "'._4e`|keyrgu.~~su.n^qf?}t1.ref.-&4-tm_7=yq@cnbq.bm",
              company_id: "cc6aeb9a-372d-4724-8735-085f0e7cf231",
              created_at: new Date("2026-08-27T16:46:40.565Z"),
              updated_at: new Date("2026-08-27T16:46:40.565Z"),
          +   id: String
            }
          })

    Argument `id` is missing.

    [0m [90m 118 |[39m             [36mawait[39m 
prismaService[33m.[39mwithTenant(testTenantId[33m,[39m [36masync[39m (prisma) [33m=>[39m {
     [90m 119 |[39m               [90m// Create client using minimal required fields[39m
    [31m[1m>[22m[39m[90m 120 |[39m               [36mconst[39m client [33m=[39m 
[36mawait[39m prisma[33m.[39mclients[33m.[39mcreate({
     [90m     |[39m                              [31m[1m^[22m[39m
     [90m 121 |[39m                 data[33m:[39m {
     [90m 122 |[39m                   name[33m:[39m 
testData[33m.[39mclient[33m.[39mname[33m,[39m
     [90m 123 |[39m                   contact_email[33m:[39m 
testData[33m.[39mclient[33m.[39mcontactEmail[33m,[39m[0m

      at ar 
(node_modules/@prisma/client/src/runtime/core/errorRendering/throwValidationException.ts:46:9)
      at zr.throwValidationException [as handleRequestError] 
(node_modules/@prisma/client/src/runtime/RequestHandler.ts:211:7)
      at zr.handleAndLogRequestError (node_modules/@prisma/client/src/runtime/RequestHandler.ts:183:12)
      at zr.request (node_modules/@prisma/client/src/runtime/RequestHandler.ts:152:12)
      at a (node_modules/@prisma/client/src/runtime/getPrismaClient.ts:963:24)
      at src/tests/property-tests/employee-portal-consistency.spec.ts:120:30
      at Proxy._transactionWithCallback 
(node_modules/@prisma/client/src/runtime/getPrismaClient.ts:810:18)
      at src/tests/property-tests/employee-portal-consistency.spec.ts:118:13
      at AsyncProperty.run (node_modules/fast-check/lib/cjs/fast-check.js:1212:19)

  ÔùÅ Property Test: Employee Portal Data Consistency ÔÇ║ Property 26: Employee Portal Data Mathematical 
Consistency

    Property failed after 1 tests
    { seed: 123, path: "0", endOnFailure: true }
    Counterexample: [{"employeeNumber":"8=#y","firstName":"?$v!","lastName":"}]X,r","email":"$w@ukj83.by.
tyc","employmentStatus":"ACTIVE"}]
    Shrunk 0 time(s)

    Hint: Enable verbose mode in order to have the list of all failing values encountered during the run

      at buildError (node_modules/fast-check/lib/cjs/fast-check.js:2456:16)
      at asyncThrowIfFailed (node_modules/fast-check/lib/cjs/fast-check.js:2468:8)

    Cause:
    PrismaClientValidationError: 
    Invalid `originalModel.create()` invocation in
    G:\Payroll System\backend\src\prisma\prisma.service.ts:304:36

      301   data[tenantField] = tenantId;
      302 }
      303 
    ÔåÆ 304 return originalModel.create({
            data: {
              employee_number: "8=#y",
              first_name: "?$v!",
              last_name: "}]X,r",
              email: "$w@ukj83.by.tyc",
              employment_status: "ACTIVE",
              hire_date: new Date("2024-01-01T00:00:00.000Z"),
              company_id: "9872f36d-ff28-4413-99df-7375d0e69d67",
              created_at: new Date("2026-08-27T16:46:41.198Z"),
              updated_at: new Date("2026-08-27T16:46:41.198Z"),
          +   id: String
            }
          })

    Argument `id` is missing.

    [0m [90m 357 |[39m             [36mawait[39m 
prismaService[33m.[39mwithTenant(testTenantId[33m,[39m [36masync[39m (prisma) [33m=>[39m {
     [90m 358 |[39m               [90m// Create minimal employee[39m
    [31m[1m>[22m[39m[90m 359 |[39m               createdEmployee [33m=[39m [36mawait[39m 
prisma[33m.[39memployees[33m.[39mcreate({
     [90m     |[39m                                 [31m[1m^[22m[39m
     [90m 360 |[39m                 data[33m:[39m {
     [90m 361 |[39m                   employee_number[33m:[39m 
employeeData[33m.[39memployeeNumber[33m,[39m
     [90m 362 |[39m                   first_name[33m:[39m 
employeeData[33m.[39mfirstName[33m,[39m[0m

      at ar 
(node_modules/@prisma/client/src/runtime/core/errorRendering/throwValidationException.ts:46:9)
      at zr.throwValidationException [as handleRequestError] 
(node_modules/@prisma/client/src/runtime/RequestHandler.ts:211:7)
      at zr.handleAndLogRequestError (node_modules/@prisma/client/src/runtime/RequestHandler.ts:183:12)
      at zr.request (node_modules/@prisma/client/src/runtime/RequestHandler.ts:152:12)
      at a (node_modules/@prisma/client/src/runtime/getPrismaClient.ts:963:24)
      at src/tests/property-tests/employee-portal-consistency.spec.ts:359:33
      at Proxy._transactionWithCallback 
(node_modules/@prisma/client/src/runtime/getPrismaClient.ts:810:18)
      at src/tests/property-tests/employee-portal-consistency.spec.ts:357:13
      at AsyncProperty.run (node_modules/fast-check/lib/cjs/fast-check.js:1212:19)

PASS src/tests/property-tests/multi-tenant-isolation.spec.ts (8.773 s)
  ÔùÅ Console

    console.warn
      Database schema setup encountered issues - attempting to continue with existing schema

    [0m [90m 43 |[39m       })[33m;[39m
     [90m 44 |[39m     } [36mcatch[39m (error) {
    [31m[1m>[22m[39m[90m 45 |[39m       console[33m.[39mwarn([32m'Database schema setup 
encountered issues - attempting to continue with existing schema'[39m)[33m;[39m
     [90m    |[39m               [31m[1m^[22m[39m
     [90m 46 |[39m     }
     [90m 47 |[39m
     [90m 48 |[39m     [90m// Initialize Prisma client after schema is set up with timeout 
settings[39m[0m

      at Object.<anonymous> (src/test/setup.ts:45:15)

    console.log
      Ô£à Test database setup completed successfully

      at Object.<anonymous> (src/test/setup.ts:70:13)

    console.log
      Ô£à Test database cleanup completed

      at Object.<anonymous> (src/test/setup.ts:97:13)

PASS src/tests/property-tests/shift-calendar-simple.spec.ts (7.46 s)
  ÔùÅ Console

    console.warn
      Database schema setup encountered issues - attempting to continue with existing schema

    [0m [90m 43 |[39m       })[33m;[39m
     [90m 44 |[39m     } [36mcatch[39m (error) {
    [31m[1m>[22m[39m[90m 45 |[39m       console[33m.[39mwarn([32m'Database schema setup 
encountered issues - attempting to continue with existing schema'[39m)[33m;[39m
     [90m    |[39m               [31m[1m^[22m[39m
     [90m 46 |[39m     }
     [90m 47 |[39m
     [90m 48 |[39m     [90m// Initialize Prisma client after schema is set up with timeout 
settings[39m[0m

      at Object.<anonymous> (src/test/setup.ts:45:15)

    console.log
      Ô£à Test database setup completed successfully

      at Object.<anonymous> (src/test/setup.ts:70:13)

    console.log
      Ô£à Test database cleanup completed

      at Object.<anonymous> (src/test/setup.ts:97:13)

FAIL src/payroll/payroll.integration.test.ts (10.796 s)
  ÔùÅ Console

    console.warn
      Database schema setup encountered issues - attempting to continue with existing schema

    [0m [90m 43 |[39m       })[33m;[39m
     [90m 44 |[39m     } [36mcatch[39m (error) {
    [31m[1m>[22m[39m[90m 45 |[39m       console[33m.[39mwarn([32m'Database schema setup 
encountered issues - attempting to continue with existing schema'[39m)[33m;[39m
     [90m    |[39m               [31m[1m^[22m[39m
     [90m 46 |[39m     }
     [90m 47 |[39m
     [90m 48 |[39m     [90m// Initialize Prisma client after schema is set up with timeout 
settings[39m[0m

      at Object.<anonymous> (src/test/setup.ts:45:15)

    console.log
      Ô£à Test database setup completed successfully

      at Object.<anonymous> (src/test/setup.ts:70:13)

    console.log
      Ô£à Test database cleanup completed

      at Object.<anonymous> (src/test/setup.ts:97:13)

  ÔùÅ Payroll Integration Tests ÔÇ║ POST /payroll/runs ÔÇ║ should create payroll run with correct 
calculations

    TypeError: Cannot read properties of undefined (reading 'deleteMany')

    [0m [90m 56 |[39m     [36mawait[39m prisma[33m.[39msites[33m.[39mdeleteMany()[33m;[39m
     [90m 57 |[39m     [36mawait[39m prisma[33m.[39mclients[33m.[39mdeleteMany()[33m;[39m
    [31m[1m>[22m[39m[90m 58 |[39m     [36mawait[39m 
prisma[33m.[39mpayroll_items[33m.[39mdeleteMany()[33m;[39m
     [90m    |[39m                                [31m[1m^[22m[39m
     [90m 59 |[39m     [36mawait[39m prisma[33m.[39mpayroll_runs[33m.[39mdeleteMany()[33m;[39m
     [90m 60 |[39m     [36mawait[39m prisma[33m.[39mcompanies[33m.[39mdeleteMany()[33m;[39m
     [90m 61 |[39m[0m

      at Object.<anonymous> (src/payroll/payroll.integration.test.ts:58:32)

  ÔùÅ Payroll Integration Tests ÔÇ║ POST /payroll/runs ÔÇ║ should handle overtime correctly

    TypeError: Cannot read properties of undefined (reading 'deleteMany')

    [0m [90m 56 |[39m     [36mawait[39m prisma[33m.[39msites[33m.[39mdeleteMany()[33m;[39m
     [90m 57 |[39m     [36mawait[39m prisma[33m.[39mclients[33m.[39mdeleteMany()[33m;[39m
    [31m[1m>[22m[39m[90m 58 |[39m     [36mawait[39m 
prisma[33m.[39mpayroll_items[33m.[39mdeleteMany()[33m;[39m
     [90m    |[39m                                [31m[1m^[22m[39m
     [90m 59 |[39m     [36mawait[39m prisma[33m.[39mpayroll_runs[33m.[39mdeleteMany()[33m;[39m
     [90m 60 |[39m     [36mawait[39m prisma[33m.[39mcompanies[33m.[39mdeleteMany()[33m;[39m
     [90m 61 |[39m[0m

      at Object.<anonymous> (src/payroll/payroll.integration.test.ts:58:32)

  ÔùÅ Payroll Integration Tests ÔÇ║ POST /payroll/runs ÔÇ║ should calculate Indian payroll deductions 
correctly

    TypeError: Cannot read properties of undefined (reading 'deleteMany')

    [0m [90m 56 |[39m     [36mawait[39m prisma[33m.[39msites[33m.[39mdeleteMany()[33m;[39m
     [90m 57 |[39m     [36mawait[39m prisma[33m.[39mclients[33m.[39mdeleteMany()[33m;[39m
    [31m[1m>[22m[39m[90m 58 |[39m     [36mawait[39m 
prisma[33m.[39mpayroll_items[33m.[39mdeleteMany()[33m;[39m
     [90m    |[39m                                [31m[1m^[22m[39m
     [90m 59 |[39m     [36mawait[39m prisma[33m.[39mpayroll_runs[33m.[39mdeleteMany()[33m;[39m
     [90m 60 |[39m     [36mawait[39m prisma[33m.[39mcompanies[33m.[39mdeleteMany()[33m;[39m
     [90m 61 |[39m[0m

      at Object.<anonymous> (src/payroll/payroll.integration.test.ts:58:32)

  ÔùÅ Payroll Integration Tests ÔÇ║ POST /payroll/runs ÔÇ║ should prevent overlapping payroll runs

    TypeError: Cannot read properties of undefined (reading 'deleteMany')

    [0m [90m 56 |[39m     [36mawait[39m prisma[33m.[39msites[33m.[39mdeleteMany()[33m;[39m
     [90m 57 |[39m     [36mawait[39m prisma[33m.[39mclients[33m.[39mdeleteMany()[33m;[39m
    [31m[1m>[22m[39m[90m 58 |[39m     [36mawait[39m 
prisma[33m.[39mpayroll_items[33m.[39mdeleteMany()[33m;[39m
     [90m    |[39m                                [31m[1m^[22m[39m
     [90m 59 |[39m     [36mawait[39m prisma[33m.[39mpayroll_runs[33m.[39mdeleteMany()[33m;[39m
     [90m 60 |[39m     [36mawait[39m prisma[33m.[39mcompanies[33m.[39mdeleteMany()[33m;[39m
     [90m 61 |[39m[0m

      at Object.<anonymous> (src/payroll/payroll.integration.test.ts:58:32)

  ÔùÅ Payroll Integration Tests ÔÇ║ GET /payroll/runs ÔÇ║ should list payroll runs with pagination

    TypeError: Cannot read properties of undefined (reading 'deleteMany')

    [0m [90m 56 |[39m     [36mawait[39m prisma[33m.[39msites[33m.[39mdeleteMany()[33m;[39m
     [90m 57 |[39m     [36mawait[39m prisma[33m.[39mclients[33m.[39mdeleteMany()[33m;[39m
    [31m[1m>[22m[39m[90m 58 |[39m     [36mawait[39m 
prisma[33m.[39mpayroll_items[33m.[39mdeleteMany()[33m;[39m
     [90m    |[39m                                [31m[1m^[22m[39m
     [90m 59 |[39m     [36mawait[39m prisma[33m.[39mpayroll_runs[33m.[39mdeleteMany()[33m;[39m
     [90m 60 |[39m     [36mawait[39m prisma[33m.[39mcompanies[33m.[39mdeleteMany()[33m;[39m
     [90m 61 |[39m[0m

      at Object.<anonymous> (src/payroll/payroll.integration.test.ts:58:32)

  ÔùÅ Payroll Integration Tests ÔÇ║ GET /payroll/runs ÔÇ║ should support custom pagination

    TypeError: Cannot read properties of undefined (reading 'deleteMany')

    [0m [90m 56 |[39m     [36mawait[39m prisma[33m.[39msites[33m.[39mdeleteMany()[33m;[39m
     [90m 57 |[39m     [36mawait[39m prisma[33m.[39mclients[33m.[39mdeleteMany()[33m;[39m
    [31m[1m>[22m[39m[90m 58 |[39m     [36mawait[39m 
prisma[33m.[39mpayroll_items[33m.[39mdeleteMany()[33m;[39m
     [90m    |[39m                                [31m[1m^[22m[39m
     [90m 59 |[39m     [36mawait[39m prisma[33m.[39mpayroll_runs[33m.[39mdeleteMany()[33m;[39m
     [90m 60 |[39m     [36mawait[39m prisma[33m.[39mcompanies[33m.[39mdeleteMany()[33m;[39m
     [90m 61 |[39m[0m

      at Object.<anonymous> (src/payroll/payroll.integration.test.ts:58:32)

  ÔùÅ Payroll Integration Tests ÔÇ║ GET /payroll/runs/:id ÔÇ║ should get payroll run details

    TypeError: Cannot read properties of undefined (reading 'deleteMany')

    [0m [90m 56 |[39m     [36mawait[39m prisma[33m.[39msites[33m.[39mdeleteMany()[33m;[39m
     [90m 57 |[39m     [36mawait[39m prisma[33m.[39mclients[33m.[39mdeleteMany()[33m;[39m
    [31m[1m>[22m[39m[90m 58 |[39m     [36mawait[39m 
prisma[33m.[39mpayroll_items[33m.[39mdeleteMany()[33m;[39m
     [90m    |[39m                                [31m[1m^[22m[39m
     [90m 59 |[39m     [36mawait[39m prisma[33m.[39mpayroll_runs[33m.[39mdeleteMany()[33m;[39m
     [90m 60 |[39m     [36mawait[39m prisma[33m.[39mcompanies[33m.[39mdeleteMany()[33m;[39m
     [90m 61 |[39m[0m

      at Object.<anonymous> (src/payroll/payroll.integration.test.ts:58:32)

  ÔùÅ Payroll Integration Tests ÔÇ║ GET /payroll/runs/:id ÔÇ║ should return 404 for non-existent payroll 
run

    TypeError: Cannot read properties of undefined (reading 'deleteMany')

    [0m [90m 56 |[39m     [36mawait[39m prisma[33m.[39msites[33m.[39mdeleteMany()[33m;[39m
     [90m 57 |[39m     [36mawait[39m prisma[33m.[39mclients[33m.[39mdeleteMany()[33m;[39m
    [31m[1m>[22m[39m[90m 58 |[39m     [36mawait[39m 
prisma[33m.[39mpayroll_items[33m.[39mdeleteMany()[33m;[39m
     [90m    |[39m                                [31m[1m^[22m[39m
     [90m 59 |[39m     [36mawait[39m prisma[33m.[39mpayroll_runs[33m.[39mdeleteMany()[33m;[39m
     [90m 60 |[39m     [36mawait[39m prisma[33m.[39mcompanies[33m.[39mdeleteMany()[33m;[39m
     [90m 61 |[39m[0m

      at Object.<anonymous> (src/payroll/payroll.integration.test.ts:58:32)

  ÔùÅ Payroll Integration Tests ÔÇ║ GET /payroll/runs/:id/summary ÔÇ║ should get payroll run summary

    TypeError: Cannot read properties of undefined (reading 'deleteMany')

    [0m [90m 56 |[39m     [36mawait[39m prisma[33m.[39msites[33m.[39mdeleteMany()[33m;[39m
     [90m 57 |[39m     [36mawait[39m prisma[33m.[39mclients[33m.[39mdeleteMany()[33m;[39m
    [31m[1m>[22m[39m[90m 58 |[39m     [36mawait[39m 
prisma[33m.[39mpayroll_items[33m.[39mdeleteMany()[33m;[39m
     [90m    |[39m                                [31m[1m^[22m[39m
     [90m 59 |[39m     [36mawait[39m prisma[33m.[39mpayroll_runs[33m.[39mdeleteMany()[33m;[39m
     [90m 60 |[39m     [36mawait[39m prisma[33m.[39mcompanies[33m.[39mdeleteMany()[33m;[39m
     [90m 61 |[39m[0m

      at Object.<anonymous> (src/payroll/payroll.integration.test.ts:58:32)

FAIL src/common/multi-tenant-isolation.property.spec.ts (11.599 s)
  ÔùÅ Console

    console.warn
      Database schema setup encountered issues - attempting to continue with existing schema

    [0m [90m 43 |[39m       })[33m;[39m
     [90m 44 |[39m     } [36mcatch[39m (error) {
    [31m[1m>[22m[39m[90m 45 |[39m       console[33m.[39mwarn([32m'Database schema setup 
encountered issues - attempting to continue with existing schema'[39m)[33m;[39m
     [90m    |[39m               [31m[1m^[22m[39m
     [90m 46 |[39m     }
     [90m 47 |[39m
     [90m 48 |[39m     [90m// Initialize Prisma client after schema is set up with timeout 
settings[39m[0m

      at Object.<anonymous> (src/test/setup.ts:45:15)

    console.log
      Ô£à Test database setup completed successfully

      at Object.<anonymous> (src/test/setup.ts:70:13)

    console.error
      Concurrent isolation test error: JestAssertionError: expect(received).toBe(expected) // Object.is 
equality
      
      Expected: true
      Received: false
          at verifyConcurrentIsolation (G:\Payroll 
System\backend\src\common\multi-tenant-isolation.property.spec.ts:1048:95)
          at processTicksAndRejections (node:internal/process/task_queues:104:5)
          at G:\Payroll System\backend\src\common\multi-tenant-isolation.property.spec.ts:612:15
          at AsyncProperty.run (G:\Payroll 
System\backend\node_modules\fast-check\lib\cjs\fast-check.js:1212:19) {
        matcherResult: {
          actual: false,
          expected: true,
          message: 'expect(received).toBe(expected) // Object.is equality\n' +
            '\n' +
            'Expected: true\n' +
            'Received: false',
          name: 'toBe',
          pass: false
        }
      }

    [0m [90m 612 |[39m               [36mawait[39m verifyConcurrentIsolation(tenant1[33m,[39m 
tenant2)[33m;[39m
     [90m 613 |[39m             } [36mcatch[39m (error) {
    [31m[1m>[22m[39m[90m 614 |[39m               console[33m.[39merror([32m'Concurrent 
isolation test error:'[39m[33m,[39m error)[33m;[39m
     [90m     |[39m                       [31m[1m^[22m[39m
     [90m 615 |[39m               [36mthrow[39m error[33m;[39m
     [90m 616 |[39m             } [36mfinally[39m {
     [90m 617 |[39m               [90m// Always clean up after each iteration[39m[0m

      at src/common/multi-tenant-isolation.property.spec.ts:614:23
      at AsyncProperty.run (node_modules/fast-check/lib/cjs/fast-check.js:1212:19)

    console.error
      Concurrent isolation test error: JestAssertionError: expect(received).toBe(expected) // Object.is 
equality
      
      Expected: true
      Received: false
          at verifyConcurrentIsolation (G:\Payroll 
System\backend\src\common\multi-tenant-isolation.property.spec.ts:1048:95)
          at processTicksAndRejections (node:internal/process/task_queues:104:5)
          at G:\Payroll System\backend\src\common\multi-tenant-isolation.property.spec.ts:612:15
          at AsyncProperty.run (G:\Payroll 
System\backend\node_modules\fast-check\lib\cjs\fast-check.js:1212:19) {
        matcherResult: {
          actual: false,
          expected: true,
          message: 'expect(received).toBe(expected) // Object.is equality\n' +
            '\n' +
            'Expected: true\n' +
            'Received: false',
          name: 'toBe',
          pass: false
        }
      }

    [0m [90m 612 |[39m               [36mawait[39m verifyConcurrentIsolation(tenant1[33m,[39m 
tenant2)[33m;[39m
     [90m 613 |[39m             } [36mcatch[39m (error) {
    [31m[1m>[22m[39m[90m 614 |[39m               console[33m.[39merror([32m'Concurrent 
isolation test error:'[39m[33m,[39m error)[33m;[39m
     [90m     |[39m                       [31m[1m^[22m[39m
     [90m 615 |[39m               [36mthrow[39m error[33m;[39m
     [90m 616 |[39m             } [36mfinally[39m {
     [90m 617 |[39m               [90m// Always clean up after each iteration[39m[0m

      at src/common/multi-tenant-isolation.property.spec.ts:614:23
      at AsyncProperty.run (node_modules/fast-check/lib/cjs/fast-check.js:1212:19)

    console.error
      Concurrent isolation test error: JestAssertionError: expect(received).toBe(expected) // Object.is 
equality
      
      Expected: true
      Received: false
          at verifyConcurrentIsolation (G:\Payroll 
System\backend\src\common\multi-tenant-isolation.property.spec.ts:1048:95)
          at processTicksAndRejections (node:internal/process/task_queues:104:5)
          at G:\Payroll System\backend\src\common\multi-tenant-isolation.property.spec.ts:612:15
          at AsyncProperty.run (G:\Payroll 
System\backend\node_modules\fast-check\lib\cjs\fast-check.js:1212:19) {
        matcherResult: {
          actual: false,
          expected: true,
          message: 'expect(received).toBe(expected) // Object.is equality\n' +
            '\n' +
            'Expected: true\n' +
            'Received: false',
          name: 'toBe',
          pass: false
        }
      }

    [0m [90m 612 |[39m               [36mawait[39m verifyConcurrentIsolation(tenant1[33m,[39m 
tenant2)[33m;[39m
     [90m 613 |[39m             } [36mcatch[39m (error) {
    [31m[1m>[22m[39m[90m 614 |[39m               console[33m.[39merror([32m'Concurrent 
isolation test error:'[39m[33m,[39m error)[33m;[39m
     [90m     |[39m                       [31m[1m^[22m[39m
     [90m 615 |[39m               [36mthrow[39m error[33m;[39m
     [90m 616 |[39m             } [36mfinally[39m {
     [90m 617 |[39m               [90m// Always clean up after each iteration[39m[0m

      at src/common/multi-tenant-isolation.property.spec.ts:614:23
      at AsyncProperty.run (node_modules/fast-check/lib/cjs/fast-check.js:1212:19)

    console.error
      Concurrent isolation test error: JestAssertionError: expect(received).toBe(expected) // Object.is 
equality
      
      Expected: true
      Received: false
          at verifyConcurrentIsolation (G:\Payroll 
System\backend\src\common\multi-tenant-isolation.property.spec.ts:1048:95)
          at processTicksAndRejections (node:internal/process/task_queues:104:5)
          at G:\Payroll System\backend\src\common\multi-tenant-isolation.property.spec.ts:612:15
          at AsyncProperty.run (G:\Payroll 
System\backend\node_modules\fast-check\lib\cjs\fast-check.js:1212:19) {
        matcherResult: {
          actual: false,
          expected: true,
          message: 'expect(received).toBe(expected) // Object.is equality\n' +
            '\n' +
            'Expected: true\n' +
            'Received: false',
          name: 'toBe',
          pass: false
        }
      }

    [0m [90m 612 |[39m               [36mawait[39m verifyConcurrentIsolation(tenant1[33m,[39m 
tenant2)[33m;[39m
     [90m 613 |[39m             } [36mcatch[39m (error) {
    [31m[1m>[22m[39m[90m 614 |[39m               console[33m.[39merror([32m'Concurrent 
isolation test error:'[39m[33m,[39m error)[33m;[39m
     [90m     |[39m                       [31m[1m^[22m[39m
     [90m 615 |[39m               [36mthrow[39m error[33m;[39m
     [90m 616 |[39m             } [36mfinally[39m {
     [90m 617 |[39m               [90m// Always clean up after each iteration[39m[0m

      at src/common/multi-tenant-isolation.property.spec.ts:614:23
      at AsyncProperty.run (node_modules/fast-check/lib/cjs/fast-check.js:1212:19)

    console.error
      Concurrent isolation test error: JestAssertionError: expect(received).toBe(expected) // Object.is 
equality
      
      Expected: true
      Received: false
          at verifyConcurrentIsolation (G:\Payroll 
System\backend\src\common\multi-tenant-isolation.property.spec.ts:1048:95)
          at processTicksAndRejections (node:internal/process/task_queues:104:5)
          at G:\Payroll System\backend\src\common\multi-tenant-isolation.property.spec.ts:612:15
          at AsyncProperty.run (G:\Payroll 
System\backend\node_modules\fast-check\lib\cjs\fast-check.js:1212:19) {
        matcherResult: {
          actual: false,
          expected: true,
          message: 'expect(received).toBe(expected) // Object.is equality\n' +
            '\n' +
            'Expected: true\n' +
            'Received: false',
          name: 'toBe',
          pass: false
        }
      }

    [0m [90m 612 |[39m               [36mawait[39m verifyConcurrentIsolation(tenant1[33m,[39m 
tenant2)[33m;[39m
     [90m 613 |[39m             } [36mcatch[39m (error) {
    [31m[1m>[22m[39m[90m 614 |[39m               console[33m.[39merror([32m'Concurrent 
isolation test error:'[39m[33m,[39m error)[33m;[39m
     [90m     |[39m                       [31m[1m^[22m[39m
     [90m 615 |[39m               [36mthrow[39m error[33m;[39m
     [90m 616 |[39m             } [36mfinally[39m {
     [90m 617 |[39m               [90m// Always clean up after each iteration[39m[0m

      at src/common/multi-tenant-isolation.property.spec.ts:614:23
      at AsyncProperty.run (node_modules/fast-check/lib/cjs/fast-check.js:1212:19)

    console.error
      Concurrent isolation test error: JestAssertionError: expect(received).toBe(expected) // Object.is 
equality
      
      Expected: true
      Received: false
          at verifyConcurrentIsolation (G:\Payroll 
System\backend\src\common\multi-tenant-isolation.property.spec.ts:1048:95)
          at processTicksAndRejections (node:internal/process/task_queues:104:5)
          at G:\Payroll System\backend\src\common\multi-tenant-isolation.property.spec.ts:612:15
          at AsyncProperty.run (G:\Payroll 
System\backend\node_modules\fast-check\lib\cjs\fast-check.js:1212:19) {
        matcherResult: {
          actual: false,
          expected: true,
          message: 'expect(received).toBe(expected) // Object.is equality\n' +
            '\n' +
            'Expected: true\n' +
            'Received: false',
          name: 'toBe',
          pass: false
        }
      }

    [0m [90m 612 |[39m               [36mawait[39m verifyConcurrentIsolation(tenant1[33m,[39m 
tenant2)[33m;[39m
     [90m 613 |[39m             } [36mcatch[39m (error) {
    [31m[1m>[22m[39m[90m 614 |[39m               console[33m.[39merror([32m'Concurrent 
isolation test error:'[39m[33m,[39m error)[33m;[39m
     [90m     |[39m                       [31m[1m^[22m[39m
     [90m 615 |[39m               [36mthrow[39m error[33m;[39m
     [90m 616 |[39m             } [36mfinally[39m {
     [90m 617 |[39m               [90m// Always clean up after each iteration[39m[0m

      at src/common/multi-tenant-isolation.property.spec.ts:614:23
      at AsyncProperty.run (node_modules/fast-check/lib/cjs/fast-check.js:1212:19)

    console.error
      Concurrent isolation test error: JestAssertionError: expect(received).toBe(expected) // Object.is 
equality
      
      Expected: true
      Received: false
          at verifyConcurrentIsolation (G:\Payroll 
System\backend\src\common\multi-tenant-isolation.property.spec.ts:1048:95)
          at processTicksAndRejections (node:internal/process/task_queues:104:5)
          at G:\Payroll System\backend\src\common\multi-tenant-isolation.property.spec.ts:612:15
          at AsyncProperty.run (G:\Payroll 
System\backend\node_modules\fast-check\lib\cjs\fast-check.js:1212:19) {
        matcherResult: {
          actual: false,
          expected: true,
          message: 'expect(received).toBe(expected) // Object.is equality\n' +
            '\n' +
            'Expected: true\n' +
            'Received: false',
          name: 'toBe',
          pass: false
        }
      }

    [0m [90m 612 |[39m               [36mawait[39m verifyConcurrentIsolation(tenant1[33m,[39m 
tenant2)[33m;[39m
     [90m 613 |[39m             } [36mcatch[39m (error) {
    [31m[1m>[22m[39m[90m 614 |[39m               console[33m.[39merror([32m'Concurrent 
isolation test error:'[39m[33m,[39m error)[33m;[39m
     [90m     |[39m                       [31m[1m^[22m[39m
     [90m 615 |[39m               [36mthrow[39m error[33m;[39m
     [90m 616 |[39m             } [36mfinally[39m {
     [90m 617 |[39m               [90m// Always clean up after each iteration[39m[0m

      at src/common/multi-tenant-isolation.property.spec.ts:614:23
      at AsyncProperty.run (node_modules/fast-check/lib/cjs/fast-check.js:1212:19)

    console.error
      Concurrent isolation test error: JestAssertionError: expect(received).toBe(expected) // Object.is 
equality
      
      Expected: true
      Received: false
          at verifyConcurrentIsolation (G:\Payroll 
System\backend\src\common\multi-tenant-isolation.property.spec.ts:1048:95)
          at processTicksAndRejections (node:internal/process/task_queues:104:5)
          at G:\Payroll System\backend\src\common\multi-tenant-isolation.property.spec.ts:612:15
          at AsyncProperty.run (G:\Payroll 
System\backend\node_modules\fast-check\lib\cjs\fast-check.js:1212:19) {
        matcherResult: {
          actual: false,
          expected: true,
          message: 'expect(received).toBe(expected) // Object.is equality\n' +
            '\n' +
            'Expected: true\n' +
            'Received: false',
          name: 'toBe',
          pass: false
        }
      }

    [0m [90m 612 |[39m               [36mawait[39m verifyConcurrentIsolation(tenant1[33m,[39m 
tenant2)[33m;[39m
     [90m 613 |[39m             } [36mcatch[39m (error) {
    [31m[1m>[22m[39m[90m 614 |[39m               console[33m.[39merror([32m'Concurrent 
isolation test error:'[39m[33m,[39m error)[33m;[39m
     [90m     |[39m                       [31m[1m^[22m[39m
     [90m 615 |[39m               [36mthrow[39m error[33m;[39m
     [90m 616 |[39m             } [36mfinally[39m {
     [90m 617 |[39m               [90m// Always clean up after each iteration[39m[0m

      at src/common/multi-tenant-isolation.property.spec.ts:614:23
      at AsyncProperty.run (node_modules/fast-check/lib/cjs/fast-check.js:1212:19)

    console.error
      Concurrent isolation test error: JestAssertionError: expect(received).toBe(expected) // Object.is 
equality
      
      Expected: true
      Received: false
          at verifyConcurrentIsolation (G:\Payroll 
System\backend\src\common\multi-tenant-isolation.property.spec.ts:1048:95)
          at processTicksAndRejections (node:internal/process/task_queues:104:5)
          at G:\Payroll System\backend\src\common\multi-tenant-isolation.property.spec.ts:612:15
          at AsyncProperty.run (G:\Payroll 
System\backend\node_modules\fast-check\lib\cjs\fast-check.js:1212:19) {
        matcherResult: {
          actual: false,
          expected: true,
          message: 'expect(received).toBe(expected) // Object.is equality\n' +
            '\n' +
            'Expected: true\n' +
            'Received: false',
          name: 'toBe',
          pass: false
        }
      }

    [0m [90m 612 |[39m               [36mawait[39m verifyConcurrentIsolation(tenant1[33m,[39m 
tenant2)[33m;[39m
     [90m 613 |[39m             } [36mcatch[39m (error) {
    [31m[1m>[22m[39m[90m 614 |[39m               console[33m.[39merror([32m'Concurrent 
isolation test error:'[39m[33m,[39m error)[33m;[39m
     [90m     |[39m                       [31m[1m^[22m[39m
     [90m 615 |[39m               [36mthrow[39m error[33m;[39m
     [90m 616 |[39m             } [36mfinally[39m {
     [90m 617 |[39m               [90m// Always clean up after each iteration[39m[0m

      at src/common/multi-tenant-isolation.property.spec.ts:614:23
      at AsyncProperty.run (node_modules/fast-check/lib/cjs/fast-check.js:1212:19)

    console.error
      Concurrent isolation test error: JestAssertionError: expect(received).toBe(expected) // Object.is 
equality
      
      Expected: true
      Received: false
          at verifyConcurrentIsolation (G:\Payroll 
System\backend\src\common\multi-tenant-isolation.property.spec.ts:1048:95)
          at processTicksAndRejections (node:internal/process/task_queues:104:5)
          at G:\Payroll System\backend\src\common\multi-tenant-isolation.property.spec.ts:612:15
          at AsyncProperty.run (G:\Payroll 
System\backend\node_modules\fast-check\lib\cjs\fast-check.js:1212:19) {
        matcherResult: {
          actual: false,
          expected: true,
          message: 'expect(received).toBe(expected) // Object.is equality\n' +
            '\n' +
            'Expected: true\n' +
            'Received: false',
          name: 'toBe',
          pass: false
        }
      }

    [0m [90m 612 |[39m               [36mawait[39m verifyConcurrentIsolation(tenant1[33m,[39m 
tenant2)[33m;[39m
     [90m 613 |[39m             } [36mcatch[39m (error) {
    [31m[1m>[22m[39m[90m 614 |[39m               console[33m.[39merror([32m'Concurrent 
isolation test error:'[39m[33m,[39m error)[33m;[39m
     [90m     |[39m                       [31m[1m^[22m[39m
     [90m 615 |[39m               [36mthrow[39m error[33m;[39m
     [90m 616 |[39m             } [36mfinally[39m {
     [90m 617 |[39m               [90m// Always clean up after each iteration[39m[0m

      at src/common/multi-tenant-isolation.property.spec.ts:614:23
      at AsyncProperty.run (node_modules/fast-check/lib/cjs/fast-check.js:1212:19)

    console.error
      Concurrent isolation test error: JestAssertionError: expect(received).toBe(expected) // Object.is 
equality
      
      Expected: true
      Received: false
          at verifyConcurrentIsolation (G:\Payroll 
System\backend\src\common\multi-tenant-isolation.property.spec.ts:1048:95)
          at processTicksAndRejections (node:internal/process/task_queues:104:5)
          at G:\Payroll System\backend\src\common\multi-tenant-isolation.property.spec.ts:612:15
          at AsyncProperty.run (G:\Payroll 
System\backend\node_modules\fast-check\lib\cjs\fast-check.js:1212:19) {
        matcherResult: {
          actual: false,
          expected: true,
          message: 'expect(received).toBe(expected) // Object.is equality\n' +
            '\n' +
            'Expected: true\n' +
            'Received: false',
          name: 'toBe',
          pass: false
        }
      }

    [0m [90m 612 |[39m               [36mawait[39m verifyConcurrentIsolation(tenant1[33m,[39m 
tenant2)[33m;[39m
     [90m 613 |[39m             } [36mcatch[39m (error) {
    [31m[1m>[22m[39m[90m 614 |[39m               console[33m.[39merror([32m'Concurrent 
isolation test error:'[39m[33m,[39m error)[33m;[39m
     [90m     |[39m                       [31m[1m^[22m[39m
     [90m 615 |[39m               [36mthrow[39m error[33m;[39m
     [90m 616 |[39m             } [36mfinally[39m {
     [90m 617 |[39m               [90m// Always clean up after each iteration[39m[0m

      at src/common/multi-tenant-isolation.property.spec.ts:614:23
      at AsyncProperty.run (node_modules/fast-check/lib/cjs/fast-check.js:1212:19)

    console.error
      Concurrent isolation test error: JestAssertionError: expect(received).toBe(expected) // Object.is 
equality
      
      Expected: true
      Received: false
          at verifyConcurrentIsolation (G:\Payroll 
System\backend\src\common\multi-tenant-isolation.property.spec.ts:1048:95)
          at processTicksAndRejections (node:internal/process/task_queues:104:5)
          at G:\Payroll System\backend\src\common\multi-tenant-isolation.property.spec.ts:612:15
          at AsyncProperty.run (G:\Payroll 
System\backend\node_modules\fast-check\lib\cjs\fast-check.js:1212:19) {
        matcherResult: {
          actual: false,
          expected: true,
          message: 'expect(received).toBe(expected) // Object.is equality\n' +
            '\n' +
            'Expected: true\n' +
            'Received: false',
          name: 'toBe',
          pass: false
        }
      }

    [0m [90m 612 |[39m               [36mawait[39m verifyConcurrentIsolation(tenant1[33m,[39m 
tenant2)[33m;[39m
     [90m 613 |[39m             } [36mcatch[39m (error) {
    [31m[1m>[22m[39m[90m 614 |[39m               console[33m.[39merror([32m'Concurrent 
isolation test error:'[39m[33m,[39m error)[33m;[39m
     [90m     |[39m                       [31m[1m^[22m[39m
     [90m 615 |[39m               [36mthrow[39m error[33m;[39m
     [90m 616 |[39m             } [36mfinally[39m {
     [90m 617 |[39m               [90m// Always clean up after each iteration[39m[0m

      at src/common/multi-tenant-isolation.property.spec.ts:614:23
      at AsyncProperty.run (node_modules/fast-check/lib/cjs/fast-check.js:1212:19)

    console.error
      Concurrent isolation test error: JestAssertionError: expect(received).toBe(expected) // Object.is 
equality
      
      Expected: true
      Received: false
          at verifyConcurrentIsolation (G:\Payroll 
System\backend\src\common\multi-tenant-isolation.property.spec.ts:1048:95)
          at processTicksAndRejections (node:internal/process/task_queues:104:5)
          at G:\Payroll System\backend\src\common\multi-tenant-isolation.property.spec.ts:612:15
          at AsyncProperty.run (G:\Payroll 
System\backend\node_modules\fast-check\lib\cjs\fast-check.js:1212:19) {
        matcherResult: {
          actual: false,
          expected: true,
          message: 'expect(received).toBe(expected) // Object.is equality\n' +
            '\n' +
            'Expected: true\n' +
            'Received: false',
          name: 'toBe',
          pass: false
        }
      }

    [0m [90m 612 |[39m               [36mawait[39m verifyConcurrentIsolation(tenant1[33m,[39m 
tenant2)[33m;[39m
     [90m 613 |[39m             } [36mcatch[39m (error) {
    [31m[1m>[22m[39m[90m 614 |[39m               console[33m.[39merror([32m'Concurrent 
isolation test error:'[39m[33m,[39m error)[33m;[39m
     [90m     |[39m                       [31m[1m^[22m[39m
     [90m 615 |[39m               [36mthrow[39m error[33m;[39m
     [90m 616 |[39m             } [36mfinally[39m {
     [90m 617 |[39m               [90m// Always clean up after each iteration[39m[0m

      at src/common/multi-tenant-isolation.property.spec.ts:614:23
      at AsyncProperty.run (node_modules/fast-check/lib/cjs/fast-check.js:1212:19)

    console.error
      Concurrent isolation test error: JestAssertionError: expect(received).toBe(expected) // Object.is 
equality
      
      Expected: true
      Received: false
          at verifyConcurrentIsolation (G:\Payroll 
System\backend\src\common\multi-tenant-isolation.property.spec.ts:1048:95)
          at processTicksAndRejections (node:internal/process/task_queues:104:5)
          at G:\Payroll System\backend\src\common\multi-tenant-isolation.property.spec.ts:612:15
          at AsyncProperty.run (G:\Payroll 
System\backend\node_modules\fast-check\lib\cjs\fast-check.js:1212:19) {
        matcherResult: {
          actual: false,
          expected: true,
          message: 'expect(received).toBe(expected) // Object.is equality\n' +
            '\n' +
            'Expected: true\n' +
            'Received: false',
          name: 'toBe',
          pass: false
        }
      }

    [0m [90m 612 |[39m               [36mawait[39m verifyConcurrentIsolation(tenant1[33m,[39m 
tenant2)[33m;[39m
     [90m 613 |[39m             } [36mcatch[39m (error) {
    [31m[1m>[22m[39m[90m 614 |[39m               console[33m.[39merror([32m'Concurrent 
isolation test error:'[39m[33m,[39m error)[33m;[39m
     [90m     |[39m                       [31m[1m^[22m[39m
     [90m 615 |[39m               [36mthrow[39m error[33m;[39m
     [90m 616 |[39m             } [36mfinally[39m {
     [90m 617 |[39m               [90m// Always clean up after each iteration[39m[0m

      at src/common/multi-tenant-isolation.property.spec.ts:614:23
      at AsyncProperty.run (node_modules/fast-check/lib/cjs/fast-check.js:1212:19)

    console.error
      Concurrent isolation test error: JestAssertionError: expect(received).toBe(expected) // Object.is 
equality
      
      Expected: true
      Received: false
          at verifyConcurrentIsolation (G:\Payroll 
System\backend\src\common\multi-tenant-isolation.property.spec.ts:1048:95)
          at processTicksAndRejections (node:internal/process/task_queues:104:5)
          at G:\Payroll System\backend\src\common\multi-tenant-isolation.property.spec.ts:612:15
          at AsyncProperty.run (G:\Payroll 
System\backend\node_modules\fast-check\lib\cjs\fast-check.js:1212:19) {
        matcherResult: {
          actual: false,
          expected: true,
          message: 'expect(received).toBe(expected) // Object.is equality\n' +
            '\n' +
            'Expected: true\n' +
            'Received: false',
          name: 'toBe',
          pass: false
        }
      }

    [0m [90m 612 |[39m               [36mawait[39m verifyConcurrentIsolation(tenant1[33m,[39m 
tenant2)[33m;[39m
     [90m 613 |[39m             } [36mcatch[39m (error) {
    [31m[1m>[22m[39m[90m 614 |[39m               console[33m.[39merror([32m'Concurrent 
isolation test error:'[39m[33m,[39m error)[33m;[39m
     [90m     |[39m                       [31m[1m^[22m[39m
     [90m 615 |[39m               [36mthrow[39m error[33m;[39m
     [90m 616 |[39m             } [36mfinally[39m {
     [90m 617 |[39m               [90m// Always clean up after each iteration[39m[0m

      at src/common/multi-tenant-isolation.property.spec.ts:614:23
      at AsyncProperty.run (node_modules/fast-check/lib/cjs/fast-check.js:1212:19)

    console.error
      Concurrent isolation test error: JestAssertionError: expect(received).toBe(expected) // Object.is 
equality
      
      Expected: true
      Received: false
          at verifyConcurrentIsolation (G:\Payroll 
System\backend\src\common\multi-tenant-isolation.property.spec.ts:1048:95)
          at processTicksAndRejections (node:internal/process/task_queues:104:5)
          at G:\Payroll System\backend\src\common\multi-tenant-isolation.property.spec.ts:612:15
          at AsyncProperty.run (G:\Payroll 
System\backend\node_modules\fast-check\lib\cjs\fast-check.js:1212:19) {
        matcherResult: {
          actual: false,
          expected: true,
          message: 'expect(received).toBe(expected) // Object.is equality\n' +
            '\n' +
            'Expected: true\n' +
            'Received: false',
          name: 'toBe',
          pass: false
        }
      }

    [0m [90m 612 |[39m               [36mawait[39m verifyConcurrentIsolation(tenant1[33m,[39m 
tenant2)[33m;[39m
     [90m 613 |[39m             } [36mcatch[39m (error) {
    [31m[1m>[22m[39m[90m 614 |[39m               console[33m.[39merror([32m'Concurrent 
isolation test error:'[39m[33m,[39m error)[33m;[39m
     [90m     |[39m                       [31m[1m^[22m[39m
     [90m 615 |[39m               [36mthrow[39m error[33m;[39m
     [90m 616 |[39m             } [36mfinally[39m {
     [90m 617 |[39m               [90m// Always clean up after each iteration[39m[0m

      at src/common/multi-tenant-isolation.property.spec.ts:614:23
      at AsyncProperty.run (node_modules/fast-check/lib/cjs/fast-check.js:1212:19)

    console.error
      Concurrent isolation test error: JestAssertionError: expect(received).toBe(expected) // Object.is 
equality
      
      Expected: true
      Received: false
          at verifyConcurrentIsolation (G:\Payroll 
System\backend\src\common\multi-tenant-isolation.property.spec.ts:1048:95)
          at processTicksAndRejections (node:internal/process/task_queues:104:5)
          at G:\Payroll System\backend\src\common\multi-tenant-isolation.property.spec.ts:612:15
          at AsyncProperty.run (G:\Payroll 
System\backend\node_modules\fast-check\lib\cjs\fast-check.js:1212:19) {
        matcherResult: {
          actual: false,
          expected: true,
          message: 'expect(received).toBe(expected) // Object.is equality\n' +
            '\n' +
            'Expected: true\n' +
            'Received: false',
          name: 'toBe',
          pass: false
        }
      }

    [0m [90m 612 |[39m               [36mawait[39m verifyConcurrentIsolation(tenant1[33m,[39m 
tenant2)[33m;[39m
     [90m 613 |[39m             } [36mcatch[39m (error) {
    [31m[1m>[22m[39m[90m 614 |[39m               console[33m.[39merror([32m'Concurrent 
isolation test error:'[39m[33m,[39m error)[33m;[39m
     [90m     |[39m                       [31m[1m^[22m[39m
     [90m 615 |[39m               [36mthrow[39m error[33m;[39m
     [90m 616 |[39m             } [36mfinally[39m {
     [90m 617 |[39m               [90m// Always clean up after each iteration[39m[0m

      at src/common/multi-tenant-isolation.property.spec.ts:614:23
      at AsyncProperty.run (node_modules/fast-check/lib/cjs/fast-check.js:1212:19)

    console.error
      Concurrent isolation test error: JestAssertionError: expect(received).toBe(expected) // Object.is 
equality
      
      Expected: true
      Received: false
          at verifyConcurrentIsolation (G:\Payroll 
System\backend\src\common\multi-tenant-isolation.property.spec.ts:1048:95)
          at processTicksAndRejections (node:internal/process/task_queues:104:5)
          at G:\Payroll System\backend\src\common\multi-tenant-isolation.property.spec.ts:612:15
          at AsyncProperty.run (G:\Payroll 
System\backend\node_modules\fast-check\lib\cjs\fast-check.js:1212:19) {
        matcherResult: {
          actual: false,
          expected: true,
          message: 'expect(received).toBe(expected) // Object.is equality\n' +
            '\n' +
            'Expected: true\n' +
            'Received: false',
          name: 'toBe',
          pass: false
        }
      }

    [0m [90m 612 |[39m               [36mawait[39m verifyConcurrentIsolation(tenant1[33m,[39m 
tenant2)[33m;[39m
     [90m 613 |[39m             } [36mcatch[39m (error) {
    [31m[1m>[22m[39m[90m 614 |[39m               console[33m.[39merror([32m'Concurrent 
isolation test error:'[39m[33m,[39m error)[33m;[39m
     [90m     |[39m                       [31m[1m^[22m[39m
     [90m 615 |[39m               [36mthrow[39m error[33m;[39m
     [90m 616 |[39m             } [36mfinally[39m {
     [90m 617 |[39m               [90m// Always clean up after each iteration[39m[0m

      at src/common/multi-tenant-isolation.property.spec.ts:614:23
      at AsyncProperty.run (node_modules/fast-check/lib/cjs/fast-check.js:1212:19)

    console.error
      Concurrent isolation test error: JestAssertionError: expect(received).toBe(expected) // Object.is 
equality
      
      Expected: true
      Received: false
          at verifyConcurrentIsolation (G:\Payroll 
System\backend\src\common\multi-tenant-isolation.property.spec.ts:1048:95)
          at processTicksAndRejections (node:internal/process/task_queues:104:5)
          at G:\Payroll System\backend\src\common\multi-tenant-isolation.property.spec.ts:612:15
          at AsyncProperty.run (G:\Payroll 
System\backend\node_modules\fast-check\lib\cjs\fast-check.js:1212:19) {
        matcherResult: {
          actual: false,
          expected: true,
          message: 'expect(received).toBe(expected) // Object.is equality\n' +
            '\n' +
            'Expected: true\n' +
            'Received: false',
          name: 'toBe',
          pass: false
        }
      }

    [0m [90m 612 |[39m               [36mawait[39m verifyConcurrentIsolation(tenant1[33m,[39m 
tenant2)[33m;[39m
     [90m 613 |[39m             } [36mcatch[39m (error) {
    [31m[1m>[22m[39m[90m 614 |[39m               console[33m.[39merror([32m'Concurrent 
isolation test error:'[39m[33m,[39m error)[33m;[39m
     [90m     |[39m                       [31m[1m^[22m[39m
     [90m 615 |[39m               [36mthrow[39m error[33m;[39m
     [90m 616 |[39m             } [36mfinally[39m {
     [90m 617 |[39m               [90m// Always clean up after each iteration[39m[0m

      at src/common/multi-tenant-isolation.property.spec.ts:614:23
      at AsyncProperty.run (node_modules/fast-check/lib/cjs/fast-check.js:1212:19)

    console.error
      Concurrent isolation test error: JestAssertionError: expect(received).toBe(expected) // Object.is 
equality
      
      Expected: true
      Received: false
          at verifyConcurrentIsolation (G:\Payroll 
System\backend\src\common\multi-tenant-isolation.property.spec.ts:1048:95)
          at processTicksAndRejections (node:internal/process/task_queues:104:5)
          at G:\Payroll System\backend\src\common\multi-tenant-isolation.property.spec.ts:612:15
          at AsyncProperty.run (G:\Payroll 
System\backend\node_modules\fast-check\lib\cjs\fast-check.js:1212:19) {
        matcherResult: {
          actual: false,
          expected: true,
          message: 'expect(received).toBe(expected) // Object.is equality\n' +
            '\n' +
            'Expected: true\n' +
            'Received: false',
          name: 'toBe',
          pass: false
        }
      }

    [0m [90m 612 |[39m               [36mawait[39m verifyConcurrentIsolation(tenant1[33m,[39m 
tenant2)[33m;[39m
     [90m 613 |[39m             } [36mcatch[39m (error) {
    [31m[1m>[22m[39m[90m 614 |[39m               console[33m.[39merror([32m'Concurrent 
isolation test error:'[39m[33m,[39m error)[33m;[39m
     [90m     |[39m                       [31m[1m^[22m[39m
     [90m 615 |[39m               [36mthrow[39m error[33m;[39m
     [90m 616 |[39m             } [36mfinally[39m {
     [90m 617 |[39m               [90m// Always clean up after each iteration[39m[0m

      at src/common/multi-tenant-isolation.property.spec.ts:614:23
      at AsyncProperty.run (node_modules/fast-check/lib/cjs/fast-check.js:1212:19)

    console.error
      Concurrent isolation test error: JestAssertionError: expect(received).toBe(expected) // Object.is 
equality
      
      Expected: true
      Received: false
          at verifyConcurrentIsolation (G:\Payroll 
System\backend\src\common\multi-tenant-isolation.property.spec.ts:1048:95)
          at processTicksAndRejections (node:internal/process/task_queues:104:5)
          at G:\Payroll System\backend\src\common\multi-tenant-isolation.property.spec.ts:612:15
          at AsyncProperty.run (G:\Payroll 
System\backend\node_modules\fast-check\lib\cjs\fast-check.js:1212:19) {
        matcherResult: {
          actual: false,
          expected: true,
          message: 'expect(received).toBe(expected) // Object.is equality\n' +
            '\n' +
            'Expected: true\n' +
            'Received: false',
          name: 'toBe',
          pass: false
        }
      }

    [0m [90m 612 |[39m               [36mawait[39m verifyConcurrentIsolation(tenant1[33m,[39m 
tenant2)[33m;[39m
     [90m 613 |[39m             } [36mcatch[39m (error) {
    [31m[1m>[22m[39m[90m 614 |[39m               console[33m.[39merror([32m'Concurrent 
isolation test error:'[39m[33m,[39m error)[33m;[39m
     [90m     |[39m                       [31m[1m^[22m[39m
     [90m 615 |[39m               [36mthrow[39m error[33m;[39m
     [90m 616 |[39m             } [36mfinally[39m {
     [90m 617 |[39m               [90m// Always clean up after each iteration[39m[0m

      at src/common/multi-tenant-isolation.property.spec.ts:614:23
      at AsyncProperty.run (node_modules/fast-check/lib/cjs/fast-check.js:1212:19)

    console.error
      Concurrent isolation test error: JestAssertionError: expect(received).toBe(expected) // Object.is 
equality
      
      Expected: true
      Received: false
          at verifyConcurrentIsolation (G:\Payroll 
System\backend\src\common\multi-tenant-isolation.property.spec.ts:1048:95)
          at processTicksAndRejections (node:internal/process/task_queues:104:5)
          at G:\Payroll System\backend\src\common\multi-tenant-isolation.property.spec.ts:612:15
          at AsyncProperty.run (G:\Payroll 
System\backend\node_modules\fast-check\lib\cjs\fast-check.js:1212:19) {
        matcherResult: {
          actual: false,
          expected: true,
          message: 'expect(received).toBe(expected) // Object.is equality\n' +
            '\n' +
            'Expected: true\n' +
            'Received: false',
          name: 'toBe',
          pass: false
        }
      }

    [0m [90m 612 |[39m               [36mawait[39m verifyConcurrentIsolation(tenant1[33m,[39m 
tenant2)[33m;[39m
     [90m 613 |[39m             } [36mcatch[39m (error) {
    [31m[1m>[22m[39m[90m 614 |[39m               console[33m.[39merror([32m'Concurrent 
isolation test error:'[39m[33m,[39m error)[33m;[39m
     [90m     |[39m                       [31m[1m^[22m[39m
     [90m 615 |[39m               [36mthrow[39m error[33m;[39m
     [90m 616 |[39m             } [36mfinally[39m {
     [90m 617 |[39m               [90m// Always clean up after each iteration[39m[0m

      at src/common/multi-tenant-isolation.property.spec.ts:614:23
      at AsyncProperty.run (node_modules/fast-check/lib/cjs/fast-check.js:1212:19)

    console.error
      Concurrent isolation test error: JestAssertionError: expect(received).toBe(expected) // Object.is 
equality
      
      Expected: true
      Received: false
          at verifyConcurrentIsolation (G:\Payroll 
System\backend\src\common\multi-tenant-isolation.property.spec.ts:1048:95)
          at processTicksAndRejections (node:internal/process/task_queues:104:5)
          at G:\Payroll System\backend\src\common\multi-tenant-isolation.property.spec.ts:612:15
          at AsyncProperty.run (G:\Payroll 
System\backend\node_modules\fast-check\lib\cjs\fast-check.js:1212:19) {
        matcherResult: {
          actual: false,
          expected: true,
          message: 'expect(received).toBe(expected) // Object.is equality\n' +
            '\n' +
            'Expected: true\n' +
            'Received: false',
          name: 'toBe',
          pass: false
        }
      }

    [0m [90m 612 |[39m               [36mawait[39m verifyConcurrentIsolation(tenant1[33m,[39m 
tenant2)[33m;[39m
     [90m 613 |[39m             } [36mcatch[39m (error) {
    [31m[1m>[22m[39m[90m 614 |[39m               console[33m.[39merror([32m'Concurrent 
isolation test error:'[39m[33m,[39m error)[33m;[39m
     [90m     |[39m                       [31m[1m^[22m[39m
     [90m 615 |[39m               [36mthrow[39m error[33m;[39m
     [90m 616 |[39m             } [36mfinally[39m {
     [90m 617 |[39m               [90m// Always clean up after each iteration[39m[0m

      at src/common/multi-tenant-isolation.property.spec.ts:614:23
      at AsyncProperty.run (node_modules/fast-check/lib/cjs/fast-check.js:1212:19)

    console.error
      Concurrent isolation test error: JestAssertionError: expect(received).toBe(expected) // Object.is 
equality
      
      Expected: true
      Received: false
          at verifyConcurrentIsolation (G:\Payroll 
System\backend\src\common\multi-tenant-isolation.property.spec.ts:1048:95)
          at processTicksAndRejections (node:internal/process/task_queues:104:5)
          at G:\Payroll System\backend\src\common\multi-tenant-isolation.property.spec.ts:612:15
          at AsyncProperty.run (G:\Payroll 
System\backend\node_modules\fast-check\lib\cjs\fast-check.js:1212:19) {
        matcherResult: {
          actual: false,
          expected: true,
          message: 'expect(received).toBe(expected) // Object.is equality\n' +
            '\n' +
            'Expected: true\n' +
            'Received: false',
          name: 'toBe',
          pass: false
        }
      }

    [0m [90m 612 |[39m               [36mawait[39m verifyConcurrentIsolation(tenant1[33m,[39m 
tenant2)[33m;[39m
     [90m 613 |[39m             } [36mcatch[39m (error) {
    [31m[1m>[22m[39m[90m 614 |[39m               console[33m.[39merror([32m'Concurrent 
isolation test error:'[39m[33m,[39m error)[33m;[39m
     [90m     |[39m                       [31m[1m^[22m[39m
     [90m 615 |[39m               [36mthrow[39m error[33m;[39m
     [90m 616 |[39m             } [36mfinally[39m {
     [90m 617 |[39m               [90m// Always clean up after each iteration[39m[0m

      at src/common/multi-tenant-isolation.property.spec.ts:614:23
      at AsyncProperty.run (node_modules/fast-check/lib/cjs/fast-check.js:1212:19)

    console.error
      Concurrent isolation test error: JestAssertionError: expect(received).toBe(expected) // Object.is 
equality
      
      Expected: true
      Received: false
          at verifyConcurrentIsolation (G:\Payroll 
System\backend\src\common\multi-tenant-isolation.property.spec.ts:1048:95)
          at processTicksAndRejections (node:internal/process/task_queues:104:5)
          at G:\Payroll System\backend\src\common\multi-tenant-isolation.property.spec.ts:612:15
          at AsyncProperty.run (G:\Payroll 
System\backend\node_modules\fast-check\lib\cjs\fast-check.js:1212:19) {
        matcherResult: {
          actual: false,
          expected: true,
          message: 'expect(received).toBe(expected) // Object.is equality\n' +
            '\n' +
            'Expected: true\n' +
            'Received: false',
          name: 'toBe',
          pass: false
        }
      }

    [0m [90m 612 |[39m               [36mawait[39m verifyConcurrentIsolation(tenant1[33m,[39m 
tenant2)[33m;[39m
     [90m 613 |[39m             } [36mcatch[39m (error) {
    [31m[1m>[22m[39m[90m 614 |[39m               console[33m.[39merror([32m'Concurrent 
isolation test error:'[39m[33m,[39m error)[33m;[39m
     [90m     |[39m                       [31m[1m^[22m[39m
     [90m 615 |[39m               [36mthrow[39m error[33m;[39m
     [90m 616 |[39m             } [36mfinally[39m {
     [90m 617 |[39m               [90m// Always clean up after each iteration[39m[0m

      at src/common/multi-tenant-isolation.property.spec.ts:614:23
      at AsyncProperty.run (node_modules/fast-check/lib/cjs/fast-check.js:1212:19)

    console.error
      Concurrent isolation test error: JestAssertionError: expect(received).toBe(expected) // Object.is 
equality
      
      Expected: true
      Received: false
          at verifyConcurrentIsolation (G:\Payroll 
System\backend\src\common\multi-tenant-isolation.property.spec.ts:1048:95)
          at processTicksAndRejections (node:internal/process/task_queues:104:5)
          at G:\Payroll System\backend\src\common\multi-tenant-isolation.property.spec.ts:612:15
          at AsyncProperty.run (G:\Payroll 
System\backend\node_modules\fast-check\lib\cjs\fast-check.js:1212:19) {
        matcherResult: {
          actual: false,
          expected: true,
          message: 'expect(received).toBe(expected) // Object.is equality\n' +
            '\n' +
            'Expected: true\n' +
            'Received: false',
          name: 'toBe',
          pass: false
        }
      }

    [0m [90m 612 |[39m               [36mawait[39m verifyConcurrentIsolation(tenant1[33m,[39m 
tenant2)[33m;[39m
     [90m 613 |[39m             } [36mcatch[39m (error) {
    [31m[1m>[22m[39m[90m 614 |[39m               console[33m.[39merror([32m'Concurrent 
isolation test error:'[39m[33m,[39m error)[33m;[39m
     [90m     |[39m                       [31m[1m^[22m[39m
     [90m 615 |[39m               [36mthrow[39m error[33m;[39m
     [90m 616 |[39m             } [36mfinally[39m {
     [90m 617 |[39m               [90m// Always clean up after each iteration[39m[0m

      at src/common/multi-tenant-isolation.property.spec.ts:614:23
      at AsyncProperty.run (node_modules/fast-check/lib/cjs/fast-check.js:1212:19)

    console.error
      Concurrent isolation test error: JestAssertionError: expect(received).toBe(expected) // Object.is 
equality
      
      Expected: true
      Received: false
          at verifyConcurrentIsolation (G:\Payroll 
System\backend\src\common\multi-tenant-isolation.property.spec.ts:1048:95)
          at processTicksAndRejections (node:internal/process/task_queues:104:5)
          at G:\Payroll System\backend\src\common\multi-tenant-isolation.property.spec.ts:612:15
          at AsyncProperty.run (G:\Payroll 
System\backend\node_modules\fast-check\lib\cjs\fast-check.js:1212:19) {
        matcherResult: {
          actual: false,
          expected: true,
          message: 'expect(received).toBe(expected) // Object.is equality\n' +
            '\n' +
            'Expected: true\n' +
            'Received: false',
          name: 'toBe',
          pass: false
        }
      }

    [0m [90m 612 |[39m               [36mawait[39m verifyConcurrentIsolation(tenant1[33m,[39m 
tenant2)[33m;[39m
     [90m 613 |[39m             } [36mcatch[39m (error) {
    [31m[1m>[22m[39m[90m 614 |[39m               console[33m.[39merror([32m'Concurrent 
isolation test error:'[39m[33m,[39m error)[33m;[39m
     [90m     |[39m                       [31m[1m^[22m[39m
     [90m 615 |[39m               [36mthrow[39m error[33m;[39m
     [90m 616 |[39m             } [36mfinally[39m {
     [90m 617 |[39m               [90m// Always clean up after each iteration[39m[0m

      at src/common/multi-tenant-isolation.property.spec.ts:614:23
      at AsyncProperty.run (node_modules/fast-check/lib/cjs/fast-check.js:1212:19)

    console.error
      Concurrent isolation test error: JestAssertionError: expect(received).toBe(expected) // Object.is 
equality
      
      Expected: true
      Received: false
          at verifyConcurrentIsolation (G:\Payroll 
System\backend\src\common\multi-tenant-isolation.property.spec.ts:1048:95)
          at processTicksAndRejections (node:internal/process/task_queues:104:5)
          at G:\Payroll System\backend\src\common\multi-tenant-isolation.property.spec.ts:612:15
          at AsyncProperty.run (G:\Payroll 
System\backend\node_modules\fast-check\lib\cjs\fast-check.js:1212:19) {
        matcherResult: {
          actual: false,
          expected: true,
          message: 'expect(received).toBe(expected) // Object.is equality\n' +
            '\n' +
            'Expected: true\n' +
            'Received: false',
          name: 'toBe',
          pass: false
        }
      }

    [0m [90m 612 |[39m               [36mawait[39m verifyConcurrentIsolation(tenant1[33m,[39m 
tenant2)[33m;[39m
     [90m 613 |[39m             } [36mcatch[39m (error) {
    [31m[1m>[22m[39m[90m 614 |[39m               console[33m.[39merror([32m'Concurrent 
isolation test error:'[39m[33m,[39m error)[33m;[39m
     [90m     |[39m                       [31m[1m^[22m[39m
     [90m 615 |[39m               [36mthrow[39m error[33m;[39m
     [90m 616 |[39m             } [36mfinally[39m {
     [90m 617 |[39m               [90m// Always clean up after each iteration[39m[0m

      at src/common/multi-tenant-isolation.property.spec.ts:614:23
      at AsyncProperty.run (node_modules/fast-check/lib/cjs/fast-check.js:1212:19)

    console.error
      Concurrent isolation test error: JestAssertionError: expect(received).toBe(expected) // Object.is 
equality
      
      Expected: true
      Received: false
          at verifyConcurrentIsolation (G:\Payroll 
System\backend\src\common\multi-tenant-isolation.property.spec.ts:1048:95)
          at processTicksAndRejections (node:internal/process/task_queues:104:5)
          at G:\Payroll System\backend\src\common\multi-tenant-isolation.property.spec.ts:612:15
          at AsyncProperty.run (G:\Payroll 
System\backend\node_modules\fast-check\lib\cjs\fast-check.js:1212:19) {
        matcherResult: {
          actual: false,
          expected: true,
          message: 'expect(received).toBe(expected) // Object.is equality\n' +
            '\n' +
            'Expected: true\n' +
            'Received: false',
          name: 'toBe',
          pass: false
        }
      }

    [0m [90m 612 |[39m               [36mawait[39m verifyConcurrentIsolation(tenant1[33m,[39m 
tenant2)[33m;[39m
     [90m 613 |[39m             } [36mcatch[39m (error) {
    [31m[1m>[22m[39m[90m 614 |[39m               console[33m.[39merror([32m'Concurrent 
isolation test error:'[39m[33m,[39m error)[33m;[39m
     [90m     |[39m                       [31m[1m^[22m[39m
     [90m 615 |[39m               [36mthrow[39m error[33m;[39m
     [90m 616 |[39m             } [36mfinally[39m {
     [90m 617 |[39m               [90m// Always clean up after each iteration[39m[0m

      at src/common/multi-tenant-isolation.property.spec.ts:614:23
      at AsyncProperty.run (node_modules/fast-check/lib/cjs/fast-check.js:1212:19)

    console.error
      Concurrent isolation test error: JestAssertionError: expect(received).toBe(expected) // Object.is 
equality
      
      Expected: true
      Received: false
          at verifyConcurrentIsolation (G:\Payroll 
System\backend\src\common\multi-tenant-isolation.property.spec.ts:1048:95)
          at processTicksAndRejections (node:internal/process/task_queues:104:5)
          at G:\Payroll System\backend\src\common\multi-tenant-isolation.property.spec.ts:612:15
          at AsyncProperty.run (G:\Payroll 
System\backend\node_modules\fast-check\lib\cjs\fast-check.js:1212:19) {
        matcherResult: {
          actual: false,
          expected: true,
          message: 'expect(received).toBe(expected) // Object.is equality\n' +
            '\n' +
            'Expected: true\n' +
            'Received: false',
          name: 'toBe',
          pass: false
        }
      }

    [0m [90m 612 |[39m               [36mawait[39m verifyConcurrentIsolation(tenant1[33m,[39m 
tenant2)[33m;[39m
     [90m 613 |[39m             } [36mcatch[39m (error) {
    [31m[1m>[22m[39m[90m 614 |[39m               console[33m.[39merror([32m'Concurrent 
isolation test error:'[39m[33m,[39m error)[33m;[39m
     [90m     |[39m                       [31m[1m^[22m[39m
     [90m 615 |[39m               [36mthrow[39m error[33m;[39m
     [90m 616 |[39m             } [36mfinally[39m {
     [90m 617 |[39m               [90m// Always clean up after each iteration[39m[0m

      at src/common/multi-tenant-isolation.property.spec.ts:614:23
      at AsyncProperty.run (node_modules/fast-check/lib/cjs/fast-check.js:1212:19)

    console.error
      Concurrent isolation test error: JestAssertionError: expect(received).toBe(expected) // Object.is 
equality
      
      Expected: true
      Received: false
          at verifyConcurrentIsolation (G:\Payroll 
System\backend\src\common\multi-tenant-isolation.property.spec.ts:1048:95)
          at processTicksAndRejections (node:internal/process/task_queues:104:5)
          at G:\Payroll System\backend\src\common\multi-tenant-isolation.property.spec.ts:612:15
          at AsyncProperty.run (G:\Payroll 
System\backend\node_modules\fast-check\lib\cjs\fast-check.js:1212:19) {
        matcherResult: {
          actual: false,
          expected: true,
          message: 'expect(received).toBe(expected) // Object.is equality\n' +
            '\n' +
            'Expected: true\n' +
            'Received: false',
          name: 'toBe',
          pass: false
        }
      }

    [0m [90m 612 |[39m               [36mawait[39m verifyConcurrentIsolation(tenant1[33m,[39m 
tenant2)[33m;[39m
     [90m 613 |[39m             } [36mcatch[39m (error) {
    [31m[1m>[22m[39m[90m 614 |[39m               console[33m.[39merror([32m'Concurrent 
isolation test error:'[39m[33m,[39m error)[33m;[39m
     [90m     |[39m                       [31m[1m^[22m[39m
     [90m 615 |[39m               [36mthrow[39m error[33m;[39m
     [90m 616 |[39m             } [36mfinally[39m {
     [90m 617 |[39m               [90m// Always clean up after each iteration[39m[0m

      at src/common/multi-tenant-isolation.property.spec.ts:614:23
      at AsyncProperty.run (node_modules/fast-check/lib/cjs/fast-check.js:1212:19)

    console.error
      Concurrent isolation test error: JestAssertionError: expect(received).toBe(expected) // Object.is 
equality
      
      Expected: true
      Received: false
          at verifyConcurrentIsolation (G:\Payroll 
System\backend\src\common\multi-tenant-isolation.property.spec.ts:1048:95)
          at processTicksAndRejections (node:internal/process/task_queues:104:5)
          at G:\Payroll System\backend\src\common\multi-tenant-isolation.property.spec.ts:612:15
          at AsyncProperty.run (G:\Payroll 
System\backend\node_modules\fast-check\lib\cjs\fast-check.js:1212:19) {
        matcherResult: {
          actual: false,
          expected: true,
          message: 'expect(received).toBe(expected) // Object.is equality\n' +
            '\n' +
            'Expected: true\n' +
            'Received: false',
          name: 'toBe',
          pass: false
        }
      }

    [0m [90m 612 |[39m               [36mawait[39m verifyConcurrentIsolation(tenant1[33m,[39m 
tenant2)[33m;[39m
     [90m 613 |[39m             } [36mcatch[39m (error) {
    [31m[1m>[22m[39m[90m 614 |[39m               console[33m.[39merror([32m'Concurrent 
isolation test error:'[39m[33m,[39m error)[33m;[39m
     [90m     |[39m                       [31m[1m^[22m[39m
     [90m 615 |[39m               [36mthrow[39m error[33m;[39m
     [90m 616 |[39m             } [36mfinally[39m {
     [90m 617 |[39m               [90m// Always clean up after each iteration[39m[0m

      at src/common/multi-tenant-isolation.property.spec.ts:614:23
      at AsyncProperty.run (node_modules/fast-check/lib/cjs/fast-check.js:1212:19)

    console.error
      Concurrent isolation test error: JestAssertionError: expect(received).toBe(expected) // Object.is 
equality
      
      Expected: true
      Received: false
          at verifyConcurrentIsolation (G:\Payroll 
System\backend\src\common\multi-tenant-isolation.property.spec.ts:1048:95)
          at processTicksAndRejections (node:internal/process/task_queues:104:5)
          at G:\Payroll System\backend\src\common\multi-tenant-isolation.property.spec.ts:612:15
          at AsyncProperty.run (G:\Payroll 
System\backend\node_modules\fast-check\lib\cjs\fast-check.js:1212:19) {
        matcherResult: {
          actual: false,
          expected: true,
          message: 'expect(received).toBe(expected) // Object.is equality\n' +
            '\n' +
            'Expected: true\n' +
            'Received: false',
          name: 'toBe',
          pass: false
        }
      }

    [0m [90m 612 |[39m               [36mawait[39m verifyConcurrentIsolation(tenant1[33m,[39m 
tenant2)[33m;[39m
     [90m 613 |[39m             } [36mcatch[39m (error) {
    [31m[1m>[22m[39m[90m 614 |[39m               console[33m.[39merror([32m'Concurrent 
isolation test error:'[39m[33m,[39m error)[33m;[39m
     [90m     |[39m                       [31m[1m^[22m[39m
     [90m 615 |[39m               [36mthrow[39m error[33m;[39m
     [90m 616 |[39m             } [36mfinally[39m {
     [90m 617 |[39m               [90m// Always clean up after each iteration[39m[0m

      at src/common/multi-tenant-isolation.property.spec.ts:614:23
      at AsyncProperty.run (node_modules/fast-check/lib/cjs/fast-check.js:1212:19)

    console.error
      Concurrent isolation test error: JestAssertionError: expect(received).toBe(expected) // Object.is 
equality
      
      Expected: true
      Received: false
          at verifyConcurrentIsolation (G:\Payroll 
System\backend\src\common\multi-tenant-isolation.property.spec.ts:1048:95)
          at processTicksAndRejections (node:internal/process/task_queues:104:5)
          at G:\Payroll System\backend\src\common\multi-tenant-isolation.property.spec.ts:612:15
          at AsyncProperty.run (G:\Payroll 
System\backend\node_modules\fast-check\lib\cjs\fast-check.js:1212:19) {
        matcherResult: {
          actual: false,
          expected: true,
          message: 'expect(received).toBe(expected) // Object.is equality\n' +
            '\n' +
            'Expected: true\n' +
            'Received: false',
          name: 'toBe',
          pass: false
        }
      }

    [0m [90m 612 |[39m               [36mawait[39m verifyConcurrentIsolation(tenant1[33m,[39m 
tenant2)[33m;[39m
     [90m 613 |[39m             } [36mcatch[39m (error) {
    [31m[1m>[22m[39m[90m 614 |[39m               console[33m.[39merror([32m'Concurrent 
isolation test error:'[39m[33m,[39m error)[33m;[39m
     [90m     |[39m                       [31m[1m^[22m[39m
     [90m 615 |[39m               [36mthrow[39m error[33m;[39m
     [90m 616 |[39m             } [36mfinally[39m {
     [90m 617 |[39m               [90m// Always clean up after each iteration[39m[0m

      at src/common/multi-tenant-isolation.property.spec.ts:614:23
      at AsyncProperty.run (node_modules/fast-check/lib/cjs/fast-check.js:1212:19)

    console.error
      Concurrent isolation test error: JestAssertionError: expect(received).toBe(expected) // Object.is 
equality
      
      Expected: true
      Received: false
          at verifyConcurrentIsolation (G:\Payroll 
System\backend\src\common\multi-tenant-isolation.property.spec.ts:1048:95)
          at processTicksAndRejections (node:internal/process/task_queues:104:5)
          at G:\Payroll System\backend\src\common\multi-tenant-isolation.property.spec.ts:612:15
          at AsyncProperty.run (G:\Payroll 
System\backend\node_modules\fast-check\lib\cjs\fast-check.js:1212:19) {
        matcherResult: {
          actual: false,
          expected: true,
          message: 'expect(received).toBe(expected) // Object.is equality\n' +
            '\n' +
            'Expected: true\n' +
            'Received: false',
          name: 'toBe',
          pass: false
        }
      }

    [0m [90m 612 |[39m               [36mawait[39m verifyConcurrentIsolation(tenant1[33m,[39m 
tenant2)[33m;[39m
     [90m 613 |[39m             } [36mcatch[39m (error) {
    [31m[1m>[22m[39m[90m 614 |[39m               console[33m.[39merror([32m'Concurrent 
isolation test error:'[39m[33m,[39m error)[33m;[39m
     [90m     |[39m                       [31m[1m^[22m[39m
     [90m 615 |[39m               [36mthrow[39m error[33m;[39m
     [90m 616 |[39m             } [36mfinally[39m {
     [90m 617 |[39m               [90m// Always clean up after each iteration[39m[0m

      at src/common/multi-tenant-isolation.property.spec.ts:614:23
      at AsyncProperty.run (node_modules/fast-check/lib/cjs/fast-check.js:1212:19)

    console.error
      Concurrent isolation test error: JestAssertionError: expect(received).toBe(expected) // Object.is 
equality
      
      Expected: true
      Received: false
          at verifyConcurrentIsolation (G:\Payroll 
System\backend\src\common\multi-tenant-isolation.property.spec.ts:1048:95)
          at processTicksAndRejections (node:internal/process/task_queues:104:5)
          at G:\Payroll System\backend\src\common\multi-tenant-isolation.property.spec.ts:612:15
          at AsyncProperty.run (G:\Payroll 
System\backend\node_modules\fast-check\lib\cjs\fast-check.js:1212:19) {
        matcherResult: {
          actual: false,
          expected: true,
          message: 'expect(received).toBe(expected) // Object.is equality\n' +
            '\n' +
            'Expected: true\n' +
            'Received: false',
          name: 'toBe',
          pass: false
        }
      }

    [0m [90m 612 |[39m               [36mawait[39m verifyConcurrentIsolation(tenant1[33m,[39m 
tenant2)[33m;[39m
     [90m 613 |[39m             } [36mcatch[39m (error) {
    [31m[1m>[22m[39m[90m 614 |[39m               console[33m.[39merror([32m'Concurrent 
isolation test error:'[39m[33m,[39m error)[33m;[39m
     [90m     |[39m                       [31m[1m^[22m[39m
     [90m 615 |[39m               [36mthrow[39m error[33m;[39m
     [90m 616 |[39m             } [36mfinally[39m {
     [90m 617 |[39m               [90m// Always clean up after each iteration[39m[0m

      at src/common/multi-tenant-isolation.property.spec.ts:614:23
      at AsyncProperty.run (node_modules/fast-check/lib/cjs/fast-check.js:1212:19)

    console.error
      Concurrent isolation test error: JestAssertionError: expect(received).toBe(expected) // Object.is 
equality
      
      Expected: true
      Received: false
          at verifyConcurrentIsolation (G:\Payroll 
System\backend\src\common\multi-tenant-isolation.property.spec.ts:1048:95)
          at processTicksAndRejections (node:internal/process/task_queues:104:5)
          at G:\Payroll System\backend\src\common\multi-tenant-isolation.property.spec.ts:612:15
          at AsyncProperty.run (G:\Payroll 
System\backend\node_modules\fast-check\lib\cjs\fast-check.js:1212:19) {
        matcherResult: {
          actual: false,
          expected: true,
          message: 'expect(received).toBe(expected) // Object.is equality\n' +
            '\n' +
            'Expected: true\n' +
            'Received: false',
          name: 'toBe',
          pass: false
        }
      }

    [0m [90m 612 |[39m               [36mawait[39m verifyConcurrentIsolation(tenant1[33m,[39m 
tenant2)[33m;[39m
     [90m 613 |[39m             } [36mcatch[39m (error) {
    [31m[1m>[22m[39m[90m 614 |[39m               console[33m.[39merror([32m'Concurrent 
isolation test error:'[39m[33m,[39m error)[33m;[39m
     [90m     |[39m                       [31m[1m^[22m[39m
     [90m 615 |[39m               [36mthrow[39m error[33m;[39m
     [90m 616 |[39m             } [36mfinally[39m {
     [90m 617 |[39m               [90m// Always clean up after each iteration[39m[0m

      at src/common/multi-tenant-isolation.property.spec.ts:614:23
      at AsyncProperty.run (node_modules/fast-check/lib/cjs/fast-check.js:1212:19)

    console.error
      Concurrent isolation test error: JestAssertionError: expect(received).toBe(expected) // Object.is 
equality
      
      Expected: true
      Received: false
          at verifyConcurrentIsolation (G:\Payroll 
System\backend\src\common\multi-tenant-isolation.property.spec.ts:1048:95)
          at processTicksAndRejections (node:internal/process/task_queues:104:5)
          at G:\Payroll System\backend\src\common\multi-tenant-isolation.property.spec.ts:612:15
          at AsyncProperty.run (G:\Payroll 
System\backend\node_modules\fast-check\lib\cjs\fast-check.js:1212:19) {
        matcherResult: {
          actual: false,
          expected: true,
          message: 'expect(received).toBe(expected) // Object.is equality\n' +
            '\n' +
            'Expected: true\n' +
            'Received: false',
          name: 'toBe',
          pass: false
        }
      }

    [0m [90m 612 |[39m               [36mawait[39m verifyConcurrentIsolation(tenant1[33m,[39m 
tenant2)[33m;[39m
     [90m 613 |[39m             } [36mcatch[39m (error) {
    [31m[1m>[22m[39m[90m 614 |[39m               console[33m.[39merror([32m'Concurrent 
isolation test error:'[39m[33m,[39m error)[33m;[39m
     [90m     |[39m                       [31m[1m^[22m[39m
     [90m 615 |[39m               [36mthrow[39m error[33m;[39m
     [90m 616 |[39m             } [36mfinally[39m {
     [90m 617 |[39m               [90m// Always clean up after each iteration[39m[0m

      at src/common/multi-tenant-isolation.property.spec.ts:614:23
      at AsyncProperty.run (node_modules/fast-check/lib/cjs/fast-check.js:1212:19)

    console.error
      Concurrent isolation test error: JestAssertionError: expect(received).toBe(expected) // Object.is 
equality
      
      Expected: true
      Received: false
          at verifyConcurrentIsolation (G:\Payroll 
System\backend\src\common\multi-tenant-isolation.property.spec.ts:1048:95)
          at processTicksAndRejections (node:internal/process/task_queues:104:5)
          at G:\Payroll System\backend\src\common\multi-tenant-isolation.property.spec.ts:612:15
          at AsyncProperty.run (G:\Payroll 
System\backend\node_modules\fast-check\lib\cjs\fast-check.js:1212:19) {
        matcherResult: {
          actual: false,
          expected: true,
          message: 'expect(received).toBe(expected) // Object.is equality\n' +
            '\n' +
            'Expected: true\n' +
            'Received: false',
          name: 'toBe',
          pass: false
        }
      }

    [0m [90m 612 |[39m               [36mawait[39m verifyConcurrentIsolation(tenant1[33m,[39m 
tenant2)[33m;[39m
     [90m 613 |[39m             } [36mcatch[39m (error) {
    [31m[1m>[22m[39m[90m 614 |[39m               console[33m.[39merror([32m'Concurrent 
isolation test error:'[39m[33m,[39m error)[33m;[39m
     [90m     |[39m                       [31m[1m^[22m[39m
     [90m 615 |[39m               [36mthrow[39m error[33m;[39m
     [90m 616 |[39m             } [36mfinally[39m {
     [90m 617 |[39m               [90m// Always clean up after each iteration[39m[0m

      at src/common/multi-tenant-isolation.property.spec.ts:614:23
      at AsyncProperty.run (node_modules/fast-check/lib/cjs/fast-check.js:1212:19)

    console.error
      Concurrent isolation test error: JestAssertionError: expect(received).toBe(expected) // Object.is 
equality
      
      Expected: true
      Received: false
          at verifyConcurrentIsolation (G:\Payroll 
System\backend\src\common\multi-tenant-isolation.property.spec.ts:1048:95)
          at processTicksAndRejections (node:internal/process/task_queues:104:5)
          at G:\Payroll System\backend\src\common\multi-tenant-isolation.property.spec.ts:612:15
          at AsyncProperty.run (G:\Payroll 
System\backend\node_modules\fast-check\lib\cjs\fast-check.js:1212:19) {
        matcherResult: {
          actual: false,
          expected: true,
          message: 'expect(received).toBe(expected) // Object.is equality\n' +
            '\n' +
            'Expected: true\n' +
            'Received: false',
          name: 'toBe',
          pass: false
        }
      }

    [0m [90m 612 |[39m               [36mawait[39m verifyConcurrentIsolation(tenant1[33m,[39m 
tenant2)[33m;[39m
     [90m 613 |[39m             } [36mcatch[39m (error) {
    [31m[1m>[22m[39m[90m 614 |[39m               console[33m.[39merror([32m'Concurrent 
isolation test error:'[39m[33m,[39m error)[33m;[39m
     [90m     |[39m                       [31m[1m^[22m[39m
     [90m 615 |[39m               [36mthrow[39m error[33m;[39m
     [90m 616 |[39m             } [36mfinally[39m {
     [90m 617 |[39m               [90m// Always clean up after each iteration[39m[0m

      at src/common/multi-tenant-isolation.property.spec.ts:614:23
      at AsyncProperty.run (node_modules/fast-check/lib/cjs/fast-check.js:1212:19)

    console.error
      Concurrent isolation test error: JestAssertionError: expect(received).toBe(expected) // Object.is 
equality
      
      Expected: true
      Received: false
          at verifyConcurrentIsolation (G:\Payroll 
System\backend\src\common\multi-tenant-isolation.property.spec.ts:1048:95)
          at processTicksAndRejections (node:internal/process/task_queues:104:5)
          at G:\Payroll System\backend\src\common\multi-tenant-isolation.property.spec.ts:612:15
          at AsyncProperty.run (G:\Payroll 
System\backend\node_modules\fast-check\lib\cjs\fast-check.js:1212:19) {
        matcherResult: {
          actual: false,
          expected: true,
          message: 'expect(received).toBe(expected) // Object.is equality\n' +
            '\n' +
            'Expected: true\n' +
            'Received: false',
          name: 'toBe',
          pass: false
        }
      }

    [0m [90m 612 |[39m               [36mawait[39m verifyConcurrentIsolation(tenant1[33m,[39m 
tenant2)[33m;[39m
     [90m 613 |[39m             } [36mcatch[39m (error) {
    [31m[1m>[22m[39m[90m 614 |[39m               console[33m.[39merror([32m'Concurrent 
isolation test error:'[39m[33m,[39m error)[33m;[39m
     [90m     |[39m                       [31m[1m^[22m[39m
     [90m 615 |[39m               [36mthrow[39m error[33m;[39m
     [90m 616 |[39m             } [36mfinally[39m {
     [90m 617 |[39m               [90m// Always clean up after each iteration[39m[0m

      at src/common/multi-tenant-isolation.property.spec.ts:614:23
      at AsyncProperty.run (node_modules/fast-check/lib/cjs/fast-check.js:1212:19)

    console.error
      Concurrent isolation test error: JestAssertionError: expect(received).toBe(expected) // Object.is 
equality
      
      Expected: true
      Received: false
          at verifyConcurrentIsolation (G:\Payroll 
System\backend\src\common\multi-tenant-isolation.property.spec.ts:1048:95)
          at processTicksAndRejections (node:internal/process/task_queues:104:5)
          at G:\Payroll System\backend\src\common\multi-tenant-isolation.property.spec.ts:612:15
          at AsyncProperty.run (G:\Payroll 
System\backend\node_modules\fast-check\lib\cjs\fast-check.js:1212:19) {
        matcherResult: {
          actual: false,
          expected: true,
          message: 'expect(received).toBe(expected) // Object.is equality\n' +
            '\n' +
            'Expected: true\n' +
            'Received: false',
          name: 'toBe',
          pass: false
        }
      }

    [0m [90m 612 |[39m               [36mawait[39m verifyConcurrentIsolation(tenant1[33m,[39m 
tenant2)[33m;[39m
     [90m 613 |[39m             } [36mcatch[39m (error) {
    [31m[1m>[22m[39m[90m 614 |[39m               console[33m.[39merror([32m'Concurrent 
isolation test error:'[39m[33m,[39m error)[33m;[39m
     [90m     |[39m                       [31m[1m^[22m[39m
     [90m 615 |[39m               [36mthrow[39m error[33m;[39m
     [90m 616 |[39m             } [36mfinally[39m {
     [90m 617 |[39m               [90m// Always clean up after each iteration[39m[0m

      at src/common/multi-tenant-isolation.property.spec.ts:614:23
      at AsyncProperty.run (node_modules/fast-check/lib/cjs/fast-check.js:1212:19)

    console.error
      Concurrent isolation test error: JestAssertionError: expect(received).toBe(expected) // Object.is 
equality
      
      Expected: true
      Received: false
          at verifyConcurrentIsolation (G:\Payroll 
System\backend\src\common\multi-tenant-isolation.property.spec.ts:1048:95)
          at processTicksAndRejections (node:internal/process/task_queues:104:5)
          at G:\Payroll System\backend\src\common\multi-tenant-isolation.property.spec.ts:612:15
          at AsyncProperty.run (G:\Payroll 
System\backend\node_modules\fast-check\lib\cjs\fast-check.js:1212:19) {
        matcherResult: {
          actual: false,
          expected: true,
          message: 'expect(received).toBe(expected) // Object.is equality\n' +
            '\n' +
            'Expected: true\n' +
            'Received: false',
          name: 'toBe',
          pass: false
        }
      }

    [0m [90m 612 |[39m               [36mawait[39m verifyConcurrentIsolation(tenant1[33m,[39m 
tenant2)[33m;[39m
     [90m 613 |[39m             } [36mcatch[39m (error) {
    [31m[1m>[22m[39m[90m 614 |[39m               console[33m.[39merror([32m'Concurrent 
isolation test error:'[39m[33m,[39m error)[33m;[39m
     [90m     |[39m                       [31m[1m^[22m[39m
     [90m 615 |[39m               [36mthrow[39m error[33m;[39m
     [90m 616 |[39m             } [36mfinally[39m {
     [90m 617 |[39m               [90m// Always clean up after each iteration[39m[0m

      at src/common/multi-tenant-isolation.property.spec.ts:614:23
      at AsyncProperty.run (node_modules/fast-check/lib/cjs/fast-check.js:1212:19)

    console.error
      Concurrent isolation test error: JestAssertionError: expect(received).toBe(expected) // Object.is 
equality
      
      Expected: true
      Received: false
          at verifyConcurrentIsolation (G:\Payroll 
System\backend\src\common\multi-tenant-isolation.property.spec.ts:1048:95)
          at processTicksAndRejections (node:internal/process/task_queues:104:5)
          at G:\Payroll System\backend\src\common\multi-tenant-isolation.property.spec.ts:612:15
          at AsyncProperty.run (G:\Payroll 
System\backend\node_modules\fast-check\lib\cjs\fast-check.js:1212:19) {
        matcherResult: {
          actual: false,
          expected: true,
          message: 'expect(received).toBe(expected) // Object.is equality\n' +
            '\n' +
            'Expected: true\n' +
            'Received: false',
          name: 'toBe',
          pass: false
        }
      }

    [0m [90m 612 |[39m               [36mawait[39m verifyConcurrentIsolation(tenant1[33m,[39m 
tenant2)[33m;[39m
     [90m 613 |[39m             } [36mcatch[39m (error) {
    [31m[1m>[22m[39m[90m 614 |[39m               console[33m.[39merror([32m'Concurrent 
isolation test error:'[39m[33m,[39m error)[33m;[39m
     [90m     |[39m                       [31m[1m^[22m[39m
     [90m 615 |[39m               [36mthrow[39m error[33m;[39m
     [90m 616 |[39m             } [36mfinally[39m {
     [90m 617 |[39m               [90m// Always clean up after each iteration[39m[0m

      at src/common/multi-tenant-isolation.property.spec.ts:614:23
      at AsyncProperty.run (node_modules/fast-check/lib/cjs/fast-check.js:1212:19)

    console.error
      Concurrent isolation test error: JestAssertionError: expect(received).toBe(expected) // Object.is 
equality
      
      Expected: true
      Received: false
          at verifyConcurrentIsolation (G:\Payroll 
System\backend\src\common\multi-tenant-isolation.property.spec.ts:1048:95)
          at processTicksAndRejections (node:internal/process/task_queues:104:5)
          at G:\Payroll System\backend\src\common\multi-tenant-isolation.property.spec.ts:612:15
          at AsyncProperty.run (G:\Payroll 
System\backend\node_modules\fast-check\lib\cjs\fast-check.js:1212:19) {
        matcherResult: {
          actual: false,
          expected: true,
          message: 'expect(received).toBe(expected) // Object.is equality\n' +
            '\n' +
            'Expected: true\n' +
            'Received: false',
          name: 'toBe',
          pass: false
        }
      }

    [0m [90m 612 |[39m               [36mawait[39m verifyConcurrentIsolation(tenant1[33m,[39m 
tenant2)[33m;[39m
     [90m 613 |[39m             } [36mcatch[39m (error) {
    [31m[1m>[22m[39m[90m 614 |[39m               console[33m.[39merror([32m'Concurrent 
isolation test error:'[39m[33m,[39m error)[33m;[39m
     [90m     |[39m                       [31m[1m^[22m[39m
     [90m 615 |[39m               [36mthrow[39m error[33m;[39m
     [90m 616 |[39m             } [36mfinally[39m {
     [90m 617 |[39m               [90m// Always clean up after each iteration[39m[0m

      at src/common/multi-tenant-isolation.property.spec.ts:614:23
      at AsyncProperty.run (node_modules/fast-check/lib/cjs/fast-check.js:1212:19)

    console.error
      Concurrent isolation test error: JestAssertionError: expect(received).toBe(expected) // Object.is 
equality
      
      Expected: true
      Received: false
          at verifyConcurrentIsolation (G:\Payroll 
System\backend\src\common\multi-tenant-isolation.property.spec.ts:1048:95)
          at processTicksAndRejections (node:internal/process/task_queues:104:5)
          at G:\Payroll System\backend\src\common\multi-tenant-isolation.property.spec.ts:612:15
          at AsyncProperty.run (G:\Payroll 
System\backend\node_modules\fast-check\lib\cjs\fast-check.js:1212:19) {
        matcherResult: {
          actual: false,
          expected: true,
          message: 'expect(received).toBe(expected) // Object.is equality\n' +
            '\n' +
            'Expected: true\n' +
            'Received: false',
          name: 'toBe',
          pass: false
        }
      }

    [0m [90m 612 |[39m               [36mawait[39m verifyConcurrentIsolation(tenant1[33m,[39m 
tenant2)[33m;[39m
     [90m 613 |[39m             } [36mcatch[39m (error) {
    [31m[1m>[22m[39m[90m 614 |[39m               console[33m.[39merror([32m'Concurrent 
isolation test error:'[39m[33m,[39m error)[33m;[39m
     [90m     |[39m                       [31m[1m^[22m[39m
     [90m 615 |[39m               [36mthrow[39m error[33m;[39m
     [90m 616 |[39m             } [36mfinally[39m {
     [90m 617 |[39m               [90m// Always clean up after each iteration[39m[0m

      at src/common/multi-tenant-isolation.property.spec.ts:614:23
      at AsyncProperty.run (node_modules/fast-check/lib/cjs/fast-check.js:1212:19)

    console.error
      Concurrent isolation test error: JestAssertionError: expect(received).toBe(expected) // Object.is 
equality
      
      Expected: true
      Received: false
          at verifyConcurrentIsolation (G:\Payroll 
System\backend\src\common\multi-tenant-isolation.property.spec.ts:1048:95)
          at processTicksAndRejections (node:internal/process/task_queues:104:5)
          at G:\Payroll System\backend\src\common\multi-tenant-isolation.property.spec.ts:612:15
          at AsyncProperty.run (G:\Payroll 
System\backend\node_modules\fast-check\lib\cjs\fast-check.js:1212:19) {
        matcherResult: {
          actual: false,
          expected: true,
          message: 'expect(received).toBe(expected) // Object.is equality\n' +
            '\n' +
            'Expected: true\n' +
            'Received: false',
          name: 'toBe',
          pass: false
        }
      }

    [0m [90m 612 |[39m               [36mawait[39m verifyConcurrentIsolation(tenant1[33m,[39m 
tenant2)[33m;[39m
     [90m 613 |[39m             } [36mcatch[39m (error) {
    [31m[1m>[22m[39m[90m 614 |[39m               console[33m.[39merror([32m'Concurrent 
isolation test error:'[39m[33m,[39m error)[33m;[39m
     [90m     |[39m                       [31m[1m^[22m[39m
     [90m 615 |[39m               [36mthrow[39m error[33m;[39m
     [90m 616 |[39m             } [36mfinally[39m {
     [90m 617 |[39m               [90m// Always clean up after each iteration[39m[0m

      at src/common/multi-tenant-isolation.property.spec.ts:614:23
      at AsyncProperty.run (node_modules/fast-check/lib/cjs/fast-check.js:1212:19)

    console.error
      Concurrent isolation test error: JestAssertionError: expect(received).toBe(expected) // Object.is 
equality
      
      Expected: true
      Received: false
          at verifyConcurrentIsolation (G:\Payroll 
System\backend\src\common\multi-tenant-isolation.property.spec.ts:1048:95)
          at processTicksAndRejections (node:internal/process/task_queues:104:5)
          at G:\Payroll System\backend\src\common\multi-tenant-isolation.property.spec.ts:612:15
          at AsyncProperty.run (G:\Payroll 
System\backend\node_modules\fast-check\lib\cjs\fast-check.js:1212:19) {
        matcherResult: {
          actual: false,
          expected: true,
          message: 'expect(received).toBe(expected) // Object.is equality\n' +
            '\n' +
            'Expected: true\n' +
            'Received: false',
          name: 'toBe',
          pass: false
        }
      }

    [0m [90m 612 |[39m               [36mawait[39m verifyConcurrentIsolation(tenant1[33m,[39m 
tenant2)[33m;[39m
     [90m 613 |[39m             } [36mcatch[39m (error) {
    [31m[1m>[22m[39m[90m 614 |[39m               console[33m.[39merror([32m'Concurrent 
isolation test error:'[39m[33m,[39m error)[33m;[39m
     [90m     |[39m                       [31m[1m^[22m[39m
     [90m 615 |[39m               [36mthrow[39m error[33m;[39m
     [90m 616 |[39m             } [36mfinally[39m {
     [90m 617 |[39m               [90m// Always clean up after each iteration[39m[0m

      at src/common/multi-tenant-isolation.property.spec.ts:614:23
      at AsyncProperty.run (node_modules/fast-check/lib/cjs/fast-check.js:1212:19)

    console.error
      Concurrent isolation test error: JestAssertionError: expect(received).toBe(expected) // Object.is 
equality
      
      Expected: true
      Received: false
          at verifyConcurrentIsolation (G:\Payroll 
System\backend\src\common\multi-tenant-isolation.property.spec.ts:1048:95)
          at processTicksAndRejections (node:internal/process/task_queues:104:5)
          at G:\Payroll System\backend\src\common\multi-tenant-isolation.property.spec.ts:612:15
          at AsyncProperty.run (G:\Payroll 
System\backend\node_modules\fast-check\lib\cjs\fast-check.js:1212:19) {
        matcherResult: {
          actual: false,
          expected: true,
          message: 'expect(received).toBe(expected) // Object.is equality\n' +
            '\n' +
            'Expected: true\n' +
            'Received: false',
          name: 'toBe',
          pass: false
        }
      }

    [0m [90m 612 |[39m               [36mawait[39m verifyConcurrentIsolation(tenant1[33m,[39m 
tenant2)[33m;[39m
     [90m 613 |[39m             } [36mcatch[39m (error) {
    [31m[1m>[22m[39m[90m 614 |[39m               console[33m.[39merror([32m'Concurrent 
isolation test error:'[39m[33m,[39m error)[33m;[39m
     [90m     |[39m                       [31m[1m^[22m[39m
     [90m 615 |[39m               [36mthrow[39m error[33m;[39m
     [90m 616 |[39m             } [36mfinally[39m {
     [90m 617 |[39m               [90m// Always clean up after each iteration[39m[0m

      at src/common/multi-tenant-isolation.property.spec.ts:614:23
      at AsyncProperty.run (node_modules/fast-check/lib/cjs/fast-check.js:1212:19)

    console.error
      Concurrent isolation test error: JestAssertionError: expect(received).toBe(expected) // Object.is 
equality
      
      Expected: true
      Received: false
          at verifyConcurrentIsolation (G:\Payroll 
System\backend\src\common\multi-tenant-isolation.property.spec.ts:1048:95)
          at processTicksAndRejections (node:internal/process/task_queues:104:5)
          at G:\Payroll System\backend\src\common\multi-tenant-isolation.property.spec.ts:612:15
          at AsyncProperty.run (G:\Payroll 
System\backend\node_modules\fast-check\lib\cjs\fast-check.js:1212:19) {
        matcherResult: {
          actual: false,
          expected: true,
          message: 'expect(received).toBe(expected) // Object.is equality\n' +
            '\n' +
            'Expected: true\n' +
            'Received: false',
          name: 'toBe',
          pass: false
        }
      }

    [0m [90m 612 |[39m               [36mawait[39m verifyConcurrentIsolation(tenant1[33m,[39m 
tenant2)[33m;[39m
     [90m 613 |[39m             } [36mcatch[39m (error) {
    [31m[1m>[22m[39m[90m 614 |[39m               console[33m.[39merror([32m'Concurrent 
isolation test error:'[39m[33m,[39m error)[33m;[39m
     [90m     |[39m                       [31m[1m^[22m[39m
     [90m 615 |[39m               [36mthrow[39m error[33m;[39m
     [90m 616 |[39m             } [36mfinally[39m {
     [90m 617 |[39m               [90m// Always clean up after each iteration[39m[0m

      at src/common/multi-tenant-isolation.property.spec.ts:614:23
      at AsyncProperty.run (node_modules/fast-check/lib/cjs/fast-check.js:1212:19)

    console.error
      Concurrent isolation test error: JestAssertionError: expect(received).toBe(expected) // Object.is 
equality
      
      Expected: true
      Received: false
          at verifyConcurrentIsolation (G:\Payroll 
System\backend\src\common\multi-tenant-isolation.property.spec.ts:1048:95)
          at processTicksAndRejections (node:internal/process/task_queues:104:5)
          at G:\Payroll System\backend\src\common\multi-tenant-isolation.property.spec.ts:612:15
          at AsyncProperty.run (G:\Payroll 
System\backend\node_modules\fast-check\lib\cjs\fast-check.js:1212:19) {
        matcherResult: {
          actual: false,
          expected: true,
          message: 'expect(received).toBe(expected) // Object.is equality\n' +
            '\n' +
            'Expected: true\n' +
            'Received: false',
          name: 'toBe',
          pass: false
        }
      }

    [0m [90m 612 |[39m               [36mawait[39m verifyConcurrentIsolation(tenant1[33m,[39m 
tenant2)[33m;[39m
     [90m 613 |[39m             } [36mcatch[39m (error) {
    [31m[1m>[22m[39m[90m 614 |[39m               console[33m.[39merror([32m'Concurrent 
isolation test error:'[39m[33m,[39m error)[33m;[39m
     [90m     |[39m                       [31m[1m^[22m[39m
     [90m 615 |[39m               [36mthrow[39m error[33m;[39m
     [90m 616 |[39m             } [36mfinally[39m {
     [90m 617 |[39m               [90m// Always clean up after each iteration[39m[0m

      at src/common/multi-tenant-isolation.property.spec.ts:614:23
      at AsyncProperty.run (node_modules/fast-check/lib/cjs/fast-check.js:1212:19)

    console.error
      Concurrent isolation test error: JestAssertionError: expect(received).toBe(expected) // Object.is 
equality
      
      Expected: true
      Received: false
          at verifyConcurrentIsolation (G:\Payroll 
System\backend\src\common\multi-tenant-isolation.property.spec.ts:1048:95)
          at processTicksAndRejections (node:internal/process/task_queues:104:5)
          at G:\Payroll System\backend\src\common\multi-tenant-isolation.property.spec.ts:612:15
          at AsyncProperty.run (G:\Payroll 
System\backend\node_modules\fast-check\lib\cjs\fast-check.js:1212:19) {
        matcherResult: {
          actual: false,
          expected: true,
          message: 'expect(received).toBe(expected) // Object.is equality\n' +
            '\n' +
            'Expected: true\n' +
            'Received: false',
          name: 'toBe',
          pass: false
        }
      }

    [0m [90m 612 |[39m               [36mawait[39m verifyConcurrentIsolation(tenant1[33m,[39m 
tenant2)[33m;[39m
     [90m 613 |[39m             } [36mcatch[39m (error) {
    [31m[1m>[22m[39m[90m 614 |[39m               console[33m.[39merror([32m'Concurrent 
isolation test error:'[39m[33m,[39m error)[33m;[39m
     [90m     |[39m                       [31m[1m^[22m[39m
     [90m 615 |[39m               [36mthrow[39m error[33m;[39m
     [90m 616 |[39m             } [36mfinally[39m {
     [90m 617 |[39m               [90m// Always clean up after each iteration[39m[0m

      at src/common/multi-tenant-isolation.property.spec.ts:614:23
      at AsyncProperty.run (node_modules/fast-check/lib/cjs/fast-check.js:1212:19)

    console.error
      Concurrent isolation test error: JestAssertionError: expect(received).toBe(expected) // Object.is 
equality
      
      Expected: true
      Received: false
          at verifyConcurrentIsolation (G:\Payroll 
System\backend\src\common\multi-tenant-isolation.property.spec.ts:1048:95)
          at processTicksAndRejections (node:internal/process/task_queues:104:5)
          at G:\Payroll System\backend\src\common\multi-tenant-isolation.property.spec.ts:612:15
          at AsyncProperty.run (G:\Payroll 
System\backend\node_modules\fast-check\lib\cjs\fast-check.js:1212:19) {
        matcherResult: {
          actual: false,
          expected: true,
          message: 'expect(received).toBe(expected) // Object.is equality\n' +
            '\n' +
            'Expected: true\n' +
            'Received: false',
          name: 'toBe',
          pass: false
        }
      }

    [0m [90m 612 |[39m               [36mawait[39m verifyConcurrentIsolation(tenant1[33m,[39m 
tenant2)[33m;[39m
     [90m 613 |[39m             } [36mcatch[39m (error) {
    [31m[1m>[22m[39m[90m 614 |[39m               console[33m.[39merror([32m'Concurrent 
isolation test error:'[39m[33m,[39m error)[33m;[39m
     [90m     |[39m                       [31m[1m^[22m[39m
     [90m 615 |[39m               [36mthrow[39m error[33m;[39m
     [90m 616 |[39m             } [36mfinally[39m {
     [90m 617 |[39m               [90m// Always clean up after each iteration[39m[0m

      at src/common/multi-tenant-isolation.property.spec.ts:614:23
      at AsyncProperty.run (node_modules/fast-check/lib/cjs/fast-check.js:1212:19)

    console.error
      Concurrent isolation test error: JestAssertionError: expect(received).toBe(expected) // Object.is 
equality
      
      Expected: true
      Received: false
          at verifyConcurrentIsolation (G:\Payroll 
System\backend\src\common\multi-tenant-isolation.property.spec.ts:1048:95)
          at processTicksAndRejections (node:internal/process/task_queues:104:5)
          at G:\Payroll System\backend\src\common\multi-tenant-isolation.property.spec.ts:612:15
          at AsyncProperty.run (G:\Payroll 
System\backend\node_modules\fast-check\lib\cjs\fast-check.js:1212:19) {
        matcherResult: {
          actual: false,
          expected: true,
          message: 'expect(received).toBe(expected) // Object.is equality\n' +
            '\n' +
            'Expected: true\n' +
            'Received: false',
          name: 'toBe',
          pass: false
        }
      }

    [0m [90m 612 |[39m               [36mawait[39m verifyConcurrentIsolation(tenant1[33m,[39m 
tenant2)[33m;[39m
     [90m 613 |[39m             } [36mcatch[39m (error) {
    [31m[1m>[22m[39m[90m 614 |[39m               console[33m.[39merror([32m'Concurrent 
isolation test error:'[39m[33m,[39m error)[33m;[39m
     [90m     |[39m                       [31m[1m^[22m[39m
     [90m 615 |[39m               [36mthrow[39m error[33m;[39m
     [90m 616 |[39m             } [36mfinally[39m {
     [90m 617 |[39m               [90m// Always clean up after each iteration[39m[0m

      at src/common/multi-tenant-isolation.property.spec.ts:614:23
      at AsyncProperty.run (node_modules/fast-check/lib/cjs/fast-check.js:1212:19)

    console.error
      Concurrent isolation test error: JestAssertionError: expect(received).toBe(expected) // Object.is 
equality
      
      Expected: true
      Received: false
          at verifyConcurrentIsolation (G:\Payroll 
System\backend\src\common\multi-tenant-isolation.property.spec.ts:1048:95)
          at processTicksAndRejections (node:internal/process/task_queues:104:5)
          at G:\Payroll System\backend\src\common\multi-tenant-isolation.property.spec.ts:612:15
          at AsyncProperty.run (G:\Payroll 
System\backend\node_modules\fast-check\lib\cjs\fast-check.js:1212:19) {
        matcherResult: {
          actual: false,
          expected: true,
          message: 'expect(received).toBe(expected) // Object.is equality\n' +
            '\n' +
            'Expected: true\n' +
            'Received: false',
          name: 'toBe',
          pass: false
        }
      }

    [0m [90m 612 |[39m               [36mawait[39m verifyConcurrentIsolation(tenant1[33m,[39m 
tenant2)[33m;[39m
     [90m 613 |[39m             } [36mcatch[39m (error) {
    [31m[1m>[22m[39m[90m 614 |[39m               console[33m.[39merror([32m'Concurrent 
isolation test error:'[39m[33m,[39m error)[33m;[39m
     [90m     |[39m                       [31m[1m^[22m[39m
     [90m 615 |[39m               [36mthrow[39m error[33m;[39m
     [90m 616 |[39m             } [36mfinally[39m {
     [90m 617 |[39m               [90m// Always clean up after each iteration[39m[0m

      at src/common/multi-tenant-isolation.property.spec.ts:614:23
      at AsyncProperty.run (node_modules/fast-check/lib/cjs/fast-check.js:1212:19)

    console.error
      Concurrent isolation test error: JestAssertionError: expect(received).toBe(expected) // Object.is 
equality
      
      Expected: true
      Received: false
          at verifyConcurrentIsolation (G:\Payroll 
System\backend\src\common\multi-tenant-isolation.property.spec.ts:1048:95)
          at processTicksAndRejections (node:internal/process/task_queues:104:5)
          at G:\Payroll System\backend\src\common\multi-tenant-isolation.property.spec.ts:612:15
          at AsyncProperty.run (G:\Payroll 
System\backend\node_modules\fast-check\lib\cjs\fast-check.js:1212:19) {
        matcherResult: {
          actual: false,
          expected: true,
          message: 'expect(received).toBe(expected) // Object.is equality\n' +
            '\n' +
            'Expected: true\n' +
            'Received: false',
          name: 'toBe',
          pass: false
        }
      }

    [0m [90m 612 |[39m               [36mawait[39m verifyConcurrentIsolation(tenant1[33m,[39m 
tenant2)[33m;[39m
     [90m 613 |[39m             } [36mcatch[39m (error) {
    [31m[1m>[22m[39m[90m 614 |[39m               console[33m.[39merror([32m'Concurrent 
isolation test error:'[39m[33m,[39m error)[33m;[39m
     [90m     |[39m                       [31m[1m^[22m[39m
     [90m 615 |[39m               [36mthrow[39m error[33m;[39m
     [90m 616 |[39m             } [36mfinally[39m {
     [90m 617 |[39m               [90m// Always clean up after each iteration[39m[0m

      at src/common/multi-tenant-isolation.property.spec.ts:614:23
      at AsyncProperty.run (node_modules/fast-check/lib/cjs/fast-check.js:1212:19)

    console.error
      Concurrent isolation test error: JestAssertionError: expect(received).toBe(expected) // Object.is 
equality
      
      Expected: true
      Received: false
          at verifyConcurrentIsolation (G:\Payroll 
System\backend\src\common\multi-tenant-isolation.property.spec.ts:1048:95)
          at processTicksAndRejections (node:internal/process/task_queues:104:5)
          at G:\Payroll System\backend\src\common\multi-tenant-isolation.property.spec.ts:612:15
          at AsyncProperty.run (G:\Payroll 
System\backend\node_modules\fast-check\lib\cjs\fast-check.js:1212:19) {
        matcherResult: {
          actual: false,
          expected: true,
          message: 'expect(received).toBe(expected) // Object.is equality\n' +
            '\n' +
            'Expected: true\n' +
            'Received: false',
          name: 'toBe',
          pass: false
        }
      }

    [0m [90m 612 |[39m               [36mawait[39m verifyConcurrentIsolation(tenant1[33m,[39m 
tenant2)[33m;[39m
     [90m 613 |[39m             } [36mcatch[39m (error) {
    [31m[1m>[22m[39m[90m 614 |[39m               console[33m.[39merror([32m'Concurrent 
isolation test error:'[39m[33m,[39m error)[33m;[39m
     [90m     |[39m                       [31m[1m^[22m[39m
     [90m 615 |[39m               [36mthrow[39m error[33m;[39m
     [90m 616 |[39m             } [36mfinally[39m {
     [90m 617 |[39m               [90m// Always clean up after each iteration[39m[0m

      at src/common/multi-tenant-isolation.property.spec.ts:614:23
      at AsyncProperty.run (node_modules/fast-check/lib/cjs/fast-check.js:1212:19)

    console.error
      Concurrent isolation test error: JestAssertionError: expect(received).toBe(expected) // Object.is 
equality
      
      Expected: true
      Received: false
          at verifyConcurrentIsolation (G:\Payroll 
System\backend\src\common\multi-tenant-isolation.property.spec.ts:1048:95)
          at processTicksAndRejections (node:internal/process/task_queues:104:5)
          at G:\Payroll System\backend\src\common\multi-tenant-isolation.property.spec.ts:612:15
          at AsyncProperty.run (G:\Payroll 
System\backend\node_modules\fast-check\lib\cjs\fast-check.js:1212:19) {
        matcherResult: {
          actual: false,
          expected: true,
          message: 'expect(received).toBe(expected) // Object.is equality\n' +
            '\n' +
            'Expected: true\n' +
            'Received: false',
          name: 'toBe',
          pass: false
        }
      }

    [0m [90m 612 |[39m               [36mawait[39m verifyConcurrentIsolation(tenant1[33m,[39m 
tenant2)[33m;[39m
     [90m 613 |[39m             } [36mcatch[39m (error) {
    [31m[1m>[22m[39m[90m 614 |[39m               console[33m.[39merror([32m'Concurrent 
isolation test error:'[39m[33m,[39m error)[33m;[39m
     [90m     |[39m                       [31m[1m^[22m[39m
     [90m 615 |[39m               [36mthrow[39m error[33m;[39m
     [90m 616 |[39m             } [36mfinally[39m {
     [90m 617 |[39m               [90m// Always clean up after each iteration[39m[0m

      at src/common/multi-tenant-isolation.property.spec.ts:614:23
      at AsyncProperty.run (node_modules/fast-check/lib/cjs/fast-check.js:1212:19)

    console.error
      Concurrent isolation test error: JestAssertionError: expect(received).toBe(expected) // Object.is 
equality
      
      Expected: true
      Received: false
          at verifyConcurrentIsolation (G:\Payroll 
System\backend\src\common\multi-tenant-isolation.property.spec.ts:1048:95)
          at processTicksAndRejections (node:internal/process/task_queues:104:5)
          at G:\Payroll System\backend\src\common\multi-tenant-isolation.property.spec.ts:612:15
          at AsyncProperty.run (G:\Payroll 
System\backend\node_modules\fast-check\lib\cjs\fast-check.js:1212:19) {
        matcherResult: {
          actual: false,
          expected: true,
          message: 'expect(received).toBe(expected) // Object.is equality\n' +
            '\n' +
            'Expected: true\n' +
            'Received: false',
          name: 'toBe',
          pass: false
        }
      }

    [0m [90m 612 |[39m               [36mawait[39m verifyConcurrentIsolation(tenant1[33m,[39m 
tenant2)[33m;[39m
     [90m 613 |[39m             } [36mcatch[39m (error) {
    [31m[1m>[22m[39m[90m 614 |[39m               console[33m.[39merror([32m'Concurrent 
isolation test error:'[39m[33m,[39m error)[33m;[39m
     [90m     |[39m                       [31m[1m^[22m[39m
     [90m 615 |[39m               [36mthrow[39m error[33m;[39m
     [90m 616 |[39m             } [36mfinally[39m {
     [90m 617 |[39m               [90m// Always clean up after each iteration[39m[0m

      at src/common/multi-tenant-isolation.property.spec.ts:614:23
      at AsyncProperty.run (node_modules/fast-check/lib/cjs/fast-check.js:1212:19)

    console.error
      Concurrent isolation test error: JestAssertionError: expect(received).toBe(expected) // Object.is 
equality
      
      Expected: true
      Received: false
          at verifyConcurrentIsolation (G:\Payroll 
System\backend\src\common\multi-tenant-isolation.property.spec.ts:1048:95)
          at processTicksAndRejections (node:internal/process/task_queues:104:5)
          at G:\Payroll System\backend\src\common\multi-tenant-isolation.property.spec.ts:612:15
          at AsyncProperty.run (G:\Payroll 
System\backend\node_modules\fast-check\lib\cjs\fast-check.js:1212:19) {
        matcherResult: {
          actual: false,
          expected: true,
          message: 'expect(received).toBe(expected) // Object.is equality\n' +
            '\n' +
            'Expected: true\n' +
            'Received: false',
          name: 'toBe',
          pass: false
        }
      }

    [0m [90m 612 |[39m               [36mawait[39m verifyConcurrentIsolation(tenant1[33m,[39m 
tenant2)[33m;[39m
     [90m 613 |[39m             } [36mcatch[39m (error) {
    [31m[1m>[22m[39m[90m 614 |[39m               console[33m.[39merror([32m'Concurrent 
isolation test error:'[39m[33m,[39m error)[33m;[39m
     [90m     |[39m                       [31m[1m^[22m[39m
     [90m 615 |[39m               [36mthrow[39m error[33m;[39m
     [90m 616 |[39m             } [36mfinally[39m {
     [90m 617 |[39m               [90m// Always clean up after each iteration[39m[0m

      at src/common/multi-tenant-isolation.property.spec.ts:614:23
      at AsyncProperty.run (node_modules/fast-check/lib/cjs/fast-check.js:1212:19)

    console.error
      Concurrent isolation test error: JestAssertionError: expect(received).toBe(expected) // Object.is 
equality
      
      Expected: true
      Received: false
          at verifyConcurrentIsolation (G:\Payroll 
System\backend\src\common\multi-tenant-isolation.property.spec.ts:1048:95)
          at processTicksAndRejections (node:internal/process/task_queues:104:5)
          at G:\Payroll System\backend\src\common\multi-tenant-isolation.property.spec.ts:612:15
          at AsyncProperty.run (G:\Payroll 
System\backend\node_modules\fast-check\lib\cjs\fast-check.js:1212:19) {
        matcherResult: {
          actual: false,
          expected: true,
          message: 'expect(received).toBe(expected) // Object.is equality\n' +
            '\n' +
            'Expected: true\n' +
            'Received: false',
          name: 'toBe',
          pass: false
        }
      }

    [0m [90m 612 |[39m               [36mawait[39m verifyConcurrentIsolation(tenant1[33m,[39m 
tenant2)[33m;[39m
     [90m 613 |[39m             } [36mcatch[39m (error) {
    [31m[1m>[22m[39m[90m 614 |[39m               console[33m.[39merror([32m'Concurrent 
isolation test error:'[39m[33m,[39m error)[33m;[39m
     [90m     |[39m                       [31m[1m^[22m[39m
     [90m 615 |[39m               [36mthrow[39m error[33m;[39m
     [90m 616 |[39m             } [36mfinally[39m {
     [90m 617 |[39m               [90m// Always clean up after each iteration[39m[0m

      at src/common/multi-tenant-isolation.property.spec.ts:614:23
      at AsyncProperty.run (node_modules/fast-check/lib/cjs/fast-check.js:1212:19)

    console.error
      Concurrent isolation test error: JestAssertionError: expect(received).toBe(expected) // Object.is 
equality
      
      Expected: true
      Received: false
          at verifyConcurrentIsolation (G:\Payroll 
System\backend\src\common\multi-tenant-isolation.property.spec.ts:1048:95)
          at processTicksAndRejections (node:internal/process/task_queues:104:5)
          at G:\Payroll System\backend\src\common\multi-tenant-isolation.property.spec.ts:612:15
          at AsyncProperty.run (G:\Payroll 
System\backend\node_modules\fast-check\lib\cjs\fast-check.js:1212:19) {
        matcherResult: {
          actual: false,
          expected: true,
          message: 'expect(received).toBe(expected) // Object.is equality\n' +
            '\n' +
            'Expected: true\n' +
            'Received: false',
          name: 'toBe',
          pass: false
        }
      }

    [0m [90m 612 |[39m               [36mawait[39m verifyConcurrentIsolation(tenant1[33m,[39m 
tenant2)[33m;[39m
     [90m 613 |[39m             } [36mcatch[39m (error) {
    [31m[1m>[22m[39m[90m 614 |[39m               console[33m.[39merror([32m'Concurrent 
isolation test error:'[39m[33m,[39m error)[33m;[39m
     [90m     |[39m                       [31m[1m^[22m[39m
     [90m 615 |[39m               [36mthrow[39m error[33m;[39m
     [90m 616 |[39m             } [36mfinally[39m {
     [90m 617 |[39m               [90m// Always clean up after each iteration[39m[0m

      at src/common/multi-tenant-isolation.property.spec.ts:614:23
      at AsyncProperty.run (node_modules/fast-check/lib/cjs/fast-check.js:1212:19)

    console.error
      Concurrent isolation test error: JestAssertionError: expect(received).toBe(expected) // Object.is 
equality
      
      Expected: true
      Received: false
          at verifyConcurrentIsolation (G:\Payroll 
System\backend\src\common\multi-tenant-isolation.property.spec.ts:1048:95)
          at processTicksAndRejections (node:internal/process/task_queues:104:5)
          at G:\Payroll System\backend\src\common\multi-tenant-isolation.property.spec.ts:612:15
          at AsyncProperty.run (G:\Payroll 
System\backend\node_modules\fast-check\lib\cjs\fast-check.js:1212:19) {
        matcherResult: {
          actual: false,
          expected: true,
          message: 'expect(received).toBe(expected) // Object.is equality\n' +
            '\n' +
            'Expected: true\n' +
            'Received: false',
          name: 'toBe',
          pass: false
        }
      }

    [0m [90m 612 |[39m               [36mawait[39m verifyConcurrentIsolation(tenant1[33m,[39m 
tenant2)[33m;[39m
     [90m 613 |[39m             } [36mcatch[39m (error) {
    [31m[1m>[22m[39m[90m 614 |[39m               console[33m.[39merror([32m'Concurrent 
isolation test error:'[39m[33m,[39m error)[33m;[39m
     [90m     |[39m                       [31m[1m^[22m[39m
     [90m 615 |[39m               [36mthrow[39m error[33m;[39m
     [90m 616 |[39m             } [36mfinally[39m {
     [90m 617 |[39m               [90m// Always clean up after each iteration[39m[0m

      at src/common/multi-tenant-isolation.property.spec.ts:614:23
      at AsyncProperty.run (node_modules/fast-check/lib/cjs/fast-check.js:1212:19)

    console.error
      Concurrent isolation test error: JestAssertionError: expect(received).toBe(expected) // Object.is 
equality
      
      Expected: true
      Received: false
          at verifyConcurrentIsolation (G:\Payroll 
System\backend\src\common\multi-tenant-isolation.property.spec.ts:1048:95)
          at processTicksAndRejections (node:internal/process/task_queues:104:5)
          at G:\Payroll System\backend\src\common\multi-tenant-isolation.property.spec.ts:612:15
          at AsyncProperty.run (G:\Payroll 
System\backend\node_modules\fast-check\lib\cjs\fast-check.js:1212:19) {
        matcherResult: {
          actual: false,
          expected: true,
          message: 'expect(received).toBe(expected) // Object.is equality\n' +
            '\n' +
            'Expected: true\n' +
            'Received: false',
          name: 'toBe',
          pass: false
        }
      }

    [0m [90m 612 |[39m               [36mawait[39m verifyConcurrentIsolation(tenant1[33m,[39m 
tenant2)[33m;[39m
     [90m 613 |[39m             } [36mcatch[39m (error) {
    [31m[1m>[22m[39m[90m 614 |[39m               console[33m.[39merror([32m'Concurrent 
isolation test error:'[39m[33m,[39m error)[33m;[39m
     [90m     |[39m                       [31m[1m^[22m[39m
     [90m 615 |[39m               [36mthrow[39m error[33m;[39m
     [90m 616 |[39m             } [36mfinally[39m {
     [90m 617 |[39m               [90m// Always clean up after each iteration[39m[0m

      at src/common/multi-tenant-isolation.property.spec.ts:614:23
      at AsyncProperty.run (node_modules/fast-check/lib/cjs/fast-check.js:1212:19)

    console.error
      Concurrent isolation test error: JestAssertionError: expect(received).toBe(expected) // Object.is 
equality
      
      Expected: true
      Received: false
          at verifyConcurrentIsolation (G:\Payroll 
System\backend\src\common\multi-tenant-isolation.property.spec.ts:1048:95)
          at processTicksAndRejections (node:internal/process/task_queues:104:5)
          at G:\Payroll System\backend\src\common\multi-tenant-isolation.property.spec.ts:612:15
          at AsyncProperty.run (G:\Payroll 
System\backend\node_modules\fast-check\lib\cjs\fast-check.js:1212:19) {
        matcherResult: {
          actual: false,
          expected: true,
          message: 'expect(received).toBe(expected) // Object.is equality\n' +
            '\n' +
            'Expected: true\n' +
            'Received: false',
          name: 'toBe',
          pass: false
        }
      }

    [0m [90m 612 |[39m               [36mawait[39m verifyConcurrentIsolation(tenant1[33m,[39m 
tenant2)[33m;[39m
     [90m 613 |[39m             } [36mcatch[39m (error) {
    [31m[1m>[22m[39m[90m 614 |[39m               console[33m.[39merror([32m'Concurrent 
isolation test error:'[39m[33m,[39m error)[33m;[39m
     [90m     |[39m                       [31m[1m^[22m[39m
     [90m 615 |[39m               [36mthrow[39m error[33m;[39m
     [90m 616 |[39m             } [36mfinally[39m {
     [90m 617 |[39m               [90m// Always clean up after each iteration[39m[0m

      at src/common/multi-tenant-isolation.property.spec.ts:614:23
      at AsyncProperty.run (node_modules/fast-check/lib/cjs/fast-check.js:1212:19)

    console.error
      Concurrent isolation test error: JestAssertionError: expect(received).toBe(expected) // Object.is 
equality
      
      Expected: true
      Received: false
          at verifyConcurrentIsolation (G:\Payroll 
System\backend\src\common\multi-tenant-isolation.property.spec.ts:1048:95)
          at processTicksAndRejections (node:internal/process/task_queues:104:5)
          at G:\Payroll System\backend\src\common\multi-tenant-isolation.property.spec.ts:612:15
          at AsyncProperty.run (G:\Payroll 
System\backend\node_modules\fast-check\lib\cjs\fast-check.js:1212:19) {
        matcherResult: {
          actual: false,
          expected: true,
          message: 'expect(received).toBe(expected) // Object.is equality\n' +
            '\n' +
            'Expected: true\n' +
            'Received: false',
          name: 'toBe',
          pass: false
        }
      }

    [0m [90m 612 |[39m               [36mawait[39m verifyConcurrentIsolation(tenant1[33m,[39m 
tenant2)[33m;[39m
     [90m 613 |[39m             } [36mcatch[39m (error) {
    [31m[1m>[22m[39m[90m 614 |[39m               console[33m.[39merror([32m'Concurrent 
isolation test error:'[39m[33m,[39m error)[33m;[39m
     [90m     |[39m                       [31m[1m^[22m[39m
     [90m 615 |[39m               [36mthrow[39m error[33m;[39m
     [90m 616 |[39m             } [36mfinally[39m {
     [90m 617 |[39m               [90m// Always clean up after each iteration[39m[0m

      at src/common/multi-tenant-isolation.property.spec.ts:614:23
      at AsyncProperty.run (node_modules/fast-check/lib/cjs/fast-check.js:1212:19)

    console.error
      Concurrent isolation test error: JestAssertionError: expect(received).toBe(expected) // Object.is 
equality
      
      Expected: true
      Received: false
          at verifyConcurrentIsolation (G:\Payroll 
System\backend\src\common\multi-tenant-isolation.property.spec.ts:1048:95)
          at processTicksAndRejections (node:internal/process/task_queues:104:5)
          at G:\Payroll System\backend\src\common\multi-tenant-isolation.property.spec.ts:612:15
          at AsyncProperty.run (G:\Payroll 
System\backend\node_modules\fast-check\lib\cjs\fast-check.js:1212:19) {
        matcherResult: {
          actual: false,
          expected: true,
          message: 'expect(received).toBe(expected) // Object.is equality\n' +
            '\n' +
            'Expected: true\n' +
            'Received: false',
          name: 'toBe',
          pass: false
        }
      }

    [0m [90m 612 |[39m               [36mawait[39m verifyConcurrentIsolation(tenant1[33m,[39m 
tenant2)[33m;[39m
     [90m 613 |[39m             } [36mcatch[39m (error) {
    [31m[1m>[22m[39m[90m 614 |[39m               console[33m.[39merror([32m'Concurrent 
isolation test error:'[39m[33m,[39m error)[33m;[39m
     [90m     |[39m                       [31m[1m^[22m[39m
     [90m 615 |[39m               [36mthrow[39m error[33m;[39m
     [90m 616 |[39m             } [36mfinally[39m {
     [90m 617 |[39m               [90m// Always clean up after each iteration[39m[0m

      at src/common/multi-tenant-isolation.property.spec.ts:614:23
      at AsyncProperty.run (node_modules/fast-check/lib/cjs/fast-check.js:1212:19)

    console.error
      Concurrent isolation test error: JestAssertionError: expect(received).toBe(expected) // Object.is 
equality
      
      Expected: true
      Received: false
          at verifyConcurrentIsolation (G:\Payroll 
System\backend\src\common\multi-tenant-isolation.property.spec.ts:1048:95)
          at processTicksAndRejections (node:internal/process/task_queues:104:5)
          at G:\Payroll System\backend\src\common\multi-tenant-isolation.property.spec.ts:612:15
          at AsyncProperty.run (G:\Payroll 
System\backend\node_modules\fast-check\lib\cjs\fast-check.js:1212:19) {
        matcherResult: {
          actual: false,
          expected: true,
          message: 'expect(received).toBe(expected) // Object.is equality\n' +
            '\n' +
            'Expected: true\n' +
            'Received: false',
          name: 'toBe',
          pass: false
        }
      }

    [0m [90m 612 |[39m               [36mawait[39m verifyConcurrentIsolation(tenant1[33m,[39m 
tenant2)[33m;[39m
     [90m 613 |[39m             } [36mcatch[39m (error) {
    [31m[1m>[22m[39m[90m 614 |[39m               console[33m.[39merror([32m'Concurrent 
isolation test error:'[39m[33m,[39m error)[33m;[39m
     [90m     |[39m                       [31m[1m^[22m[39m
     [90m 615 |[39m               [36mthrow[39m error[33m;[39m
     [90m 616 |[39m             } [36mfinally[39m {
     [90m 617 |[39m               [90m// Always clean up after each iteration[39m[0m

      at src/common/multi-tenant-isolation.property.spec.ts:614:23
      at AsyncProperty.run (node_modules/fast-check/lib/cjs/fast-check.js:1212:19)

    console.error
      Concurrent isolation test error: JestAssertionError: expect(received).toBe(expected) // Object.is 
equality
      
      Expected: true
      Received: false
          at verifyConcurrentIsolation (G:\Payroll 
System\backend\src\common\multi-tenant-isolation.property.spec.ts:1048:95)
          at processTicksAndRejections (node:internal/process/task_queues:104:5)
          at G:\Payroll System\backend\src\common\multi-tenant-isolation.property.spec.ts:612:15
          at AsyncProperty.run (G:\Payroll 
System\backend\node_modules\fast-check\lib\cjs\fast-check.js:1212:19) {
        matcherResult: {
          actual: false,
          expected: true,
          message: 'expect(received).toBe(expected) // Object.is equality\n' +
            '\n' +
            'Expected: true\n' +
            'Received: false',
          name: 'toBe',
          pass: false
        }
      }

    [0m [90m 612 |[39m               [36mawait[39m verifyConcurrentIsolation(tenant1[33m,[39m 
tenant2)[33m;[39m
     [90m 613 |[39m             } [36mcatch[39m (error) {
    [31m[1m>[22m[39m[90m 614 |[39m               console[33m.[39merror([32m'Concurrent 
isolation test error:'[39m[33m,[39m error)[33m;[39m
     [90m     |[39m                       [31m[1m^[22m[39m
     [90m 615 |[39m               [36mthrow[39m error[33m;[39m
     [90m 616 |[39m             } [36mfinally[39m {
     [90m 617 |[39m               [90m// Always clean up after each iteration[39m[0m

      at src/common/multi-tenant-isolation.property.spec.ts:614:23
      at AsyncProperty.run (node_modules/fast-check/lib/cjs/fast-check.js:1212:19)

    console.error
      Concurrent isolation test error: JestAssertionError: expect(received).toBe(expected) // Object.is 
equality
      
      Expected: true
      Received: false
          at verifyConcurrentIsolation (G:\Payroll 
System\backend\src\common\multi-tenant-isolation.property.spec.ts:1048:95)
          at processTicksAndRejections (node:internal/process/task_queues:104:5)
          at G:\Payroll System\backend\src\common\multi-tenant-isolation.property.spec.ts:612:15
          at AsyncProperty.run (G:\Payroll 
System\backend\node_modules\fast-check\lib\cjs\fast-check.js:1212:19) {
        matcherResult: {
          actual: false,
          expected: true,
          message: 'expect(received).toBe(expected) // Object.is equality\n' +
            '\n' +
            'Expected: true\n' +
            'Received: false',
          name: 'toBe',
          pass: false
        }
      }

    [0m [90m 612 |[39m               [36mawait[39m verifyConcurrentIsolation(tenant1[33m,[39m 
tenant2)[33m;[39m
     [90m 613 |[39m             } [36mcatch[39m (error) {
    [31m[1m>[22m[39m[90m 614 |[39m               console[33m.[39merror([32m'Concurrent 
isolation test error:'[39m[33m,[39m error)[33m;[39m
     [90m     |[39m                       [31m[1m^[22m[39m
     [90m 615 |[39m               [36mthrow[39m error[33m;[39m
     [90m 616 |[39m             } [36mfinally[39m {
     [90m 617 |[39m               [90m// Always clean up after each iteration[39m[0m

      at src/common/multi-tenant-isolation.property.spec.ts:614:23
      at AsyncProperty.run (node_modules/fast-check/lib/cjs/fast-check.js:1212:19)

    console.error
      Concurrent isolation test error: JestAssertionError: expect(received).toBe(expected) // Object.is 
equality
      
      Expected: true
      Received: false
          at verifyConcurrentIsolation (G:\Payroll 
System\backend\src\common\multi-tenant-isolation.property.spec.ts:1048:95)
          at processTicksAndRejections (node:internal/process/task_queues:104:5)
          at G:\Payroll System\backend\src\common\multi-tenant-isolation.property.spec.ts:612:15
          at AsyncProperty.run (G:\Payroll 
System\backend\node_modules\fast-check\lib\cjs\fast-check.js:1212:19) {
        matcherResult: {
          actual: false,
          expected: true,
          message: 'expect(received).toBe(expected) // Object.is equality\n' +
            '\n' +
            'Expected: true\n' +
            'Received: false',
          name: 'toBe',
          pass: false
        }
      }

    [0m [90m 612 |[39m               [36mawait[39m verifyConcurrentIsolation(tenant1[33m,[39m 
tenant2)[33m;[39m
     [90m 613 |[39m             } [36mcatch[39m (error) {
    [31m[1m>[22m[39m[90m 614 |[39m               console[33m.[39merror([32m'Concurrent 
isolation test error:'[39m[33m,[39m error)[33m;[39m
     [90m     |[39m                       [31m[1m^[22m[39m
     [90m 615 |[39m               [36mthrow[39m error[33m;[39m
     [90m 616 |[39m             } [36mfinally[39m {
     [90m 617 |[39m               [90m// Always clean up after each iteration[39m[0m

      at src/common/multi-tenant-isolation.property.spec.ts:614:23
      at AsyncProperty.run (node_modules/fast-check/lib/cjs/fast-check.js:1212:19)

    console.error
      Concurrent isolation test error: JestAssertionError: expect(received).toBe(expected) // Object.is 
equality
      
      Expected: true
      Received: false
          at verifyConcurrentIsolation (G:\Payroll 
System\backend\src\common\multi-tenant-isolation.property.spec.ts:1048:95)
          at processTicksAndRejections (node:internal/process/task_queues:104:5)
          at G:\Payroll System\backend\src\common\multi-tenant-isolation.property.spec.ts:612:15
          at AsyncProperty.run (G:\Payroll 
System\backend\node_modules\fast-check\lib\cjs\fast-check.js:1212:19) {
        matcherResult: {
          actual: false,
          expected: true,
          message: 'expect(received).toBe(expected) // Object.is equality\n' +
            '\n' +
            'Expected: true\n' +
            'Received: false',
          name: 'toBe',
          pass: false
        }
      }

    [0m [90m 612 |[39m               [36mawait[39m verifyConcurrentIsolation(tenant1[33m,[39m 
tenant2)[33m;[39m
     [90m 613 |[39m             } [36mcatch[39m (error) {
    [31m[1m>[22m[39m[90m 614 |[39m               console[33m.[39merror([32m'Concurrent 
isolation test error:'[39m[33m,[39m error)[33m;[39m
     [90m     |[39m                       [31m[1m^[22m[39m
     [90m 615 |[39m               [36mthrow[39m error[33m;[39m
     [90m 616 |[39m             } [36mfinally[39m {
     [90m 617 |[39m               [90m// Always clean up after each iteration[39m[0m

      at src/common/multi-tenant-isolation.property.spec.ts:614:23
      at AsyncProperty.run (node_modules/fast-check/lib/cjs/fast-check.js:1212:19)

    console.error
      Concurrent isolation test error: JestAssertionError: expect(received).toBe(expected) // Object.is 
equality
      
      Expected: true
      Received: false
          at verifyConcurrentIsolation (G:\Payroll 
System\backend\src\common\multi-tenant-isolation.property.spec.ts:1048:95)
          at processTicksAndRejections (node:internal/process/task_queues:104:5)
          at G:\Payroll System\backend\src\common\multi-tenant-isolation.property.spec.ts:612:15
          at AsyncProperty.run (G:\Payroll 
System\backend\node_modules\fast-check\lib\cjs\fast-check.js:1212:19) {
        matcherResult: {
          actual: false,
          expected: true,
          message: 'expect(received).toBe(expected) // Object.is equality\n' +
            '\n' +
            'Expected: true\n' +
            'Received: false',
          name: 'toBe',
          pass: false
        }
      }

    [0m [90m 612 |[39m               [36mawait[39m verifyConcurrentIsolation(tenant1[33m,[39m 
tenant2)[33m;[39m
     [90m 613 |[39m             } [36mcatch[39m (error) {
    [31m[1m>[22m[39m[90m 614 |[39m               console[33m.[39merror([32m'Concurrent 
isolation test error:'[39m[33m,[39m error)[33m;[39m
     [90m     |[39m                       [31m[1m^[22m[39m
     [90m 615 |[39m               [36mthrow[39m error[33m;[39m
     [90m 616 |[39m             } [36mfinally[39m {
     [90m 617 |[39m               [90m// Always clean up after each iteration[39m[0m

      at src/common/multi-tenant-isolation.property.spec.ts:614:23
      at AsyncProperty.run (node_modules/fast-check/lib/cjs/fast-check.js:1212:19)

    console.error
      Concurrent isolation test error: JestAssertionError: expect(received).toBe(expected) // Object.is 
equality
      
      Expected: true
      Received: false
          at verifyConcurrentIsolation (G:\Payroll 
System\backend\src\common\multi-tenant-isolation.property.spec.ts:1048:95)
          at processTicksAndRejections (node:internal/process/task_queues:104:5)
          at G:\Payroll System\backend\src\common\multi-tenant-isolation.property.spec.ts:612:15
          at AsyncProperty.run (G:\Payroll 
System\backend\node_modules\fast-check\lib\cjs\fast-check.js:1212:19) {
        matcherResult: {
          actual: false,
          expected: true,
          message: 'expect(received).toBe(expected) // Object.is equality\n' +
            '\n' +
            'Expected: true\n' +
            'Received: false',
          name: 'toBe',
          pass: false
        }
      }

    [0m [90m 612 |[39m               [36mawait[39m verifyConcurrentIsolation(tenant1[33m,[39m 
tenant2)[33m;[39m
     [90m 613 |[39m             } [36mcatch[39m (error) {
    [31m[1m>[22m[39m[90m 614 |[39m               console[33m.[39merror([32m'Concurrent 
isolation test error:'[39m[33m,[39m error)[33m;[39m
     [90m     |[39m                       [31m[1m^[22m[39m
     [90m 615 |[39m               [36mthrow[39m error[33m;[39m
     [90m 616 |[39m             } [36mfinally[39m {
     [90m 617 |[39m               [90m// Always clean up after each iteration[39m[0m

      at src/common/multi-tenant-isolation.property.spec.ts:614:23
      at AsyncProperty.run (node_modules/fast-check/lib/cjs/fast-check.js:1212:19)

    console.error
      Concurrent isolation test error: JestAssertionError: expect(received).toBe(expected) // Object.is 
equality
      
      Expected: true
      Received: false
          at verifyConcurrentIsolation (G:\Payroll 
System\backend\src\common\multi-tenant-isolation.property.spec.ts:1048:95)
          at processTicksAndRejections (node:internal/process/task_queues:104:5)
          at G:\Payroll System\backend\src\common\multi-tenant-isolation.property.spec.ts:612:15
          at AsyncProperty.run (G:\Payroll 
System\backend\node_modules\fast-check\lib\cjs\fast-check.js:1212:19) {
        matcherResult: {
          actual: false,
          expected: true,
          message: 'expect(received).toBe(expected) // Object.is equality\n' +
            '\n' +
            'Expected: true\n' +
            'Received: false',
          name: 'toBe',
          pass: false
        }
      }

    [0m [90m 612 |[39m               [36mawait[39m verifyConcurrentIsolation(tenant1[33m,[39m 
tenant2)[33m;[39m
     [90m 613 |[39m             } [36mcatch[39m (error) {
    [31m[1m>[22m[39m[90m 614 |[39m               console[33m.[39merror([32m'Concurrent 
isolation test error:'[39m[33m,[39m error)[33m;[39m
     [90m     |[39m                       [31m[1m^[22m[39m
     [90m 615 |[39m               [36mthrow[39m error[33m;[39m
     [90m 616 |[39m             } [36mfinally[39m {
     [90m 617 |[39m               [90m// Always clean up after each iteration[39m[0m

      at src/common/multi-tenant-isolation.property.spec.ts:614:23
      at AsyncProperty.run (node_modules/fast-check/lib/cjs/fast-check.js:1212:19)

    console.error
      Concurrent isolation test error: JestAssertionError: expect(received).toBe(expected) // Object.is 
equality
      
      Expected: true
      Received: false
          at verifyConcurrentIsolation (G:\Payroll 
System\backend\src\common\multi-tenant-isolation.property.spec.ts:1048:95)
          at processTicksAndRejections (node:internal/process/task_queues:104:5)
          at G:\Payroll System\backend\src\common\multi-tenant-isolation.property.spec.ts:612:15
          at AsyncProperty.run (G:\Payroll 
System\backend\node_modules\fast-check\lib\cjs\fast-check.js:1212:19) {
        matcherResult: {
          actual: false,
          expected: true,
          message: 'expect(received).toBe(expected) // Object.is equality\n' +
            '\n' +
            'Expected: true\n' +
            'Received: false',
          name: 'toBe',
          pass: false
        }
      }

    [0m [90m 612 |[39m               [36mawait[39m verifyConcurrentIsolation(tenant1[33m,[39m 
tenant2)[33m;[39m
     [90m 613 |[39m             } [36mcatch[39m (error) {
    [31m[1m>[22m[39m[90m 614 |[39m               console[33m.[39merror([32m'Concurrent 
isolation test error:'[39m[33m,[39m error)[33m;[39m
     [90m     |[39m                       [31m[1m^[22m[39m
     [90m 615 |[39m               [36mthrow[39m error[33m;[39m
     [90m 616 |[39m             } [36mfinally[39m {
     [90m 617 |[39m               [90m// Always clean up after each iteration[39m[0m

      at src/common/multi-tenant-isolation.property.spec.ts:614:23
      at AsyncProperty.run (node_modules/fast-check/lib/cjs/fast-check.js:1212:19)

    console.error
      Concurrent isolation test error: JestAssertionError: expect(received).toBe(expected) // Object.is 
equality
      
      Expected: true
      Received: false
          at verifyConcurrentIsolation (G:\Payroll 
System\backend\src\common\multi-tenant-isolation.property.spec.ts:1048:95)
          at processTicksAndRejections (node:internal/process/task_queues:104:5)
          at G:\Payroll System\backend\src\common\multi-tenant-isolation.property.spec.ts:612:15
          at AsyncProperty.run (G:\Payroll 
System\backend\node_modules\fast-check\lib\cjs\fast-check.js:1212:19) {
        matcherResult: {
          actual: false,
          expected: true,
          message: 'expect(received).toBe(expected) // Object.is equality\n' +
            '\n' +
            'Expected: true\n' +
            'Received: false',
          name: 'toBe',
          pass: false
        }
      }

    [0m [90m 612 |[39m               [36mawait[39m verifyConcurrentIsolation(tenant1[33m,[39m 
tenant2)[33m;[39m
     [90m 613 |[39m             } [36mcatch[39m (error) {
    [31m[1m>[22m[39m[90m 614 |[39m               console[33m.[39merror([32m'Concurrent 
isolation test error:'[39m[33m,[39m error)[33m;[39m
     [90m     |[39m                       [31m[1m^[22m[39m
     [90m 615 |[39m               [36mthrow[39m error[33m;[39m
     [90m 616 |[39m             } [36mfinally[39m {
     [90m 617 |[39m               [90m// Always clean up after each iteration[39m[0m

      at src/common/multi-tenant-isolation.property.spec.ts:614:23
      at AsyncProperty.run (node_modules/fast-check/lib/cjs/fast-check.js:1212:19)

    console.error
      Concurrent isolation test error: JestAssertionError: expect(received).toBe(expected) // Object.is 
equality
      
      Expected: true
      Received: false
          at verifyConcurrentIsolation (G:\Payroll 
System\backend\src\common\multi-tenant-isolation.property.spec.ts:1048:95)
          at processTicksAndRejections (node:internal/process/task_queues:104:5)
          at G:\Payroll System\backend\src\common\multi-tenant-isolation.property.spec.ts:612:15
          at AsyncProperty.run (G:\Payroll 
System\backend\node_modules\fast-check\lib\cjs\fast-check.js:1212:19) {
        matcherResult: {
          actual: false,
          expected: true,
          message: 'expect(received).toBe(expected) // Object.is equality\n' +
            '\n' +
            'Expected: true\n' +
            'Received: false',
          name: 'toBe',
          pass: false
        }
      }

    [0m [90m 612 |[39m               [36mawait[39m verifyConcurrentIsolation(tenant1[33m,[39m 
tenant2)[33m;[39m
     [90m 613 |[39m             } [36mcatch[39m (error) {
    [31m[1m>[22m[39m[90m 614 |[39m               console[33m.[39merror([32m'Concurrent 
isolation test error:'[39m[33m,[39m error)[33m;[39m
     [90m     |[39m                       [31m[1m^[22m[39m
     [90m 615 |[39m               [36mthrow[39m error[33m;[39m
     [90m 616 |[39m             } [36mfinally[39m {
     [90m 617 |[39m               [90m// Always clean up after each iteration[39m[0m

      at src/common/multi-tenant-isolation.property.spec.ts:614:23
      at AsyncProperty.run (node_modules/fast-check/lib/cjs/fast-check.js:1212:19)

    console.error
      Concurrent isolation test error: JestAssertionError: expect(received).toBe(expected) // Object.is 
equality
      
      Expected: true
      Received: false
          at verifyConcurrentIsolation (G:\Payroll 
System\backend\src\common\multi-tenant-isolation.property.spec.ts:1048:95)
          at processTicksAndRejections (node:internal/process/task_queues:104:5)
          at G:\Payroll System\backend\src\common\multi-tenant-isolation.property.spec.ts:612:15
          at AsyncProperty.run (G:\Payroll 
System\backend\node_modules\fast-check\lib\cjs\fast-check.js:1212:19) {
        matcherResult: {
          actual: false,
          expected: true,
          message: 'expect(received).toBe(expected) // Object.is equality\n' +
            '\n' +
            'Expected: true\n' +
            'Received: false',
          name: 'toBe',
          pass: false
        }
      }

    [0m [90m 612 |[39m               [36mawait[39m verifyConcurrentIsolation(tenant1[33m,[39m 
tenant2)[33m;[39m
     [90m 613 |[39m             } [36mcatch[39m (error) {
    [31m[1m>[22m[39m[90m 614 |[39m               console[33m.[39merror([32m'Concurrent 
isolation test error:'[39m[33m,[39m error)[33m;[39m
     [90m     |[39m                       [31m[1m^[22m[39m
     [90m 615 |[39m               [36mthrow[39m error[33m;[39m
     [90m 616 |[39m             } [36mfinally[39m {
     [90m 617 |[39m               [90m// Always clean up after each iteration[39m[0m

      at src/common/multi-tenant-isolation.property.spec.ts:614:23
      at AsyncProperty.run (node_modules/fast-check/lib/cjs/fast-check.js:1212:19)

    console.error
      Concurrent isolation test error: JestAssertionError: expect(received).toBe(expected) // Object.is 
equality
      
      Expected: true
      Received: false
          at verifyConcurrentIsolation (G:\Payroll 
System\backend\src\common\multi-tenant-isolation.property.spec.ts:1048:95)
          at processTicksAndRejections (node:internal/process/task_queues:104:5)
          at G:\Payroll System\backend\src\common\multi-tenant-isolation.property.spec.ts:612:15
          at AsyncProperty.run (G:\Payroll 
System\backend\node_modules\fast-check\lib\cjs\fast-check.js:1212:19) {
        matcherResult: {
          actual: false,
          expected: true,
          message: 'expect(received).toBe(expected) // Object.is equality\n' +
            '\n' +
            'Expected: true\n' +
            'Received: false',
          name: 'toBe',
          pass: false
        }
      }

    [0m [90m 612 |[39m               [36mawait[39m verifyConcurrentIsolation(tenant1[33m,[39m 
tenant2)[33m;[39m
     [90m 613 |[39m             } [36mcatch[39m (error) {
    [31m[1m>[22m[39m[90m 614 |[39m               console[33m.[39merror([32m'Concurrent 
isolation test error:'[39m[33m,[39m error)[33m;[39m
     [90m     |[39m                       [31m[1m^[22m[39m
     [90m 615 |[39m               [36mthrow[39m error[33m;[39m
     [90m 616 |[39m             } [36mfinally[39m {
     [90m 617 |[39m               [90m// Always clean up after each iteration[39m[0m

      at src/common/multi-tenant-isolation.property.spec.ts:614:23
      at AsyncProperty.run (node_modules/fast-check/lib/cjs/fast-check.js:1212:19)

    console.error
      Concurrent isolation test error: JestAssertionError: expect(received).toBe(expected) // Object.is 
equality
      
      Expected: true
      Received: false
          at verifyConcurrentIsolation (G:\Payroll 
System\backend\src\common\multi-tenant-isolation.property.spec.ts:1048:95)
          at processTicksAndRejections (node:internal/process/task_queues:104:5)
          at G:\Payroll System\backend\src\common\multi-tenant-isolation.property.spec.ts:612:15
          at AsyncProperty.run (G:\Payroll 
System\backend\node_modules\fast-check\lib\cjs\fast-check.js:1212:19) {
        matcherResult: {
          actual: false,
          expected: true,
          message: 'expect(received).toBe(expected) // Object.is equality\n' +
            '\n' +
            'Expected: true\n' +
            'Received: false',
          name: 'toBe',
          pass: false
        }
      }

    [0m [90m 612 |[39m               [36mawait[39m verifyConcurrentIsolation(tenant1[33m,[39m 
tenant2)[33m;[39m
     [90m 613 |[39m             } [36mcatch[39m (error) {
    [31m[1m>[22m[39m[90m 614 |[39m               console[33m.[39merror([32m'Concurrent 
isolation test error:'[39m[33m,[39m error)[33m;[39m
     [90m     |[39m                       [31m[1m^[22m[39m
     [90m 615 |[39m               [36mthrow[39m error[33m;[39m
     [90m 616 |[39m             } [36mfinally[39m {
     [90m 617 |[39m               [90m// Always clean up after each iteration[39m[0m

      at src/common/multi-tenant-isolation.property.spec.ts:614:23
      at AsyncProperty.run (node_modules/fast-check/lib/cjs/fast-check.js:1212:19)

    console.error
      Concurrent isolation test error: JestAssertionError: expect(received).toBe(expected) // Object.is 
equality
      
      Expected: true
      Received: false
          at verifyConcurrentIsolation (G:\Payroll 
System\backend\src\common\multi-tenant-isolation.property.spec.ts:1048:95)
          at processTicksAndRejections (node:internal/process/task_queues:104:5)
          at G:\Payroll System\backend\src\common\multi-tenant-isolation.property.spec.ts:612:15
          at AsyncProperty.run (G:\Payroll 
System\backend\node_modules\fast-check\lib\cjs\fast-check.js:1212:19) {
        matcherResult: {
          actual: false,
          expected: true,
          message: 'expect(received).toBe(expected) // Object.is equality\n' +
            '\n' +
            'Expected: true\n' +
            'Received: false',
          name: 'toBe',
          pass: false
        }
      }

    [0m [90m 612 |[39m               [36mawait[39m verifyConcurrentIsolation(tenant1[33m,[39m 
tenant2)[33m;[39m
     [90m 613 |[39m             } [36mcatch[39m (error) {
    [31m[1m>[22m[39m[90m 614 |[39m               console[33m.[39merror([32m'Concurrent 
isolation test error:'[39m[33m,[39m error)[33m;[39m
     [90m     |[39m                       [31m[1m^[22m[39m
     [90m 615 |[39m               [36mthrow[39m error[33m;[39m
     [90m 616 |[39m             } [36mfinally[39m {
     [90m 617 |[39m               [90m// Always clean up after each iteration[39m[0m

      at src/common/multi-tenant-isolation.property.spec.ts:614:23
      at AsyncProperty.run (node_modules/fast-check/lib/cjs/fast-check.js:1212:19)

    console.error
      Concurrent isolation test error: JestAssertionError: expect(received).toBe(expected) // Object.is 
equality
      
      Expected: true
      Received: false
          at verifyConcurrentIsolation (G:\Payroll 
System\backend\src\common\multi-tenant-isolation.property.spec.ts:1048:95)
          at processTicksAndRejections (node:internal/process/task_queues:104:5)
          at G:\Payroll System\backend\src\common\multi-tenant-isolation.property.spec.ts:612:15
          at AsyncProperty.run (G:\Payroll 
System\backend\node_modules\fast-check\lib\cjs\fast-check.js:1212:19) {
        matcherResult: {
          actual: false,
          expected: true,
          message: 'expect(received).toBe(expected) // Object.is equality\n' +
            '\n' +
            'Expected: true\n' +
            'Received: false',
          name: 'toBe',
          pass: false
        }
      }

    [0m [90m 612 |[39m               [36mawait[39m verifyConcurrentIsolation(tenant1[33m,[39m 
tenant2)[33m;[39m
     [90m 613 |[39m             } [36mcatch[39m (error) {
    [31m[1m>[22m[39m[90m 614 |[39m               console[33m.[39merror([32m'Concurrent 
isolation test error:'[39m[33m,[39m error)[33m;[39m
     [90m     |[39m                       [31m[1m^[22m[39m
     [90m 615 |[39m               [36mthrow[39m error[33m;[39m
     [90m 616 |[39m             } [36mfinally[39m {
     [90m 617 |[39m               [90m// Always clean up after each iteration[39m[0m

      at src/common/multi-tenant-isolation.property.spec.ts:614:23
      at AsyncProperty.run (node_modules/fast-check/lib/cjs/fast-check.js:1212:19)

    console.error
      Concurrent isolation test error: JestAssertionError: expect(received).toBe(expected) // Object.is 
equality
      
      Expected: true
      Received: false
          at verifyConcurrentIsolation (G:\Payroll 
System\backend\src\common\multi-tenant-isolation.property.spec.ts:1048:95)
          at processTicksAndRejections (node:internal/process/task_queues:104:5)
          at G:\Payroll System\backend\src\common\multi-tenant-isolation.property.spec.ts:612:15
          at AsyncProperty.run (G:\Payroll 
System\backend\node_modules\fast-check\lib\cjs\fast-check.js:1212:19) {
        matcherResult: {
          actual: false,
          expected: true,
          message: 'expect(received).toBe(expected) // Object.is equality\n' +
            '\n' +
            'Expected: true\n' +
            'Received: false',
          name: 'toBe',
          pass: false
        }
      }

    [0m [90m 612 |[39m               [36mawait[39m verifyConcurrentIsolation(tenant1[33m,[39m 
tenant2)[33m;[39m
     [90m 613 |[39m             } [36mcatch[39m (error) {
    [31m[1m>[22m[39m[90m 614 |[39m               console[33m.[39merror([32m'Concurrent 
isolation test error:'[39m[33m,[39m error)[33m;[39m
     [90m     |[39m                       [31m[1m^[22m[39m
     [90m 615 |[39m               [36mthrow[39m error[33m;[39m
     [90m 616 |[39m             } [36mfinally[39m {
     [90m 617 |[39m               [90m// Always clean up after each iteration[39m[0m

      at src/common/multi-tenant-isolation.property.spec.ts:614:23
      at AsyncProperty.run (node_modules/fast-check/lib/cjs/fast-check.js:1212:19)

    console.error
      Concurrent isolation test error: JestAssertionError: expect(received).toBe(expected) // Object.is 
equality
      
      Expected: true
      Received: false
          at verifyConcurrentIsolation (G:\Payroll 
System\backend\src\common\multi-tenant-isolation.property.spec.ts:1048:95)
          at processTicksAndRejections (node:internal/process/task_queues:104:5)
          at G:\Payroll System\backend\src\common\multi-tenant-isolation.property.spec.ts:612:15
          at AsyncProperty.run (G:\Payroll 
System\backend\node_modules\fast-check\lib\cjs\fast-check.js:1212:19) {
        matcherResult: {
          actual: false,
          expected: true,
          message: 'expect(received).toBe(expected) // Object.is equality\n' +
            '\n' +
            'Expected: true\n' +
            'Received: false',
          name: 'toBe',
          pass: false
        }
      }

    [0m [90m 612 |[39m               [36mawait[39m verifyConcurrentIsolation(tenant1[33m,[39m 
tenant2)[33m;[39m
     [90m 613 |[39m             } [36mcatch[39m (error) {
    [31m[1m>[22m[39m[90m 614 |[39m               console[33m.[39merror([32m'Concurrent 
isolation test error:'[39m[33m,[39m error)[33m;[39m
     [90m     |[39m                       [31m[1m^[22m[39m
     [90m 615 |[39m               [36mthrow[39m error[33m;[39m
     [90m 616 |[39m             } [36mfinally[39m {
     [90m 617 |[39m               [90m// Always clean up after each iteration[39m[0m

      at src/common/multi-tenant-isolation.property.spec.ts:614:23
      at AsyncProperty.run (node_modules/fast-check/lib/cjs/fast-check.js:1212:19)

    console.error
      Concurrent isolation test error: JestAssertionError: expect(received).toBe(expected) // Object.is 
equality
      
      Expected: true
      Received: false
          at verifyConcurrentIsolation (G:\Payroll 
System\backend\src\common\multi-tenant-isolation.property.spec.ts:1048:95)
          at processTicksAndRejections (node:internal/process/task_queues:104:5)
          at G:\Payroll System\backend\src\common\multi-tenant-isolation.property.spec.ts:612:15
          at AsyncProperty.run (G:\Payroll 
System\backend\node_modules\fast-check\lib\cjs\fast-check.js:1212:19) {
        matcherResult: {
          actual: false,
          expected: true,
          message: 'expect(received).toBe(expected) // Object.is equality\n' +
            '\n' +
            'Expected: true\n' +
            'Received: false',
          name: 'toBe',
          pass: false
        }
      }

    [0m [90m 612 |[39m               [36mawait[39m verifyConcurrentIsolation(tenant1[33m,[39m 
tenant2)[33m;[39m
     [90m 613 |[39m             } [36mcatch[39m (error) {
    [31m[1m>[22m[39m[90m 614 |[39m               console[33m.[39merror([32m'Concurrent 
isolation test error:'[39m[33m,[39m error)[33m;[39m
     [90m     |[39m                       [31m[1m^[22m[39m
     [90m 615 |[39m               [36mthrow[39m error[33m;[39m
     [90m 616 |[39m             } [36mfinally[39m {
     [90m 617 |[39m               [90m// Always clean up after each iteration[39m[0m

      at src/common/multi-tenant-isolation.property.spec.ts:614:23
      at AsyncProperty.run (node_modules/fast-check/lib/cjs/fast-check.js:1212:19)

    console.error
      Concurrent isolation test error: JestAssertionError: expect(received).toBe(expected) // Object.is 
equality
      
      Expected: true
      Received: false
          at verifyConcurrentIsolation (G:\Payroll 
System\backend\src\common\multi-tenant-isolation.property.spec.ts:1048:95)
          at processTicksAndRejections (node:internal/process/task_queues:104:5)
          at G:\Payroll System\backend\src\common\multi-tenant-isolation.property.spec.ts:612:15
          at AsyncProperty.run (G:\Payroll 
System\backend\node_modules\fast-check\lib\cjs\fast-check.js:1212:19) {
        matcherResult: {
          actual: false,
          expected: true,
          message: 'expect(received).toBe(expected) // Object.is equality\n' +
            '\n' +
            'Expected: true\n' +
            'Received: false',
          name: 'toBe',
          pass: false
        }
      }

    [0m [90m 612 |[39m               [36mawait[39m verifyConcurrentIsolation(tenant1[33m,[39m 
tenant2)[33m;[39m
     [90m 613 |[39m             } [36mcatch[39m (error) {
    [31m[1m>[22m[39m[90m 614 |[39m               console[33m.[39merror([32m'Concurrent 
isolation test error:'[39m[33m,[39m error)[33m;[39m
     [90m     |[39m                       [31m[1m^[22m[39m
     [90m 615 |[39m               [36mthrow[39m error[33m;[39m
     [90m 616 |[39m             } [36mfinally[39m {
     [90m 617 |[39m               [90m// Always clean up after each iteration[39m[0m

      at src/common/multi-tenant-isolation.property.spec.ts:614:23
      at AsyncProperty.run (node_modules/fast-check/lib/cjs/fast-check.js:1212:19)

    console.error
      Concurrent isolation test error: JestAssertionError: expect(received).toBe(expected) // Object.is 
equality
      
      Expected: true
      Received: false
          at verifyConcurrentIsolation (G:\Payroll 
System\backend\src\common\multi-tenant-isolation.property.spec.ts:1048:95)
          at processTicksAndRejections (node:internal/process/task_queues:104:5)
          at G:\Payroll System\backend\src\common\multi-tenant-isolation.property.spec.ts:612:15
          at AsyncProperty.run (G:\Payroll 
System\backend\node_modules\fast-check\lib\cjs\fast-check.js:1212:19) {
        matcherResult: {
          actual: false,
          expected: true,
          message: 'expect(received).toBe(expected) // Object.is equality\n' +
            '\n' +
            'Expected: true\n' +
            'Received: false',
          name: 'toBe',
          pass: false
        }
      }

    [0m [90m 612 |[39m               [36mawait[39m verifyConcurrentIsolation(tenant1[33m,[39m 
tenant2)[33m;[39m
     [90m 613 |[39m             } [36mcatch[39m (error) {
    [31m[1m>[22m[39m[90m 614 |[39m               console[33m.[39merror([32m'Concurrent 
isolation test error:'[39m[33m,[39m error)[33m;[39m
     [90m     |[39m                       [31m[1m^[22m[39m
     [90m 615 |[39m               [36mthrow[39m error[33m;[39m
     [90m 616 |[39m             } [36mfinally[39m {
     [90m 617 |[39m               [90m// Always clean up after each iteration[39m[0m

      at src/common/multi-tenant-isolation.property.spec.ts:614:23
      at AsyncProperty.run (node_modules/fast-check/lib/cjs/fast-check.js:1212:19)

    console.error
      Concurrent isolation test error: JestAssertionError: expect(received).toBe(expected) // Object.is 
equality
      
      Expected: true
      Received: false
          at verifyConcurrentIsolation (G:\Payroll 
System\backend\src\common\multi-tenant-isolation.property.spec.ts:1048:95)
          at processTicksAndRejections (node:internal/process/task_queues:104:5)
          at G:\Payroll System\backend\src\common\multi-tenant-isolation.property.spec.ts:612:15
          at AsyncProperty.run (G:\Payroll 
System\backend\node_modules\fast-check\lib\cjs\fast-check.js:1212:19) {
        matcherResult: {
          actual: false,
          expected: true,
          message: 'expect(received).toBe(expected) // Object.is equality\n' +
            '\n' +
            'Expected: true\n' +
            'Received: false',
          name: 'toBe',
          pass: false
        }
      }

    [0m [90m 612 |[39m               [36mawait[39m verifyConcurrentIsolation(tenant1[33m,[39m 
tenant2)[33m;[39m
     [90m 613 |[39m             } [36mcatch[39m (error) {
    [31m[1m>[22m[39m[90m 614 |[39m               console[33m.[39merror([32m'Concurrent 
isolation test error:'[39m[33m,[39m error)[33m;[39m
     [90m     |[39m                       [31m[1m^[22m[39m
     [90m 615 |[39m               [36mthrow[39m error[33m;[39m
     [90m 616 |[39m             } [36mfinally[39m {
     [90m 617 |[39m               [90m// Always clean up after each iteration[39m[0m

      at src/common/multi-tenant-isolation.property.spec.ts:614:23
      at AsyncProperty.run (node_modules/fast-check/lib/cjs/fast-check.js:1212:19)

    console.error
      Concurrent isolation test error: JestAssertionError: expect(received).toBe(expected) // Object.is 
equality
      
      Expected: true
      Received: false
          at verifyConcurrentIsolation (G:\Payroll 
System\backend\src\common\multi-tenant-isolation.property.spec.ts:1048:95)
          at processTicksAndRejections (node:internal/process/task_queues:104:5)
          at G:\Payroll System\backend\src\common\multi-tenant-isolation.property.spec.ts:612:15
          at AsyncProperty.run (G:\Payroll 
System\backend\node_modules\fast-check\lib\cjs\fast-check.js:1212:19) {
        matcherResult: {
          actual: false,
          expected: true,
          message: 'expect(received).toBe(expected) // Object.is equality\n' +
            '\n' +
            'Expected: true\n' +
            'Received: false',
          name: 'toBe',
          pass: false
        }
      }

    [0m [90m 612 |[39m               [36mawait[39m verifyConcurrentIsolation(tenant1[33m,[39m 
tenant2)[33m;[39m
     [90m 613 |[39m             } [36mcatch[39m (error) {
    [31m[1m>[22m[39m[90m 614 |[39m               console[33m.[39merror([32m'Concurrent 
isolation test error:'[39m[33m,[39m error)[33m;[39m
     [90m     |[39m                       [31m[1m^[22m[39m
     [90m 615 |[39m               [36mthrow[39m error[33m;[39m
     [90m 616 |[39m             } [36mfinally[39m {
     [90m 617 |[39m               [90m// Always clean up after each iteration[39m[0m

      at src/common/multi-tenant-isolation.property.spec.ts:614:23
      at AsyncProperty.run (node_modules/fast-check/lib/cjs/fast-check.js:1212:19)

    console.error
      Concurrent isolation test error: JestAssertionError: expect(received).toBe(expected) // Object.is 
equality
      
      Expected: true
      Received: false
          at verifyConcurrentIsolation (G:\Payroll 
System\backend\src\common\multi-tenant-isolation.property.spec.ts:1048:95)
          at processTicksAndRejections (node:internal/process/task_queues:104:5)
          at G:\Payroll System\backend\src\common\multi-tenant-isolation.property.spec.ts:612:15
          at AsyncProperty.run (G:\Payroll 
System\backend\node_modules\fast-check\lib\cjs\fast-check.js:1212:19) {
        matcherResult: {
          actual: false,
          expected: true,
          message: 'expect(received).toBe(expected) // Object.is equality\n' +
            '\n' +
            'Expected: true\n' +
            'Received: false',
          name: 'toBe',
          pass: false
        }
      }

    [0m [90m 612 |[39m               [36mawait[39m verifyConcurrentIsolation(tenant1[33m,[39m 
tenant2)[33m;[39m
     [90m 613 |[39m             } [36mcatch[39m (error) {
    [31m[1m>[22m[39m[90m 614 |[39m               console[33m.[39merror([32m'Concurrent 
isolation test error:'[39m[33m,[39m error)[33m;[39m
     [90m     |[39m                       [31m[1m^[22m[39m
     [90m 615 |[39m               [36mthrow[39m error[33m;[39m
     [90m 616 |[39m             } [36mfinally[39m {
     [90m 617 |[39m               [90m// Always clean up after each iteration[39m[0m

      at src/common/multi-tenant-isolation.property.spec.ts:614:23
      at AsyncProperty.run (node_modules/fast-check/lib/cjs/fast-check.js:1212:19)

    console.error
      Concurrent isolation test error: JestAssertionError: expect(received).toBe(expected) // Object.is 
equality
      
      Expected: true
      Received: false
          at verifyConcurrentIsolation (G:\Payroll 
System\backend\src\common\multi-tenant-isolation.property.spec.ts:1048:95)
          at processTicksAndRejections (node:internal/process/task_queues:104:5)
          at G:\Payroll System\backend\src\common\multi-tenant-isolation.property.spec.ts:612:15
          at AsyncProperty.run (G:\Payroll 
System\backend\node_modules\fast-check\lib\cjs\fast-check.js:1212:19) {
        matcherResult: {
          actual: false,
          expected: true,
          message: 'expect(received).toBe(expected) // Object.is equality\n' +
            '\n' +
            'Expected: true\n' +
            'Received: false',
          name: 'toBe',
          pass: false
        }
      }

    [0m [90m 612 |[39m               [36mawait[39m verifyConcurrentIsolation(tenant1[33m,[39m 
tenant2)[33m;[39m
     [90m 613 |[39m             } [36mcatch[39m (error) {
    [31m[1m>[22m[39m[90m 614 |[39m               console[33m.[39merror([32m'Concurrent 
isolation test error:'[39m[33m,[39m error)[33m;[39m
     [90m     |[39m                       [31m[1m^[22m[39m
     [90m 615 |[39m               [36mthrow[39m error[33m;[39m
     [90m 616 |[39m             } [36mfinally[39m {
     [90m 617 |[39m               [90m// Always clean up after each iteration[39m[0m

      at src/common/multi-tenant-isolation.property.spec.ts:614:23
      at AsyncProperty.run (node_modules/fast-check/lib/cjs/fast-check.js:1212:19)

    console.error
      Concurrent isolation test error: JestAssertionError: expect(received).toBe(expected) // Object.is 
equality
      
      Expected: true
      Received: false
          at verifyConcurrentIsolation (G:\Payroll 
System\backend\src\common\multi-tenant-isolation.property.spec.ts:1048:95)
          at processTicksAndRejections (node:internal/process/task_queues:104:5)
          at G:\Payroll System\backend\src\common\multi-tenant-isolation.property.spec.ts:612:15
          at AsyncProperty.run (G:\Payroll 
System\backend\node_modules\fast-check\lib\cjs\fast-check.js:1212:19) {
        matcherResult: {
          actual: false,
          expected: true,
          message: 'expect(received).toBe(expected) // Object.is equality\n' +
            '\n' +
            'Expected: true\n' +
            'Received: false',
          name: 'toBe',
          pass: false
        }
      }

    [0m [90m 612 |[39m               [36mawait[39m verifyConcurrentIsolation(tenant1[33m,[39m 
tenant2)[33m;[39m
     [90m 613 |[39m             } [36mcatch[39m (error) {
    [31m[1m>[22m[39m[90m 614 |[39m               console[33m.[39merror([32m'Concurrent 
isolation test error:'[39m[33m,[39m error)[33m;[39m
     [90m     |[39m                       [31m[1m^[22m[39m
     [90m 615 |[39m               [36mthrow[39m error[33m;[39m
     [90m 616 |[39m             } [36mfinally[39m {
     [90m 617 |[39m               [90m// Always clean up after each iteration[39m[0m

      at src/common/multi-tenant-isolation.property.spec.ts:614:23
      at AsyncProperty.run (node_modules/fast-check/lib/cjs/fast-check.js:1212:19)

    console.error
      Concurrent isolation test error: JestAssertionError: expect(received).toBe(expected) // Object.is 
equality
      
      Expected: true
      Received: false
          at verifyConcurrentIsolation (G:\Payroll 
System\backend\src\common\multi-tenant-isolation.property.spec.ts:1048:95)
          at processTicksAndRejections (node:internal/process/task_queues:104:5)
          at G:\Payroll System\backend\src\common\multi-tenant-isolation.property.spec.ts:612:15
          at AsyncProperty.run (G:\Payroll 
System\backend\node_modules\fast-check\lib\cjs\fast-check.js:1212:19) {
        matcherResult: {
          actual: false,
          expected: true,
          message: 'expect(received).toBe(expected) // Object.is equality\n' +
            '\n' +
            'Expected: true\n' +
            'Received: false',
          name: 'toBe',
          pass: false
        }
      }

    [0m [90m 612 |[39m               [36mawait[39m verifyConcurrentIsolation(tenant1[33m,[39m 
tenant2)[33m;[39m
     [90m 613 |[39m             } [36mcatch[39m (error) {
    [31m[1m>[22m[39m[90m 614 |[39m               console[33m.[39merror([32m'Concurrent 
isolation test error:'[39m[33m,[39m error)[33m;[39m
     [90m     |[39m                       [31m[1m^[22m[39m
     [90m 615 |[39m               [36mthrow[39m error[33m;[39m
     [90m 616 |[39m             } [36mfinally[39m {
     [90m 617 |[39m               [90m// Always clean up after each iteration[39m[0m

      at src/common/multi-tenant-isolation.property.spec.ts:614:23
      at AsyncProperty.run (node_modules/fast-check/lib/cjs/fast-check.js:1212:19)

    console.error
      Concurrent isolation test error: JestAssertionError: expect(received).toBe(expected) // Object.is 
equality
      
      Expected: true
      Received: false
          at verifyConcurrentIsolation (G:\Payroll 
System\backend\src\common\multi-tenant-isolation.property.spec.ts:1048:95)
          at processTicksAndRejections (node:internal/process/task_queues:104:5)
          at G:\Payroll System\backend\src\common\multi-tenant-isolation.property.spec.ts:612:15
          at AsyncProperty.run (G:\Payroll 
System\backend\node_modules\fast-check\lib\cjs\fast-check.js:1212:19) {
        matcherResult: {
          actual: false,
          expected: true,
          message: 'expect(received).toBe(expected) // Object.is equality\n' +
            '\n' +
            'Expected: true\n' +
            'Received: false',
          name: 'toBe',
          pass: false
        }
      }

    [0m [90m 612 |[39m               [36mawait[39m verifyConcurrentIsolation(tenant1[33m,[39m 
tenant2)[33m;[39m
     [90m 613 |[39m             } [36mcatch[39m (error) {
    [31m[1m>[22m[39m[90m 614 |[39m               console[33m.[39merror([32m'Concurrent 
isolation test error:'[39m[33m,[39m error)[33m;[39m
     [90m     |[39m                       [31m[1m^[22m[39m
     [90m 615 |[39m               [36mthrow[39m error[33m;[39m
     [90m 616 |[39m             } [36mfinally[39m {
     [90m 617 |[39m               [90m// Always clean up after each iteration[39m[0m

      at src/common/multi-tenant-isolation.property.spec.ts:614:23
      at AsyncProperty.run (node_modules/fast-check/lib/cjs/fast-check.js:1212:19)

    console.error
      Concurrent isolation test error: JestAssertionError: expect(received).toBe(expected) // Object.is 
equality
      
      Expected: true
      Received: false
          at verifyConcurrentIsolation (G:\Payroll 
System\backend\src\common\multi-tenant-isolation.property.spec.ts:1048:95)
          at processTicksAndRejections (node:internal/process/task_queues:104:5)
          at G:\Payroll System\backend\src\common\multi-tenant-isolation.property.spec.ts:612:15
          at AsyncProperty.run (G:\Payroll 
System\backend\node_modules\fast-check\lib\cjs\fast-check.js:1212:19) {
        matcherResult: {
          actual: false,
          expected: true,
          message: 'expect(received).toBe(expected) // Object.is equality\n' +
            '\n' +
            'Expected: true\n' +
            'Received: false',
          name: 'toBe',
          pass: false
        }
      }

    [0m [90m 612 |[39m               [36mawait[39m verifyConcurrentIsolation(tenant1[33m,[39m 
tenant2)[33m;[39m
     [90m 613 |[39m             } [36mcatch[39m (error) {
    [31m[1m>[22m[39m[90m 614 |[39m               console[33m.[39merror([32m'Concurrent 
isolation test error:'[39m[33m,[39m error)[33m;[39m
     [90m     |[39m                       [31m[1m^[22m[39m
     [90m 615 |[39m               [36mthrow[39m error[33m;[39m
     [90m 616 |[39m             } [36mfinally[39m {
     [90m 617 |[39m               [90m// Always clean up after each iteration[39m[0m

      at src/common/multi-tenant-isolation.property.spec.ts:614:23
      at AsyncProperty.run (node_modules/fast-check/lib/cjs/fast-check.js:1212:19)

    console.error
      Concurrent isolation test error: JestAssertionError: expect(received).toBe(expected) // Object.is 
equality
      
      Expected: true
      Received: false
          at verifyConcurrentIsolation (G:\Payroll 
System\backend\src\common\multi-tenant-isolation.property.spec.ts:1048:95)
          at processTicksAndRejections (node:internal/process/task_queues:104:5)
          at G:\Payroll System\backend\src\common\multi-tenant-isolation.property.spec.ts:612:15
          at AsyncProperty.run (G:\Payroll 
System\backend\node_modules\fast-check\lib\cjs\fast-check.js:1212:19) {
        matcherResult: {
          actual: false,
          expected: true,
          message: 'expect(received).toBe(expected) // Object.is equality\n' +
            '\n' +
            'Expected: true\n' +
            'Received: false',
          name: 'toBe',
          pass: false
        }
      }

    [0m [90m 612 |[39m               [36mawait[39m verifyConcurrentIsolation(tenant1[33m,[39m 
tenant2)[33m;[39m
     [90m 613 |[39m             } [36mcatch[39m (error) {
    [31m[1m>[22m[39m[90m 614 |[39m               console[33m.[39merror([32m'Concurrent 
isolation test error:'[39m[33m,[39m error)[33m;[39m
     [90m     |[39m                       [31m[1m^[22m[39m
     [90m 615 |[39m               [36mthrow[39m error[33m;[39m
     [90m 616 |[39m             } [36mfinally[39m {
     [90m 617 |[39m               [90m// Always clean up after each iteration[39m[0m

      at src/common/multi-tenant-isolation.property.spec.ts:614:23
      at AsyncProperty.run (node_modules/fast-check/lib/cjs/fast-check.js:1212:19)

    console.error
      Concurrent isolation test error: JestAssertionError: expect(received).toBe(expected) // Object.is 
equality
      
      Expected: true
      Received: false
          at verifyConcurrentIsolation (G:\Payroll 
System\backend\src\common\multi-tenant-isolation.property.spec.ts:1048:95)
          at processTicksAndRejections (node:internal/process/task_queues:104:5)
          at G:\Payroll System\backend\src\common\multi-tenant-isolation.property.spec.ts:612:15
          at AsyncProperty.run (G:\Payroll 
System\backend\node_modules\fast-check\lib\cjs\fast-check.js:1212:19) {
        matcherResult: {
          actual: false,
          expected: true,
          message: 'expect(received).toBe(expected) // Object.is equality\n' +
            '\n' +
            'Expected: true\n' +
            'Received: false',
          name: 'toBe',
          pass: false
        }
      }

    [0m [90m 612 |[39m               [36mawait[39m verifyConcurrentIsolation(tenant1[33m,[39m 
tenant2)[33m;[39m
     [90m 613 |[39m             } [36mcatch[39m (error) {
    [31m[1m>[22m[39m[90m 614 |[39m               console[33m.[39merror([32m'Concurrent 
isolation test error:'[39m[33m,[39m error)[33m;[39m
     [90m     |[39m                       [31m[1m^[22m[39m
     [90m 615 |[39m               [36mthrow[39m error[33m;[39m
     [90m 616 |[39m             } [36mfinally[39m {
     [90m 617 |[39m               [90m// Always clean up after each iteration[39m[0m

      at src/common/multi-tenant-isolation.property.spec.ts:614:23
      at AsyncProperty.run (node_modules/fast-check/lib/cjs/fast-check.js:1212:19)

    console.error
      Concurrent isolation test error: JestAssertionError: expect(received).toBe(expected) // Object.is 
equality
      
      Expected: true
      Received: false
          at verifyConcurrentIsolation (G:\Payroll 
System\backend\src\common\multi-tenant-isolation.property.spec.ts:1048:95)
          at processTicksAndRejections (node:internal/process/task_queues:104:5)
          at G:\Payroll System\backend\src\common\multi-tenant-isolation.property.spec.ts:612:15
          at AsyncProperty.run (G:\Payroll 
System\backend\node_modules\fast-check\lib\cjs\fast-check.js:1212:19) {
        matcherResult: {
          actual: false,
          expected: true,
          message: 'expect(received).toBe(expected) // Object.is equality\n' +
            '\n' +
            'Expected: true\n' +
            'Received: false',
          name: 'toBe',
          pass: false
        }
      }

    [0m [90m 612 |[39m               [36mawait[39m verifyConcurrentIsolation(tenant1[33m,[39m 
tenant2)[33m;[39m
     [90m 613 |[39m             } [36mcatch[39m (error) {
    [31m[1m>[22m[39m[90m 614 |[39m               console[33m.[39merror([32m'Concurrent 
isolation test error:'[39m[33m,[39m error)[33m;[39m
     [90m     |[39m                       [31m[1m^[22m[39m
     [90m 615 |[39m               [36mthrow[39m error[33m;[39m
     [90m 616 |[39m             } [36mfinally[39m {
     [90m 617 |[39m               [90m// Always clean up after each iteration[39m[0m

      at src/common/multi-tenant-isolation.property.spec.ts:614:23
      at AsyncProperty.run (node_modules/fast-check/lib/cjs/fast-check.js:1212:19)

    console.error
      Concurrent isolation test error: JestAssertionError: expect(received).toBe(expected) // Object.is 
equality
      
      Expected: true
      Received: false
          at verifyConcurrentIsolation (G:\Payroll 
System\backend\src\common\multi-tenant-isolation.property.spec.ts:1048:95)
          at processTicksAndRejections (node:internal/process/task_queues:104:5)
          at G:\Payroll System\backend\src\common\multi-tenant-isolation.property.spec.ts:612:15
          at AsyncProperty.run (G:\Payroll 
System\backend\node_modules\fast-check\lib\cjs\fast-check.js:1212:19) {
        matcherResult: {
          actual: false,
          expected: true,
          message: 'expect(received).toBe(expected) // Object.is equality\n' +
            '\n' +
            'Expected: true\n' +
            'Received: false',
          name: 'toBe',
          pass: false
        }
      }

    [0m [90m 612 |[39m               [36mawait[39m verifyConcurrentIsolation(tenant1[33m,[39m 
tenant2)[33m;[39m
     [90m 613 |[39m             } [36mcatch[39m (error) {
    [31m[1m>[22m[39m[90m 614 |[39m               console[33m.[39merror([32m'Concurrent 
isolation test error:'[39m[33m,[39m error)[33m;[39m
     [90m     |[39m                       [31m[1m^[22m[39m
     [90m 615 |[39m               [36mthrow[39m error[33m;[39m
     [90m 616 |[39m             } [36mfinally[39m {
     [90m 617 |[39m               [90m// Always clean up after each iteration[39m[0m

      at src/common/multi-tenant-isolation.property.spec.ts:614:23
      at AsyncProperty.run (node_modules/fast-check/lib/cjs/fast-check.js:1212:19)

    console.error
      Concurrent isolation test error: JestAssertionError: expect(received).toBe(expected) // Object.is 
equality
      
      Expected: true
      Received: false
          at verifyConcurrentIsolation (G:\Payroll 
System\backend\src\common\multi-tenant-isolation.property.spec.ts:1048:95)
          at processTicksAndRejections (node:internal/process/task_queues:104:5)
          at G:\Payroll System\backend\src\common\multi-tenant-isolation.property.spec.ts:612:15
          at AsyncProperty.run (G:\Payroll 
System\backend\node_modules\fast-check\lib\cjs\fast-check.js:1212:19) {
        matcherResult: {
          actual: false,
          expected: true,
          message: 'expect(received).toBe(expected) // Object.is equality\n' +
            '\n' +
            'Expected: true\n' +
            'Received: false',
          name: 'toBe',
          pass: false
        }
      }

    [0m [90m 612 |[39m               [36mawait[39m verifyConcurrentIsolation(tenant1[33m,[39m 
tenant2)[33m;[39m
     [90m 613 |[39m             } [36mcatch[39m (error) {
    [31m[1m>[22m[39m[90m 614 |[39m               console[33m.[39merror([32m'Concurrent 
isolation test error:'[39m[33m,[39m error)[33m;[39m
     [90m     |[39m                       [31m[1m^[22m[39m
     [90m 615 |[39m               [36mthrow[39m error[33m;[39m
     [90m 616 |[39m             } [36mfinally[39m {
     [90m 617 |[39m               [90m// Always clean up after each iteration[39m[0m

      at src/common/multi-tenant-isolation.property.spec.ts:614:23
      at AsyncProperty.run (node_modules/fast-check/lib/cjs/fast-check.js:1212:19)

    console.error
      Concurrent isolation test error: JestAssertionError: expect(received).toBe(expected) // Object.is 
equality
      
      Expected: true
      Received: false
          at verifyConcurrentIsolation (G:\Payroll 
System\backend\src\common\multi-tenant-isolation.property.spec.ts:1048:95)
          at processTicksAndRejections (node:internal/process/task_queues:104:5)
          at G:\Payroll System\backend\src\common\multi-tenant-isolation.property.spec.ts:612:15
          at AsyncProperty.run (G:\Payroll 
System\backend\node_modules\fast-check\lib\cjs\fast-check.js:1212:19) {
        matcherResult: {
          actual: false,
          expected: true,
          message: 'expect(received).toBe(expected) // Object.is equality\n' +
            '\n' +
            'Expected: true\n' +
            'Received: false',
          name: 'toBe',
          pass: false
        }
      }

    [0m [90m 612 |[39m               [36mawait[39m verifyConcurrentIsolation(tenant1[33m,[39m 
tenant2)[33m;[39m
     [90m 613 |[39m             } [36mcatch[39m (error) {
    [31m[1m>[22m[39m[90m 614 |[39m               console[33m.[39merror([32m'Concurrent 
isolation test error:'[39m[33m,[39m error)[33m;[39m
     [90m     |[39m                       [31m[1m^[22m[39m
     [90m 615 |[39m               [36mthrow[39m error[33m;[39m
     [90m 616 |[39m             } [36mfinally[39m {
     [90m 617 |[39m               [90m// Always clean up after each iteration[39m[0m

      at src/common/multi-tenant-isolation.property.spec.ts:614:23
      at AsyncProperty.run (node_modules/fast-check/lib/cjs/fast-check.js:1212:19)

    console.error
      Concurrent isolation test error: JestAssertionError: expect(received).toBe(expected) // Object.is 
equality
      
      Expected: true
      Received: false
          at verifyConcurrentIsolation (G:\Payroll 
System\backend\src\common\multi-tenant-isolation.property.spec.ts:1048:95)
          at processTicksAndRejections (node:internal/process/task_queues:104:5)
          at G:\Payroll System\backend\src\common\multi-tenant-isolation.property.spec.ts:612:15
          at AsyncProperty.run (G:\Payroll 
System\backend\node_modules\fast-check\lib\cjs\fast-check.js:1212:19) {
        matcherResult: {
          actual: false,
          expected: true,
          message: 'expect(received).toBe(expected) // Object.is equality\n' +
            '\n' +
            'Expected: true\n' +
            'Received: false',
          name: 'toBe',
          pass: false
        }
      }

    [0m [90m 612 |[39m               [36mawait[39m verifyConcurrentIsolation(tenant1[33m,[39m 
tenant2)[33m;[39m
     [90m 613 |[39m             } [36mcatch[39m (error) {
    [31m[1m>[22m[39m[90m 614 |[39m               console[33m.[39merror([32m'Concurrent 
isolation test error:'[39m[33m,[39m error)[33m;[39m
     [90m     |[39m                       [31m[1m^[22m[39m
     [90m 615 |[39m               [36mthrow[39m error[33m;[39m
     [90m 616 |[39m             } [36mfinally[39m {
     [90m 617 |[39m               [90m// Always clean up after each iteration[39m[0m

      at src/common/multi-tenant-isolation.property.spec.ts:614:23
      at AsyncProperty.run (node_modules/fast-check/lib/cjs/fast-check.js:1212:19)

    console.error
      Concurrent isolation test error: JestAssertionError: expect(received).toBe(expected) // Object.is 
equality
      
      Expected: true
      Received: false
          at verifyConcurrentIsolation (G:\Payroll 
System\backend\src\common\multi-tenant-isolation.property.spec.ts:1048:95)
          at processTicksAndRejections (node:internal/process/task_queues:104:5)
          at G:\Payroll System\backend\src\common\multi-tenant-isolation.property.spec.ts:612:15
          at AsyncProperty.run (G:\Payroll 
System\backend\node_modules\fast-check\lib\cjs\fast-check.js:1212:19) {
        matcherResult: {
          actual: false,
          expected: true,
          message: 'expect(received).toBe(expected) // Object.is equality\n' +
            '\n' +
            'Expected: true\n' +
            'Received: false',
          name: 'toBe',
          pass: false
        }
      }

    [0m [90m 612 |[39m               [36mawait[39m verifyConcurrentIsolation(tenant1[33m,[39m 
tenant2)[33m;[39m
     [90m 613 |[39m             } [36mcatch[39m (error) {
    [31m[1m>[22m[39m[90m 614 |[39m               console[33m.[39merror([32m'Concurrent 
isolation test error:'[39m[33m,[39m error)[33m;[39m
     [90m     |[39m                       [31m[1m^[22m[39m
     [90m 615 |[39m               [36mthrow[39m error[33m;[39m
     [90m 616 |[39m             } [36mfinally[39m {
     [90m 617 |[39m               [90m// Always clean up after each iteration[39m[0m

      at src/common/multi-tenant-isolation.property.spec.ts:614:23
      at AsyncProperty.run (node_modules/fast-check/lib/cjs/fast-check.js:1212:19)

    console.error
      Concurrent isolation test error: JestAssertionError: expect(received).toBe(expected) // Object.is 
equality
      
      Expected: true
      Received: false
          at verifyConcurrentIsolation (G:\Payroll 
System\backend\src\common\multi-tenant-isolation.property.spec.ts:1048:95)
          at processTicksAndRejections (node:internal/process/task_queues:104:5)
          at G:\Payroll System\backend\src\common\multi-tenant-isolation.property.spec.ts:612:15
          at AsyncProperty.run (G:\Payroll 
System\backend\node_modules\fast-check\lib\cjs\fast-check.js:1212:19) {
        matcherResult: {
          actual: false,
          expected: true,
          message: 'expect(received).toBe(expected) // Object.is equality\n' +
            '\n' +
            'Expected: true\n' +
            'Received: false',
          name: 'toBe',
          pass: false
        }
      }

    [0m [90m 612 |[39m               [36mawait[39m verifyConcurrentIsolation(tenant1[33m,[39m 
tenant2)[33m;[39m
     [90m 613 |[39m             } [36mcatch[39m (error) {
    [31m[1m>[22m[39m[90m 614 |[39m               console[33m.[39merror([32m'Concurrent 
isolation test error:'[39m[33m,[39m error)[33m;[39m
     [90m     |[39m                       [31m[1m^[22m[39m
     [90m 615 |[39m               [36mthrow[39m error[33m;[39m
     [90m 616 |[39m             } [36mfinally[39m {
     [90m 617 |[39m               [90m// Always clean up after each iteration[39m[0m

      at src/common/multi-tenant-isolation.property.spec.ts:614:23
      at AsyncProperty.run (node_modules/fast-check/lib/cjs/fast-check.js:1212:19)

    console.error
      Concurrent isolation test error: JestAssertionError: expect(received).toBe(expected) // Object.is 
equality
      
      Expected: true
      Received: false
          at verifyConcurrentIsolation (G:\Payroll 
System\backend\src\common\multi-tenant-isolation.property.spec.ts:1048:95)
          at processTicksAndRejections (node:internal/process/task_queues:104:5)
          at G:\Payroll System\backend\src\common\multi-tenant-isolation.property.spec.ts:612:15
          at AsyncProperty.run (G:\Payroll 
System\backend\node_modules\fast-check\lib\cjs\fast-check.js:1212:19) {
        matcherResult: {
          actual: false,
          expected: true,
          message: 'expect(received).toBe(expected) // Object.is equality\n' +
            '\n' +
            'Expected: true\n' +
            'Received: false',
          name: 'toBe',
          pass: false
        }
      }

    [0m [90m 612 |[39m               [36mawait[39m verifyConcurrentIsolation(tenant1[33m,[39m 
tenant2)[33m;[39m
     [90m 613 |[39m             } [36mcatch[39m (error) {
    [31m[1m>[22m[39m[90m 614 |[39m               console[33m.[39merror([32m'Concurrent 
isolation test error:'[39m[33m,[39m error)[33m;[39m
     [90m     |[39m                       [31m[1m^[22m[39m
     [90m 615 |[39m               [36mthrow[39m error[33m;[39m
     [90m 616 |[39m             } [36mfinally[39m {
     [90m 617 |[39m               [90m// Always clean up after each iteration[39m[0m

      at src/common/multi-tenant-isolation.property.spec.ts:614:23
      at AsyncProperty.run (node_modules/fast-check/lib/cjs/fast-check.js:1212:19)

    console.error
      Concurrent isolation test error: JestAssertionError: expect(received).toBe(expected) // Object.is 
equality
      
      Expected: true
      Received: false
          at verifyConcurrentIsolation (G:\Payroll 
System\backend\src\common\multi-tenant-isolation.property.spec.ts:1048:95)
          at processTicksAndRejections (node:internal/process/task_queues:104:5)
          at G:\Payroll System\backend\src\common\multi-tenant-isolation.property.spec.ts:612:15
          at AsyncProperty.run (G:\Payroll 
System\backend\node_modules\fast-check\lib\cjs\fast-check.js:1212:19) {
        matcherResult: {
          actual: false,
          expected: true,
          message: 'expect(received).toBe(expected) // Object.is equality\n' +
            '\n' +
            'Expected: true\n' +
            'Received: false',
          name: 'toBe',
          pass: false
        }
      }

    [0m [90m 612 |[39m               [36mawait[39m verifyConcurrentIsolation(tenant1[33m,[39m 
tenant2)[33m;[39m
     [90m 613 |[39m             } [36mcatch[39m (error) {
    [31m[1m>[22m[39m[90m 614 |[39m               console[33m.[39merror([32m'Concurrent 
isolation test error:'[39m[33m,[39m error)[33m;[39m
     [90m     |[39m                       [31m[1m^[22m[39m
     [90m 615 |[39m               [36mthrow[39m error[33m;[39m
     [90m 616 |[39m             } [36mfinally[39m {
     [90m 617 |[39m               [90m// Always clean up after each iteration[39m[0m

      at src/common/multi-tenant-isolation.property.spec.ts:614:23
      at AsyncProperty.run (node_modules/fast-check/lib/cjs/fast-check.js:1212:19)

    console.error
      Concurrent isolation test error: JestAssertionError: expect(received).toBe(expected) // Object.is 
equality
      
      Expected: true
      Received: false
          at verifyConcurrentIsolation (G:\Payroll 
System\backend\src\common\multi-tenant-isolation.property.spec.ts:1048:95)
          at processTicksAndRejections (node:internal/process/task_queues:104:5)
          at G:\Payroll System\backend\src\common\multi-tenant-isolation.property.spec.ts:612:15
          at AsyncProperty.run (G:\Payroll 
System\backend\node_modules\fast-check\lib\cjs\fast-check.js:1212:19) {
        matcherResult: {
          actual: false,
          expected: true,
          message: 'expect(received).toBe(expected) // Object.is equality\n' +
            '\n' +
            'Expected: true\n' +
            'Received: false',
          name: 'toBe',
          pass: false
        }
      }

    [0m [90m 612 |[39m               [36mawait[39m verifyConcurrentIsolation(tenant1[33m,[39m 
tenant2)[33m;[39m
     [90m 613 |[39m             } [36mcatch[39m (error) {
    [31m[1m>[22m[39m[90m 614 |[39m               console[33m.[39merror([32m'Concurrent 
isolation test error:'[39m[33m,[39m error)[33m;[39m
     [90m     |[39m                       [31m[1m^[22m[39m
     [90m 615 |[39m               [36mthrow[39m error[33m;[39m
     [90m 616 |[39m             } [36mfinally[39m {
     [90m 617 |[39m               [90m// Always clean up after each iteration[39m[0m

      at src/common/multi-tenant-isolation.property.spec.ts:614:23
      at AsyncProperty.run (node_modules/fast-check/lib/cjs/fast-check.js:1212:19)

    console.error
      Concurrent isolation test error: JestAssertionError: expect(received).toBe(expected) // Object.is 
equality
      
      Expected: true
      Received: false
          at verifyConcurrentIsolation (G:\Payroll 
System\backend\src\common\multi-tenant-isolation.property.spec.ts:1048:95)
          at processTicksAndRejections (node:internal/process/task_queues:104:5)
          at G:\Payroll System\backend\src\common\multi-tenant-isolation.property.spec.ts:612:15
          at AsyncProperty.run (G:\Payroll 
System\backend\node_modules\fast-check\lib\cjs\fast-check.js:1212:19) {
        matcherResult: {
          actual: false,
          expected: true,
          message: 'expect(received).toBe(expected) // Object.is equality\n' +
            '\n' +
            'Expected: true\n' +
            'Received: false',
          name: 'toBe',
          pass: false
        }
      }

    [0m [90m 612 |[39m               [36mawait[39m verifyConcurrentIsolation(tenant1[33m,[39m 
tenant2)[33m;[39m
     [90m 613 |[39m             } [36mcatch[39m (error) {
    [31m[1m>[22m[39m[90m 614 |[39m               console[33m.[39merror([32m'Concurrent 
isolation test error:'[39m[33m,[39m error)[33m;[39m
     [90m     |[39m                       [31m[1m^[22m[39m
     [90m 615 |[39m               [36mthrow[39m error[33m;[39m
     [90m 616 |[39m             } [36mfinally[39m {
     [90m 617 |[39m               [90m// Always clean up after each iteration[39m[0m

      at src/common/multi-tenant-isolation.property.spec.ts:614:23
      at AsyncProperty.run (node_modules/fast-check/lib/cjs/fast-check.js:1212:19)

    console.error
      Concurrent isolation test error: JestAssertionError: expect(received).toBe(expected) // Object.is 
equality
      
      Expected: true
      Received: false
          at verifyConcurrentIsolation (G:\Payroll 
System\backend\src\common\multi-tenant-isolation.property.spec.ts:1048:95)
          at processTicksAndRejections (node:internal/process/task_queues:104:5)
          at G:\Payroll System\backend\src\common\multi-tenant-isolation.property.spec.ts:612:15
          at AsyncProperty.run (G:\Payroll 
System\backend\node_modules\fast-check\lib\cjs\fast-check.js:1212:19) {
        matcherResult: {
          actual: false,
          expected: true,
          message: 'expect(received).toBe(expected) // Object.is equality\n' +
            '\n' +
            'Expected: true\n' +
            'Received: false',
          name: 'toBe',
          pass: false
        }
      }

    [0m [90m 612 |[39m               [36mawait[39m verifyConcurrentIsolation(tenant1[33m,[39m 
tenant2)[33m;[39m
     [90m 613 |[39m             } [36mcatch[39m (error) {
    [31m[1m>[22m[39m[90m 614 |[39m               console[33m.[39merror([32m'Concurrent 
isolation test error:'[39m[33m,[39m error)[33m;[39m
     [90m     |[39m                       [31m[1m^[22m[39m
     [90m 615 |[39m               [36mthrow[39m error[33m;[39m
     [90m 616 |[39m             } [36mfinally[39m {
     [90m 617 |[39m               [90m// Always clean up after each iteration[39m[0m

      at src/common/multi-tenant-isolation.property.spec.ts:614:23
      at AsyncProperty.run (node_modules/fast-check/lib/cjs/fast-check.js:1212:19)

    console.error
      Concurrent isolation test error: JestAssertionError: expect(received).toBe(expected) // Object.is 
equality
      
      Expected: true
      Received: false
          at verifyConcurrentIsolation (G:\Payroll 
System\backend\src\common\multi-tenant-isolation.property.spec.ts:1048:95)
          at processTicksAndRejections (node:internal/process/task_queues:104:5)
          at G:\Payroll System\backend\src\common\multi-tenant-isolation.property.spec.ts:612:15
          at AsyncProperty.run (G:\Payroll 
System\backend\node_modules\fast-check\lib\cjs\fast-check.js:1212:19) {
        matcherResult: {
          actual: false,
          expected: true,
          message: 'expect(received).toBe(expected) // Object.is equality\n' +
            '\n' +
            'Expected: true\n' +
            'Received: false',
          name: 'toBe',
          pass: false
        }
      }

    [0m [90m 612 |[39m               [36mawait[39m verifyConcurrentIsolation(tenant1[33m,[39m 
tenant2)[33m;[39m
     [90m 613 |[39m             } [36mcatch[39m (error) {
    [31m[1m>[22m[39m[90m 614 |[39m               console[33m.[39merror([32m'Concurrent 
isolation test error:'[39m[33m,[39m error)[33m;[39m
     [90m     |[39m                       [31m[1m^[22m[39m
     [90m 615 |[39m               [36mthrow[39m error[33m;[39m
     [90m 616 |[39m             } [36mfinally[39m {
     [90m 617 |[39m               [90m// Always clean up after each iteration[39m[0m

      at src/common/multi-tenant-isolation.property.spec.ts:614:23
      at AsyncProperty.run (node_modules/fast-check/lib/cjs/fast-check.js:1212:19)

    console.error
      Concurrent isolation test error: JestAssertionError: expect(received).toBe(expected) // Object.is 
equality
      
      Expected: true
      Received: false
          at verifyConcurrentIsolation (G:\Payroll 
System\backend\src\common\multi-tenant-isolation.property.spec.ts:1048:95)
          at processTicksAndRejections (node:internal/process/task_queues:104:5)
          at G:\Payroll System\backend\src\common\multi-tenant-isolation.property.spec.ts:612:15
          at AsyncProperty.run (G:\Payroll 
System\backend\node_modules\fast-check\lib\cjs\fast-check.js:1212:19) {
        matcherResult: {
          actual: false,
          expected: true,
          message: 'expect(received).toBe(expected) // Object.is equality\n' +
            '\n' +
            'Expected: true\n' +
            'Received: false',
          name: 'toBe',
          pass: false
        }
      }

    [0m [90m 612 |[39m               [36mawait[39m verifyConcurrentIsolation(tenant1[33m,[39m 
tenant2)[33m;[39m
     [90m 613 |[39m             } [36mcatch[39m (error) {
    [31m[1m>[22m[39m[90m 614 |[39m               console[33m.[39merror([32m'Concurrent 
isolation test error:'[39m[33m,[39m error)[33m;[39m
     [90m     |[39m                       [31m[1m^[22m[39m
     [90m 615 |[39m               [36mthrow[39m error[33m;[39m
     [90m 616 |[39m             } [36mfinally[39m {
     [90m 617 |[39m               [90m// Always clean up after each iteration[39m[0m

      at src/common/multi-tenant-isolation.property.spec.ts:614:23
      at AsyncProperty.run (node_modules/fast-check/lib/cjs/fast-check.js:1212:19)

    console.error
      Concurrent isolation test error: JestAssertionError: expect(received).toBe(expected) // Object.is 
equality
      
      Expected: true
      Received: false
          at verifyConcurrentIsolation (G:\Payroll 
System\backend\src\common\multi-tenant-isolation.property.spec.ts:1048:95)
          at processTicksAndRejections (node:internal/process/task_queues:104:5)
          at G:\Payroll System\backend\src\common\multi-tenant-isolation.property.spec.ts:612:15
          at AsyncProperty.run (G:\Payroll 
System\backend\node_modules\fast-check\lib\cjs\fast-check.js:1212:19) {
        matcherResult: {
          actual: false,
          expected: true,
          message: 'expect(received).toBe(expected) // Object.is equality\n' +
            '\n' +
            'Expected: true\n' +
            'Received: false',
          name: 'toBe',
          pass: false
        }
      }

    [0m [90m 612 |[39m               [36mawait[39m verifyConcurrentIsolation(tenant1[33m,[39m 
tenant2)[33m;[39m
     [90m 613 |[39m             } [36mcatch[39m (error) {
    [31m[1m>[22m[39m[90m 614 |[39m               console[33m.[39merror([32m'Concurrent 
isolation test error:'[39m[33m,[39m error)[33m;[39m
     [90m     |[39m                       [31m[1m^[22m[39m
     [90m 615 |[39m               [36mthrow[39m error[33m;[39m
     [90m 616 |[39m             } [36mfinally[39m {
     [90m 617 |[39m               [90m// Always clean up after each iteration[39m[0m

      at src/common/multi-tenant-isolation.property.spec.ts:614:23
      at AsyncProperty.run (node_modules/fast-check/lib/cjs/fast-check.js:1212:19)

    console.error
      Concurrent isolation test error: JestAssertionError: expect(received).toBe(expected) // Object.is 
equality
      
      Expected: true
      Received: false
          at verifyConcurrentIsolation (G:\Payroll 
System\backend\src\common\multi-tenant-isolation.property.spec.ts:1048:95)
          at processTicksAndRejections (node:internal/process/task_queues:104:5)
          at G:\Payroll System\backend\src\common\multi-tenant-isolation.property.spec.ts:612:15
          at AsyncProperty.run (G:\Payroll 
System\backend\node_modules\fast-check\lib\cjs\fast-check.js:1212:19) {
        matcherResult: {
          actual: false,
          expected: true,
          message: 'expect(received).toBe(expected) // Object.is equality\n' +
            '\n' +
            'Expected: true\n' +
            'Received: false',
          name: 'toBe',
          pass: false
        }
      }

    [0m [90m 612 |[39m               [36mawait[39m verifyConcurrentIsolation(tenant1[33m,[39m 
tenant2)[33m;[39m
     [90m 613 |[39m             } [36mcatch[39m (error) {
    [31m[1m>[22m[39m[90m 614 |[39m               console[33m.[39merror([32m'Concurrent 
isolation test error:'[39m[33m,[39m error)[33m;[39m
     [90m     |[39m                       [31m[1m^[22m[39m
     [90m 615 |[39m               [36mthrow[39m error[33m;[39m
     [90m 616 |[39m             } [36mfinally[39m {
     [90m 617 |[39m               [90m// Always clean up after each iteration[39m[0m

      at src/common/multi-tenant-isolation.property.spec.ts:614:23
      at AsyncProperty.run (node_modules/fast-check/lib/cjs/fast-check.js:1212:19)

    console.error
      Concurrent isolation test error: JestAssertionError: expect(received).toBe(expected) // Object.is 
equality
      
      Expected: true
      Received: false
          at verifyConcurrentIsolation (G:\Payroll 
System\backend\src\common\multi-tenant-isolation.property.spec.ts:1048:95)
          at processTicksAndRejections (node:internal/process/task_queues:104:5)
          at G:\Payroll System\backend\src\common\multi-tenant-isolation.property.spec.ts:612:15
          at AsyncProperty.run (G:\Payroll 
System\backend\node_modules\fast-check\lib\cjs\fast-check.js:1212:19) {
        matcherResult: {
          actual: false,
          expected: true,
          message: 'expect(received).toBe(expected) // Object.is equality\n' +
            '\n' +
            'Expected: true\n' +
            'Received: false',
          name: 'toBe',
          pass: false
        }
      }

    [0m [90m 612 |[39m               [36mawait[39m verifyConcurrentIsolation(tenant1[33m,[39m 
tenant2)[33m;[39m
     [90m 613 |[39m             } [36mcatch[39m (error) {
    [31m[1m>[22m[39m[90m 614 |[39m               console[33m.[39merror([32m'Concurrent 
isolation test error:'[39m[33m,[39m error)[33m;[39m
     [90m     |[39m                       [31m[1m^[22m[39m
     [90m 615 |[39m               [36mthrow[39m error[33m;[39m
     [90m 616 |[39m             } [36mfinally[39m {
     [90m 617 |[39m               [90m// Always clean up after each iteration[39m[0m

      at src/common/multi-tenant-isolation.property.spec.ts:614:23
      at AsyncProperty.run (node_modules/fast-check/lib/cjs/fast-check.js:1212:19)

    console.error
      Concurrent isolation test error: JestAssertionError: expect(received).toBe(expected) // Object.is 
equality
      
      Expected: true
      Received: false
          at verifyConcurrentIsolation (G:\Payroll 
System\backend\src\common\multi-tenant-isolation.property.spec.ts:1048:95)
          at processTicksAndRejections (node:internal/process/task_queues:104:5)
          at G:\Payroll System\backend\src\common\multi-tenant-isolation.property.spec.ts:612:15
          at AsyncProperty.run (G:\Payroll 
System\backend\node_modules\fast-check\lib\cjs\fast-check.js:1212:19) {
        matcherResult: {
          actual: false,
          expected: true,
          message: 'expect(received).toBe(expected) // Object.is equality\n' +
            '\n' +
            'Expected: true\n' +
            'Received: false',
          name: 'toBe',
          pass: false
        }
      }

    [0m [90m 612 |[39m               [36mawait[39m verifyConcurrentIsolation(tenant1[33m,[39m 
tenant2)[33m;[39m
     [90m 613 |[39m             } [36mcatch[39m (error) {
    [31m[1m>[22m[39m[90m 614 |[39m               console[33m.[39merror([32m'Concurrent 
isolation test error:'[39m[33m,[39m error)[33m;[39m
     [90m     |[39m                       [31m[1m^[22m[39m
     [90m 615 |[39m               [36mthrow[39m error[33m;[39m
     [90m 616 |[39m             } [36mfinally[39m {
     [90m 617 |[39m               [90m// Always clean up after each iteration[39m[0m

      at src/common/multi-tenant-isolation.property.spec.ts:614:23
      at AsyncProperty.run (node_modules/fast-check/lib/cjs/fast-check.js:1212:19)

    console.error
      Concurrent isolation test error: JestAssertionError: expect(received).toBe(expected) // Object.is 
equality
      
      Expected: true
      Received: false
          at verifyConcurrentIsolation (G:\Payroll 
System\backend\src\common\multi-tenant-isolation.property.spec.ts:1048:95)
          at processTicksAndRejections (node:internal/process/task_queues:104:5)
          at G:\Payroll System\backend\src\common\multi-tenant-isolation.property.spec.ts:612:15
          at AsyncProperty.run (G:\Payroll 
System\backend\node_modules\fast-check\lib\cjs\fast-check.js:1212:19) {
        matcherResult: {
          actual: false,
          expected: true,
          message: 'expect(received).toBe(expected) // Object.is equality\n' +
            '\n' +
            'Expected: true\n' +
            'Received: false',
          name: 'toBe',
          pass: false
        }
      }

    [0m [90m 612 |[39m               [36mawait[39m verifyConcurrentIsolation(tenant1[33m,[39m 
tenant2)[33m;[39m
     [90m 613 |[39m             } [36mcatch[39m (error) {
    [31m[1m>[22m[39m[90m 614 |[39m               console[33m.[39merror([32m'Concurrent 
isolation test error:'[39m[33m,[39m error)[33m;[39m
     [90m     |[39m                       [31m[1m^[22m[39m
     [90m 615 |[39m               [36mthrow[39m error[33m;[39m
     [90m 616 |[39m             } [36mfinally[39m {
     [90m 617 |[39m               [90m// Always clean up after each iteration[39m[0m

      at src/common/multi-tenant-isolation.property.spec.ts:614:23
      at AsyncProperty.run (node_modules/fast-check/lib/cjs/fast-check.js:1212:19)

    console.error
      Concurrent isolation test error: JestAssertionError: expect(received).toBe(expected) // Object.is 
equality
      
      Expected: true
      Received: false
          at verifyConcurrentIsolation (G:\Payroll 
System\backend\src\common\multi-tenant-isolation.property.spec.ts:1048:95)
          at processTicksAndRejections (node:internal/process/task_queues:104:5)
          at G:\Payroll System\backend\src\common\multi-tenant-isolation.property.spec.ts:612:15
          at AsyncProperty.run (G:\Payroll 
System\backend\node_modules\fast-check\lib\cjs\fast-check.js:1212:19) {
        matcherResult: {
          actual: false,
          expected: true,
          message: 'expect(received).toBe(expected) // Object.is equality\n' +
            '\n' +
            'Expected: true\n' +
            'Received: false',
          name: 'toBe',
          pass: false
        }
      }

    [0m [90m 612 |[39m               [36mawait[39m verifyConcurrentIsolation(tenant1[33m,[39m 
tenant2)[33m;[39m
     [90m 613 |[39m             } [36mcatch[39m (error) {
    [31m[1m>[22m[39m[90m 614 |[39m               console[33m.[39merror([32m'Concurrent 
isolation test error:'[39m[33m,[39m error)[33m;[39m
     [90m     |[39m                       [31m[1m^[22m[39m
     [90m 615 |[39m               [36mthrow[39m error[33m;[39m
     [90m 616 |[39m             } [36mfinally[39m {
     [90m 617 |[39m               [90m// Always clean up after each iteration[39m[0m

      at src/common/multi-tenant-isolation.property.spec.ts:614:23
      at AsyncProperty.run (node_modules/fast-check/lib/cjs/fast-check.js:1212:19)

    console.log
      Ô£à Test database cleanup completed

      at Object.<anonymous> (src/test/setup.ts:97:13)

  ÔùÅ Multi-tenant Data Isolation Property Tests ÔÇ║ Property 1: Multi-tenant Data Isolation ÔÇ║ should 
maintain isolation under concurrent operations

    Property failed after 1 tests
    { seed: 42, path: "0:0:0:0:0:0:0:0:0:0:0:0:0:0:0:0:0:0:0:0:0:0:0:0:0:0:0:0:0:0:0:0:0:0:0:0:0:0:0:0:0:
0:0:0:0:0:0:0:0:0:0:0:0:0:0:0:0:0:0:0:0:0:0:0:0:0:0:0:0:0:0:0:0:0:0:0:0:0:0:0:0:0:0:0:0:0:0:0:0:0:0:0:0:0
:0:0:0:0:0:0:0:0:0:0:0:0:0:0:0:0:0:0:0:0:0:0:0:0", endOnFailure: true }
    Counterexample: [{"company":{"id":"fb14eb73-c3c8-4dda-8b4f-8107f9fc131e","name":"     ","slug":"---",
"settings":{},"branding":{}},"clients":[{"id":"b113e6cc-5315-40e7-9809-419edb77a4d6","name":"   ","contac
tEmail":"a@a.aa","contactInfo":{}}],"sites":[{"id":"ef58ac8b-f1cf-4912-9ef6-c136ba6b4719","name":"     
","address":{"street":"123 Test St","city":"Test City","state":"TS","zipCode":"12345"},"accessRequirement
s":{},"safetyProtocols":{},"operationalStatus":"ACTIVE","contactInfo":{}}],"employees":[{"id":"d8e39a9c-f
caf-447a-a140-6dc84519375c","employeeNumber":"   ","firstName":"  ","lastName":"  
","email":"a@a.aa","phone":"          
","address":{},"certifications":{},"skills":[],"employmentStatus":"ACTIVE","hireDate":new 
Date("2022-01-01T00:00:00.000Z")}]},{"company":{"id":"cc27f1cf-3e09-4089-b92b-65b2e8510218","name":"     
","slug":"---","settings":{},"branding":{}},"clients":[{"id":"9ccb3ddc-1a30-4103-99d7-4ff700a7da70","name
":"   ","contactEmail":"a@a.aa","contactInfo":{}}],"sites":[{"id":"65e01e47-5542-4ba4-a31b-5125711ee1b5",
"name":"     ","address":{"street":"123 Test St","city":"Test City","state":"TS","zipCode":"12345"},"acce
ssRequirements":{},"safetyProtocols":{},"operationalStatus":"ACTIVE","contactInfo":{}}],"employees":[{"id
":"101289f7-cca5-4039-93b8-da5c7647ce71","employeeNumber":"   ","firstName":"  ","lastName":"  
","email":"a@a.aa","phone":"          
","address":{},"certifications":{},"skills":[],"employmentStatus":"ACTIVE","hireDate":new 
Date("2022-01-01T00:00:00.000Z")}]}]
    Shrunk 117 time(s)

    Hint: Enable verbose mode in order to have the list of all failing values encountered during the run

      at buildError (node_modules/fast-check/lib/cjs/fast-check.js:2456:16)
      at asyncThrowIfFailed (node_modules/fast-check/lib/cjs/fast-check.js:2468:8)

    Cause:
    expect(received).toBe(expected) // Object.is equality

    Expected: true
    Received: false

    [0m [90m 1046 |[39m       tenant1Results[33m.[39memployees[33m.[39mevery((e[33m:[39m any) 
[33m=>[39m e[33m.[39mcompanyId [33m===[39m tenant1Setup[33m.[39mcompany[33m.[39mid)[33m,[39m
     [90m 1047 |[39m     )[33m.[39mtoBe([36mtrue[39m)[33m;[39m
    [31m[1m>[22m[39m[90m 1048 |[39m     
expect(tenant1Results[33m.[39mclients[33m.[39mevery((c[33m:[39m any) [33m=>[39m 
c[33m.[39mcompanyId [33m===[39m tenant1Setup[33m.[39mcompany[33m.[39mid))[33m.[39mtoBe(
     [90m      |[39m                                                                                   
            [31m[1m^[22m[39m
     [90m 1049 |[39m       [36mtrue[39m[33m,[39m
     [90m 1050 |[39m     )[33m;[39m
     [90m 1051 |[39m[0m

      at verifyConcurrentIsolation (src/common/multi-tenant-isolation.property.spec.ts:1048:95)
      at src/common/multi-tenant-isolation.property.spec.ts:612:15
      at AsyncProperty.run (node_modules/fast-check/lib/cjs/fast-check.js:1212:19)

FAIL src/attendance/attendance-recording-accuracy.property.spec.ts (8.186 s)
  ÔùÅ Console

    console.warn
      Database schema setup encountered issues - attempting to continue with existing schema

    [0m [90m 43 |[39m       })[33m;[39m
     [90m 44 |[39m     } [36mcatch[39m (error) {
    [31m[1m>[22m[39m[90m 45 |[39m       console[33m.[39mwarn([32m'Database schema setup 
encountered issues - attempting to continue with existing schema'[39m)[33m;[39m
     [90m    |[39m               [31m[1m^[22m[39m
     [90m 46 |[39m     }
     [90m 47 |[39m
     [90m 48 |[39m     [90m// Initialize Prisma client after schema is set up with timeout 
settings[39m[0m

      at Object.<anonymous> (src/test/setup.ts:45:15)

    console.log
      Ô£à Test database setup completed successfully

      at Object.<anonymous> (src/test/setup.ts:70:13)

    console.log
      Ô£à Test database cleanup completed

      at Object.<anonymous> (src/test/setup.ts:97:13)

  ÔùÅ AttendanceService Property Tests - Recording Accuracy ÔÇ║ Property 9a: Clock-in records complete 
data without corruption

    Property failed after 1 tests
    { seed: 115130247, path: "0:0:0:0:0:0:0:0:0:0:0:0:0:0:0:0:0:0", endOnFailure: true }
    Counterexample: [{"employeeId":"00000000-0000-1000-8000-000000000000","shiftId":"00000000-0000-1000-8
000-000000000000","clockInTime":null,"locationData":{"latitude":0,"longitude":0,"accuracy":null,"address"
:null,"capturedAt":null,"method":null},"verificationData":null,"notes":null}]
    Shrunk 17 time(s)

    Hint: Enable verbose mode in order to have the list of all failing values encountered during the run

      at buildError (node_modules/fast-check/lib/cjs/fast-check.js:2456:16)
      at asyncThrowIfFailed (node_modules/fast-check/lib/cjs/fast-check.js:2468:8)

    Cause:
    expect(received).toBeInstanceOf(expected)

    Expected constructor: Date

    Received value has no prototype
    Received value: undefined

    [0m [90m 199 |[39m           
expect(result[33m.[39mattendance[33m.[39mclock_in)[33m.[39mtoEqual([36mnew[39m 
[33mDate[39m(actualClockInData[33m.[39mclockInTime))[33m;[39m
     [90m 200 |[39m         } [36melse[39m {
    [31m[1m>[22m[39m[90m 201 |[39m           expect(result[33m.[39mattendance[33m.[39mclock_in)
[33m.[39mtoBeInstanceOf([33mDate[39m)[33m;[39m
     [90m     |[39m                                              [31m[1m^[22m[39m
     [90m 202 |[39m           
expect([33mMath[39m[33m.[39mabs(result[33m.[39mattendance[33m.[39mclock_in[33m.[39mgetTime() 
[33m-[39m [33mDate[39m[33m.[39mnow()))[33m.[39mtoBeLessThan([35m5000[39m)[33m;[39m [90m// 
Within 5 seconds[39m
     [90m 203 |[39m         }
     [90m 204 |[39m         [0m

      at src/attendance/attendance-recording-accuracy.property.spec.ts:201:46
      at AsyncProperty.run (node_modules/fast-check/lib/cjs/fast-check.js:1212:19)

  ÔùÅ AttendanceService Property Tests - Recording Accuracy ÔÇ║ Property 9e: System metadata maintains 
consistency and accuracy

    Property failed after 1 tests
    { seed: -333896472, path: "0:0:0:0", endOnFailure: true }
    Counterexample: [" ",new Date("2024-01-01T00:00:00.000Z")]
    Shrunk 3 time(s)

    Hint: Enable verbose mode in order to have the list of all failing values encountered during the run

      at buildError (node_modules/fast-check/lib/cjs/fast-check.js:2456:16)
      at asyncThrowIfFailed (node_modules/fast-check/lib/cjs/fast-check.js:2468:8)

    Cause:
    expect(received).toBe(expected) // Object.is equality

    Expected: "emp-oydarwghw"
    Received: undefined

    [0m [90m 530 |[39m         
     [90m 531 |[39m         [90m// Verify employee and shift relationships are maintained[39m
    [31m[1m>[22m[39m[90m 532 |[39m         expect(clockInResult[33m.[39mattendance[33m.[39mempl
oyee_id)[33m.[39mtoBe(employee[33m.[39mid)[33m;[39m
     [90m     |[39m                                                      [31m[1m^[22m[39m
     [90m 533 |[39m         expect(clockInResult[33m.[39mattendance[33m.[39mshift_id)[33m.[39mtoB
e(shift[33m.[39mid)[33m;[39m
     [90m 534 |[39m         expect(clockOutResult[33m.[39mattendance[33m.[39memployee_id)[33m.[39
mtoBe(employee[33m.[39mid)[33m;[39m
     [90m 535 |[39m         expect(clockOutResult[33m.[39mattendance[33m.[39mshift_id)[33m.[39mto
Be(shift[33m.[39mid)[33m;[39m[0m

      at src/attendance/attendance-recording-accuracy.property.spec.ts:532:54
      at AsyncProperty.run (node_modules/fast-check/lib/cjs/fast-check.js:1212:19)

FAIL src/tests/property-tests/client-portal-monitoring-accuracy.spec.ts (9.128 s)
  ÔùÅ Console

    console.warn
      Database schema setup encountered issues - attempting to continue with existing schema

    [0m [90m 43 |[39m       })[33m;[39m
     [90m 44 |[39m     } [36mcatch[39m (error) {
    [31m[1m>[22m[39m[90m 45 |[39m       console[33m.[39mwarn([32m'Database schema setup 
encountered issues - attempting to continue with existing schema'[39m)[33m;[39m
     [90m    |[39m               [31m[1m^[22m[39m
     [90m 46 |[39m     }
     [90m 47 |[39m
     [90m 48 |[39m     [90m// Initialize Prisma client after schema is set up with timeout 
settings[39m[0m

      at Object.<anonymous> (src/test/setup.ts:45:15)

    console.log
      Ô£à Test database setup completed successfully

      at Object.<anonymous> (src/test/setup.ts:70:13)

    console.log
      Ô£à Test database cleanup completed

      at Object.<anonymous> (src/test/setup.ts:97:13)

  ÔùÅ Property Test: Client Portal Monitoring Accuracy ÔÇ║ Property 26: Client Portal Monitoring Accuracy

    Property failed after 1 tests
    { seed: 26, path: "0", endOnFailure: true }
    Counterexample: [{"client":{"name":"W=*$Fm V4Yf4<qC","contactEmail":"sit{.g7&q&.lrxt@yftsfn0.xlr","co
ntactInfo":{"phone":"ZZOF@.3R}TX,^","address":" l~%#~\\lK(;"}},"contract":{"serviceDefinition":{"guardCou
nt":3,"shiftPattern":"ROTATING","coverageHours":9},"billingPreferences":{__proto__:null,"hourlyRate":29.0
140323638916,"overtimeMultiplier":1.9999983310699463,"billingFrequency":"WEEKLY"}},"sites":[{"name":"`k&3
","operationalStatus":"ACTIVE","minStaffingLevel":5,"maxStaffingLevel":3,"skillRequirements":{__proto__:n
ull,"skills":["SECURITY"]},"address":{"street":"+D$#5`w[Zz?(vD@kx","city":"#\\R:ZO6192AG$G","state":"R%o"
,"zipCode":"length"}},{"name":"Upror hasOwnProp","operationalStatus":"ACTIVE","minStaffingLevel":1,"maxSt
affingLevel":3,"skillRequirements":{"skills":["FIRE_SAFETY","FIRST_AID"]},"address":{__proto__:null,"stre
et":"$rototy","city":"caller","state":"%x\"Gj{&3wl !%s","zipCode":"8X+a<9:PL'"}}],"employees":[{__proto__
:null,"employeeNumber":"(8zHb]R5s","firstName":"J~@q2d.","lastName":":\\&W^=d","email":"4t^bge.1fi|dl=.t_
'*5{~.5^7`4&n#!wf.x.45ia~790h}zb.ami+d.un$45&@zsmqf9td.m.lj","skills":["FIRE_SAFETY","FIRE_SAFETY","SECUR
ITY"],"employmentStatus":"ACTIVE"},{"employeeNumber":"MYN~ap","firstName":"lRLm","lastName":"nq","email":
"rd09_%.q3ox&uwe!6{.t.2ekv*{$.~`05f}{1xbw@0eu.lq","skills":["FIRST_AID","FIRE_SAFETY"],"employmentStatus"
:"ACTIVE"},{__proto__:null,"employeeNumber":"Wm`{Mxx","firstName":"(11N]?Y@6-S","lastName":"3r)zu^yF7V","
email":"ygr.c44.z79tht$.$k`h`'sebr1.g'1.3ckb.3._|1-g|kyb.9/4+~klgag@hx92cq.wq","skills":["FIRE_SAFETY"],"
employmentStatus":"ACTIVE"},{__proto__:null,"employeeNumber":"&232n\\?r","firstName":"$k-;9q'0","lastName
":"1[","email":"u_.{mtffr.`h|97x2!j{p*.3s4h405=d.w8p`k#s3%w6.y-*kp}pme@gy04a.hm","skills":["FIRST_AID","F
IRE_SAFETY","FIRST_AID"],"employmentStatus":"ACTIVE"},{"employeeNumber":"A9nM7lse^c","firstName":"{sSQBOO
Z\\>gK$K","lastName":"E_e`cKv7r!t,,","email":"'k-c~{.?$s'7!7emk}t.s5r7w.y+e&s%iotpy.*e=}t|73d@t43jk03memp
u.4.ous","skills":["SECURITY","FIRE_SAFETY","SECURITY"],"employmentStatus":"ACTIVE"}],"attendanceData":{"
shiftsPerSite":1,"attendanceRate":0.8515876531600952,"lateArrivals":1,"earlyDepartures":1}}]
    Shrunk 0 time(s)

    Hint: Enable verbose mode in order to have the list of all failing values encountered during the run

      at buildError (node_modules/fast-check/lib/cjs/fast-check.js:2456:16)
      at asyncThrowIfFailed (node_modules/fast-check/lib/cjs/fast-check.js:2468:8)

    Cause:
    NotFoundException: Client not found

    [0m [90m 545 |[39m
     [90m 546 |[39m     [36mif[39m ([33m![39mclient) {
    [31m[1m>[22m[39m[90m 547 |[39m       [36mthrow[39m [36mnew[39m 
[33mNotFoundException[39m([32m'Client not found'[39m)[33m;[39m
     [90m     |[39m             [31m[1m^[22m[39m
     [90m 548 |[39m     }
     [90m 549 |[39m
     [90m 550 |[39m     [36mconst[39m allSites [33m=[39m 
client[33m.[39mcontracts[33m.[39mflatMap(contract [33m=>[39m 
contract[33m.[39msites)[33m;[39m[0m

      at ClientPortalService.getSiteOverview (src/client-portal/client-portal.service.ts:547:13)
          at async Promise.all (index 0)
      at ClientPortalService.getClientDashboard (src/client-portal/client-portal.service.ts:62:9)
      at src/tests/property-tests/client-portal-monitoring-accuracy.spec.ts:397:35
      at AsyncProperty.run (node_modules/fast-check/lib/cjs/fast-check.js:1212:19)

  ÔùÅ Property Test: Client Portal Monitoring Accuracy ÔÇ║ Property 27: Client Portal Data Temporal 
Consistency

    Property failed after 1 tests
    { seed: 27, path: "0", endOnFailure: true }
    Counterexample: [{__proto__:null,"name":"vn[et9k)","contactEmail":"__proto__@g6.ref","contactInfo":{"
phone":"z${#7~Y%&{y","address":"`i#rtypropertyIsE"}}]
    Shrunk 0 time(s)

    Hint: Enable verbose mode in order to have the list of all failing values encountered during the run

      at buildError (node_modules/fast-check/lib/cjs/fast-check.js:2456:16)
      at asyncThrowIfFailed (node_modules/fast-check/lib/cjs/fast-check.js:2468:8)

    Cause:
    NotFoundException: Client not found

    [0m [90m 545 |[39m
     [90m 546 |[39m     [36mif[39m ([33m![39mclient) {
    [31m[1m>[22m[39m[90m 547 |[39m       [36mthrow[39m [36mnew[39m 
[33mNotFoundException[39m([32m'Client not found'[39m)[33m;[39m
     [90m     |[39m             [31m[1m^[22m[39m
     [90m 548 |[39m     }
     [90m 549 |[39m
     [90m 550 |[39m     [36mconst[39m allSites [33m=[39m 
client[33m.[39mcontracts[33m.[39mflatMap(contract [33m=>[39m 
contract[33m.[39msites)[33m;[39m[0m

      at ClientPortalService.getSiteOverview (src/client-portal/client-portal.service.ts:547:13)
          at async Promise.all (index 0)
      at ClientPortalService.getClientDashboard (src/client-portal/client-portal.service.ts:62:9)
      at src/tests/property-tests/client-portal-monitoring-accuracy.spec.ts:654:35
      at AsyncProperty.run (node_modules/fast-check/lib/cjs/fast-check.js:1212:19)

FAIL src/payroll/tests/payroll-dashboard-accuracy.property.spec.ts (9.968 s)
  ÔùÅ Console

    console.warn
      Database schema setup encountered issues - attempting to continue with existing schema

    [0m [90m 43 |[39m       })[33m;[39m
     [90m 44 |[39m     } [36mcatch[39m (error) {
    [31m[1m>[22m[39m[90m 45 |[39m       console[33m.[39mwarn([32m'Database schema setup 
encountered issues - attempting to continue with existing schema'[39m)[33m;[39m
     [90m    |[39m               [31m[1m^[22m[39m
     [90m 46 |[39m     }
     [90m 47 |[39m
     [90m 48 |[39m     [90m// Initialize Prisma client after schema is set up with timeout 
settings[39m[0m

      at Object.<anonymous> (src/test/setup.ts:45:15)

    console.log
      Ô£à Test database setup completed successfully

      at Object.<anonymous> (src/test/setup.ts:70:13)

    console.log
      Ô£à Test database cleanup completed

      at Object.<anonymous> (src/test/setup.ts:97:13)

  ÔùÅ Property 22: Payroll Dashboard Accuracy ÔÇ║ Property: Dashboard maintains data consistency across 
views

    Property failed after 1 tests
    { seed: 901038371, path: "0:0:0:0:0:0:0:0:0:0:0:0:0:0:0:0:0:0:0:0:0:0:0:0:0:0:0:0:0:0:0:0:0:0:0:0:0:0
:0:0:0:0:0:0:0:0:0:0:0:0:0:0:0:0:0:0:0:0:0:0:0:0:0:0:0:0:0:0:0:0:0:0:0:0:0:0:0:0:0:0:0:0:0:0:0:0:0:0:0:0:
0:0:0:0:0", endOnFailure: true }
    Counterexample: [[{"runNumber":"          ","payPeriodStart":new 
Date("2024-01-01T00:00:00.000Z"),"payPeriodEnd":new 
Date("2024-01-01T00:00:00.000Z"),"status":"DRAFT","totalAmount":50000,"employeeCount":1},{"runNumber":"  
        ","payPeriodStart":new Date("2024-01-01T00:00:00.000Z"),"payPeriodEnd":new Date("2024-01-01T00:00
:00.000Z"),"status":"DRAFT","totalAmount":50000,"employeeCount":1}],[{"employeeId":"00000000-0000-1000-80
00-000000000000","itemType":"BASIC_PAY","amount":0,"description":"     "},{"employeeId":"00000000-0000-10
00-8000-000000000000","itemType":"BASIC_PAY","amount":0,"description":"     "},{"employeeId":"00000000-00
00-1000-8000-000000000000","itemType":"BASIC_PAY","amount":0,"description":"     "},{"employeeId":"000000
00-0000-1000-8000-000000000000","itemType":"BASIC_PAY","amount":0,"description":"     "},{"employeeId":"0
0000000-0000-1000-8000-000000000000","itemType":"BASIC_PAY","amount":0,"description":"     "}]]
    Shrunk 94 time(s)

    Hint: Enable verbose mode in order to have the list of all failing values encountered during the run

      at buildError (node_modules/fast-check/lib/cjs/fast-check.js:2456:16)
      at asyncThrowIfFailed (node_modules/fast-check/lib/cjs/fast-check.js:2468:8)

    Cause:
    expect(received).toBe(expected) // Object.is equality

    Expected: 0
    Received: 2

    [0m [90m 544 |[39m           [36mconst[39m page2Ids [33m=[39m [36mnew[39m 
[33mSet[39m(page2[33m.[39mdata[33m.[39mmap(run [33m=>[39m run[33m.[39mid))[33m;[39m
     [90m 545 |[39m           [36mconst[39m intersection [33m=[39m [36mnew[39m 
[33mSet[39m([[33m...[39mpage1Ids][33m.[39mfilter(id [33m=>[39m 
page2Ids[33m.[39mhas(id)))[33m;[39m
    [31m[1m>[22m[39m[90m 546 |[39m           
expect(intersection[33m.[39msize)[33m.[39mtoBe([35m0[39m)[33m;[39m
     [90m     |[39m                                     [31m[1m^[22m[39m
     [90m 547 |[39m         }
     [90m 548 |[39m       )[33m,[39m
     [90m 549 |[39m       { numRuns[33m:[39m [35m12[39m[33m,[39m timeout[33m:[39m 
[35m12000[39m }[0m

      at src/payroll/tests/payroll-dashboard-accuracy.property.spec.ts:546:37
      at AsyncProperty.run (node_modules/fast-check/lib/cjs/fast-check.js:1212:19)

[31m[Nest] 20228  - [39m27/08/2026, 10:18:00 pm [31m  ERROR[39m [38;5;3m[ContractsService] 
[39m[31mFailed to update contract: Cannot read properties of undefined (reading 'update')[39m
FAIL src/contracts/contracts.service.spec.ts (9.154 s)
  ÔùÅ Console

    console.warn
      Database schema setup encountered issues - attempting to continue with existing schema

    [0m [90m 43 |[39m       })[33m;[39m
     [90m 44 |[39m     } [36mcatch[39m (error) {
    [31m[1m>[22m[39m[90m 45 |[39m       console[33m.[39mwarn([32m'Database schema setup 
encountered issues - attempting to continue with existing schema'[39m)[33m;[39m
     [90m    |[39m               [31m[1m^[22m[39m
     [90m 46 |[39m     }
     [90m 47 |[39m
     [90m 48 |[39m     [90m// Initialize Prisma client after schema is set up with timeout 
settings[39m[0m

      at Object.<anonymous> (src/test/setup.ts:45:15)

    console.log
      Ô£à Test database setup completed successfully

      at Object.<anonymous> (src/test/setup.ts:70:13)

    console.log
      Ô£à Test database cleanup completed

      at Object.<anonymous> (src/test/setup.ts:97:13)

  ÔùÅ ContractsService ÔÇ║ create ÔÇ║ should create a new contract successfully

    TypeError: Cannot read properties of undefined (reading 'findFirst')

    [0m [90m 22 |[39m
     [90m 23 |[39m     [90m// Validate client exists and belongs to tenant[39m
    [31m[1m>[22m[39m[90m 24 |[39m     [36mconst[39m client [33m=[39m [36mawait[39m 
[36mthis[39m[33m.[39mprisma[33m.[39mclients[33m.[39mfindFirst({
     [90m    |[39m                                              [31m[1m^[22m[39m
     [90m 25 |[39m       where[33m:[39m {
     [90m 26 |[39m         id[33m:[39m createContractDto[33m.[39mclientId[33m,[39m
     [90m 27 |[39m         company_id[33m:[39m 
[36mthis[39m[33m.[39mtenantContext[33m.[39mgetTenantId()[33m,[39m[0m

      at ContractsService.create (src/contracts/contracts.service.ts:24:46)
      at Object.<anonymous> (src/contracts/contracts.service.spec.ts:128:36)

  ÔùÅ ContractsService ÔÇ║ create ÔÇ║ should throw NotFoundException when client does not exist

    expect(received).rejects.toThrow(expected)

    Expected constructor: NotFoundException
    Received constructor: TypeError

    Received message: "Cannot read properties of undefined (reading 'findFirst')"

        [0m [90m 22 |[39m
         [90m 23 |[39m     [90m// Validate client exists and belongs to tenant[39m
        [31m[1m>[22m[39m[90m 24 |[39m     [36mconst[39m client [33m=[39m [36mawait[39m 
[36mthis[39m[33m.[39mprisma[33m.[39mclients[33m.[39mfindFirst({
         [90m    |[39m                                              [31m[1m^[22m[39m
         [90m 25 |[39m       where[33m:[39m {
         [90m 26 |[39m         id[33m:[39m createContractDto[33m.[39mclientId[33m,[39m
         [90m 27 |[39m         company_id[33m:[39m 
[36mthis[39m[33m.[39mtenantContext[33m.[39mgetTenantId()[33m,[39m[0m

      at ContractsService.create (src/contracts/contracts.service.ts:24:46)
      at Object.<anonymous> (src/contracts/contracts.service.spec.ts:147:28)
      at Object.toThrow (node_modules/expect/build/index.js:2155:20)
      at Object.<anonymous> (src/contracts/contracts.service.spec.ts:147:74)

  ÔùÅ ContractsService ÔÇ║ create ÔÇ║ should throw NotFoundException when client does not belong to 
tenant

    expect(received).rejects.toThrow(expected)

    Expected constructor: NotFoundException
    Received constructor: TypeError

    Received message: "Cannot read properties of undefined (reading 'findFirst')"

        [0m [90m 22 |[39m
         [90m 23 |[39m     [90m// Validate client exists and belongs to tenant[39m
        [31m[1m>[22m[39m[90m 24 |[39m     [36mconst[39m client [33m=[39m [36mawait[39m 
[36mthis[39m[33m.[39mprisma[33m.[39mclients[33m.[39mfindFirst({
         [90m    |[39m                                              [31m[1m^[22m[39m
         [90m 25 |[39m       where[33m:[39m {
         [90m 26 |[39m         id[33m:[39m createContractDto[33m.[39mclientId[33m,[39m
         [90m 27 |[39m         company_id[33m:[39m 
[36mthis[39m[33m.[39mtenantContext[33m.[39mgetTenantId()[33m,[39m[0m

      at ContractsService.create (src/contracts/contracts.service.ts:24:46)
      at Object.<anonymous> (src/contracts/contracts.service.spec.ts:161:28)
      at Object.toThrow (node_modules/expect/build/index.js:2155:20)
      at Object.<anonymous> (src/contracts/contracts.service.spec.ts:161:74)

  ÔùÅ ContractsService ÔÇ║ findAll ÔÇ║ should return paginated contracts

    TypeError: Cannot read properties of undefined (reading 'findMany')

    [0m [90m  98 |[39m
     [90m  99 |[39m     [36mconst[39m [contracts[33m,[39m total] [33m=[39m [36mawait[39m 
[33mPromise[39m[33m.[39mall([
    [31m[1m>[22m[39m[90m 100 |[39m       
[36mthis[39m[33m.[39mprisma[33m.[39mcontracts[33m.[39mfindMany({
     [90m     |[39m                             [31m[1m^[22m[39m
     [90m 101 |[39m         where[33m,[39m
     [90m 102 |[39m         include[33m:[39m {
     [90m 103 |[39m           clients[33m:[39m {[0m

      at ContractsService.findAll (src/contracts/contracts.service.ts:100:29)
      at Object.<anonymous> (src/contracts/contracts.service.spec.ts:182:36)

  ÔùÅ ContractsService ÔÇ║ findAll ÔÇ║ should filter contracts by status

    TypeError: Cannot read properties of undefined (reading 'findMany')

    [0m [90m  98 |[39m
     [90m  99 |[39m     [36mconst[39m [contracts[33m,[39m total] [33m=[39m [36mawait[39m 
[33mPromise[39m[33m.[39mall([
    [31m[1m>[22m[39m[90m 100 |[39m       
[36mthis[39m[33m.[39mprisma[33m.[39mcontracts[33m.[39mfindMany({
     [90m     |[39m                             [31m[1m^[22m[39m
     [90m 101 |[39m         where[33m,[39m
     [90m 102 |[39m         include[33m:[39m {
     [90m 103 |[39m           clients[33m:[39m {[0m

      at ContractsService.findAll (src/contracts/contracts.service.ts:100:29)
      at Object.<anonymous> (src/contracts/contracts.service.spec.ts:230:21)

  ÔùÅ ContractsService ÔÇ║ findAll ÔÇ║ should filter contracts by client ID

    TypeError: Cannot read properties of undefined (reading 'findMany')

    [0m [90m  98 |[39m
     [90m  99 |[39m     [36mconst[39m [contracts[33m,[39m total] [33m=[39m [36mawait[39m 
[33mPromise[39m[33m.[39mall([
    [31m[1m>[22m[39m[90m 100 |[39m       
[36mthis[39m[33m.[39mprisma[33m.[39mcontracts[33m.[39mfindMany({
     [90m     |[39m                             [31m[1m^[22m[39m
     [90m 101 |[39m         where[33m,[39m
     [90m 102 |[39m         include[33m:[39m {
     [90m 103 |[39m           clients[33m:[39m {[0m

      at ContractsService.findAll (src/contracts/contracts.service.ts:100:29)
      at Object.<anonymous> (src/contracts/contracts.service.spec.ts:255:21)

  ÔùÅ ContractsService ÔÇ║ findOne ÔÇ║ should return a contract by ID

    TypeError: Cannot read properties of undefined (reading 'findFirst')

    [0m [90m 139 |[39m
     [90m 140 |[39m   [36masync[39m findOne(id[33m:[39m string)[33m:[39m 
[33mPromise[39m[33m<[39m[33mContract[39m[33m>[39m {
    [31m[1m>[22m[39m[90m 141 |[39m     [36mconst[39m contract [33m=[39m [36mawait[39m 
[36mthis[39m[33m.[39mprisma[33m.[39mcontracts[33m.[39mfindFirst({
     [90m     |[39m                                                  [31m[1m^[22m[39m
     [90m 142 |[39m       where[33m:[39m {
     [90m 143 |[39m         id[33m,[39m
     [90m 144 |[39m         clients[33m:[39m {[0m

      at ContractsService.findOne (src/contracts/contracts.service.ts:141:50)
      at Object.<anonymous> (src/contracts/contracts.service.spec.ts:289:36)

  ÔùÅ ContractsService ÔÇ║ findOne ÔÇ║ should throw NotFoundException when contract does not exist

    expect(received).rejects.toThrow(expected)

    Expected constructor: NotFoundException
    Received constructor: TypeError

    Received message: "Cannot read properties of undefined (reading 'findFirst')"

        [0m [90m 139 |[39m
         [90m 140 |[39m   [36masync[39m findOne(id[33m:[39m string)[33m:[39m 
[33mPromise[39m[33m<[39m[33mContract[39m[33m>[39m {
        [31m[1m>[22m[39m[90m 141 |[39m     [36mconst[39m contract [33m=[39m [36mawait[39m 
[36mthis[39m[33m.[39mprisma[33m.[39mcontracts[33m.[39mfindFirst({
         [90m     |[39m                                                  [31m[1m^[22m[39m
         [90m 142 |[39m       where[33m:[39m {
         [90m 143 |[39m         id[33m,[39m
         [90m 144 |[39m         clients[33m:[39m {[0m

      at ContractsService.findOne (src/contracts/contracts.service.ts:141:50)
      at Object.<anonymous> (src/contracts/contracts.service.spec.ts:310:28)
      at Object.toThrow (node_modules/expect/build/index.js:2155:20)
      at Object.<anonymous> (src/contracts/contracts.service.spec.ts:310:61)

  ÔùÅ ContractsService ÔÇ║ update ÔÇ║ should update a contract successfully

    BadRequestException: Failed to update contract

    [0m [90m 241 |[39m     } [36mcatch[39m (error[33m:[39m any) {
     [90m 242 |[39m       [36mthis[39m[33m.[39mlogger[33m.[39merror([32m`Failed to update 
contract: ${error.message}`[39m)[33m;[39m
    [31m[1m>[22m[39m[90m 243 |[39m       [36mthrow[39m [36mnew[39m 
[33mBadRequestException[39m([32m'Failed to update contract'[39m)[33m;[39m
     [90m     |[39m             [31m[1m^[22m[39m
     [90m 244 |[39m     }
     [90m 245 |[39m   }
     [90m 246 |[39m[0m

      at ContractsService.update (src/contracts/contracts.service.ts:243:13)
      at Object.<anonymous> (src/contracts/contracts.service.spec.ts:337:22)

  ÔùÅ ContractsService ÔÇ║ remove ÔÇ║ should soft delete a contract with no active sites

    TypeError: Cannot read properties of undefined (reading 'count')

    [0m [90m 252 |[39m
     [90m 253 |[39m     [90m// Check if contract has active sites[39m
    [31m[1m>[22m[39m[90m 254 |[39m     [36mconst[39m activeSites [33m=[39m [36mawait[39m 
[36mthis[39m[33m.[39mprisma[33m.[39msites[33m.[39mcount({
     [90m     |[39m                                                 [31m[1m^[22m[39m
     [90m 255 |[39m       where[33m:[39m {
     [90m 256 |[39m         contract_id[33m:[39m id[33m,[39m
     [90m 257 |[39m         operational_status[33m:[39m [32m'ACTIVE'[39m[33m,[39m[0m

      at ContractsService.remove (src/contracts/contracts.service.ts:254:49)
      at Object.<anonymous> (src/contracts/contracts.service.spec.ts:380:7)

  ÔùÅ ContractsService ÔÇ║ remove ÔÇ║ should throw BadRequestException when contract has active sites

    expect(received).rejects.toThrow(expected)

    Expected constructor: BadRequestException
    Received constructor: TypeError

    Received message: "Cannot read properties of undefined (reading 'count')"

        [0m [90m 252 |[39m
         [90m 253 |[39m     [90m// Check if contract has active sites[39m
        [31m[1m>[22m[39m[90m 254 |[39m     [36mconst[39m activeSites [33m=[39m [36mawait[39m 
[36mthis[39m[33m.[39mprisma[33m.[39msites[33m.[39mcount({
         [90m     |[39m                                                 [31m[1m^[22m[39m
         [90m 255 |[39m       where[33m:[39m {
         [90m 256 |[39m         contract_id[33m:[39m id[33m,[39m
         [90m 257 |[39m         operational_status[33m:[39m [32m'ACTIVE'[39m[33m,[39m[0m

      at ContractsService.remove (src/contracts/contracts.service.ts:254:49)
      at Object.<anonymous> (src/contracts/contracts.service.spec.ts:404:7)
      at Object.toThrow (node_modules/expect/build/index.js:2155:20)
      at Object.<anonymous> (src/contracts/contracts.service.spec.ts:404:60)

  ÔùÅ ContractsService ÔÇ║ contract number generation ÔÇ║ should generate unique contract numbers

    TypeError: Cannot read properties of undefined (reading 'findFirst')

    [0m [90m 22 |[39m
     [90m 23 |[39m     [90m// Validate client exists and belongs to tenant[39m
    [31m[1m>[22m[39m[90m 24 |[39m     [36mconst[39m client [33m=[39m [36mawait[39m 
[36mthis[39m[33m.[39mprisma[33m.[39mclients[33m.[39mfindFirst({
     [90m    |[39m                                              [31m[1m^[22m[39m
     [90m 25 |[39m       where[33m:[39m {
     [90m 26 |[39m         id[33m:[39m createContractDto[33m.[39mclientId[33m,[39m
     [90m 27 |[39m         company_id[33m:[39m 
[36mthis[39m[33m.[39mtenantContext[33m.[39mgetTenantId()[33m,[39m[0m

      at ContractsService.create (src/contracts/contracts.service.ts:24:46)
      at Object.<anonymous> (src/contracts/contracts.service.spec.ts:428:36)

FAIL src/common/company-registration.property.spec.ts (6.746 s)
  ÔùÅ Console

    console.warn
      Database schema setup encountered issues - attempting to continue with existing schema

    [0m [90m 43 |[39m       })[33m;[39m
     [90m 44 |[39m     } [36mcatch[39m (error) {
    [31m[1m>[22m[39m[90m 45 |[39m       console[33m.[39mwarn([32m'Database schema setup 
encountered issues - attempting to continue with existing schema'[39m)[33m;[39m
     [90m    |[39m               [31m[1m^[22m[39m
     [90m 46 |[39m     }
     [90m 47 |[39m
     [90m 48 |[39m     [90m// Initialize Prisma client after schema is set up with timeout 
settings[39m[0m

      at Object.<anonymous> (src/test/setup.ts:45:15)

    console.log
      Ô£à Test database setup completed successfully

      at Object.<anonymous> (src/test/setup.ts:70:13)

    console.log
      Ô£à Test database cleanup completed

      at Object.<anonymous> (src/test/setup.ts:97:13)

  ÔùÅ Company Registration Completeness Property Tests ÔÇ║ Property 2: Company Registration Completeness 
ÔÇ║ should create a complete isolated workspace with default configurations for any valid company 
registration

    TypeError: Cannot read properties of undefined (reading 'deleteMany')

    [0m [90m 700 |[39m     [36mawait[39m prismaService[33m.[39mwithSystemContext([36masync[39m 
(prisma) [33m=>[39m {
     [90m 701 |[39m       [90m// Delete in reverse dependency order[39m
    [31m[1m>[22m[39m[90m 702 |[39m       [36mawait[39m 
prisma[33m.[39mpayroll_items[33m.[39mdeleteMany({})[33m;[39m
     [90m     |[39m                                  [31m[1m^[22m[39m
     [90m 703 |[39m       [36mawait[39m 
prisma[33m.[39mpayroll_runs[33m.[39mdeleteMany({})[33m;[39m
     [90m 704 |[39m       [36mawait[39m prisma[33m.[39minvoices[33m.[39mdeleteMany({})[33m;[39m
     [90m 705 |[39m       [36mawait[39m 
prisma[33m.[39mattendance[33m.[39mdeleteMany({})[33m;[39m[0m

      at src/common/company-registration.property.spec.ts:702:34
      at MockPrismaService.withSystemContext (src/common/company-registration.property.spec.ts:38:20)
      at cleanupTestData (src/common/company-registration.property.spec.ts:700:25)
      at Object.<anonymous> (src/common/company-registration.property.spec.ts:382:11)

  ÔùÅ Company Registration Completeness Property Tests ÔÇ║ Property 2: Company Registration Completeness 
ÔÇ║ should create a complete isolated workspace with default configurations for any valid company 
registration

    TypeError: Cannot read properties of undefined (reading 'deleteMany')

    [0m [90m 700 |[39m     [36mawait[39m prismaService[33m.[39mwithSystemContext([36masync[39m 
(prisma) [33m=>[39m {
     [90m 701 |[39m       [90m// Delete in reverse dependency order[39m
    [31m[1m>[22m[39m[90m 702 |[39m       [36mawait[39m 
prisma[33m.[39mpayroll_items[33m.[39mdeleteMany({})[33m;[39m
     [90m     |[39m                                  [31m[1m^[22m[39m
     [90m 703 |[39m       [36mawait[39m 
prisma[33m.[39mpayroll_runs[33m.[39mdeleteMany({})[33m;[39m
     [90m 704 |[39m       [36mawait[39m prisma[33m.[39minvoices[33m.[39mdeleteMany({})[33m;[39m
     [90m 705 |[39m       [36mawait[39m 
prisma[33m.[39mattendance[33m.[39mdeleteMany({})[33m;[39m[0m

      at src/common/company-registration.property.spec.ts:702:34
      at MockPrismaService.withSystemContext (src/common/company-registration.property.spec.ts:38:20)
      at cleanupTestData (src/common/company-registration.property.spec.ts:700:25)
      at Object.<anonymous> (src/common/company-registration.property.spec.ts:387:11)

  ÔùÅ Company Registration Completeness Property Tests ÔÇ║ Property 2: Company Registration Completeness 
ÔÇ║ should create default configurations that are non-empty and well-structured for any company

    TypeError: Cannot read properties of undefined (reading 'deleteMany')

    [0m [90m 700 |[39m     [36mawait[39m prismaService[33m.[39mwithSystemContext([36masync[39m 
(prisma) [33m=>[39m {
     [90m 701 |[39m       [90m// Delete in reverse dependency order[39m
    [31m[1m>[22m[39m[90m 702 |[39m       [36mawait[39m 
prisma[33m.[39mpayroll_items[33m.[39mdeleteMany({})[33m;[39m
     [90m     |[39m                                  [31m[1m^[22m[39m
     [90m 703 |[39m       [36mawait[39m 
prisma[33m.[39mpayroll_runs[33m.[39mdeleteMany({})[33m;[39m
     [90m 704 |[39m       [36mawait[39m prisma[33m.[39minvoices[33m.[39mdeleteMany({})[33m;[39m
     [90m 705 |[39m       [36mawait[39m 
prisma[33m.[39mattendance[33m.[39mdeleteMany({})[33m;[39m[0m

      at src/common/company-registration.property.spec.ts:702:34
      at MockPrismaService.withSystemContext (src/common/company-registration.property.spec.ts:38:20)
      at cleanupTestData (src/common/company-registration.property.spec.ts:700:25)
      at Object.<anonymous> (src/common/company-registration.property.spec.ts:382:11)

  ÔùÅ Company Registration Completeness Property Tests ÔÇ║ Property 2: Company Registration Completeness 
ÔÇ║ should create default configurations that are non-empty and well-structured for any company

    TypeError: Cannot read properties of undefined (reading 'deleteMany')

    [0m [90m 700 |[39m     [36mawait[39m prismaService[33m.[39mwithSystemContext([36masync[39m 
(prisma) [33m=>[39m {
     [90m 701 |[39m       [90m// Delete in reverse dependency order[39m
    [31m[1m>[22m[39m[90m 702 |[39m       [36mawait[39m 
prisma[33m.[39mpayroll_items[33m.[39mdeleteMany({})[33m;[39m
     [90m     |[39m                                  [31m[1m^[22m[39m
     [90m 703 |[39m       [36mawait[39m 
prisma[33m.[39mpayroll_runs[33m.[39mdeleteMany({})[33m;[39m
     [90m 704 |[39m       [36mawait[39m prisma[33m.[39minvoices[33m.[39mdeleteMany({})[33m;[39m
     [90m 705 |[39m       [36mawait[39m 
prisma[33m.[39mattendance[33m.[39mdeleteMany({})[33m;[39m[0m

      at src/common/company-registration.property.spec.ts:702:34
      at MockPrismaService.withSystemContext (src/common/company-registration.property.spec.ts:38:20)
      at cleanupTestData (src/common/company-registration.property.spec.ts:700:25)
      at Object.<anonymous> (src/common/company-registration.property.spec.ts:387:11)

  ÔùÅ Company Registration Completeness Property Tests ÔÇ║ Property 2: Company Registration Completeness 
ÔÇ║ should maintain workspace isolation and completeness under concurrent registrations

    TypeError: Cannot read properties of undefined (reading 'deleteMany')

    [0m [90m 700 |[39m     [36mawait[39m prismaService[33m.[39mwithSystemContext([36masync[39m 
(prisma) [33m=>[39m {
     [90m 701 |[39m       [90m// Delete in reverse dependency order[39m
    [31m[1m>[22m[39m[90m 702 |[39m       [36mawait[39m 
prisma[33m.[39mpayroll_items[33m.[39mdeleteMany({})[33m;[39m
     [90m     |[39m                                  [31m[1m^[22m[39m
     [90m 703 |[39m       [36mawait[39m 
prisma[33m.[39mpayroll_runs[33m.[39mdeleteMany({})[33m;[39m
     [90m 704 |[39m       [36mawait[39m prisma[33m.[39minvoices[33m.[39mdeleteMany({})[33m;[39m
     [90m 705 |[39m       [36mawait[39m 
prisma[33m.[39mattendance[33m.[39mdeleteMany({})[33m;[39m[0m

      at src/common/company-registration.property.spec.ts:702:34
      at MockPrismaService.withSystemContext (src/common/company-registration.property.spec.ts:38:20)
      at cleanupTestData (src/common/company-registration.property.spec.ts:700:25)
      at Object.<anonymous> (src/common/company-registration.property.spec.ts:382:11)

  ÔùÅ Company Registration Completeness Property Tests ÔÇ║ Property 2: Company Registration Completeness 
ÔÇ║ should maintain workspace isolation and completeness under concurrent registrations

    TypeError: Cannot read properties of undefined (reading 'deleteMany')

    [0m [90m 700 |[39m     [36mawait[39m prismaService[33m.[39mwithSystemContext([36masync[39m 
(prisma) [33m=>[39m {
     [90m 701 |[39m       [90m// Delete in reverse dependency order[39m
    [31m[1m>[22m[39m[90m 702 |[39m       [36mawait[39m 
prisma[33m.[39mpayroll_items[33m.[39mdeleteMany({})[33m;[39m
     [90m     |[39m                                  [31m[1m^[22m[39m
     [90m 703 |[39m       [36mawait[39m 
prisma[33m.[39mpayroll_runs[33m.[39mdeleteMany({})[33m;[39m
     [90m 704 |[39m       [36mawait[39m prisma[33m.[39minvoices[33m.[39mdeleteMany({})[33m;[39m
     [90m 705 |[39m       [36mawait[39m 
prisma[33m.[39mattendance[33m.[39mdeleteMany({})[33m;[39m[0m

      at src/common/company-registration.property.spec.ts:702:34
      at MockPrismaService.withSystemContext (src/common/company-registration.property.spec.ts:38:20)
      at cleanupTestData (src/common/company-registration.property.spec.ts:700:25)
      at Object.<anonymous> (src/common/company-registration.property.spec.ts:387:11)

  ÔùÅ Company Registration Completeness Property Tests ÔÇ║ Property 2: Company Registration Completeness 
ÔÇ║ should provide consistent default workspace structure regardless of input variations

    TypeError: Cannot read properties of undefined (reading 'deleteMany')

    [0m [90m 700 |[39m     [36mawait[39m prismaService[33m.[39mwithSystemContext([36masync[39m 
(prisma) [33m=>[39m {
     [90m 701 |[39m       [90m// Delete in reverse dependency order[39m
    [31m[1m>[22m[39m[90m 702 |[39m       [36mawait[39m 
prisma[33m.[39mpayroll_items[33m.[39mdeleteMany({})[33m;[39m
     [90m     |[39m                                  [31m[1m^[22m[39m
     [90m 703 |[39m       [36mawait[39m 
prisma[33m.[39mpayroll_runs[33m.[39mdeleteMany({})[33m;[39m
     [90m 704 |[39m       [36mawait[39m prisma[33m.[39minvoices[33m.[39mdeleteMany({})[33m;[39m
     [90m 705 |[39m       [36mawait[39m 
prisma[33m.[39mattendance[33m.[39mdeleteMany({})[33m;[39m[0m

      at src/common/company-registration.property.spec.ts:702:34
      at MockPrismaService.withSystemContext (src/common/company-registration.property.spec.ts:38:20)
      at cleanupTestData (src/common/company-registration.property.spec.ts:700:25)
      at Object.<anonymous> (src/common/company-registration.property.spec.ts:382:11)

  ÔùÅ Company Registration Completeness Property Tests ÔÇ║ Property 2: Company Registration Completeness 
ÔÇ║ should provide consistent default workspace structure regardless of input variations

    TypeError: Cannot read properties of undefined (reading 'deleteMany')

    [0m [90m 700 |[39m     [36mawait[39m prismaService[33m.[39mwithSystemContext([36masync[39m 
(prisma) [33m=>[39m {
     [90m 701 |[39m       [90m// Delete in reverse dependency order[39m
    [31m[1m>[22m[39m[90m 702 |[39m       [36mawait[39m 
prisma[33m.[39mpayroll_items[33m.[39mdeleteMany({})[33m;[39m
     [90m     |[39m                                  [31m[1m^[22m[39m
     [90m 703 |[39m       [36mawait[39m 
prisma[33m.[39mpayroll_runs[33m.[39mdeleteMany({})[33m;[39m
     [90m 704 |[39m       [36mawait[39m prisma[33m.[39minvoices[33m.[39mdeleteMany({})[33m;[39m
     [90m 705 |[39m       [36mawait[39m 
prisma[33m.[39mattendance[33m.[39mdeleteMany({})[33m;[39m[0m

      at src/common/company-registration.property.spec.ts:702:34
      at MockPrismaService.withSystemContext (src/common/company-registration.property.spec.ts:38:20)
      at cleanupTestData (src/common/company-registration.property.spec.ts:700:25)
      at Object.<anonymous> (src/common/company-registration.property.spec.ts:387:11)

[31m[Nest] 20228  - [39m27/08/2026, 10:18:20 pm [31m  ERROR[39m [38;5;3m[GlobalExceptionFilter] 
[39m[31mHTTP 403 Error - Forbidden resource[39m
[31m[Nest] 20228  - [39m27/08/2026, 10:18:20 pm [31m  ERROR[39m [38;5;3m[GlobalExceptionFilter] 
[39m[31mForbiddenException: Forbidden resource
    at canActivateFn (G:\Payroll 
System\backend\node_modules\@nestjs\core\router\router-execution-context.js:140:23)
    at processTicksAndRejections (node:internal/process/task_queues:104:5)
    at G:\Payroll System\backend\node_modules\@nestjs\core\router\router-execution-context.js:42:31
    at G:\Payroll System\backend\node_modules\@nestjs\core\router\router-proxy.js:9:17[39m
[31m[Nest] 20228  - [39m27/08/2026, 10:18:20 pm [31m  ERROR[39m [38;5;3m[GlobalExceptionFilter] 
[39mObject(4) {
  traceId: [32m'a874f2ca-af17-43a7-9472-689cf3301835'[39m,
  requestId: [32m'unknown'[39m,
  url: [32m'/test-rbac/user-read'[39m,
  method: [32m'GET'[39m
}
[31m[Nest] 20228  - [39m27/08/2026, 10:18:20 pm [31m  ERROR[39m [38;5;3m[GlobalExceptionFilter] 
[39m[31mHTTP 403 Error - Insufficient privileges. Required permissions: user:create[39m
[31m[Nest] 20228  - [39m27/08/2026, 10:18:20 pm [31m  ERROR[39m [38;5;3m[GlobalExceptionFilter] 
[39m[31mForbiddenException: Insufficient privileges. Required permissions: user:create
    at Object.canActivate (G:\Payroll 
System\backend\src\auth\rbac\examples\integration-test-example.spec.ts:409:17)
    at GuardsConsumer.tryActivate (G:\Payroll 
System\backend\node_modules\@nestjs\core\guards\guards-consumer.js:15:34)
    at canActivateFn (G:\Payroll 
System\backend\node_modules\@nestjs\core\router\router-execution-context.js:138:59)
    at G:\Payroll System\backend\node_modules\@nestjs\core\router\router-execution-context.js:42:37
    at G:\Payroll System\backend\node_modules\@nestjs\core\router\router-proxy.js:9:23
    at Layer.handleRequest (G:\Payroll System\backend\node_modules\router\lib\layer.js:152:17)
    at next (G:\Payroll System\backend\node_modules\router\lib\route.js:157:13)
    at Route.dispatch (G:\Payroll System\backend\node_modules\router\lib\route.js:117:3)
    at handle (G:\Payroll System\backend\node_modules\router\index.js:435:11)
    at Layer.handleRequest (G:\Payroll System\backend\node_modules\router\lib\layer.js:152:17)
    at G:\Payroll System\backend\node_modules\router\index.js:295:15
    at processParams (G:\Payroll System\backend\node_modules\router\index.js:582:12)
    at next (G:\Payroll System\backend\node_modules\router\index.js:291:5)
    at TenantContextMiddleware.use (G:\Payroll 
System\backend\src\common\tenant-context.middleware.ts:64:7)
    at processTicksAndRejections (node:internal/process/task_queues:104:5)
    at G:\Payroll System\backend\node_modules\@nestjs\core\router\router-proxy.js:9:17[39m
[31m[Nest] 20228  - [39m27/08/2026, 10:18:20 pm [31m  ERROR[39m [38;5;3m[GlobalExceptionFilter] 
[39mObject(4) {
  traceId: [32m'5453c6c7-ba6c-42e6-85c1-604321f673ac'[39m,
  requestId: [32m'unknown'[39m,
  url: [32m'/test-rbac/user-create'[39m,
  method: [32m'POST'[39m
}
[31m[Nest] 20228  - [39m27/08/2026, 10:18:20 pm [31m  ERROR[39m [38;5;3m[GlobalExceptionFilter] 
[39m[31mHTTP 403 Error - Insufficient privileges. Required permissions: employee:update[39m
[31m[Nest] 20228  - [39m27/08/2026, 10:18:20 pm [31m  ERROR[39m [38;5;3m[GlobalExceptionFilter] 
[39m[31mForbiddenException: Insufficient privileges. Required permissions: employee:update
    at Object.canActivate (G:\Payroll 
System\backend\src\auth\rbac\examples\integration-test-example.spec.ts:409:17)
    at GuardsConsumer.tryActivate (G:\Payroll 
System\backend\node_modules\@nestjs\core\guards\guards-consumer.js:15:34)
    at canActivateFn (G:\Payroll 
System\backend\node_modules\@nestjs\core\router\router-execution-context.js:138:59)
    at G:\Payroll System\backend\node_modules\@nestjs\core\router\router-execution-context.js:42:37
    at G:\Payroll System\backend\node_modules\@nestjs\core\router\router-proxy.js:9:23
    at Layer.handleRequest (G:\Payroll System\backend\node_modules\router\lib\layer.js:152:17)
    at next (G:\Payroll System\backend\node_modules\router\lib\route.js:157:13)
    at Route.dispatch (G:\Payroll System\backend\node_modules\router\lib\route.js:117:3)
    at handle (G:\Payroll System\backend\node_modules\router\index.js:435:11)
    at Layer.handleRequest (G:\Payroll System\backend\node_modules\router\lib\layer.js:152:17)
    at G:\Payroll System\backend\node_modules\router\index.js:295:15
    at processParams (G:\Payroll System\backend\node_modules\router\index.js:582:12)
    at next (G:\Payroll System\backend\node_modules\router\index.js:291:5)
    at TenantContextMiddleware.use (G:\Payroll 
System\backend\src\common\tenant-context.middleware.ts:64:7)
    at processTicksAndRejections (node:internal/process/task_queues:104:5)
    at G:\Payroll System\backend\node_modules\@nestjs\core\router\router-proxy.js:9:17[39m
[31m[Nest] 20228  - [39m27/08/2026, 10:18:20 pm [31m  ERROR[39m [38;5;3m[GlobalExceptionFilter] 
[39mObject(4) {
  traceId: [32m'2f4a84ab-5306-4ca5-a8e1-cfd1c8cc1d16'[39m,
  requestId: [32m'unknown'[39m,
  url: [32m'/test-rbac/employee-manage'[39m,
  method: [32m'GET'[39m
}
[31m[Nest] 20228  - [39m27/08/2026, 10:18:21 pm [31m  ERROR[39m [38;5;3m[GlobalExceptionFilter] 
[39m[31mHTTP 403 Error - Insufficient privileges. Required permissions: payroll:process[39m
[31m[Nest] 20228  - [39m27/08/2026, 10:18:21 pm [31m  ERROR[39m [38;5;3m[GlobalExceptionFilter] 
[39m[31mForbiddenException: Insufficient privileges. Required permissions: payroll:process
    at Object.canActivate (G:\Payroll 
System\backend\src\auth\rbac\examples\integration-test-example.spec.ts:409:17)
    at GuardsConsumer.tryActivate (G:\Payroll 
System\backend\node_modules\@nestjs\core\guards\guards-consumer.js:15:34)
    at canActivateFn (G:\Payroll 
System\backend\node_modules\@nestjs\core\router\router-execution-context.js:138:59)
    at G:\Payroll System\backend\node_modules\@nestjs\core\router\router-execution-context.js:42:37
    at G:\Payroll System\backend\node_modules\@nestjs\core\router\router-proxy.js:9:23
    at Layer.handleRequest (G:\Payroll System\backend\node_modules\router\lib\layer.js:152:17)
    at next (G:\Payroll System\backend\node_modules\router\lib\route.js:157:13)
    at Route.dispatch (G:\Payroll System\backend\node_modules\router\lib\route.js:117:3)
    at handle (G:\Payroll System\backend\node_modules\router\index.js:435:11)
    at Layer.handleRequest (G:\Payroll System\backend\node_modules\router\lib\layer.js:152:17)
    at G:\Payroll System\backend\node_modules\router\index.js:295:15
    at processParams (G:\Payroll System\backend\node_modules\router\index.js:582:12)
    at next (G:\Payroll System\backend\node_modules\router\index.js:291:5)
    at TenantContextMiddleware.use (G:\Payroll 
System\backend\src\common\tenant-context.middleware.ts:64:7)
    at processTicksAndRejections (node:internal/process/task_queues:104:5)
    at G:\Payroll System\backend\node_modules\@nestjs\core\router\router-proxy.js:9:17[39m
[31m[Nest] 20228  - [39m27/08/2026, 10:18:21 pm [31m  ERROR[39m [38;5;3m[GlobalExceptionFilter] 
[39mObject(4) {
  traceId: [32m'4250393f-5fd0-44f4-aed6-5f049daaff7c'[39m,
  requestId: [32m'unknown'[39m,
  url: [32m'/test-rbac/payroll-process'[39m,
  method: [32m'POST'[39m
}
[31m[Nest] 20228  - [39m27/08/2026, 10:18:21 pm [31m  ERROR[39m [38;5;3m[GlobalExceptionFilter] 
[39m[31mHTTP 403 Error - Cross-tenant access denied[39m
[31m[Nest] 20228  - [39m27/08/2026, 10:18:21 pm [31m  ERROR[39m [38;5;3m[GlobalExceptionFilter] 
[39m[31mForbiddenException: Cross-tenant access denied
    at Object.canActivate (G:\Payroll 
System\backend\src\auth\rbac\examples\integration-test-example.spec.ts:391:23)
    at GuardsConsumer.tryActivate (G:\Payroll 
System\backend\node_modules\@nestjs\core\guards\guards-consumer.js:15:34)
    at canActivateFn (G:\Payroll 
System\backend\node_modules\@nestjs\core\router\router-execution-context.js:138:59)
    at G:\Payroll System\backend\node_modules\@nestjs\core\router\router-execution-context.js:42:37
    at G:\Payroll System\backend\node_modules\@nestjs\core\router\router-proxy.js:9:23
    at Layer.handleRequest (G:\Payroll System\backend\node_modules\router\lib\layer.js:152:17)
    at next (G:\Payroll System\backend\node_modules\router\lib\route.js:157:13)
    at Route.dispatch (G:\Payroll System\backend\node_modules\router\lib\route.js:117:3)
    at handle (G:\Payroll System\backend\node_modules\router\index.js:435:11)
    at Layer.handleRequest (G:\Payroll System\backend\node_modules\router\lib\layer.js:152:17)
    at G:\Payroll System\backend\node_modules\router\index.js:295:15
    at param (G:\Payroll System\backend\node_modules\router\index.js:600:14)
    at param (G:\Payroll System\backend\node_modules\router\index.js:610:14)
    at processParams (G:\Payroll System\backend\node_modules\router\index.js:664:3)
    at next (G:\Payroll System\backend\node_modules\router\index.js:291:5)
    at TenantContextMiddleware.use (G:\Payroll 
System\backend\src\common\tenant-context.middleware.ts:64:7)
    at processTicksAndRejections (node:internal/process/task_queues:104:5)
    at G:\Payroll System\backend\node_modules\@nestjs\core\router\router-proxy.js:9:17[39m
[31m[Nest] 20228  - [39m27/08/2026, 10:18:21 pm [31m  ERROR[39m [38;5;3m[GlobalExceptionFilter] 
[39mObject(4) {
  traceId: [32m'33f23fe4-ddd7-4eac-b977-9da06f753d14'[39m,
  requestId: [32m'unknown'[39m,
  url: [32m'/test-rbac/profile/550e8400-e29b-41d4-a716-446655440001'[39m,
  method: [32m'GET'[39m
}
[31m[Nest] 20228  - [39m27/08/2026, 10:18:21 pm [31m  ERROR[39m [38;5;3m[GlobalExceptionFilter] 
[39m[31mHTTP 403 Error - Insufficient privileges. Required permissions: user:create[39m
[31m[Nest] 20228  - [39m27/08/2026, 10:18:21 pm [31m  ERROR[39m [38;5;3m[GlobalExceptionFilter] 
[39m[31mForbiddenException: Insufficient privileges. Required permissions: user:create
    at Object.canActivate (G:\Payroll 
System\backend\src\auth\rbac\examples\integration-test-example.spec.ts:409:17)
    at GuardsConsumer.tryActivate (G:\Payroll 
System\backend\node_modules\@nestjs\core\guards\guards-consumer.js:15:34)
    at canActivateFn (G:\Payroll 
System\backend\node_modules\@nestjs\core\router\router-execution-context.js:138:59)
    at G:\Payroll System\backend\node_modules\@nestjs\core\router\router-execution-context.js:42:37
    at G:\Payroll System\backend\node_modules\@nestjs\core\router\router-proxy.js:9:23
    at Layer.handleRequest (G:\Payroll System\backend\node_modules\router\lib\layer.js:152:17)
    at next (G:\Payroll System\backend\node_modules\router\lib\route.js:157:13)
    at Route.dispatch (G:\Payroll System\backend\node_modules\router\lib\route.js:117:3)
    at handle (G:\Payroll System\backend\node_modules\router\index.js:435:11)
    at Layer.handleRequest (G:\Payroll System\backend\node_modules\router\lib\layer.js:152:17)
    at G:\Payroll System\backend\node_modules\router\index.js:295:15
    at processParams (G:\Payroll System\backend\node_modules\router\index.js:582:12)
    at next (G:\Payroll System\backend\node_modules\router\index.js:291:5)
    at TenantContextMiddleware.use (G:\Payroll 
System\backend\src\common\tenant-context.middleware.ts:64:7)
    at processTicksAndRejections (node:internal/process/task_queues:104:5)
    at G:\Payroll System\backend\node_modules\@nestjs\core\router\router-proxy.js:9:17[39m
[31m[Nest] 20228  - [39m27/08/2026, 10:18:21 pm [31m  ERROR[39m [38;5;3m[GlobalExceptionFilter] 
[39mObject(4) {
  traceId: [32m'367ba419-9105-458f-9b28-0d0e72133cf1'[39m,
  requestId: [32m'unknown'[39m,
  url: [32m'/test-rbac/user-create'[39m,
  method: [32m'POST'[39m
}
[31m[Nest] 20228  - [39m27/08/2026, 10:18:21 pm [31m  ERROR[39m [38;5;3m[GlobalExceptionFilter] 
[39m[31mHTTP 403 Error - Insufficient privileges. Required permissions: employee:update[39m
[31m[Nest] 20228  - [39m27/08/2026, 10:18:21 pm [31m  ERROR[39m [38;5;3m[GlobalExceptionFilter] 
[39m[31mForbiddenException: Insufficient privileges. Required permissions: employee:update
    at Object.canActivate (G:\Payroll 
System\backend\src\auth\rbac\examples\integration-test-example.spec.ts:409:17)
    at GuardsConsumer.tryActivate (G:\Payroll 
System\backend\node_modules\@nestjs\core\guards\guards-consumer.js:15:34)
    at canActivateFn (G:\Payroll 
System\backend\node_modules\@nestjs\core\router\router-execution-context.js:138:59)
    at G:\Payroll System\backend\node_modules\@nestjs\core\router\router-execution-context.js:42:37
    at G:\Payroll System\backend\node_modules\@nestjs\core\router\router-proxy.js:9:23
    at Layer.handleRequest (G:\Payroll System\backend\node_modules\router\lib\layer.js:152:17)
    at next (G:\Payroll System\backend\node_modules\router\lib\route.js:157:13)
    at Route.dispatch (G:\Payroll System\backend\node_modules\router\lib\route.js:117:3)
    at handle (G:\Payroll System\backend\node_modules\router\index.js:435:11)
    at Layer.handleRequest (G:\Payroll System\backend\node_modules\router\lib\layer.js:152:17)
    at G:\Payroll System\backend\node_modules\router\index.js:295:15
    at processParams (G:\Payroll System\backend\node_modules\router\index.js:582:12)
    at next (G:\Payroll System\backend\node_modules\router\index.js:291:5)
    at TenantContextMiddleware.use (G:\Payroll 
System\backend\src\common\tenant-context.middleware.ts:64:7)
    at processTicksAndRejections (node:internal/process/task_queues:104:5)
    at G:\Payroll System\backend\node_modules\@nestjs\core\router\router-proxy.js:9:17[39m
[31m[Nest] 20228  - [39m27/08/2026, 10:18:21 pm [31m  ERROR[39m [38;5;3m[GlobalExceptionFilter] 
[39mObject(4) {
  traceId: [32m'889e3337-2641-40cf-9d19-fd373a5e2b90'[39m,
  requestId: [32m'unknown'[39m,
  url: [32m'/test-rbac/employee-manage'[39m,
  method: [32m'GET'[39m
}
[31m[Nest] 20228  - [39m27/08/2026, 10:18:21 pm [31m  ERROR[39m [38;5;3m[GlobalExceptionFilter] 
[39m[31mHTTP 403 Error - Insufficient privileges. Required permissions: payroll:process[39m
[31m[Nest] 20228  - [39m27/08/2026, 10:18:21 pm [31m  ERROR[39m [38;5;3m[GlobalExceptionFilter] 
[39m[31mForbiddenException: Insufficient privileges. Required permissions: payroll:process
    at Object.canActivate (G:\Payroll 
System\backend\src\auth\rbac\examples\integration-test-example.spec.ts:409:17)
    at GuardsConsumer.tryActivate (G:\Payroll 
System\backend\node_modules\@nestjs\core\guards\guards-consumer.js:15:34)
    at canActivateFn (G:\Payroll 
System\backend\node_modules\@nestjs\core\router\router-execution-context.js:138:59)
    at G:\Payroll System\backend\node_modules\@nestjs\core\router\router-execution-context.js:42:37
    at G:\Payroll System\backend\node_modules\@nestjs\core\router\router-proxy.js:9:23
    at Layer.handleRequest (G:\Payroll System\backend\node_modules\router\lib\layer.js:152:17)
    at next (G:\Payroll System\backend\node_modules\router\lib\route.js:157:13)
    at Route.dispatch (G:\Payroll System\backend\node_modules\router\lib\route.js:117:3)
    at handle (G:\Payroll System\backend\node_modules\router\index.js:435:11)
    at Layer.handleRequest (G:\Payroll System\backend\node_modules\router\lib\layer.js:152:17)
    at G:\Payroll System\backend\node_modules\router\index.js:295:15
    at processParams (G:\Payroll System\backend\node_modules\router\index.js:582:12)
    at next (G:\Payroll System\backend\node_modules\router\index.js:291:5)
    at TenantContextMiddleware.use (G:\Payroll 
System\backend\src\common\tenant-context.middleware.ts:64:7)
    at processTicksAndRejections (node:internal/process/task_queues:104:5)
    at G:\Payroll System\backend\node_modules\@nestjs\core\router\router-proxy.js:9:17[39m
[31m[Nest] 20228  - [39m27/08/2026, 10:18:21 pm [31m  ERROR[39m [38;5;3m[GlobalExceptionFilter] 
[39mObject(4) {
  traceId: [32m'03f646e3-0538-4ff0-ae2d-00e7f3b5b739'[39m,
  requestId: [32m'unknown'[39m,
  url: [32m'/test-rbac/payroll-process'[39m,
  method: [32m'POST'[39m
}
[31m[Nest] 20228  - [39m27/08/2026, 10:18:22 pm [31m  ERROR[39m [38;5;3m[GlobalExceptionFilter] 
[39m[31mHTTP 403 Error - Insufficient privileges. Required permissions: user:create[39m
[31m[Nest] 20228  - [39m27/08/2026, 10:18:22 pm [31m  ERROR[39m [38;5;3m[GlobalExceptionFilter] 
[39m[31mForbiddenException: Insufficient privileges. Required permissions: user:create
    at Object.canActivate (G:\Payroll 
System\backend\src\auth\rbac\examples\integration-test-example.spec.ts:409:17)
    at GuardsConsumer.tryActivate (G:\Payroll 
System\backend\node_modules\@nestjs\core\guards\guards-consumer.js:15:34)
    at canActivateFn (G:\Payroll 
System\backend\node_modules\@nestjs\core\router\router-execution-context.js:138:59)
    at G:\Payroll System\backend\node_modules\@nestjs\core\router\router-execution-context.js:42:37
    at G:\Payroll System\backend\node_modules\@nestjs\core\router\router-proxy.js:9:23
    at Layer.handleRequest (G:\Payroll System\backend\node_modules\router\lib\layer.js:152:17)
    at next (G:\Payroll System\backend\node_modules\router\lib\route.js:157:13)
    at Route.dispatch (G:\Payroll System\backend\node_modules\router\lib\route.js:117:3)
    at handle (G:\Payroll System\backend\node_modules\router\index.js:435:11)
    at Layer.handleRequest (G:\Payroll System\backend\node_modules\router\lib\layer.js:152:17)
    at G:\Payroll System\backend\node_modules\router\index.js:295:15
    at processParams (G:\Payroll System\backend\node_modules\router\index.js:582:12)
    at next (G:\Payroll System\backend\node_modules\router\index.js:291:5)
    at TenantContextMiddleware.use (G:\Payroll 
System\backend\src\common\tenant-context.middleware.ts:64:7)
    at processTicksAndRejections (node:internal/process/task_queues:104:5)
    at G:\Payroll System\backend\node_modules\@nestjs\core\router\router-proxy.js:9:17[39m
[31m[Nest] 20228  - [39m27/08/2026, 10:18:22 pm [31m  ERROR[39m [38;5;3m[GlobalExceptionFilter] 
[39mObject(4) {
  traceId: [32m'7a477d25-6133-4f21-9e5a-17b2790e7f7e'[39m,
  requestId: [32m'unknown'[39m,
  url: [32m'/test-rbac/user-create'[39m,
  method: [32m'POST'[39m
}
[31m[Nest] 20228  - [39m27/08/2026, 10:18:22 pm [31m  ERROR[39m [38;5;3m[GlobalExceptionFilter] 
[39m[31mHTTP 403 Error - Insufficient privileges. Required permissions: payroll:process[39m
[31m[Nest] 20228  - [39m27/08/2026, 10:18:22 pm [31m  ERROR[39m [38;5;3m[GlobalExceptionFilter] 
[39m[31mForbiddenException: Insufficient privileges. Required permissions: payroll:process
    at Object.canActivate (G:\Payroll 
System\backend\src\auth\rbac\examples\integration-test-example.spec.ts:409:17)
    at GuardsConsumer.tryActivate (G:\Payroll 
System\backend\node_modules\@nestjs\core\guards\guards-consumer.js:15:34)
    at canActivateFn (G:\Payroll 
System\backend\node_modules\@nestjs\core\router\router-execution-context.js:138:59)
    at G:\Payroll System\backend\node_modules\@nestjs\core\router\router-execution-context.js:42:37
    at G:\Payroll System\backend\node_modules\@nestjs\core\router\router-proxy.js:9:23
    at Layer.handleRequest (G:\Payroll System\backend\node_modules\router\lib\layer.js:152:17)
    at next (G:\Payroll System\backend\node_modules\router\lib\route.js:157:13)
    at Route.dispatch (G:\Payroll System\backend\node_modules\router\lib\route.js:117:3)
    at handle (G:\Payroll System\backend\node_modules\router\index.js:435:11)
    at Layer.handleRequest (G:\Payroll System\backend\node_modules\router\lib\layer.js:152:17)
    at G:\Payroll System\backend\node_modules\router\index.js:295:15
    at processParams (G:\Payroll System\backend\node_modules\router\index.js:582:12)
    at next (G:\Payroll System\backend\node_modules\router\index.js:291:5)
    at TenantContextMiddleware.use (G:\Payroll 
System\backend\src\common\tenant-context.middleware.ts:64:7)
    at processTicksAndRejections (node:internal/process/task_queues:104:5)
    at G:\Payroll System\backend\node_modules\@nestjs\core\router\router-proxy.js:9:17[39m
[31m[Nest] 20228  - [39m27/08/2026, 10:18:22 pm [31m  ERROR[39m [38;5;3m[GlobalExceptionFilter] 
[39mObject(4) {
  traceId: [32m'0b9b96f1-5fb9-4103-b908-63470f43b9e8'[39m,
  requestId: [32m'unknown'[39m,
  url: [32m'/test-rbac/payroll-process'[39m,
  method: [32m'POST'[39m
}
[31m[Nest] 20228  - [39m27/08/2026, 10:18:22 pm [31m  ERROR[39m [38;5;3m[GlobalExceptionFilter] 
[39m[31mHTTP 403 Error - Insufficient privileges. Required permissions: payroll:process[39m
[31m[Nest] 20228  - [39m27/08/2026, 10:18:22 pm [31m  ERROR[39m [38;5;3m[GlobalExceptionFilter] 
[39m[31mForbiddenException: Insufficient privileges. Required permissions: payroll:process
    at Object.canActivate (G:\Payroll 
System\backend\src\auth\rbac\examples\integration-test-example.spec.ts:409:17)
    at GuardsConsumer.tryActivate (G:\Payroll 
System\backend\node_modules\@nestjs\core\guards\guards-consumer.js:15:34)
    at canActivateFn (G:\Payroll 
System\backend\node_modules\@nestjs\core\router\router-execution-context.js:138:59)
    at G:\Payroll System\backend\node_modules\@nestjs\core\router\router-execution-context.js:42:37
    at G:\Payroll System\backend\node_modules\@nestjs\core\router\router-proxy.js:9:23
    at Layer.handleRequest (G:\Payroll System\backend\node_modules\router\lib\layer.js:152:17)
    at next (G:\Payroll System\backend\node_modules\router\lib\route.js:157:13)
    at Route.dispatch (G:\Payroll System\backend\node_modules\router\lib\route.js:117:3)
    at handle (G:\Payroll System\backend\node_modules\router\index.js:435:11)
    at Layer.handleRequest (G:\Payroll System\backend\node_modules\router\lib\layer.js:152:17)
    at G:\Payroll System\backend\node_modules\router\index.js:295:15
    at processParams (G:\Payroll System\backend\node_modules\router\index.js:582:12)
    at next (G:\Payroll System\backend\node_modules\router\index.js:291:5)
    at TenantContextMiddleware.use (G:\Payroll 
System\backend\src\common\tenant-context.middleware.ts:64:7)
    at processTicksAndRejections (node:internal/process/task_queues:104:5)
    at G:\Payroll System\backend\node_modules\@nestjs\core\router\router-proxy.js:9:17[39m
[31m[Nest] 20228  - [39m27/08/2026, 10:18:22 pm [31m  ERROR[39m [38;5;3m[GlobalExceptionFilter] 
[39mObject(4) {
  traceId: [32m'4cb381d5-bf0b-49ff-bf4e-ec39cc1722d4'[39m,
  requestId: [32m'unknown'[39m,
  url: [32m'/test-rbac/payroll-process'[39m,
  method: [32m'POST'[39m
}
[31m[Nest] 20228  - [39m27/08/2026, 10:18:22 pm [31m  ERROR[39m [38;5;3m[GlobalExceptionFilter] 
[39m[31mHTTP 403 Error - Forbidden resource[39m
[31m[Nest] 20228  - [39m27/08/2026, 10:18:22 pm [31m  ERROR[39m [38;5;3m[GlobalExceptionFilter] 
[39m[31mForbiddenException: Forbidden resource
    at canActivateFn (G:\Payroll 
System\backend\node_modules\@nestjs\core\router\router-execution-context.js:140:23)
    at processTicksAndRejections (node:internal/process/task_queues:104:5)
    at G:\Payroll System\backend\node_modules\@nestjs\core\router\router-execution-context.js:42:31
    at G:\Payroll System\backend\node_modules\@nestjs\core\router\router-proxy.js:9:17[39m
[31m[Nest] 20228  - [39m27/08/2026, 10:18:22 pm [31m  ERROR[39m [38;5;3m[GlobalExceptionFilter] 
[39mObject(4) {
  traceId: [32m'26468166-a35e-4f1a-9c38-99f55c218fe8'[39m,
  requestId: [32m'unknown'[39m,
  url: [32m'/test-rbac/user-read'[39m,
  method: [32m'GET'[39m
}
[31m[Nest] 20228  - [39m27/08/2026, 10:18:22 pm [31m  ERROR[39m [38;5;3m[GlobalExceptionFilter] 
[39m[31mHTTP 403 Error - Forbidden resource[39m
[31m[Nest] 20228  - [39m27/08/2026, 10:18:22 pm [31m  ERROR[39m [38;5;3m[GlobalExceptionFilter] 
[39m[31mForbiddenException: Forbidden resource
    at canActivateFn (G:\Payroll 
System\backend\node_modules\@nestjs\core\router\router-execution-context.js:140:23)
    at processTicksAndRejections (node:internal/process/task_queues:104:5)
    at G:\Payroll System\backend\node_modules\@nestjs\core\router\router-execution-context.js:42:31
    at G:\Payroll System\backend\node_modules\@nestjs\core\router\router-proxy.js:9:17[39m
[31m[Nest] 20228  - [39m27/08/2026, 10:18:22 pm [31m  ERROR[39m [38;5;3m[GlobalExceptionFilter] 
[39mObject(4) {
  traceId: [32m'f555f325-912b-40d8-a459-c8e911e48761'[39m,
  requestId: [32m'unknown'[39m,
  url: [32m'/test-rbac/user-read'[39m,
  method: [32m'GET'[39m
}
[31m[Nest] 20228  - [39m27/08/2026, 10:18:22 pm [31m  ERROR[39m [38;5;3m[GlobalExceptionFilter] 
[39m[31mHTTP 403 Error - Insufficient privileges. Required permissions: user:create[39m
[31m[Nest] 20228  - [39m27/08/2026, 10:18:22 pm [31m  ERROR[39m [38;5;3m[GlobalExceptionFilter] 
[39m[31mForbiddenException: Insufficient privileges. Required permissions: user:create
    at Object.canActivate (G:\Payroll 
System\backend\src\auth\rbac\examples\integration-test-example.spec.ts:409:17)
    at GuardsConsumer.tryActivate (G:\Payroll 
System\backend\node_modules\@nestjs\core\guards\guards-consumer.js:15:34)
    at canActivateFn (G:\Payroll 
System\backend\node_modules\@nestjs\core\router\router-execution-context.js:138:59)
    at G:\Payroll System\backend\node_modules\@nestjs\core\router\router-execution-context.js:42:37
    at G:\Payroll System\backend\node_modules\@nestjs\core\router\router-proxy.js:9:23
    at Layer.handleRequest (G:\Payroll System\backend\node_modules\router\lib\layer.js:152:17)
    at next (G:\Payroll System\backend\node_modules\router\lib\route.js:157:13)
    at Route.dispatch (G:\Payroll System\backend\node_modules\router\lib\route.js:117:3)
    at handle (G:\Payroll System\backend\node_modules\router\index.js:435:11)
    at Layer.handleRequest (G:\Payroll System\backend\node_modules\router\lib\layer.js:152:17)
    at G:\Payroll System\backend\node_modules\router\index.js:295:15
    at processParams (G:\Payroll System\backend\node_modules\router\index.js:582:12)
    at next (G:\Payroll System\backend\node_modules\router\index.js:291:5)
    at TenantContextMiddleware.use (G:\Payroll 
System\backend\src\common\tenant-context.middleware.ts:64:7)
    at processTicksAndRejections (node:internal/process/task_queues:104:5)
    at G:\Payroll System\backend\node_modules\@nestjs\core\router\router-proxy.js:9:17[39m
[31m[Nest] 20228  - [39m27/08/2026, 10:18:22 pm [31m  ERROR[39m [38;5;3m[GlobalExceptionFilter] 
[39mObject(4) {
  traceId: [32m'2ba181aa-04bf-4cda-85d9-2ac3dbacd3f1'[39m,
  requestId: [32m'unknown'[39m,
  url: [32m'/test-rbac/user-create'[39m,
  method: [32m'POST'[39m
}
[31m[Nest] 20228  - [39m27/08/2026, 10:18:22 pm [31m  ERROR[39m [38;5;3m[GlobalExceptionFilter] 
[39m[31mHTTP 403 Error - Forbidden resource[39m
[31m[Nest] 20228  - [39m27/08/2026, 10:18:22 pm [31m  ERROR[39m [38;5;3m[GlobalExceptionFilter] 
[39m[31mForbiddenException: Forbidden resource
    at canActivateFn (G:\Payroll 
System\backend\node_modules\@nestjs\core\router\router-execution-context.js:140:23)
    at processTicksAndRejections (node:internal/process/task_queues:104:5)
    at G:\Payroll System\backend\node_modules\@nestjs\core\router\router-execution-context.js:42:31
    at G:\Payroll System\backend\node_modules\@nestjs\core\router\router-proxy.js:9:17[39m
[31m[Nest] 20228  - [39m27/08/2026, 10:18:22 pm [31m  ERROR[39m [38;5;3m[GlobalExceptionFilter] 
[39mObject(4) {
  traceId: [32m'3f33695c-3598-409c-8491-26271627448e'[39m,
  requestId: [32m'unknown'[39m,
  url: [32m'/test-rbac/user-read'[39m,
  method: [32m'GET'[39m
}
[31m[Nest] 20228  - [39m27/08/2026, 10:18:23 pm [31m  ERROR[39m [38;5;3m[GlobalExceptionFilter] 
[39m[31mHTTP 403 Error - Insufficient privileges. Required permissions: user:create[39m
[31m[Nest] 20228  - [39m27/08/2026, 10:18:23 pm [31m  ERROR[39m [38;5;3m[GlobalExceptionFilter] 
[39m[31mForbiddenException: Insufficient privileges. Required permissions: user:create
    at Object.canActivate (G:\Payroll 
System\backend\src\auth\rbac\examples\integration-test-example.spec.ts:409:17)
    at GuardsConsumer.tryActivate (G:\Payroll 
System\backend\node_modules\@nestjs\core\guards\guards-consumer.js:15:34)
    at canActivateFn (G:\Payroll 
System\backend\node_modules\@nestjs\core\router\router-execution-context.js:138:59)
    at G:\Payroll System\backend\node_modules\@nestjs\core\router\router-execution-context.js:42:37
    at G:\Payroll System\backend\node_modules\@nestjs\core\router\router-proxy.js:9:23
    at Layer.handleRequest (G:\Payroll System\backend\node_modules\router\lib\layer.js:152:17)
    at next (G:\Payroll System\backend\node_modules\router\lib\route.js:157:13)
    at Route.dispatch (G:\Payroll System\backend\node_modules\router\lib\route.js:117:3)
    at handle (G:\Payroll System\backend\node_modules\router\index.js:435:11)
    at Layer.handleRequest (G:\Payroll System\backend\node_modules\router\lib\layer.js:152:17)
    at G:\Payroll System\backend\node_modules\router\index.js:295:15
    at processParams (G:\Payroll System\backend\node_modules\router\index.js:582:12)
    at next (G:\Payroll System\backend\node_modules\router\index.js:291:5)
    at TenantContextMiddleware.use (G:\Payroll 
System\backend\src\common\tenant-context.middleware.ts:64:7)
    at processTicksAndRejections (node:internal/process/task_queues:104:5)
    at G:\Payroll System\backend\node_modules\@nestjs\core\router\router-proxy.js:9:17[39m
[31m[Nest] 20228  - [39m27/08/2026, 10:18:23 pm [31m  ERROR[39m [38;5;3m[GlobalExceptionFilter] 
[39mObject(4) {
  traceId: [32m'ecf5bc7f-4ea8-47e5-b2af-ea5b5000bf70'[39m,
  requestId: [32m'unknown'[39m,
  url: [32m'/test-rbac/user-create'[39m,
  method: [32m'POST'[39m
}
PASS src/auth/rbac/examples/integration-test-example.spec.ts (15.513 s)
  ÔùÅ Console

    console.warn
      Database schema setup encountered issues - attempting to continue with existing schema

    [0m [90m 43 |[39m       })[33m;[39m
     [90m 44 |[39m     } [36mcatch[39m (error) {
    [31m[1m>[22m[39m[90m 45 |[39m       console[33m.[39mwarn([32m'Database schema setup 
encountered issues - attempting to continue with existing schema'[39m)[33m;[39m
     [90m    |[39m               [31m[1m^[22m[39m
     [90m 46 |[39m     }
     [90m 47 |[39m
     [90m 48 |[39m     [90m// Initialize Prisma client after schema is set up with timeout 
settings[39m[0m

      at Object.<anonymous> (src/test/setup.ts:45:15)

    console.log
      Ô£à Test database setup completed successfully

      at Object.<anonymous> (src/test/setup.ts:70:13)

    console.log
      Ô£à Test database cleanup completed

      at Object.<anonymous> (src/test/setup.ts:97:13)

PASS src/billing/invoice-calculation.property.test.ts (29.343 s)
  ÔùÅ Console

    console.warn
      Database schema setup encountered issues - attempting to continue with existing schema

    [0m [90m 43 |[39m       })[33m;[39m
     [90m 44 |[39m     } [36mcatch[39m (error) {
    [31m[1m>[22m[39m[90m 45 |[39m       console[33m.[39mwarn([32m'Database schema setup 
encountered issues - attempting to continue with existing schema'[39m)[33m;[39m
     [90m    |[39m               [31m[1m^[22m[39m
     [90m 46 |[39m     }
     [90m 47 |[39m
     [90m 48 |[39m     [90m// Initialize Prisma client after schema is set up with timeout 
settings[39m[0m

      at Object.<anonymous> (src/test/setup.ts:45:15)

    console.log
      Ô£à Test database setup completed successfully

      at Object.<anonymous> (src/test/setup.ts:70:13)

    console.log
      Ô£à Test database cleanup completed

      at Object.<anonymous> (src/test/setup.ts:97:13)

[31m[Nest] 20228  - [39m27/08/2026, 10:19:02 pm [31m  ERROR[39m [38;5;3m[GlobalExceptionFilter] 
[39m[31mHTTP 401 Error - Unauthorized[39m
[31m[Nest] 20228  - [39m27/08/2026, 10:19:02 pm [31m  ERROR[39m [38;5;3m[GlobalExceptionFilter] 
[39m[31mUnauthorizedException: Unauthorized
    at JwtAuthGuard.handleRequest (G:\Payroll 
System\backend\node_modules\@nestjs\passport\dist\auth.guard.js:60:30)
    at G:\Payroll System\backend\node_modules\@nestjs\passport\dist\auth.guard.js:44:124
    at G:\Payroll System\backend\node_modules\@nestjs\passport\dist\auth.guard.js:83:24
    at allFailed (G:\Payroll System\backend\node_modules\passport\lib\middleware\authenticate.js:110:18)
    at attempt (G:\Payroll System\backend\node_modules\passport\lib\middleware\authenticate.js:183:28)
    at JwtStrategy.strategy.fail (G:\Payroll 
System\backend\node_modules\passport\lib\middleware\authenticate.js:314:9)
    at JwtStrategy.authenticate (G:\Payroll 
System\backend\node_modules\passport-jwt\lib\strategy.js:96:21)
    at attempt (G:\Payroll System\backend\node_modules\passport\lib\middleware\authenticate.js:378:16)
    at authenticate (G:\Payroll 
System\backend\node_modules\passport\lib\middleware\authenticate.js:379:7)
    at G:\Payroll System\backend\node_modules\@nestjs\passport\dist\auth.guard.js:88:3
    at new Promise (<anonymous>)
    at G:\Payroll System\backend\node_modules\@nestjs\passport\dist\auth.guard.js:80:83
    at JwtAuthGuard.canActivate (G:\Payroll 
System\backend\node_modules\@nestjs\passport\dist\auth.guard.js:44:32)
    at processTicksAndRejections (node:internal/process/task_queues:104:5)
    at JwtAuthGuard.canActivate (G:\Payroll System\backend\src\auth\guards\jwt-auth.guard.ts:33:20)[39m
[31m[Nest] 20228  - [39m27/08/2026, 10:19:02 pm [31m  ERROR[39m [38;5;3m[GlobalExceptionFilter] 
[39mObject(4) {
  traceId: [32m'3ec3bfff-befa-400d-b389-5eb1f9d2b9cc'[39m,
  requestId: [32m'unknown'[39m,
  url: [32m'/jwt-tenant-test/protected'[39m,
  method: [32m'GET'[39m
}
[31m[Nest] 20228  - [39m27/08/2026, 10:19:02 pm [31m  ERROR[39m [38;5;3m[GlobalExceptionFilter] 
[39m[31mHTTP 401 Error - Unauthorized[39m
[31m[Nest] 20228  - [39m27/08/2026, 10:19:02 pm [31m  ERROR[39m [38;5;3m[GlobalExceptionFilter] 
[39m[31mUnauthorizedException: Unauthorized
    at JwtAuthGuard.handleRequest (G:\Payroll 
System\backend\node_modules\@nestjs\passport\dist\auth.guard.js:60:30)
    at G:\Payroll System\backend\node_modules\@nestjs\passport\dist\auth.guard.js:44:124
    at G:\Payroll System\backend\node_modules\@nestjs\passport\dist\auth.guard.js:83:24
    at allFailed (G:\Payroll System\backend\node_modules\passport\lib\middleware\authenticate.js:110:18)
    at attempt (G:\Payroll System\backend\node_modules\passport\lib\middleware\authenticate.js:183:28)
    at JwtStrategy.strategy.fail (G:\Payroll 
System\backend\node_modules\passport\lib\middleware\authenticate.js:314:9)
    at G:\Payroll System\backend\node_modules\passport-jwt\lib\strategy.js:106:33
    at Object.module.exports [as verify] (G:\Payroll 
System\backend\node_modules\jsonwebtoken\verify.js:70:12)
    at JwtStrategy.module.exports [as JwtVerifier] (G:\Payroll 
System\backend\node_modules\passport-jwt\lib\verify_jwt.js:4:16)
    at G:\Payroll System\backend\node_modules\passport-jwt\lib\strategy.js:104:25
    at JwtStrategy._secretOrKeyProvider (G:\Payroll 
System\backend\node_modules\passport-jwt\lib\strategy.js:40:13)
    at JwtStrategy.authenticate (G:\Payroll 
System\backend\node_modules\passport-jwt\lib\strategy.js:99:10)
    at attempt (G:\Payroll System\backend\node_modules\passport\lib\middleware\authenticate.js:378:16)
    at authenticate (G:\Payroll 
System\backend\node_modules\passport\lib\middleware\authenticate.js:379:7)
    at G:\Payroll System\backend\node_modules\@nestjs\passport\dist\auth.guard.js:88:3
    at new Promise (<anonymous>)
    at G:\Payroll System\backend\node_modules\@nestjs\passport\dist\auth.guard.js:80:83
    at JwtAuthGuard.canActivate (G:\Payroll 
System\backend\node_modules\@nestjs\passport\dist\auth.guard.js:44:32)
    at processTicksAndRejections (node:internal/process/task_queues:104:5)
    at JwtAuthGuard.canActivate (G:\Payroll System\backend\src\auth\guards\jwt-auth.guard.ts:33:20)[39m
[31m[Nest] 20228  - [39m27/08/2026, 10:19:02 pm [31m  ERROR[39m [38;5;3m[GlobalExceptionFilter] 
[39mObject(4) {
  traceId: [32m'762d858f-cabe-45f8-9b21-eb0bb83c865e'[39m,
  requestId: [32m'unknown'[39m,
  url: [32m'/jwt-tenant-test/protected'[39m,
  method: [32m'GET'[39m
}
[31m[Nest] 20228  - [39m27/08/2026, 10:19:02 pm [31m  ERROR[39m [38;5;3m[GlobalExceptionFilter] 
[39m[31mHTTP 401 Error - User not found or inactive[39m
[31m[Nest] 20228  - [39m27/08/2026, 10:19:02 pm [31m  ERROR[39m [38;5;3m[GlobalExceptionFilter] 
[39m[31mUnauthorizedException: User not found or inactive
    at JwtStrategy.validate (G:\Payroll System\backend\src\auth\strategies\jwt.strategy.ts:45:13)
    at processTicksAndRejections (node:internal/process/task_queues:104:5)
    at JwtStrategy.callback [as _verify] (G:\Payroll 
System\backend\node_modules\@nestjs\passport\dist\passport\passport.strategy.js:13:44)[39m
[31m[Nest] 20228  - [39m27/08/2026, 10:19:02 pm [31m  ERROR[39m [38;5;3m[GlobalExceptionFilter] 
[39mObject(4) {
  traceId: [32m'3383774a-bc58-4f23-8b43-0725e89771d8'[39m,
  requestId: [32m'unknown'[39m,
  url: [32m'/jwt-tenant-test/protected'[39m,
  method: [32m'GET'[39m
}
[31m[Nest] 20228  - [39m27/08/2026, 10:19:03 pm [31m  ERROR[39m [38;5;3m[GlobalExceptionFilter] 
[39m[31mHTTP 403 Error - Insufficient privileges. Required permissions: user:create[39m
[31m[Nest] 20228  - [39m27/08/2026, 10:19:03 pm [31m  ERROR[39m [38;5;3m[GlobalExceptionFilter] 
[39m[31mForbiddenException: Insufficient privileges. Required permissions: user:create
    at PermissionsGuard.canActivate (G:\Payroll 
System\backend\src\auth\guards\permissions.guard.ts:114:15)
    at GuardsConsumer.tryActivate (G:\Payroll 
System\backend\node_modules\@nestjs\core\guards\guards-consumer.js:15:34)
    at processTicksAndRejections (node:internal/process/task_queues:104:5)
    at canActivateFn (G:\Payroll 
System\backend\node_modules\@nestjs\core\router\router-execution-context.js:138:33)
    at G:\Payroll System\backend\node_modules\@nestjs\core\router\router-execution-context.js:42:31
    at G:\Payroll System\backend\node_modules\@nestjs\core\router\router-proxy.js:9:17[39m
[31m[Nest] 20228  - [39m27/08/2026, 10:19:03 pm [31m  ERROR[39m [38;5;3m[GlobalExceptionFilter] 
[39mObject(4) {
  traceId: [32m'af4364ae-c636-40b3-82f8-a5941e82bc8f'[39m,
  requestId: [32m'unknown'[39m,
  url: [32m'/jwt-tenant-test/admin-only'[39m,
  method: [32m'POST'[39m
}
[31m[Nest] 20228  - [39m27/08/2026, 10:19:03 pm [31m  ERROR[39m [38;5;3m[GlobalExceptionFilter] 
[39m[31mHTTP 401 Error - User not found or inactive[39m
[31m[Nest] 20228  - [39m27/08/2026, 10:19:03 pm [31m  ERROR[39m [38;5;3m[GlobalExceptionFilter] 
[39m[31mUnauthorizedException: User not found or inactive
    at JwtStrategy.validate (G:\Payroll System\backend\src\auth\strategies\jwt.strategy.ts:45:13)
    at processTicksAndRejections (node:internal/process/task_queues:104:5)
    at JwtStrategy.callback [as _verify] (G:\Payroll 
System\backend\node_modules\@nestjs\passport\dist\passport\passport.strategy.js:13:44)[39m
[31m[Nest] 20228  - [39m27/08/2026, 10:19:03 pm [31m  ERROR[39m [38;5;3m[GlobalExceptionFilter] 
[39mObject(4) {
  traceId: [32m'656b4b74-b7f9-4787-ae6b-a40a66d4b274'[39m,
  requestId: [32m'unknown'[39m,
  url: [32m'/jwt-tenant-test/protected'[39m,
  method: [32m'GET'[39m
}
[31m[Nest] 20228  - [39m27/08/2026, 10:19:03 pm [31m  ERROR[39m [38;5;3m[GlobalExceptionFilter] 
[39m[31mHTTP 401 Error - Unauthorized[39m
[31m[Nest] 20228  - [39m27/08/2026, 10:19:03 pm [31m  ERROR[39m [38;5;3m[GlobalExceptionFilter] 
[39m[31mUnauthorizedException: Unauthorized
    at JwtAuthGuard.handleRequest (G:\Payroll 
System\backend\node_modules\@nestjs\passport\dist\auth.guard.js:60:30)
    at G:\Payroll System\backend\node_modules\@nestjs\passport\dist\auth.guard.js:44:124
    at G:\Payroll System\backend\node_modules\@nestjs\passport\dist\auth.guard.js:83:24
    at allFailed (G:\Payroll System\backend\node_modules\passport\lib\middleware\authenticate.js:110:18)
    at attempt (G:\Payroll System\backend\node_modules\passport\lib\middleware\authenticate.js:183:28)
    at JwtStrategy.strategy.fail (G:\Payroll 
System\backend\node_modules\passport\lib\middleware\authenticate.js:314:9)
    at JwtStrategy.authenticate (G:\Payroll 
System\backend\node_modules\passport-jwt\lib\strategy.js:96:21)
    at attempt (G:\Payroll System\backend\node_modules\passport\lib\middleware\authenticate.js:378:16)
    at authenticate (G:\Payroll 
System\backend\node_modules\passport\lib\middleware\authenticate.js:379:7)
    at G:\Payroll System\backend\node_modules\@nestjs\passport\dist\auth.guard.js:88:3
    at new Promise (<anonymous>)
    at G:\Payroll System\backend\node_modules\@nestjs\passport\dist\auth.guard.js:80:83
    at JwtAuthGuard.canActivate (G:\Payroll 
System\backend\node_modules\@nestjs\passport\dist\auth.guard.js:44:32)
    at processTicksAndRejections (node:internal/process/task_queues:104:5)
    at JwtAuthGuard.canActivate (G:\Payroll System\backend\src\auth\guards\jwt-auth.guard.ts:33:20)[39m
[31m[Nest] 20228  - [39m27/08/2026, 10:19:03 pm [31m  ERROR[39m [38;5;3m[GlobalExceptionFilter] 
[39mObject(4) {
  traceId: [32m'64e68051-a048-40d3-bd64-419bdfd6c71a'[39m,
  requestId: [32m'unknown'[39m,
  url: [32m'/jwt-tenant-test/protected'[39m,
  method: [32m'GET'[39m
}
[31m[Nest] 20228  - [39m27/08/2026, 10:19:03 pm [31m  ERROR[39m [38;5;3m[GlobalExceptionFilter] 
[39m[31mHTTP 401 Error - Unauthorized[39m
[31m[Nest] 20228  - [39m27/08/2026, 10:19:03 pm [31m  ERROR[39m [38;5;3m[GlobalExceptionFilter] 
[39m[31mUnauthorizedException: Unauthorized
    at JwtAuthGuard.handleRequest (G:\Payroll 
System\backend\node_modules\@nestjs\passport\dist\auth.guard.js:60:30)
    at G:\Payroll System\backend\node_modules\@nestjs\passport\dist\auth.guard.js:44:124
    at G:\Payroll System\backend\node_modules\@nestjs\passport\dist\auth.guard.js:83:24
    at allFailed (G:\Payroll System\backend\node_modules\passport\lib\middleware\authenticate.js:110:18)
    at attempt (G:\Payroll System\backend\node_modules\passport\lib\middleware\authenticate.js:183:28)
    at JwtStrategy.strategy.fail (G:\Payroll 
System\backend\node_modules\passport\lib\middleware\authenticate.js:314:9)
    at JwtStrategy.authenticate (G:\Payroll 
System\backend\node_modules\passport-jwt\lib\strategy.js:96:21)
    at attempt (G:\Payroll System\backend\node_modules\passport\lib\middleware\authenticate.js:378:16)
    at authenticate (G:\Payroll 
System\backend\node_modules\passport\lib\middleware\authenticate.js:379:7)
    at G:\Payroll System\backend\node_modules\@nestjs\passport\dist\auth.guard.js:88:3
    at new Promise (<anonymous>)
    at G:\Payroll System\backend\node_modules\@nestjs\passport\dist\auth.guard.js:80:83
    at JwtAuthGuard.canActivate (G:\Payroll 
System\backend\node_modules\@nestjs\passport\dist\auth.guard.js:44:32)
    at processTicksAndRejections (node:internal/process/task_queues:104:5)
    at JwtAuthGuard.canActivate (G:\Payroll System\backend\src\auth\guards\jwt-auth.guard.ts:33:20)[39m
[31m[Nest] 20228  - [39m27/08/2026, 10:19:03 pm [31m  ERROR[39m [38;5;3m[GlobalExceptionFilter] 
[39mObject(4) {
  traceId: [32m'8ee35e77-bd6c-438f-b3e6-f8c1603b463b'[39m,
  requestId: [32m'unknown'[39m,
  url: [32m'/jwt-tenant-test/protected'[39m,
  method: [32m'GET'[39m
}
PASS src/auth/jwt-tenant-integration.spec.ts (11.118 s)
  ÔùÅ Console

    console.warn
      Database schema setup encountered issues - attempting to continue with existing schema

    [0m [90m 43 |[39m       })[33m;[39m
     [90m 44 |[39m     } [36mcatch[39m (error) {
    [31m[1m>[22m[39m[90m 45 |[39m       console[33m.[39mwarn([32m'Database schema setup 
encountered issues - attempting to continue with existing schema'[39m)[33m;[39m
     [90m    |[39m               [31m[1m^[22m[39m
     [90m 46 |[39m     }
     [90m 47 |[39m
     [90m 48 |[39m     [90m// Initialize Prisma client after schema is set up with timeout 
settings[39m[0m

      at Object.<anonymous> (src/test/setup.ts:45:15)

    console.log
      Ô£à Test database setup completed successfully

      at Object.<anonymous> (src/test/setup.ts:70:13)

    console.log
      ­ƒöì JwtAuthGuard - Route isPublic: true

      at JwtAuthGuard.canActivate (src/auth/guards/jwt-auth.guard.ts:24:11)

    console.log
      ­ƒöì JwtAuthGuard - Handler: getPublic

      at JwtAuthGuard.canActivate (src/auth/guards/jwt-auth.guard.ts:25:13)

    console.log
      ­ƒöì JwtAuthGuard - Class: JwtTenantTestController

      at JwtAuthGuard.canActivate (src/auth/guards/jwt-auth.guard.ts:26:13)

    console.log
      Ô£à JwtAuthGuard - Allowing public route

      at JwtAuthGuard.canActivate (src/auth/guards/jwt-auth.guard.ts:29:15)

    console.log
      ­ƒöì PermissionsGuard - Route isPublic: true

      at PermissionsGuard.canActivate (src/auth/guards/permissions.guard.ts:40:13)

    console.log
      Ô£à PermissionsGuard - Allowing public route

      at PermissionsGuard.canActivate (src/auth/guards/permissions.guard.ts:43:15)

    console.log
      ­ƒöì JwtAuthGuard - Route isPublic: undefined

      at JwtAuthGuard.canActivate (src/auth/guards/jwt-auth.guard.ts:24:11)

    console.log
      ­ƒöì JwtAuthGuard - Handler: getProtected

      at JwtAuthGuard.canActivate (src/auth/guards/jwt-auth.guard.ts:25:13)

    console.log
      ­ƒöì JwtAuthGuard - Class: JwtTenantTestController

      at JwtAuthGuard.canActivate (src/auth/guards/jwt-auth.guard.ts:26:13)

    console.log
      ­ƒöì JwtAuthGuard - Route isPublic: undefined

      at JwtAuthGuard.canActivate (src/auth/guards/jwt-auth.guard.ts:24:11)

    console.log
      ­ƒöì JwtAuthGuard - Handler: getProtected

      at JwtAuthGuard.canActivate (src/auth/guards/jwt-auth.guard.ts:25:13)

    console.log
      ­ƒöì JwtAuthGuard - Class: JwtTenantTestController

      at JwtAuthGuard.canActivate (src/auth/guards/jwt-auth.guard.ts:26:13)

    console.log
      ­ƒöì JwtAuthGuard - Route isPublic: undefined

      at JwtAuthGuard.canActivate (src/auth/guards/jwt-auth.guard.ts:24:11)

    console.log
      ­ƒöì JwtAuthGuard - Handler: getProtected

      at JwtAuthGuard.canActivate (src/auth/guards/jwt-auth.guard.ts:25:13)

    console.log
      ­ƒöì JwtAuthGuard - Class: JwtTenantTestController

      at JwtAuthGuard.canActivate (src/auth/guards/jwt-auth.guard.ts:26:13)

    console.log
      ­ƒöì JwtAuthGuard - Route isPublic: undefined

      at JwtAuthGuard.canActivate (src/auth/guards/jwt-auth.guard.ts:24:11)

    console.log
      ­ƒöì JwtAuthGuard - Handler: getProtected

      at JwtAuthGuard.canActivate (src/auth/guards/jwt-auth.guard.ts:25:13)

    console.log
      ­ƒöì JwtAuthGuard - Class: JwtTenantTestController

      at JwtAuthGuard.canActivate (src/auth/guards/jwt-auth.guard.ts:26:13)

    console.log
      ­ƒöì PermissionsGuard - Route isPublic: undefined

      at PermissionsGuard.canActivate (src/auth/guards/permissions.guard.ts:40:13)

    console.log
      ­ƒöì JwtAuthGuard - Route isPublic: undefined

      at JwtAuthGuard.canActivate (src/auth/guards/jwt-auth.guard.ts:24:11)

    console.log
      ­ƒöì JwtAuthGuard - Handler: getProtected

      at JwtAuthGuard.canActivate (src/auth/guards/jwt-auth.guard.ts:25:13)

    console.log
      ­ƒöì JwtAuthGuard - Class: JwtTenantTestController

      at JwtAuthGuard.canActivate (src/auth/guards/jwt-auth.guard.ts:26:13)

    console.log
      ­ƒöì PermissionsGuard - Route isPublic: undefined

      at PermissionsGuard.canActivate (src/auth/guards/permissions.guard.ts:40:13)

    console.log
      ­ƒöì JwtAuthGuard - Route isPublic: undefined

      at JwtAuthGuard.canActivate (src/auth/guards/jwt-auth.guard.ts:24:11)

    console.log
      ­ƒöì JwtAuthGuard - Handler: getProtected

      at JwtAuthGuard.canActivate (src/auth/guards/jwt-auth.guard.ts:25:13)

    console.log
      ­ƒöì JwtAuthGuard - Class: JwtTenantTestController

      at JwtAuthGuard.canActivate (src/auth/guards/jwt-auth.guard.ts:26:13)

    console.log
      ­ƒöì PermissionsGuard - Route isPublic: undefined

      at PermissionsGuard.canActivate (src/auth/guards/permissions.guard.ts:40:13)

    console.log
      ­ƒöì JwtAuthGuard - Route isPublic: undefined

      at JwtAuthGuard.canActivate (src/auth/guards/jwt-auth.guard.ts:24:11)

    console.log
      ­ƒöì JwtAuthGuard - Handler: getProtected

      at JwtAuthGuard.canActivate (src/auth/guards/jwt-auth.guard.ts:25:13)

    console.log
      ­ƒöì JwtAuthGuard - Class: JwtTenantTestController

      at JwtAuthGuard.canActivate (src/auth/guards/jwt-auth.guard.ts:26:13)

    console.log
      ­ƒöì PermissionsGuard - Route isPublic: undefined

      at PermissionsGuard.canActivate (src/auth/guards/permissions.guard.ts:40:13)

    console.log
      ­ƒöì JwtAuthGuard - Route isPublic: undefined

      at JwtAuthGuard.canActivate (src/auth/guards/jwt-auth.guard.ts:24:11)

    console.log
      ­ƒöì JwtAuthGuard - Handler: createUser

      at JwtAuthGuard.canActivate (src/auth/guards/jwt-auth.guard.ts:25:13)

    console.log
      ­ƒöì JwtAuthGuard - Class: JwtTenantTestController

      at JwtAuthGuard.canActivate (src/auth/guards/jwt-auth.guard.ts:26:13)

    console.log
      ­ƒöì PermissionsGuard - Route isPublic: undefined

      at PermissionsGuard.canActivate (src/auth/guards/permissions.guard.ts:40:13)

    console.log
      ­ƒöì JwtAuthGuard - Route isPublic: undefined

      at JwtAuthGuard.canActivate (src/auth/guards/jwt-auth.guard.ts:24:11)

    console.log
      ­ƒöì JwtAuthGuard - Handler: createUser

      at JwtAuthGuard.canActivate (src/auth/guards/jwt-auth.guard.ts:25:13)

    console.log
      ­ƒöì JwtAuthGuard - Class: JwtTenantTestController

      at JwtAuthGuard.canActivate (src/auth/guards/jwt-auth.guard.ts:26:13)

    console.log
      ­ƒöì PermissionsGuard - Route isPublic: undefined

      at PermissionsGuard.canActivate (src/auth/guards/permissions.guard.ts:40:13)

    console.log
      ­ƒöì JwtAuthGuard - Route isPublic: undefined

      at JwtAuthGuard.canActivate (src/auth/guards/jwt-auth.guard.ts:24:11)

    console.log
      ­ƒöì JwtAuthGuard - Handler: getProtected

      at JwtAuthGuard.canActivate (src/auth/guards/jwt-auth.guard.ts:25:13)

    console.log
      ­ƒöì JwtAuthGuard - Class: JwtTenantTestController

      at JwtAuthGuard.canActivate (src/auth/guards/jwt-auth.guard.ts:26:13)

    console.log
      ­ƒöì PermissionsGuard - Route isPublic: undefined

      at PermissionsGuard.canActivate (src/auth/guards/permissions.guard.ts:40:13)

    console.log
      ­ƒöì JwtAuthGuard - Route isPublic: undefined

      at JwtAuthGuard.canActivate (src/auth/guards/jwt-auth.guard.ts:24:11)

    console.log
      ­ƒöì JwtAuthGuard - Handler: getProtected

      at JwtAuthGuard.canActivate (src/auth/guards/jwt-auth.guard.ts:25:13)

    console.log
      ­ƒöì JwtAuthGuard - Class: JwtTenantTestController

      at JwtAuthGuard.canActivate (src/auth/guards/jwt-auth.guard.ts:26:13)

    console.log
      ­ƒöì JwtAuthGuard - Route isPublic: undefined

      at JwtAuthGuard.canActivate (src/auth/guards/jwt-auth.guard.ts:24:11)

    console.log
      ­ƒöì JwtAuthGuard - Handler: getProtected

      at JwtAuthGuard.canActivate (src/auth/guards/jwt-auth.guard.ts:25:13)

    console.log
      ­ƒöì JwtAuthGuard - Class: JwtTenantTestController

      at JwtAuthGuard.canActivate (src/auth/guards/jwt-auth.guard.ts:26:13)

    console.log
      ­ƒöì JwtAuthGuard - Route isPublic: undefined

      at JwtAuthGuard.canActivate (src/auth/guards/jwt-auth.guard.ts:24:11)

    console.log
      ­ƒöì JwtAuthGuard - Handler: getProtected

      at JwtAuthGuard.canActivate (src/auth/guards/jwt-auth.guard.ts:25:13)

    console.log
      ­ƒöì JwtAuthGuard - Class: JwtTenantTestController

      at JwtAuthGuard.canActivate (src/auth/guards/jwt-auth.guard.ts:26:13)

    console.log
      ­ƒöì JwtAuthGuard - Route isPublic: undefined

      at JwtAuthGuard.canActivate (src/auth/guards/jwt-auth.guard.ts:24:11)

    console.log
      ­ƒöì JwtAuthGuard - Handler: getProtected

      at JwtAuthGuard.canActivate (src/auth/guards/jwt-auth.guard.ts:25:13)

    console.log
      ­ƒöì JwtAuthGuard - Class: JwtTenantTestController

      at JwtAuthGuard.canActivate (src/auth/guards/jwt-auth.guard.ts:26:13)

    console.log
      ­ƒöì PermissionsGuard - Route isPublic: undefined

      at PermissionsGuard.canActivate (src/auth/guards/permissions.guard.ts:40:13)

    console.log
      Ô£à Test database cleanup completed

      at Object.<anonymous> (src/test/setup.ts:97:13)

PASS src/employees/employee-data-integrity-mock.property.spec.ts (8.113 s)
  ÔùÅ Console

    console.warn
      Database schema setup encountered issues - attempting to continue with existing schema

    [0m [90m 43 |[39m       })[33m;[39m
     [90m 44 |[39m     } [36mcatch[39m (error) {
    [31m[1m>[22m[39m[90m 45 |[39m       console[33m.[39mwarn([32m'Database schema setup 
encountered issues - attempting to continue with existing schema'[39m)[33m;[39m
     [90m    |[39m               [31m[1m^[22m[39m
     [90m 46 |[39m     }
     [90m 47 |[39m
     [90m 48 |[39m     [90m// Initialize Prisma client after schema is set up with timeout 
settings[39m[0m

      at Object.<anonymous> (src/test/setup.ts:45:15)

    console.log
      Ô£à Test database setup completed successfully

      at Object.<anonymous> (src/test/setup.ts:70:13)

    console.log
      Ô£à Test database cleanup completed

      at Object.<anonymous> (src/test/setup.ts:97:13)

PASS src/sites/site-information-preservation.property.spec.ts (9.318 s)
  ÔùÅ Console

    console.warn
      Database schema setup encountered issues - attempting to continue with existing schema

    [0m [90m 43 |[39m       })[33m;[39m
     [90m 44 |[39m     } [36mcatch[39m (error) {
    [31m[1m>[22m[39m[90m 45 |[39m       console[33m.[39mwarn([32m'Database schema setup 
encountered issues - attempting to continue with existing schema'[39m)[33m;[39m
     [90m    |[39m               [31m[1m^[22m[39m
     [90m 46 |[39m     }
     [90m 47 |[39m
     [90m 48 |[39m     [90m// Initialize Prisma client after schema is set up with timeout 
settings[39m[0m

      at Object.<anonymous> (src/test/setup.ts:45:15)

    console.log
      Ô£à Test database setup completed successfully

      at Object.<anonymous> (src/test/setup.ts:70:13)

    console.log
      Ô£à Test database cleanup completed

      at Object.<anonymous> (src/test/setup.ts:97:13)

PASS src/billing/tests/financial-reports-comprehensive.property.spec.ts (11.44 s)
  ÔùÅ Console

    console.warn
      Database schema setup encountered issues - attempting to continue with existing schema

    [0m [90m 43 |[39m       })[33m;[39m
     [90m 44 |[39m     } [36mcatch[39m (error) {
    [31m[1m>[22m[39m[90m 45 |[39m       console[33m.[39mwarn([32m'Database schema setup 
encountered issues - attempting to continue with existing schema'[39m)[33m;[39m
     [90m    |[39m               [31m[1m^[22m[39m
     [90m 46 |[39m     }
     [90m 47 |[39m
     [90m 48 |[39m     [90m// Initialize Prisma client after schema is set up with timeout 
settings[39m[0m

      at Object.<anonymous> (src/test/setup.ts:45:15)

    console.log
      Ô£à Test database setup completed successfully

      at Object.<anonymous> (src/test/setup.ts:70:13)

    console.log
      Ô£à Test database cleanup completed

      at Object.<anonymous> (src/test/setup.ts:97:13)

PASS src/auth/services/user-management.service.spec.ts (11.634 s)
  ÔùÅ Console

    console.warn
      Database schema setup encountered issues - attempting to continue with existing schema

    [0m [90m 43 |[39m       })[33m;[39m
     [90m 44 |[39m     } [36mcatch[39m (error) {
    [31m[1m>[22m[39m[90m 45 |[39m       console[33m.[39mwarn([32m'Database schema setup 
encountered issues - attempting to continue with existing schema'[39m)[33m;[39m
     [90m    |[39m               [31m[1m^[22m[39m
     [90m 46 |[39m     }
     [90m 47 |[39m
     [90m 48 |[39m     [90m// Initialize Prisma client after schema is set up with timeout 
settings[39m[0m

      at Object.<anonymous> (src/test/setup.ts:45:15)

    console.log
      Ô£à Test database setup completed successfully

      at Object.<anonymous> (src/test/setup.ts:70:13)

    console.log
      Ô£à Test database cleanup completed

      at Object.<anonymous> (src/test/setup.ts:97:13)

PASS src/test/property-tests/task-3-5-validation.spec.ts (8.152 s)
  ÔùÅ Console

    console.warn
      Database schema setup encountered issues - attempting to continue with existing schema

    [0m [90m 43 |[39m       })[33m;[39m
     [90m 44 |[39m     } [36mcatch[39m (error) {
    [31m[1m>[22m[39m[90m 45 |[39m       console[33m.[39mwarn([32m'Database schema setup 
encountered issues - attempting to continue with existing schema'[39m)[33m;[39m
     [90m    |[39m               [31m[1m^[22m[39m
     [90m 46 |[39m     }
     [90m 47 |[39m
     [90m 48 |[39m     [90m// Initialize Prisma client after schema is set up with timeout 
settings[39m[0m

      at Object.<anonymous> (src/test/setup.ts:45:15)

    console.log
      Ô£à Test database setup completed successfully

      at Object.<anonymous> (src/test/setup.ts:70:13)

    console.log
      Ô£à FIXED: Services now resolve using module.resolve() with fallback to module.get()

      at Object.<anonymous> (src/test/property-tests/task-3-5-validation.spec.ts:76:13)

    console.log
      Ô£à FIXED: Comprehensive mock setup for all service dependencies

      at Object.<anonymous> (src/test/property-tests/task-3-5-validation.spec.ts:120:13)

    console.log
      Ô£à FIXED: All test data creation uses prisma.withSystemContext()

      at Object.<anonymous> (src/test/property-tests/task-3-5-validation.spec.ts:152:13)

    console.log
      Ô£à FIXED: Proper entity creation order: Company -> Client -> Contract -> Site -> Employee

      at Object.<anonymous> (src/test/property-tests/task-3-5-validation.spec.ts:198:13)

    console.log
      Ô£à FIXED: Comprehensive cleanup methods with reverse dependency order

      at Object.<anonymous> (src/test/property-tests/task-3-5-validation.spec.ts:246:13)

    console.log
      Ô£à FIXED: Proper test isolation prevents data leakage between tests

      at Object.<anonymous> (src/test/property-tests/task-3-5-validation.spec.ts:289:13)

    console.log
      ­ƒº¬ INTEGRATION TEST: All Task 3.5 fixes working together

      at Object.<anonymous> (src/test/property-tests/task-3-5-validation.spec.ts:296:13)

    console.log
      Ô£à INTEGRATION SUCCESS: All Task 3.5 infrastructure fixes work together correctly

      at Object.<anonymous> (src/test/property-tests/task-3-5-validation.spec.ts:335:13)

    console.log
      ­ƒøí´©Å REGRESSION TEST: Preserving existing functionality

      at Object.<anonymous> (src/test/property-tests/task-3-5-validation.spec.ts:342:13)

    console.log
      Ô£à REGRESSION SUCCESS: All existing functionality preserved

      at Object.<anonymous> (src/test/property-tests/task-3-5-validation.spec.ts:358:13)

    console.log
      Ô£à Test database cleanup completed

      at Object.<anonymous> (src/test/setup.ts:97:13)

PASS src/tests/property-tests/employee-search-filtering.spec.ts (7.296 s)
  ÔùÅ Console

    console.warn
      Database schema setup encountered issues - attempting to continue with existing schema

    [0m [90m 43 |[39m       })[33m;[39m
     [90m 44 |[39m     } [36mcatch[39m (error) {
    [31m[1m>[22m[39m[90m 45 |[39m       console[33m.[39mwarn([32m'Database schema setup 
encountered issues - attempting to continue with existing schema'[39m)[33m;[39m
     [90m    |[39m               [31m[1m^[22m[39m
     [90m 46 |[39m     }
     [90m 47 |[39m
     [90m 48 |[39m     [90m// Initialize Prisma client after schema is set up with timeout 
settings[39m[0m

      at Object.<anonymous> (src/test/setup.ts:45:15)

    console.log
      Ô£à Test database setup completed successfully

      at Object.<anonymous> (src/test/setup.ts:70:13)

    console.log
      Ô£à Test database cleanup completed

      at Object.<anonymous> (src/test/setup.ts:97:13)

PASS src/test/property-tests/preservation-property-tests.spec.ts (7.442 s)
  ÔùÅ Console

    console.warn
      Database schema setup encountered issues - attempting to continue with existing schema

    [0m [90m 43 |[39m       })[33m;[39m
     [90m 44 |[39m     } [36mcatch[39m (error) {
    [31m[1m>[22m[39m[90m 45 |[39m       console[33m.[39mwarn([32m'Database schema setup 
encountered issues - attempting to continue with existing schema'[39m)[33m;[39m
     [90m    |[39m               [31m[1m^[22m[39m
     [90m 46 |[39m     }
     [90m 47 |[39m
     [90m 48 |[39m     [90m// Initialize Prisma client after schema is set up with timeout 
settings[39m[0m

      at Object.<anonymous> (src/test/setup.ts:45:15)

    console.log
      Ô£à Test database setup completed successfully

      at Object.<anonymous> (src/test/setup.ts:70:13)

    console.log
      ­ƒøí´©Å Preservation Testing: Capturing baseline behavior on UNFIXED code

      at Object.<anonymous> (src/test/property-tests/preservation-property-tests.spec.ts:38:13)

    console.log
      Ô£à EXPECTED OUTCOME: Tests PASS (confirms behavior to preserve)

      at Object.<anonymous> (src/test/property-tests/preservation-property-tests.spec.ts:39:13)

    console.log
      Ô£à PRESERVED: Production data operations with current schema structure

      at Object.<anonymous> (src/test/property-tests/preservation-property-tests.spec.ts:82:13)

    console.log
      Ô£à PRESERVED: Proper service injection and dependency resolution

      at Object.<anonymous> (src/test/property-tests/preservation-property-tests.spec.ts:106:13)

    console.log
      Ô£à PRESERVED: Hierarchical data creation with system context

      at Object.<anonymous> (src/test/property-tests/preservation-property-tests.spec.ts:144:13)

    console.log
      Ô£à PRESERVED: Tenant context and isolation mechanisms

      at Object.<anonymous> (src/test/property-tests/preservation-property-tests.spec.ts:171:13)

    console.log
      Ô£à PRESERVED: Property test infrastructure and generators

      at Object.<anonymous> (src/test/property-tests/preservation-property-tests.spec.ts:211:13)

    console.log
      Ô£à PRESERVED: Business logic behavior consistency across operational scenarios

      at Object.<anonymous> (src/test/property-tests/preservation-property-tests.spec.ts:290:13)

    console.log
      Ô£à PRESERVED: Service interfaces and method signatures

      at Object.<anonymous> (src/test/property-tests/preservation-property-tests.spec.ts:320:13)

    console.log
      Ô£à PRESERVED: Data integrity and validation rules

      at Object.<anonymous> (src/test/property-tests/preservation-property-tests.spec.ts:348:13)

    console.log
      Ô£à PRESERVED: Authentication and authorization mechanisms

      at Object.<anonymous> (src/test/property-tests/preservation-property-tests.spec.ts:376:13)

    console.log
      Ô£à Test database cleanup completed

      at Object.<anonymous> (src/test/setup.ts:97:13)

[31m[Nest] 20228  - [39m27/08/2026, 10:20:13 pm [31m  ERROR[39m [38;5;3m[UserRepository] 
[39m[31mDatabase write operation failed: User with this email already exists[39m
ConflictException: User with this email already exists
    at G:\Payroll System\backend\src\auth\repositories\user.repository.ts:30:15
    at processTicksAndRejections (node:internal/process/task_queues:104:5)
[31m[Nest] 20228  - [39m27/08/2026, 10:20:13 pm [31m  ERROR[39m [38;5;3m[UserRepository] 
[39m[31mDatabase write operation failed: Company not found[39m
NotFoundException: Company not found
    at G:\Payroll System\backend\src\auth\repositories\user.repository.ts:39:15
    at processTicksAndRejections (node:internal/process/task_queues:104:5)
    at UserRepository.writeWithTenant (G:\Payroll 
System\backend\src\common\tenant-aware.repository.ts:121:14)
    at Object.<anonymous> (G:\Payroll System\backend\src\auth\repositories\user.repository.spec.ts:152:7)
[31m[Nest] 20228  - [39m27/08/2026, 10:20:13 pm [31m  ERROR[39m [38;5;3m[UserRepository] 
[39m[31mDatabase write operation failed: Cannot create user for different company[39m
ConflictException: Cannot create user for different company
    at G:\Payroll System\backend\src\auth\repositories\user.repository.ts:48:17
    at processTicksAndRejections (node:internal/process/task_queues:104:5)
    at UserRepository.writeWithTenant (G:\Payroll 
System\backend\src\common\tenant-aware.repository.ts:121:14)
    at Object.<anonymous> (G:\Payroll System\backend\src\auth\repositories\user.repository.spec.ts:166:7)
[31m[Nest] 20228  - [39m27/08/2026, 10:20:13 pm [31m  ERROR[39m [38;5;3m[UserRepository] 
[39m[31mDatabase write operation failed: User not found[39m
NotFoundException: User not found
    at G:\Payroll System\backend\src\auth\repositories\user.repository.ts:235:15
    at processTicksAndRejections (node:internal/process/task_queues:104:5)
    at UserRepository.writeWithTenant (G:\Payroll 
System\backend\src\common\tenant-aware.repository.ts:121:14)
    at Object.<anonymous> (G:\Payroll System\backend\src\auth\repositories\user.repository.spec.ts:358:7)
[31m[Nest] 20228  - [39m27/08/2026, 10:20:13 pm [31m  ERROR[39m [38;5;3m[UserRepository] 
[39m[31mDatabase write operation failed: Email already in use[39m
ConflictException: Email already in use
    at G:\Payroll System\backend\src\auth\repositories\user.repository.ts:245:17
    at processTicksAndRejections (node:internal/process/task_queues:104:5)
    at UserRepository.writeWithTenant (G:\Payroll 
System\backend\src\common\tenant-aware.repository.ts:121:14)
    at Object.<anonymous> (G:\Payroll System\backend\src\auth\repositories\user.repository.spec.ts:368:7)
[31m[Nest] 20228  - [39m27/08/2026, 10:20:14 pm [31m  ERROR[39m [38;5;3m[UserRepository] 
[39m[31mDatabase write operation failed: User not found[39m
NotFoundException: User not found
    at G:\Payroll System\backend\src\auth\repositories\user.repository.ts:300:15
    at processTicksAndRejections (node:internal/process/task_queues:104:5)
    at UserRepository.writeWithTenant (G:\Payroll 
System\backend\src\common\tenant-aware.repository.ts:121:14)
    at Object.<anonymous> (G:\Payroll System\backend\src\auth\repositories\user.repository.spec.ts:390:7)
PASS src/auth/repositories/user.repository.spec.ts (6.746 s)
  ÔùÅ Console

    console.warn
      Database schema setup encountered issues - attempting to continue with existing schema

    [0m [90m 43 |[39m       })[33m;[39m
     [90m 44 |[39m     } [36mcatch[39m (error) {
    [31m[1m>[22m[39m[90m 45 |[39m       console[33m.[39mwarn([32m'Database schema setup 
encountered issues - attempting to continue with existing schema'[39m)[33m;[39m
     [90m    |[39m               [31m[1m^[22m[39m
     [90m 46 |[39m     }
     [90m 47 |[39m
     [90m 48 |[39m     [90m// Initialize Prisma client after schema is set up with timeout 
settings[39m[0m

      at Object.<anonymous> (src/test/setup.ts:45:15)

    console.log
      Ô£à Test database setup completed successfully

      at Object.<anonymous> (src/test/setup.ts:70:13)

    console.log
      Ô£à Test database cleanup completed

      at Object.<anonymous> (src/test/setup.ts:97:13)

[31m[Nest] 20228  - [39m27/08/2026, 10:20:21 pm [31m  ERROR[39m [38;5;3m[EmployeesService] 
[39m[31mRecord to update not found[39m
Error: Record to update not found
    at Object.<anonymous> (G:\Payroll System\backend\src\employees\employees.service.spec.ts:282:55)
    at Promise.finally.completed (G:\Payroll 
System\backend\node_modules\jest-circus\build\jestAdapterInit.js:1561:28)
    at new Promise (<anonymous>)
    at callAsyncCircusFn (G:\Payroll 
System\backend\node_modules\jest-circus\build\jestAdapterInit.js:1501:10)
    at _callCircusTest (G:\Payroll 
System\backend\node_modules\jest-circus\build\jestAdapterInit.js:1011:40)
    at processTicksAndRejections (node:internal/process/task_queues:104:5)
    at _runTest (G:\Payroll System\backend\node_modules\jest-circus\build\jestAdapterInit.js:951:3)
    at G:\Payroll System\backend\node_modules\jest-circus\build\jestAdapterInit.js:853:7
    at _runTestsForDescribeBlock (G:\Payroll 
System\backend\node_modules\jest-circus\build\jestAdapterInit.js:866:11)
    at _runTestsForDescribeBlock (G:\Payroll 
System\backend\node_modules\jest-circus\build\jestAdapterInit.js:861:11)
    at _runTestsForDescribeBlock (G:\Payroll 
System\backend\node_modules\jest-circus\build\jestAdapterInit.js:861:11)
    at run (G:\Payroll System\backend\node_modules\jest-circus\build\jestAdapterInit.js:765:3)
    at runAndTransformResultsToJestFormat (G:\Payroll 
System\backend\node_modules\jest-circus\build\jestAdapterInit.js:1993:21)
    at jestAdapter (G:\Payroll System\backend\node_modules\jest-circus\build\runner.js:111:19)
    at runTestInternal (G:\Payroll System\backend\node_modules\jest-runner\build\index.js:276:16)
    at runTest (G:\Payroll System\backend\node_modules\jest-runner\build\index.js:344:7)
PASS src/employees/employees.service.spec.ts (7.289 s)
  ÔùÅ Console

    console.warn
      Database schema setup encountered issues - attempting to continue with existing schema

    [0m [90m 43 |[39m       })[33m;[39m
     [90m 44 |[39m     } [36mcatch[39m (error) {
    [31m[1m>[22m[39m[90m 45 |[39m       console[33m.[39mwarn([32m'Database schema setup 
encountered issues - attempting to continue with existing schema'[39m)[33m;[39m
     [90m    |[39m               [31m[1m^[22m[39m
     [90m 46 |[39m     }
     [90m 47 |[39m
     [90m 48 |[39m     [90m// Initialize Prisma client after schema is set up with timeout 
settings[39m[0m

      at Object.<anonymous> (src/test/setup.ts:45:15)

    console.log
      Ô£à Test database setup completed successfully

      at Object.<anonymous> (src/test/setup.ts:70:13)

    console.log
      Ô£à Test database cleanup completed

      at Object.<anonymous> (src/test/setup.ts:97:13)

PASS src/client-portal/client-portal.test.ts (7.033 s)
  ÔùÅ Console

    console.warn
      Database schema setup encountered issues - attempting to continue with existing schema

    [0m [90m 43 |[39m       })[33m;[39m
     [90m 44 |[39m     } [36mcatch[39m (error) {
    [31m[1m>[22m[39m[90m 45 |[39m       console[33m.[39mwarn([32m'Database schema setup 
encountered issues - attempting to continue with existing schema'[39m)[33m;[39m
     [90m    |[39m               [31m[1m^[22m[39m
     [90m 46 |[39m     }
     [90m 47 |[39m
     [90m 48 |[39m     [90m// Initialize Prisma client after schema is set up with timeout 
settings[39m[0m

      at Object.<anonymous> (src/test/setup.ts:45:15)

    console.log
      Ô£à Test database setup completed successfully

      at Object.<anonymous> (src/test/setup.ts:70:13)

    console.log
      Ô£à Test database cleanup completed

      at Object.<anonymous> (src/test/setup.ts:97:13)

[32m[Nest] 20228  - [39m27/08/2026, 10:20:34 pm [32m    LOG[39m [38;5;3m[PrismaService] [39m[32mConnected to database with RLS support[39m
PASS src/common/tenant-context-system.test.ts (6.826 s)
  ÔùÅ Console

    console.warn
      Database schema setup encountered issues - attempting to continue with existing schema

    [0m [90m 43 |[39m       })[33m;[39m
     [90m 44 |[39m     } [36mcatch[39m (error) {
    [31m[1m>[22m[39m[90m 45 |[39m       console[33m.[39mwarn([32m'Database schema setup 
encountered issues - attempting to continue with existing schema'[39m)[33m;[39m
     [90m    |[39m               [31m[1m^[22m[39m
     [90m 46 |[39m     }
     [90m 47 |[39m
     [90m 48 |[39m     [90m// Initialize Prisma client after schema is set up with timeout 
settings[39m[0m

      at Object.<anonymous> (src/test/setup.ts:45:15)

    console.log
      Ô£à Test database setup completed successfully

      at Object.<anonymous> (src/test/setup.ts:70:13)

    console.log
      Mock: Setting tenant context to 11111111-1111-1111-1111-111111111111 with role COMPANY_ADMIN

      at Object.<anonymous> (src/common/tenant-context-system.test.ts:137:23)

    console.log
      Mock: Clearing tenant context

      at Object.<anonymous> (src/common/tenant-context-system.test.ts:142:23)

    console.log
      Mock: Setting tenant context to 11111111-1111-1111-1111-111111111111 with role COMPANY_ADMIN

      at Object.<anonymous> (src/common/tenant-context-system.test.ts:137:23)

    console.log
      Mock: Setting tenant context to 11111111-1111-1111-1111-111111111111 with role COMPANY_ADMIN

      at Object.<anonymous> (src/common/tenant-context-system.test.ts:137:23)

    console.log
      Mock: Setting tenant context to 11111111-1111-1111-1111-111111111111 with role COMPANY_ADMIN

      at Object.<anonymous> (src/common/tenant-context-system.test.ts:137:23)

    console.log
      Mock: Setting tenant context to 11111111-1111-1111-1111-111111111111 with role COMPANY_ADMIN

      at Object.<anonymous> (src/common/tenant-context-system.test.ts:137:23)

    console.log
      Mock: Setting tenant context to 11111111-1111-1111-1111-111111111111 with role COMPANY_ADMIN

      at Object.<anonymous> (src/common/tenant-context-system.test.ts:137:23)

    console.log
      Mock: Setting tenant context to 11111111-1111-1111-1111-111111111111 with role COMPANY_ADMIN

      at Object.<anonymous> (src/common/tenant-context-system.test.ts:137:23)

    console.log
      Ô£à Test database cleanup completed

      at Object.<anonymous> (src/test/setup.ts:97:13)

PASS src/assignments/assignment-skill-matching.property.spec.ts (6.672 s)
  ÔùÅ Console

    console.warn
      Database schema setup encountered issues - attempting to continue with existing schema

    [0m [90m 43 |[39m       })[33m;[39m
     [90m 44 |[39m     } [36mcatch[39m (error) {
    [31m[1m>[22m[39m[90m 45 |[39m       console[33m.[39mwarn([32m'Database schema setup 
encountered issues - attempting to continue with existing schema'[39m)[33m;[39m
     [90m    |[39m               [31m[1m^[22m[39m
     [90m 46 |[39m     }
     [90m 47 |[39m
     [90m 48 |[39m     [90m// Initialize Prisma client after schema is set up with timeout 
settings[39m[0m

      at Object.<anonymous> (src/test/setup.ts:45:15)

    console.log
      Ô£à Test database setup completed successfully

      at Object.<anonymous> (src/test/setup.ts:70:13)

    console.log
      Ô£à Test database cleanup completed

      at Object.<anonymous> (src/test/setup.ts:97:13)

PASS src/auth/auth.service.spec.ts (5.543 s)
  ÔùÅ Console

    console.log
      Ô£à Test database setup completed successfully

      at Object.<anonymous> (src/test/setup.ts:70:13)

    console.log
      Ô£à Test database cleanup completed

      at Object.<anonymous> (src/test/setup.ts:97:13)

PASS src/sites/sites.service.spec.ts (6.289 s)
  ÔùÅ Console

    console.warn
      Database schema setup encountered issues - attempting to continue with existing schema

    [0m [90m 43 |[39m       })[33m;[39m
     [90m 44 |[39m     } [36mcatch[39m (error) {
    [31m[1m>[22m[39m[90m 45 |[39m       console[33m.[39mwarn([32m'Database schema setup 
encountered issues - attempting to continue with existing schema'[39m)[33m;[39m
     [90m    |[39m               [31m[1m^[22m[39m
     [90m 46 |[39m     }
     [90m 47 |[39m
     [90m 48 |[39m     [90m// Initialize Prisma client after schema is set up with timeout 
settings[39m[0m

      at Object.<anonymous> (src/test/setup.ts:45:15)

    console.log
      Ô£à Test database setup completed successfully

      at Object.<anonymous> (src/test/setup.ts:70:13)

    console.log
      Ô£à Test database cleanup completed

      at Object.<anonymous> (src/test/setup.ts:97:13)

PASS src/payroll/payroll.service.spec.ts (6.033 s)
  ÔùÅ Console

    console.warn
      Database schema setup encountered issues - attempting to continue with existing schema

    [0m [90m 43 |[39m       })[33m;[39m
     [90m 44 |[39m     } [36mcatch[39m (error) {
    [31m[1m>[22m[39m[90m 45 |[39m       console[33m.[39mwarn([32m'Database schema setup 
encountered issues - attempting to continue with existing schema'[39m)[33m;[39m
     [90m    |[39m               [31m[1m^[22m[39m
     [90m 46 |[39m     }
     [90m 47 |[39m
     [90m 48 |[39m     [90m// Initialize Prisma client after schema is set up with timeout 
settings[39m[0m

      at Object.<anonymous> (src/test/setup.ts:45:15)

    console.log
      Ô£à Test database setup completed successfully

      at Object.<anonymous> (src/test/setup.ts:70:13)

    console.log
      Ô£à Test database cleanup completed

      at Object.<anonymous> (src/test/setup.ts:97:13)

PASS src/payroll/payroll.controller.spec.ts (6.029 s)
  ÔùÅ Console

    console.warn
      Database schema setup encountered issues - attempting to continue with existing schema

    [0m [90m 43 |[39m       })[33m;[39m
     [90m 44 |[39m     } [36mcatch[39m (error) {
    [31m[1m>[22m[39m[90m 45 |[39m       console[33m.[39mwarn([32m'Database schema setup 
encountered issues - attempting to continue with existing schema'[39m)[33m;[39m
     [90m    |[39m               [31m[1m^[22m[39m
     [90m 46 |[39m     }
     [90m 47 |[39m
     [90m 48 |[39m     [90m// Initialize Prisma client after schema is set up with timeout 
settings[39m[0m

      at Object.<anonymous> (src/test/setup.ts:45:15)

    console.log
      Ô£à Test database setup completed successfully

      at Object.<anonymous> (src/test/setup.ts:70:13)

    console.log
      Ô£à Test database cleanup completed

      at Object.<anonymous> (src/test/setup.ts:97:13)

PASS src/assignments/assignment-logic.property.spec.ts (6.982 s)
  ÔùÅ Console

    console.warn
      Database schema setup encountered issues - attempting to continue with existing schema

    [0m [90m 43 |[39m       })[33m;[39m
     [90m 44 |[39m     } [36mcatch[39m (error) {
    [31m[1m>[22m[39m[90m 45 |[39m       console[33m.[39mwarn([32m'Database schema setup 
encountered issues - attempting to continue with existing schema'[39m)[33m;[39m
     [90m    |[39m               [31m[1m^[22m[39m
     [90m 46 |[39m     }
     [90m 47 |[39m
     [90m 48 |[39m     [90m// Initialize Prisma client after schema is set up with timeout 
settings[39m[0m

      at Object.<anonymous> (src/test/setup.ts:45:15)

    console.log
      Ô£à Test database setup completed successfully

      at Object.<anonymous> (src/test/setup.ts:70:13)

    console.log
      Ô£à Test database cleanup completed

      at Object.<anonymous> (src/test/setup.ts:97:13)

PASS src/clients/clients.controller.spec.ts (6.849 s)
  ÔùÅ Console

    console.warn
      Database schema setup encountered issues - attempting to continue with existing schema

    [0m [90m 43 |[39m       })[33m;[39m
     [90m 44 |[39m     } [36mcatch[39m (error) {
    [31m[1m>[22m[39m[90m 45 |[39m       console[33m.[39mwarn([32m'Database schema setup 
encountered issues - attempting to continue with existing schema'[39m)[33m;[39m
     [90m    |[39m               [31m[1m^[22m[39m
     [90m 46 |[39m     }
     [90m 47 |[39m
     [90m 48 |[39m     [90m// Initialize Prisma client after schema is set up with timeout 
settings[39m[0m

      at Object.<anonymous> (src/test/setup.ts:45:15)

    console.log
      Ô£à Test database setup completed successfully

      at Object.<anonymous> (src/test/setup.ts:70:13)

    console.log
      Ô£à Test database cleanup completed

      at Object.<anonymous> (src/test/setup.ts:97:13)

PASS src/common/tenant-context.unit.test.ts (7.44 s)
  ÔùÅ Console

    console.warn
      Database schema setup encountered issues - attempting to continue with existing schema

    [0m [90m 43 |[39m       })[33m;[39m
     [90m 44 |[39m     } [36mcatch[39m (error) {
    [31m[1m>[22m[39m[90m 45 |[39m       console[33m.[39mwarn([32m'Database schema setup 
encountered issues - attempting to continue with existing schema'[39m)[33m;[39m
     [90m    |[39m               [31m[1m^[22m[39m
     [90m 46 |[39m     }
     [90m 47 |[39m
     [90m 48 |[39m     [90m// Initialize Prisma client after schema is set up with timeout 
settings[39m[0m

      at Object.<anonymous> (src/test/setup.ts:45:15)

    console.log
      Ô£à Test database setup completed successfully

      at Object.<anonymous> (src/test/setup.ts:70:13)

    console.log
      Ô£à Test database cleanup completed

      at Object.<anonymous> (src/test/setup.ts:97:13)

[31m[Nest] 20228  - [39m27/08/2026, 10:21:34 pm [31m  ERROR[39m [38;5;3m[ClientsService] 
[39m[31mClient not found or no contract end date[39m
Error: Client not found or no contract end date
    at Object.<anonymous> (G:\Payroll System\backend\src\clients\enhanced-clients.spec.ts:130:9)
    at Promise.finally.completed (G:\Payroll 
System\backend\node_modules\jest-circus\build\jestAdapterInit.js:1561:28)
    at new Promise (<anonymous>)
    at callAsyncCircusFn (G:\Payroll 
System\backend\node_modules\jest-circus\build\jestAdapterInit.js:1501:10)
    at _callCircusTest (G:\Payroll 
System\backend\node_modules\jest-circus\build\jestAdapterInit.js:1011:40)
    at processTicksAndRejections (node:internal/process/task_queues:104:5)
    at _runTest (G:\Payroll System\backend\node_modules\jest-circus\build\jestAdapterInit.js:951:3)
    at G:\Payroll System\backend\node_modules\jest-circus\build\jestAdapterInit.js:853:7
    at _runTestsForDescribeBlock (G:\Payroll 
System\backend\node_modules\jest-circus\build\jestAdapterInit.js:866:11)
    at _runTestsForDescribeBlock (G:\Payroll 
System\backend\node_modules\jest-circus\build\jestAdapterInit.js:861:11)
    at _runTestsForDescribeBlock (G:\Payroll 
System\backend\node_modules\jest-circus\build\jestAdapterInit.js:861:11)
    at run (G:\Payroll System\backend\node_modules\jest-circus\build\jestAdapterInit.js:765:3)
    at runAndTransformResultsToJestFormat (G:\Payroll 
System\backend\node_modules\jest-circus\build\jestAdapterInit.js:1993:21)
    at jestAdapter (G:\Payroll System\backend\node_modules\jest-circus\build\runner.js:111:19)
    at runTestInternal (G:\Payroll System\backend\node_modules\jest-runner\build\index.js:276:16)
    at runTest (G:\Payroll System\backend\node_modules\jest-runner\build\index.js:344:7)
PASS src/clients/enhanced-clients.spec.ts (7.233 s)
  ÔùÅ Console

    console.warn
      Database schema setup encountered issues - attempting to continue with existing schema

    [0m [90m 43 |[39m       })[33m;[39m
     [90m 44 |[39m     } [36mcatch[39m (error) {
    [31m[1m>[22m[39m[90m 45 |[39m       console[33m.[39mwarn([32m'Database schema setup 
encountered issues - attempting to continue with existing schema'[39m)[33m;[39m
     [90m    |[39m               [31m[1m^[22m[39m
     [90m 46 |[39m     }
     [90m 47 |[39m
     [90m 48 |[39m     [90m// Initialize Prisma client after schema is set up with timeout 
settings[39m[0m

      at Object.<anonymous> (src/test/setup.ts:45:15)

    console.log
      Ô£à Test database setup completed successfully

      at Object.<anonymous> (src/test/setup.ts:70:13)

    console.log
      Ô£à Test database cleanup completed

      at Object.<anonymous> (src/test/setup.ts:97:13)

PASS src/auth/controllers/client-user-test.spec.ts (7.172 s)
  ÔùÅ Console

    console.warn
      Database schema setup encountered issues - attempting to continue with existing schema

    [0m [90m 43 |[39m       })[33m;[39m
     [90m 44 |[39m     } [36mcatch[39m (error) {
    [31m[1m>[22m[39m[90m 45 |[39m       console[33m.[39mwarn([32m'Database schema setup 
encountered issues - attempting to continue with existing schema'[39m)[33m;[39m
     [90m    |[39m               [31m[1m^[22m[39m
     [90m 46 |[39m     }
     [90m 47 |[39m
     [90m 48 |[39m     [90m// Initialize Prisma client after schema is set up with timeout 
settings[39m[0m

      at Object.<anonymous> (src/test/setup.ts:45:15)

    console.log
      Ô£à Test database setup completed successfully

      at Object.<anonymous> (src/test/setup.ts:70:13)

    console.log
      Ô£à Test database cleanup completed

      at Object.<anonymous> (src/test/setup.ts:97:13)

PASS src/tests/property-tests/operations-command-center-kpi.spec.ts (7.342 s)
  ÔùÅ Console

    console.warn
      Database schema setup encountered issues - attempting to continue with existing schema

    [0m [90m 43 |[39m       })[33m;[39m
     [90m 44 |[39m     } [36mcatch[39m (error) {
    [31m[1m>[22m[39m[90m 45 |[39m       console[33m.[39mwarn([32m'Database schema setup 
encountered issues - attempting to continue with existing schema'[39m)[33m;[39m
     [90m    |[39m               [31m[1m^[22m[39m
     [90m 46 |[39m     }
     [90m 47 |[39m
     [90m 48 |[39m     [90m// Initialize Prisma client after schema is set up with timeout 
settings[39m[0m

      at Object.<anonymous> (src/test/setup.ts:45:15)

    console.log
      Ô£à Test database setup completed successfully

      at Object.<anonymous> (src/test/setup.ts:70:13)

    console.log
      Load test completed: 11 employees, 6 sites in 6ms (KPI calc: 0ms)

      at src/tests/property-tests/operations-command-center-kpi.spec.ts:379:21

    console.log
      Load test completed: 41 employees, 19 sites in 5ms (KPI calc: 1ms)

      at src/tests/property-tests/operations-command-center-kpi.spec.ts:379:21

    console.log
      Ô£à Test database cleanup completed

      at Object.<anonymous> (src/test/setup.ts:97:13)

PASS src/assignments/assignments.service.spec.ts (8.361 s)
  ÔùÅ Console

    console.warn
      Database schema setup encountered issues - attempting to continue with existing schema

    [0m [90m 43 |[39m       })[33m;[39m
     [90m 44 |[39m     } [36mcatch[39m (error) {
    [31m[1m>[22m[39m[90m 45 |[39m       console[33m.[39mwarn([32m'Database schema setup 
encountered issues - attempting to continue with existing schema'[39m)[33m;[39m
     [90m    |[39m               [31m[1m^[22m[39m
     [90m 46 |[39m     }
     [90m 47 |[39m
     [90m 48 |[39m     [90m// Initialize Prisma client after schema is set up with timeout 
settings[39m[0m

      at Object.<anonymous> (src/test/setup.ts:45:15)

    console.log
      Ô£à Test database setup completed successfully

      at Object.<anonymous> (src/test/setup.ts:70:13)

    console.log
      Ô£à Test database cleanup completed

      at Object.<anonymous> (src/test/setup.ts:97:13)

PASS src/supervisor-portal/supervisor-operational-consistency.property.spec.ts (9.347 s)
  ÔùÅ Console

    console.warn
      Database schema setup encountered issues - attempting to continue with existing schema

    [0m [90m 43 |[39m       })[33m;[39m
     [90m 44 |[39m     } [36mcatch[39m (error) {
    [31m[1m>[22m[39m[90m 45 |[39m       console[33m.[39mwarn([32m'Database schema setup 
encountered issues - attempting to continue with existing schema'[39m)[33m;[39m
     [90m    |[39m               [31m[1m^[22m[39m
     [90m 46 |[39m     }
     [90m 47 |[39m
     [90m 48 |[39m     [90m// Initialize Prisma client after schema is set up with timeout 
settings[39m[0m

      at Object.<anonymous> (src/test/setup.ts:45:15)

    console.log
      Ô£à Test database setup completed successfully

      at Object.<anonymous> (src/test/setup.ts:70:13)

    console.log
      Ô£à Test database cleanup completed

      at Object.<anonymous> (src/test/setup.ts:97:13)

PASS src/supervisor-portal/supervisor-portal.test.ts (9.999 s)
  ÔùÅ Console

    console.warn
      Database schema setup encountered issues - attempting to continue with existing schema

    [0m [90m 43 |[39m       })[33m;[39m
     [90m 44 |[39m     } [36mcatch[39m (error) {
    [31m[1m>[22m[39m[90m 45 |[39m       console[33m.[39mwarn([32m'Database schema setup 
encountered issues - attempting to continue with existing schema'[39m)[33m;[39m
     [90m    |[39m               [31m[1m^[22m[39m
     [90m 46 |[39m     }
     [90m 47 |[39m
     [90m 48 |[39m     [90m// Initialize Prisma client after schema is set up with timeout 
settings[39m[0m

      at Object.<anonymous> (src/test/setup.ts:45:15)

    console.log
      Ô£à Test database setup completed successfully

      at Object.<anonymous> (src/test/setup.ts:70:13)

    console.log
      Ô£à Test database cleanup completed

      at Object.<anonymous> (src/test/setup.ts:97:13)

PASS src/auth/auth.controller.spec.ts (8.11 s)
  ÔùÅ Console

    console.warn
      Database schema setup encountered issues - attempting to continue with existing schema

    [0m [90m 43 |[39m       })[33m;[39m
     [90m 44 |[39m     } [36mcatch[39m (error) {
    [31m[1m>[22m[39m[90m 45 |[39m       console[33m.[39mwarn([32m'Database schema setup 
encountered issues - attempting to continue with existing schema'[39m)[33m;[39m
     [90m    |[39m               [31m[1m^[22m[39m
     [90m 46 |[39m     }
     [90m 47 |[39m
     [90m 48 |[39m     [90m// Initialize Prisma client after schema is set up with timeout 
settings[39m[0m

      at Object.<anonymous> (src/test/setup.ts:45:15)

    console.log
      Ô£à Test database setup completed successfully

      at Object.<anonymous> (src/test/setup.ts:70:13)

    console.log
      Ô£à Test database cleanup completed

      at Object.<anonymous> (src/test/setup.ts:97:13)

PASS src/sites/sites.controller.spec.ts (8.511 s)
  ÔùÅ Console

    console.warn
      Database schema setup encountered issues - attempting to continue with existing schema

    [0m [90m 43 |[39m       })[33m;[39m
     [90m 44 |[39m     } [36mcatch[39m (error) {
    [31m[1m>[22m[39m[90m 45 |[39m       console[33m.[39mwarn([32m'Database schema setup 
encountered issues - attempting to continue with existing schema'[39m)[33m;[39m
     [90m    |[39m               [31m[1m^[22m[39m
     [90m 46 |[39m     }
     [90m 47 |[39m
     [90m 48 |[39m     [90m// Initialize Prisma client after schema is set up with timeout 
settings[39m[0m

      at Object.<anonymous> (src/test/setup.ts:45:15)

    console.log
      Ô£à Test database setup completed successfully

      at Object.<anonymous> (src/test/setup.ts:70:13)

    console.log
      Ô£à Test database cleanup completed

      at Object.<anonymous> (src/test/setup.ts:97:13)

PASS src/auth/controllers/user-management.controller.spec.ts (8.516 s)
  ÔùÅ Console

    console.warn
      Database schema setup encountered issues - attempting to continue with existing schema

    [0m [90m 43 |[39m       })[33m;[39m
     [90m 44 |[39m     } [36mcatch[39m (error) {
    [31m[1m>[22m[39m[90m 45 |[39m       console[33m.[39mwarn([32m'Database schema setup 
encountered issues - attempting to continue with existing schema'[39m)[33m;[39m
     [90m    |[39m               [31m[1m^[22m[39m
     [90m 46 |[39m     }
     [90m 47 |[39m
     [90m 48 |[39m     [90m// Initialize Prisma client after schema is set up with timeout 
settings[39m[0m

      at Object.<anonymous> (src/test/setup.ts:45:15)

    console.log
      Ô£à Test database setup completed successfully

      at Object.<anonymous> (src/test/setup.ts:70:13)

    console.log
      Ô£à Test database cleanup completed

      at Object.<anonymous> (src/test/setup.ts:97:13)

PASS src/employees/employees.controller.spec.ts (7.919 s)
  ÔùÅ Console

    console.warn
      Database schema setup encountered issues - attempting to continue with existing schema

    [0m [90m 43 |[39m       })[33m;[39m
     [90m 44 |[39m     } [36mcatch[39m (error) {
    [31m[1m>[22m[39m[90m 45 |[39m       console[33m.[39mwarn([32m'Database schema setup 
encountered issues - attempting to continue with existing schema'[39m)[33m;[39m
     [90m    |[39m               [31m[1m^[22m[39m
     [90m 46 |[39m     }
     [90m 47 |[39m
     [90m 48 |[39m     [90m// Initialize Prisma client after schema is set up with timeout 
settings[39m[0m

      at Object.<anonymous> (src/test/setup.ts:45:15)

    console.log
      Ô£à Test database setup completed successfully

      at Object.<anonymous> (src/test/setup.ts:70:13)

    console.log
      Ô£à Test database cleanup completed

      at Object.<anonymous> (src/test/setup.ts:97:13)

PASS src/common/utils/date-validation.util.spec.ts (8.856 s)
  ÔùÅ Console

    console.warn
      Database schema setup encountered issues - attempting to continue with existing schema

    [0m [90m 43 |[39m       })[33m;[39m
     [90m 44 |[39m     } [36mcatch[39m (error) {
    [31m[1m>[22m[39m[90m 45 |[39m       console[33m.[39mwarn([32m'Database schema setup 
encountered issues - attempting to continue with existing schema'[39m)[33m;[39m
     [90m    |[39m               [31m[1m^[22m[39m
     [90m 46 |[39m     }
     [90m 47 |[39m
     [90m 48 |[39m     [90m// Initialize Prisma client after schema is set up with timeout 
settings[39m[0m

      at Object.<anonymous> (src/test/setup.ts:45:15)

    console.log
      Ô£à Test database setup completed successfully

      at Object.<anonymous> (src/test/setup.ts:70:13)

    console.log
      Ô£à Test database cleanup completed

      at Object.<anonymous> (src/test/setup.ts:97:13)

PASS src/auth/rbac/rbac.service.spec.ts (8.125 s)
  ÔùÅ Console

    console.warn
      Database schema setup encountered issues - attempting to continue with existing schema

    [0m [90m 43 |[39m       })[33m;[39m
     [90m 44 |[39m     } [36mcatch[39m (error) {
    [31m[1m>[22m[39m[90m 45 |[39m       console[33m.[39mwarn([32m'Database schema setup 
encountered issues - attempting to continue with existing schema'[39m)[33m;[39m
     [90m    |[39m               [31m[1m^[22m[39m
     [90m 46 |[39m     }
     [90m 47 |[39m
     [90m 48 |[39m     [90m// Initialize Prisma client after schema is set up with timeout 
settings[39m[0m

      at Object.<anonymous> (src/test/setup.ts:45:15)

    console.log
      Ô£à Test database setup completed successfully

      at Object.<anonymous> (src/test/setup.ts:70:13)

    console.log
      Ô£à Test database cleanup completed

      at Object.<anonymous> (src/test/setup.ts:97:13)

[31m[Nest] 20228  - [39m27/08/2026, 10:23:14 pm [31m  ERROR[39m [38;5;3m[ClientsService] 
[39m[31mDatabase error[39m
Error: Database error
    at Object.<anonymous> (G:\Payroll System\backend\src\clients\clients.service.spec.ts:125:21)
    at Promise.finally.completed (G:\Payroll 
System\backend\node_modules\jest-circus\build\jestAdapterInit.js:1561:28)
    at new Promise (<anonymous>)
    at callAsyncCircusFn (G:\Payroll 
System\backend\node_modules\jest-circus\build\jestAdapterInit.js:1501:10)
    at _callCircusTest (G:\Payroll 
System\backend\node_modules\jest-circus\build\jestAdapterInit.js:1011:40)
    at processTicksAndRejections (node:internal/process/task_queues:104:5)
    at _runTest (G:\Payroll System\backend\node_modules\jest-circus\build\jestAdapterInit.js:951:3)
    at G:\Payroll System\backend\node_modules\jest-circus\build\jestAdapterInit.js:853:7
    at _runTestsForDescribeBlock (G:\Payroll 
System\backend\node_modules\jest-circus\build\jestAdapterInit.js:866:11)
    at _runTestsForDescribeBlock (G:\Payroll 
System\backend\node_modules\jest-circus\build\jestAdapterInit.js:861:11)
    at _runTestsForDescribeBlock (G:\Payroll 
System\backend\node_modules\jest-circus\build\jestAdapterInit.js:861:11)
    at run (G:\Payroll System\backend\node_modules\jest-circus\build\jestAdapterInit.js:765:3)
    at runAndTransformResultsToJestFormat (G:\Payroll 
System\backend\node_modules\jest-circus\build\jestAdapterInit.js:1993:21)
    at jestAdapter (G:\Payroll System\backend\node_modules\jest-circus\build\runner.js:111:19)
    at runTestInternal (G:\Payroll System\backend\node_modules\jest-runner\build\index.js:276:16)
    at runTest (G:\Payroll System\backend\node_modules\jest-runner\build\index.js:344:7)
[31m[Nest] 20228  - [39m27/08/2026, 10:23:14 pm [31m  ERROR[39m [38;5;3m[ClientsService] 
[39m[31mDatabase error[39m
Error: Database error
    at Object.<anonymous> (G:\Payroll System\backend\src\clients\clients.service.spec.ts:167:21)
    at Promise.finally.completed (G:\Payroll 
System\backend\node_modules\jest-circus\build\jestAdapterInit.js:1561:28)
    at new Promise (<anonymous>)
    at callAsyncCircusFn (G:\Payroll 
System\backend\node_modules\jest-circus\build\jestAdapterInit.js:1501:10)
    at _callCircusTest (G:\Payroll 
System\backend\node_modules\jest-circus\build\jestAdapterInit.js:1011:40)
    at processTicksAndRejections (node:internal/process/task_queues:104:5)
    at _runTest (G:\Payroll System\backend\node_modules\jest-circus\build\jestAdapterInit.js:951:3)
    at G:\Payroll System\backend\node_modules\jest-circus\build\jestAdapterInit.js:853:7
    at _runTestsForDescribeBlock (G:\Payroll 
System\backend\node_modules\jest-circus\build\jestAdapterInit.js:866:11)
    at _runTestsForDescribeBlock (G:\Payroll 
System\backend\node_modules\jest-circus\build\jestAdapterInit.js:861:11)
    at _runTestsForDescribeBlock (G:\Payroll 
System\backend\node_modules\jest-circus\build\jestAdapterInit.js:861:11)
    at run (G:\Payroll System\backend\node_modules\jest-circus\build\jestAdapterInit.js:765:3)
    at runAndTransformResultsToJestFormat (G:\Payroll 
System\backend\node_modules\jest-circus\build\jestAdapterInit.js:1993:21)
    at jestAdapter (G:\Payroll System\backend\node_modules\jest-circus\build\runner.js:111:19)
    at runTestInternal (G:\Payroll System\backend\node_modules\jest-runner\build\index.js:276:16)
    at runTest (G:\Payroll System\backend\node_modules\jest-runner\build\index.js:344:7)
[31m[Nest] 20228  - [39m27/08/2026, 10:23:15 pm [31m  ERROR[39m [38;5;3m[ClientsService] 
[39m[31mFailed to update client: Client with ID client-1 not found[39m
Error: Client with ID client-1 not found
    at Object.<anonymous> (G:\Payroll System\backend\src\clients\clients.service.spec.ts:227:21)
    at Promise.finally.completed (G:\Payroll 
System\backend\node_modules\jest-circus\build\jestAdapterInit.js:1561:28)
    at new Promise (<anonymous>)
    at callAsyncCircusFn (G:\Payroll 
System\backend\node_modules\jest-circus\build\jestAdapterInit.js:1501:10)
    at _callCircusTest (G:\Payroll 
System\backend\node_modules\jest-circus\build\jestAdapterInit.js:1011:40)
    at processTicksAndRejections (node:internal/process/task_queues:104:5)
    at _runTest (G:\Payroll System\backend\node_modules\jest-circus\build\jestAdapterInit.js:951:3)
    at G:\Payroll System\backend\node_modules\jest-circus\build\jestAdapterInit.js:853:7
    at _runTestsForDescribeBlock (G:\Payroll 
System\backend\node_modules\jest-circus\build\jestAdapterInit.js:866:11)
    at _runTestsForDescribeBlock (G:\Payroll 
System\backend\node_modules\jest-circus\build\jestAdapterInit.js:861:11)
    at _runTestsForDescribeBlock (G:\Payroll 
System\backend\node_modules\jest-circus\build\jestAdapterInit.js:861:11)
    at run (G:\Payroll System\backend\node_modules\jest-circus\build\jestAdapterInit.js:765:3)
    at runAndTransformResultsToJestFormat (G:\Payroll 
System\backend\node_modules\jest-circus\build\jestAdapterInit.js:1993:21)
    at jestAdapter (G:\Payroll System\backend\node_modules\jest-circus\build\runner.js:111:19)
    at runTestInternal (G:\Payroll System\backend\node_modules\jest-runner\build\index.js:276:16)
    at runTest (G:\Payroll System\backend\node_modules\jest-runner\build\index.js:344:7)
[31m[Nest] 20228  - [39m27/08/2026, 10:23:15 pm [31m  ERROR[39m [38;5;3m[ClientsService] 
[39m[31mFailed to delete client: Client with ID client-1 not found[39m
Error: Client with ID client-1 not found
    at Object.<anonymous> (G:\Payroll System\backend\src\clients\clients.service.spec.ts:246:21)
    at Promise.finally.completed (G:\Payroll 
System\backend\node_modules\jest-circus\build\jestAdapterInit.js:1561:28)
    at new Promise (<anonymous>)
    at callAsyncCircusFn (G:\Payroll 
System\backend\node_modules\jest-circus\build\jestAdapterInit.js:1501:10)
    at _callCircusTest (G:\Payroll 
System\backend\node_modules\jest-circus\build\jestAdapterInit.js:1011:40)
    at processTicksAndRejections (node:internal/process/task_queues:104:5)
    at _runTest (G:\Payroll System\backend\node_modules\jest-circus\build\jestAdapterInit.js:951:3)
    at G:\Payroll System\backend\node_modules\jest-circus\build\jestAdapterInit.js:853:7
    at _runTestsForDescribeBlock (G:\Payroll 
System\backend\node_modules\jest-circus\build\jestAdapterInit.js:866:11)
    at _runTestsForDescribeBlock (G:\Payroll 
System\backend\node_modules\jest-circus\build\jestAdapterInit.js:861:11)
    at _runTestsForDescribeBlock (G:\Payroll 
System\backend\node_modules\jest-circus\build\jestAdapterInit.js:861:11)
    at run (G:\Payroll System\backend\node_modules\jest-circus\build\jestAdapterInit.js:765:3)
    at runAndTransformResultsToJestFormat (G:\Payroll 
System\backend\node_modules\jest-circus\build\jestAdapterInit.js:1993:21)
    at jestAdapter (G:\Payroll System\backend\node_modules\jest-circus\build\runner.js:111:19)
    at runTestInternal (G:\Payroll System\backend\node_modules\jest-runner\build\index.js:276:16)
    at runTest (G:\Payroll System\backend\node_modules\jest-runner\build\index.js:344:7)
[31m[Nest] 20228  - [39m27/08/2026, 10:23:15 pm [31m  ERROR[39m [38;5;3m[ClientsService] 
[39m[31mDatabase error[39m
Error: Database error
    at Object.<anonymous> (G:\Payroll System\backend\src\clients\clients.service.spec.ts:272:21)
    at Promise.finally.completed (G:\Payroll 
System\backend\node_modules\jest-circus\build\jestAdapterInit.js:1561:28)
    at new Promise (<anonymous>)
    at callAsyncCircusFn (G:\Payroll 
System\backend\node_modules\jest-circus\build\jestAdapterInit.js:1501:10)
    at _callCircusTest (G:\Payroll 
System\backend\node_modules\jest-circus\build\jestAdapterInit.js:1011:40)
    at processTicksAndRejections (node:internal/process/task_queues:104:5)
    at _runTest (G:\Payroll System\backend\node_modules\jest-circus\build\jestAdapterInit.js:951:3)
    at G:\Payroll System\backend\node_modules\jest-circus\build\jestAdapterInit.js:853:7
    at _runTestsForDescribeBlock (G:\Payroll 
System\backend\node_modules\jest-circus\build\jestAdapterInit.js:866:11)
    at _runTestsForDescribeBlock (G:\Payroll 
System\backend\node_modules\jest-circus\build\jestAdapterInit.js:861:11)
    at _runTestsForDescribeBlock (G:\Payroll 
System\backend\node_modules\jest-circus\build\jestAdapterInit.js:861:11)
    at run (G:\Payroll System\backend\node_modules\jest-circus\build\jestAdapterInit.js:765:3)
    at runAndTransformResultsToJestFormat (G:\Payroll 
System\backend\node_modules\jest-circus\build\jestAdapterInit.js:1993:21)
    at jestAdapter (G:\Payroll System\backend\node_modules\jest-circus\build\runner.js:111:19)
    at runTestInternal (G:\Payroll System\backend\node_modules\jest-runner\build\index.js:276:16)
    at runTest (G:\Payroll System\backend\node_modules\jest-runner\build\index.js:344:7)
[31m[Nest] 20228  - [39m27/08/2026, 10:23:15 pm [31m  ERROR[39m [38;5;3m[ClientsService] 
[39m[31mDatabase error[39m
Error: Database error
    at Object.<anonymous> (G:\Payroll System\backend\src\clients\clients.service.spec.ts:301:21)
    at Promise.finally.completed (G:\Payroll 
System\backend\node_modules\jest-circus\build\jestAdapterInit.js:1561:28)
    at new Promise (<anonymous>)
    at callAsyncCircusFn (G:\Payroll 
System\backend\node_modules\jest-circus\build\jestAdapterInit.js:1501:10)
    at _callCircusTest (G:\Payroll 
System\backend\node_modules\jest-circus\build\jestAdapterInit.js:1011:40)
    at processTicksAndRejections (node:internal/process/task_queues:104:5)
    at _runTest (G:\Payroll System\backend\node_modules\jest-circus\build\jestAdapterInit.js:951:3)
    at G:\Payroll System\backend\node_modules\jest-circus\build\jestAdapterInit.js:853:7
    at _runTestsForDescribeBlock (G:\Payroll 
System\backend\node_modules\jest-circus\build\jestAdapterInit.js:866:11)
    at _runTestsForDescribeBlock (G:\Payroll 
System\backend\node_modules\jest-circus\build\jestAdapterInit.js:861:11)
    at _runTestsForDescribeBlock (G:\Payroll 
System\backend\node_modules\jest-circus\build\jestAdapterInit.js:861:11)
    at run (G:\Payroll System\backend\node_modules\jest-circus\build\jestAdapterInit.js:765:3)
    at runAndTransformResultsToJestFormat (G:\Payroll 
System\backend\node_modules\jest-circus\build\jestAdapterInit.js:1993:21)
    at jestAdapter (G:\Payroll System\backend\node_modules\jest-circus\build\runner.js:111:19)
    at runTestInternal (G:\Payroll System\backend\node_modules\jest-runner\build\index.js:276:16)
    at runTest (G:\Payroll System\backend\node_modules\jest-runner\build\index.js:344:7)
[31m[Nest] 20228  - [39m27/08/2026, 10:23:15 pm [31m  ERROR[39m [38;5;3m[ClientsService] 
[39m[31mDatabase error[39m
Error: Database error
    at Object.<anonymous> (G:\Payroll System\backend\src\clients\clients.service.spec.ts:320:21)
    at Promise.finally.completed (G:\Payroll 
System\backend\node_modules\jest-circus\build\jestAdapterInit.js:1561:28)
    at new Promise (<anonymous>)
    at callAsyncCircusFn (G:\Payroll 
System\backend\node_modules\jest-circus\build\jestAdapterInit.js:1501:10)
    at _callCircusTest (G:\Payroll 
System\backend\node_modules\jest-circus\build\jestAdapterInit.js:1011:40)
    at processTicksAndRejections (node:internal/process/task_queues:104:5)
    at _runTest (G:\Payroll System\backend\node_modules\jest-circus\build\jestAdapterInit.js:951:3)
    at G:\Payroll System\backend\node_modules\jest-circus\build\jestAdapterInit.js:853:7
    at _runTestsForDescribeBlock (G:\Payroll 
System\backend\node_modules\jest-circus\build\jestAdapterInit.js:866:11)
    at _runTestsForDescribeBlock (G:\Payroll 
System\backend\node_modules\jest-circus\build\jestAdapterInit.js:861:11)
    at _runTestsForDescribeBlock (G:\Payroll 
System\backend\node_modules\jest-circus\build\jestAdapterInit.js:861:11)
    at run (G:\Payroll System\backend\node_modules\jest-circus\build\jestAdapterInit.js:765:3)
    at runAndTransformResultsToJestFormat (G:\Payroll 
System\backend\node_modules\jest-circus\build\jestAdapterInit.js:1993:21)
    at jestAdapter (G:\Payroll System\backend\node_modules\jest-circus\build\runner.js:111:19)
    at runTestInternal (G:\Payroll System\backend\node_modules\jest-runner\build\index.js:276:16)
    at runTest (G:\Payroll System\backend\node_modules\jest-runner\build\index.js:344:7)
PASS src/clients/clients.service.spec.ts (8.554 s)
  ÔùÅ Console

    console.warn
      Database schema setup encountered issues - attempting to continue with existing schema

    [0m [90m 43 |[39m       })[33m;[39m
     [90m 44 |[39m     } [36mcatch[39m (error) {
    [31m[1m>[22m[39m[90m 45 |[39m       console[33m.[39mwarn([32m'Database schema setup 
encountered issues - attempting to continue with existing schema'[39m)[33m;[39m
     [90m    |[39m               [31m[1m^[22m[39m
     [90m 46 |[39m     }
     [90m 47 |[39m
     [90m 48 |[39m     [90m// Initialize Prisma client after schema is set up with timeout 
settings[39m[0m

      at Object.<anonymous> (src/test/setup.ts:45:15)

    console.log
      Ô£à Test database setup completed successfully

      at Object.<anonymous> (src/test/setup.ts:70:13)

    console.log
      Ô£à Test database cleanup completed

      at Object.<anonymous> (src/test/setup.ts:97:13)

PASS src/payroll/services/payroll-policy.service.spec.ts (6.517 s)
  ÔùÅ Console

    console.warn
      Database schema setup encountered issues - attempting to continue with existing schema

    [0m [90m 43 |[39m       })[33m;[39m
     [90m 44 |[39m     } [36mcatch[39m (error) {
    [31m[1m>[22m[39m[90m 45 |[39m       console[33m.[39mwarn([32m'Database schema setup 
encountered issues - attempting to continue with existing schema'[39m)[33m;[39m
     [90m    |[39m               [31m[1m^[22m[39m
     [90m 46 |[39m     }
     [90m 47 |[39m
     [90m 48 |[39m     [90m// Initialize Prisma client after schema is set up with timeout 
settings[39m[0m

      at Object.<anonymous> (src/test/setup.ts:45:15)

    console.log
      Ô£à Test database setup completed successfully

      at Object.<anonymous> (src/test/setup.ts:70:13)

    console.log
      Ô£à Test database cleanup completed

      at Object.<anonymous> (src/test/setup.ts:97:13)

PASS src/auth/rbac/resource-authorization.service.spec.ts (7.691 s)
  ÔùÅ Console

    console.warn
      Database schema setup encountered issues - attempting to continue with existing schema

    [0m [90m 43 |[39m       })[33m;[39m
     [90m 44 |[39m     } [36mcatch[39m (error) {
    [31m[1m>[22m[39m[90m 45 |[39m       console[33m.[39mwarn([32m'Database schema setup 
encountered issues - attempting to continue with existing schema'[39m)[33m;[39m
     [90m    |[39m               [31m[1m^[22m[39m
     [90m 46 |[39m     }
     [90m 47 |[39m
     [90m 48 |[39m     [90m// Initialize Prisma client after schema is set up with timeout 
settings[39m[0m

      at Object.<anonymous> (src/test/setup.ts:45:15)

    console.log
      Ô£à Test database setup completed successfully

      at Object.<anonymous> (src/test/setup.ts:70:13)

    console.log
      Ô£à Test database cleanup completed

      at Object.<anonymous> (src/test/setup.ts:97:13)

PASS src/test/prisma-models.test.ts (7.791 s)
  ÔùÅ Console

    console.warn
      Database schema setup encountered issues - attempting to continue with existing schema

    [0m [90m 43 |[39m       })[33m;[39m
     [90m 44 |[39m     } [36mcatch[39m (error) {
    [31m[1m>[22m[39m[90m 45 |[39m       console[33m.[39mwarn([32m'Database schema setup 
encountered issues - attempting to continue with existing schema'[39m)[33m;[39m
     [90m    |[39m               [31m[1m^[22m[39m
     [90m 46 |[39m     }
     [90m 47 |[39m
     [90m 48 |[39m     [90m// Initialize Prisma client after schema is set up with timeout 
settings[39m[0m

      at Object.<anonymous> (src/test/setup.ts:45:15)

    console.log
      Ô£à Test database setup completed successfully

      at Object.<anonymous> (src/test/setup.ts:70:13)

    console.log
      PrismaService: PrismaService {
        logger: Logger { context: 'PrismaService', options: {} },
        prismaClient: {
          _originalClient: {
            _originalClient: [Object],
            _runtimeDataModel: [Object],
            _requestHandler: [zr [RequestHandler]],
            _connectionPromise: undefined,
            _disconnectionPromise: undefined,
            _engineConfig: [Object],
            _accelerateEngineConfig: [Object],
            _clientVersion: '7.8.0',
            _errorFormat: 'pretty',
            _tracingHelper: fi {},
            _previewFeatures: [Array],
            _activeProvider: 'postgresql',
            _globalOmit: undefined,
            _extensions: [e],
            _engine: [jt],
            _appliedParent: [Object],
            _createPrismaPromise: [Function (anonymous)],
            '$extends': [Function: Ho]
          },
          _runtimeDataModel: { models: [Object], enums: {}, types: {} },
          _requestHandler: zr [RequestHandler] {
            client: [Object],
            dataloader: [Jr [DataLoader]],
            logEmitter: [EventEmitter]
          },
          _connectionPromise: undefined,
          _disconnectionPromise: undefined,
          _engineConfig: {
            enableDebugLogs: false,
            logLevel: 'error',
            logQueries: false,
            compilerWasm: [Object],
            clientVersion: '7.8.0',
            previewFeatures: [Array],
            activeProvider: 'postgresql',
            inlineSchema: 'generator client {\n' +
              '  provider        = "prisma-client-js"\n' +
              '  previewFeatures = ["partialIndexes"]\n' +
              '}\n' +
              '\n' +
              'datasource db {\n' +
              '  provider = "postgresql"\n' +
              '}\n' +
              '\n' +
              '/// This model contains row level security and requires additional setup for migrations. 
Visit https://pris.ly/d/row-level-security for more info.\n' +
              'model assignments {\n' +
              '  id               String           @id @db.Uuid\n' +
              '  employee_id      String           @db.Uuid\n' +
              '  site_id          String           @db.Uuid\n' +
              '  role             String           @db.VarChar(50)\n' +
              '  responsibilities Json?\n' +
              '  hourly_rate      String           @db.VarChar(500)\n' +
              '  status           AssignmentStatus @default(ACTIVE)\n' +
              '  start_date       DateTime         @db.Date\n' +
              '  end_date         DateTime?        @db.Date\n' +
              '  created_at       DateTime         @default(now()) @db.Timestamptz(6)\n' +
              '  updated_at       DateTime         @db.Timestamptz(6)\n' +
              '  hourly_rate_iv   String           @db.VarChar(32)\n' +
              '  hourly_rate_tag  String           @db.VarChar(32)\n' +
              '  employees        employees        @relation(fields: [employee_id], references: [id], 
onDelete: Cascade)\n' +
              '  sites            sites            @relation(fields: [site_id], references: [id], 
onDelete: Cascade)\n' +
              '  shifts           shifts[]\n' +
              '\n' +
              '  @@index([employee_id])\n' +
              '  @@index([site_id])\n' +
              '  @@index([status])\n' +
              '  @@index([employee_id, site_id], map: "idx_assignments_employee_site_rls", where: 
raw("((employee_id IS NOT NULL) AND (site_id IS NOT NULL))"))\n' +
              '}\n' +
              '\n' +
              '/// This model contains row level security and requires additional setup for migrations. 
Visit https://pris.ly/d/row-level-security for more info.\n' +
              'model attendance {\n' +
              '  id                String           @id @db.Uuid\n' +
              '  employee_id       String           @db.Uuid\n' +
              '  shift_id          String           @db.Uuid\n' +
              '  clock_in          DateTime?        @db.Timestamptz(6)\n' +
              '  clock_out         DateTime?        @db.Timestamptz(6)\n' +
              '  location_data     Json?\n' +
              '  status            AttendanceStatus @default(PENDING)\n' +
              '  verification_data Json?\n' +
              '  notes             String?\n' +
              '  created_at        DateTime         @default(now()) @db.Timestamptz(6)\n' +
              '  updated_at        DateTime         @db.Timestamptz(6)\n' +
              '  employees         employees        @relation(fields: [employee_id], references: [id], 
onDelete: Cascade)\n' +
              '  shifts            shifts           @relation(fields: [shift_id], references: [id], 
onDelete: Cascade)\n' +
              '\n' +
              '  @@index([clock_in])\n' +
              '  @@index([employee_id])\n' +
              '  @@index([shift_id])\n' +
              '  @@index([status])\n' +
              '}\n' +
              '\n' +
              '/// This model contains row level security and requires additional setup for migrations. 
Visit https://pris.ly/d/row-level-security for more info.\n' +
              'model clients {\n' +
              '  id                  String                  @id @db.Uuid\n' +
              '  company_id          String                  @db.Uuid\n' +
              '  name                String                  @db.VarChar(100)\n' +
              '  contact_email       String                  @db.VarChar(255)\n' +
              '  contact_info        Json?\n' +
              '  contract_status     ContractStatus          @default(ACTIVE)\n' +
              '  contract_start      DateTime?               @db.Date\n' +
              '  contract_end        DateTime?               @db.Date\n' +
              '  billing_preferences Json?\n' +
              '  created_at          DateTime                @default(now()) @db.Timestamptz(6)\n' +
              '  updated_at          DateTime                @db.Timestamptz(6)\n' +
              '  company_size        String?\n' +
              '  industry            String?\n' +
              '  organization_type   ClientOrganizationType?\n' +
              '  tags                String[]                @default([])\n' +
              '  companies           companies               @relation(fields: [company_id], references: 
[id], onDelete: Cascade)\n' +
              '  contracts           contracts[]\n' +
              '  invoices            invoices[]\n' +
              '  sites               sites[]\n' +
              '\n' +
              '  @@index([company_id, contract_status])\n' +
              '  @@index([company_id])\n' +
              '  @@index([company_id], map: "idx_clients_company_id_rls", where: raw("(company_id IS NOT 
NULL)"))\n' +
              '  @@index([organization_type], map: "idx_clients_organization_type")\n' +
              '}\n' +
              '\n' +
              '/// This model contains row level security and requires additional setup for migrations. 
Visit https://pris.ly/d/row-level-security for more info.\n' +
              'model companies {\n' +
              '  id              String            @id @db.Uuid\n' +
              '  name            String            @db.VarChar(100)\n' +
              '  slug            String            @unique @db.VarChar(50)\n' +
              '  settings        Json?\n' +
              '  branding        Json?\n' +
              '  created_at      DateTime          @default(now()) @db.Timestamptz(6)\n' +
              '  updated_at      DateTime          @db.Timestamptz(6)\n' +
              '  clients         clients[]\n' +
              '  employees       employees[]\n' +
              '  payroll_runs    payroll_runs[]\n' +
              '  shift_templates shift_templates[]\n' +
              '  users           users[]\n' +
              '}\n' +
              '\n' +
              'model contracts {\n' +
              '  id                  String         @id @default(dbgenerated("gen_random_uuid()")) 
@db.Uuid\n' +
              '  client_id           String         @db.Uuid\n' +
              '  contract_number     String         @db.VarChar(50)\n' +
              '  title               String         @db.VarChar(200)\n' +
              '  description         String?\n' +
              '  status              ContractStatus @default(ACTIVE)\n' +
              '  start_date          DateTime       @db.Date\n' +
              '  end_date            DateTime?      @db.Date\n' +
              '  service_definitions Json?\n' +
              '  billing_preferences Json?\n' +
              '  contract_value      Decimal?       @db.Decimal(15, 2)\n' +
              '  created_at          DateTime       @default(now()) @db.Timestamptz(6)\n' +
              '  updated_at          DateTime       @default(now()) @db.Timestamptz(6)\n' +
              '  clients             clients        @relation(fields: [client_id], references: [id], 
onDelete: Cascade, onUpdate: NoAction)\n' +
              '  sites               sites[]\n' +
              '\n' +
              '  @@unique([client_id, contract_number])\n' +
              '  @@index([client_id], map: "idx_contracts_client_id")\n' +
              '  @@index([client_id], map: "idx_contracts_client_id_rls", where: raw("(client_id IS NOT 
NULL)"))\n' +
              '  @@index([status], map: "idx_contracts_status")\n' +
              '}\n' +
              '\n' +
              '/// This model contains row level security and requires additional setup for migrations. 
Visit https://pris.ly/d/row-level-security for more info.\n' +
              'model employees {\n' +
              '  id                   String                @id @db.Uuid\n' +
              '  company_id           String                @db.Uuid\n' +
              '  employee_number      String                @db.VarChar(20)\n' +
              '  first_name           String                @db.VarChar(50)\n' +
              '  last_name            String                @db.VarChar(50)\n' +
              '  email                String?               @db.VarChar(500)\n' +
              '  phone                String?               @db.VarChar(500)\n' +
              '  address              Json?\n' +
              '  certifications       Json?\n' +
              '  skills               String[]              @db.VarChar(50)\n' +
              '  employment_status    EmploymentStatus      @default(ACTIVE)\n' +
              '  hire_date            DateTime              @db.Date\n' +
              '  termination_date     DateTime?             @db.Date\n' +
              '  created_at           DateTime              @default(now()) @db.Timestamptz(6)\n' +
              '  updated_at           DateTime              @db.Timestamptz(6)\n' +
              '  aadhaar_number       String?               @db.VarChar(500)\n' +
              '  metadata             Json?\n' +
              '  pan_number           String?               @db.VarChar(500)\n' +
              '  aadhaar_iv           String?               @db.VarChar(32)\n' +
              '  aadhaar_tag          String?               @db.VarChar(32)\n' +
              '  email_iv             String?               @db.VarChar(32)\n' +
              '  email_tag            String?               @db.VarChar(32)\n' +
              '  pan_iv               String?               @db.VarChar(32)\n' +
              '  pan_tag              String?               @db.VarChar(32)\n' +
              '  phone_iv             String?               @db.VarChar(32)\n' +
              '  phone_tag            String?               @db.VarChar(32)\n' +
              '  account_number       String?               @db.VarChar(500)\n' +
              '  account_number_iv    String?               @db.VarChar(32)\n' +
              '  account_number_tag   String?               @db.VarChar(32)\n' +
              '  account_type         AccountType           @default(SAVINGS)\n' +
              '  bank_name            String?               @db.VarChar(500)\n' +
              '  bank_name_iv         String?               @db.VarChar(32)\n' +
              '  bank_name_tag        String?               @db.VarChar(32)\n' +
              '  basic_salary         String?               @db.VarChar(500)\n' +
              '  basic_salary_iv      String?               @db.VarChar(32)\n' +
              '  basic_salary_tag     String?               @db.VarChar(32)\n' +
              '  date_of_birth        DateTime?             @db.Date\n' +
              '  epf_applicable       Boolean               @default(true)\n' +
              '  esic_applicable      Boolean               @default(true)\n' +
              '  esic_number          String?               @db.VarChar(500)\n' +
              '  esic_number_iv       String?               @db.VarChar(32)\n' +
              '  esic_number_tag      String?               @db.VarChar(32)\n' +
              '  gross_salary         String?               @db.VarChar(500)\n' +
              '  gross_salary_iv      String?               @db.VarChar(32)\n' +
              '  gross_salary_tag     String?               @db.VarChar(32)\n' +
              '  hra_amount           String?               @db.VarChar(500)\n' +
              '  hra_amount_iv        String?               @db.VarChar(32)\n' +
              '  hra_amount_tag       String?               @db.VarChar(32)\n' +
              '  ifsc_code            String?               @db.VarChar(500)\n' +
              '  ifsc_code_iv         String?               @db.VarChar(32)\n' +
              '  ifsc_code_tag        String?               @db.VarChar(32)\n' +
              '  other_allowances     String?               @db.VarChar(500)\n' +
              '  other_allowances_iv  String?               @db.VarChar(32)\n' +
              '  other_allowances_tag String?               @db.VarChar(32)\n' +
              '  pt_applicable        Boolean               @default(true)\n' +
              '  salary_type          SalaryType            @default(MONTHLY)\n' +
              '  tds_applicable       Boolean               @default(true)\n' +
              '  uan_number           String?               @db.VarChar(500)\n' +
              '  uan_number_iv        String?               @db.VarChar(32)\n' +
              '  uan_number_tag       String?               @db.VarChar(32)\n' +
              '  assignments          assignments[]\n' +
              '  attendance           attendance[]\n' +
              '  companies            companies             @relation(fields: [company_id], references: 
[id], onDelete: Cascade)\n' +
              '  payroll_items        payroll_items[]\n' +
              '  shift_notifications  shift_notifications[]\n' +
              '\n' +
              '  @@unique([company_id, employee_number])\n' +
              '  @@index([company_id, employment_status])\n' +
              '  @@index([company_id])\n' +
              '  @@index([skills])\n' +
              '  @@index([company_id], map: "idx_employees_company_id_rls", where: raw("(company_id IS 
NOT NULL)"))\n' +
              '}\n' +
              '\n' +
              '/// This model contains row level security and requires additional setup for migrations. 
Visit https://pris.ly/d/row-level-security for more info.\n' +
              'model invoices {\n' +
              '  id                   String        @id @db.Uuid\n' +
              '  client'... 11023 more characters,
            tracingHelper: fi {},
            transactionOptions: [Object],
            logEmitter: [EventEmitter],
            adapter: [PrismaPgAdapterFactory],
            accelerateUrl: undefined,
            sqlCommenters: undefined,
            parameterizationSchema: [Object],
            runtimeDataModel: [Object],
            queryPlanCacheMaxSize: undefined
          },
          _accelerateEngineConfig: { accelerateUtils: [Object] },
          _clientVersion: '7.8.0',
          _errorFormat: 'pretty',
          _tracingHelper: fi {},
          _previewFeatures: [ 'partialIndexes' ],
          _activeProvider: 'postgresql',
          _globalOmit: undefined,
          _extensions: e { head: undefined },
          _engine: jt {
            name: 'ClientEngine',
            config: [Object],
            datamodel: 'generator client {\n' +
              '  provider        = "prisma-client-js"\n' +
              '  previewFeatures = ["partialIndexes"]\n' +
              '}\n' +
              '\n' +
              'datasource db {\n' +
              '  provider = "postgresql"\n' +
              '}\n' +
              '\n' +
              '/// This model contains row level security and requires additional setup for migrations. 
Visit https://pris.ly/d/row-level-security for more info.\n' +
              'model assignments {\n' +
              '  id               String           @id @db.Uuid\n' +
              '  employee_id      String           @db.Uuid\n' +
              '  site_id          String           @db.Uuid\n' +
              '  role             String           @db.VarChar(50)\n' +
              '  responsibilities Json?\n' +
              '  hourly_rate      String           @db.VarChar(500)\n' +
              '  status           AssignmentStatus @default(ACTIVE)\n' +
              '  start_date       DateTime         @db.Date\n' +
              '  end_date         DateTime?        @db.Date\n' +
              '  created_at       DateTime         @default(now()) @db.Timestamptz(6)\n' +
              '  updated_at       DateTime         @db.Timestamptz(6)\n' +
              '  hourly_rate_iv   String           @db.VarChar(32)\n' +
              '  hourly_rate_tag  String           @db.VarChar(32)\n' +
              '  employees        employees        @relation(fields: [employee_id], references: [id], 
onDelete: Cascade)\n' +
              '  sites            sites            @relation(fields: [site_id], references: [id], 
onDelete: Cascade)\n' +
              '  shifts           shifts[]\n' +
              '\n' +
              '  @@index([employee_id])\n' +
              '  @@index([site_id])\n' +
              '  @@index([status])\n' +
              '  @@index([employee_id, site_id], map: "idx_assignments_employee_site_rls", where: 
raw("((employee_id IS NOT NULL) AND (site_id IS NOT NULL))"))\n' +
              '}\n' +
              '\n' +
              '/// This model contains row level security and requires additional setup for migrations. 
Visit https://pris.ly/d/row-level-security for more info.\n' +
              'model attendance {\n' +
              '  id                String           @id @db.Uuid\n' +
              '  employee_id       String           @db.Uuid\n' +
              '  shift_id          String           @db.Uuid\n' +
              '  clock_in          DateTime?        @db.Timestamptz(6)\n' +
              '  clock_out         DateTime?        @db.Timestamptz(6)\n' +
              '  location_data     Json?\n' +
              '  status            AttendanceStatus @default(PENDING)\n' +
              '  verification_data Json?\n' +
              '  notes             String?\n' +
              '  created_at        DateTime         @default(now()) @db.Timestamptz(6)\n' +
              '  updated_at        DateTime         @db.Timestamptz(6)\n' +
              '  employees         employees        @relation(fields: [employee_id], references: [id], 
onDelete: Cascade)\n' +
              '  shifts            shifts           @relation(fields: [shift_id], references: [id], 
onDelete: Cascade)\n' +
              '\n' +
              '  @@index([clock_in])\n' +
              '  @@index([employee_id])\n' +
              '  @@index([shift_id])\n' +
              '  @@index([status])\n' +
              '}\n' +
              '\n' +
              '/// This model contains row level security and requires additional setup for migrations. 
Visit https://pris.ly/d/row-level-security for more info.\n' +
              'model clients {\n' +
              '  id                  String                  @id @db.Uuid\n' +
              '  company_id          String                  @db.Uuid\n' +
              '  name                String                  @db.VarChar(100)\n' +
              '  contact_email       String                  @db.VarChar(255)\n' +
              '  contact_info        Json?\n' +
              '  contract_status     ContractStatus          @default(ACTIVE)\n' +
              '  contract_start      DateTime?               @db.Date\n' +
              '  contract_end        DateTime?               @db.Date\n' +
              '  billing_preferences Json?\n' +
              '  created_at          DateTime                @default(now()) @db.Timestamptz(6)\n' +
              '  updated_at          DateTime                @db.Timestamptz(6)\n' +
              '  company_size        String?\n' +
              '  industry            String?\n' +
              '  organization_type   ClientOrganizationType?\n' +
              '  tags                String[]                @default([])\n' +
              '  companies           companies               @relation(fields: [company_id], references: 
[id], onDelete: Cascade)\n' +
              '  contracts           contracts[]\n' +
              '  invoices            invoices[]\n' +
              '  sites               sites[]\n' +
              '\n' +
              '  @@index([company_id, contract_status])\n' +
              '  @@index([company_id])\n' +
              '  @@index([company_id], map: "idx_clients_company_id_rls", where: raw("(company_id IS NOT 
NULL)"))\n' +
              '  @@index([organization_type], map: "idx_clients_organization_type")\n' +
              '}\n' +
              '\n' +
              '/// This model contains row level security and requires additional setup for migrations. 
Visit https://pris.ly/d/row-level-security for more info.\n' +
              'model companies {\n' +
              '  id              String            @id @db.Uuid\n' +
              '  name            String            @db.VarChar(100)\n' +
              '  slug            String            @unique @db.VarChar(50)\n' +
              '  settings        Json?\n' +
              '  branding        Json?\n' +
              '  created_at      DateTime          @default(now()) @db.Timestamptz(6)\n' +
              '  updated_at      DateTime          @db.Timestamptz(6)\n' +
              '  clients         clients[]\n' +
              '  employees       employees[]\n' +
              '  payroll_runs    payroll_runs[]\n' +
              '  shift_templates shift_templates[]\n' +
              '  users           users[]\n' +
              '}\n' +
              '\n' +
              'model contracts {\n' +
              '  id                  String         @id @default(dbgenerated("gen_random_uuid()")) 
@db.Uuid\n' +
              '  client_id           String         @db.Uuid\n' +
              '  contract_number     String         @db.VarChar(50)\n' +
              '  title               String         @db.VarChar(200)\n' +
              '  description         String?\n' +
              '  status              ContractStatus @default(ACTIVE)\n' +
              '  start_date          DateTime       @db.Date\n' +
              '  end_date            DateTime?      @db.Date\n' +
              '  service_definitions Json?\n' +
              '  billing_preferences Json?\n' +
              '  contract_value      Decimal?       @db.Decimal(15, 2)\n' +
              '  created_at          DateTime       @default(now()) @db.Timestamptz(6)\n' +
              '  updated_at          DateTime       @default(now()) @db.Timestamptz(6)\n' +
              '  clients             clients        @relation(fields: [client_id], references: [id], 
onDelete: Cascade, onUpdate: NoAction)\n' +
              '  sites               sites[]\n' +
              '\n' +
              '  @@unique([client_id, contract_number])\n' +
              '  @@index([client_id], map: "idx_contracts_client_id")\n' +
              '  @@index([client_id], map: "idx_contracts_client_id_rls", where: raw("(client_id IS NOT 
NULL)"))\n' +
              '  @@index([status], map: "idx_contracts_status")\n' +
              '}\n' +
              '\n' +
              '/// This model contains row level security and requires additional setup for migrations. 
Visit https://pris.ly/d/row-level-security for more info.\n' +
              'model employees {\n' +
              '  id                   String                @id @db.Uuid\n' +
              '  company_id           String                @db.Uuid\n' +
              '  employee_number      String                @db.VarChar(20)\n' +
              '  first_name           String                @db.VarChar(50)\n' +
              '  last_name            String                @db.VarChar(50)\n' +
              '  email                String?               @db.VarChar(500)\n' +
              '  phone                String?               @db.VarChar(500)\n' +
              '  address              Json?\n' +
              '  certifications       Json?\n' +
              '  skills               String[]              @db.VarChar(50)\n' +
              '  employment_status    EmploymentStatus      @default(ACTIVE)\n' +
              '  hire_date            DateTime              @db.Date\n' +
              '  termination_date     DateTime?             @db.Date\n' +
              '  created_at           DateTime              @default(now()) @db.Timestamptz(6)\n' +
              '  updated_at           DateTime              @db.Timestamptz(6)\n' +
              '  aadhaar_number       String?               @db.VarChar(500)\n' +
              '  metadata             Json?\n' +
              '  pan_number           String?               @db.VarChar(500)\n' +
              '  aadhaar_iv           String?               @db.VarChar(32)\n' +
              '  aadhaar_tag          String?               @db.VarChar(32)\n' +
              '  email_iv             String?               @db.VarChar(32)\n' +
              '  email_tag            String?               @db.VarChar(32)\n' +
              '  pan_iv               String?               @db.VarChar(32)\n' +
              '  pan_tag              String?               @db.VarChar(32)\n' +
              '  phone_iv             String?               @db.VarChar(32)\n' +
              '  phone_tag            String?               @db.VarChar(32)\n' +
              '  account_number       String?               @db.VarChar(500)\n' +
              '  account_number_iv    String?               @db.VarChar(32)\n' +
              '  account_number_tag   String?               @db.VarChar(32)\n' +
              '  account_type         AccountType           @default(SAVINGS)\n' +
              '  bank_name            String?               @db.VarChar(500)\n' +
              '  bank_name_iv         String?               @db.VarChar(32)\n' +
              '  bank_name_tag        String?               @db.VarChar(32)\n' +
              '  basic_salary         String?               @db.VarChar(500)\n' +
              '  basic_salary_iv      String?               @db.VarChar(32)\n' +
              '  basic_salary_tag     String?               @db.VarChar(32)\n' +
              '  date_of_birth        DateTime?             @db.Date\n' +
              '  epf_applicable       Boolean               @default(true)\n' +
              '  esic_applicable      Boolean               @default(true)\n' +
              '  esic_number          String?               @db.VarChar(500)\n' +
              '  esic_number_iv       String?               @db.VarChar(32)\n' +
              '  esic_number_tag      String?               @db.VarChar(32)\n' +
              '  gross_salary         String?               @db.VarChar(500)\n' +
              '  gross_salary_iv      String?               @db.VarChar(32)\n' +
              '  gross_salary_tag     String?               @db.VarChar(32)\n' +
              '  hra_amount           String?               @db.VarChar(500)\n' +
              '  hra_amount_iv        String?               @db.VarChar(32)\n' +
              '  hra_amount_tag       String?               @db.VarChar(32)\n' +
              '  ifsc_code            String?               @db.VarChar(500)\n' +
              '  ifsc_code_iv         String?               @db.VarChar(32)\n' +
              '  ifsc_code_tag        String?               @db.VarChar(32)\n' +
              '  other_allowances     String?               @db.VarChar(500)\n' +
              '  other_allowances_iv  String?               @db.VarChar(32)\n' +
              '  other_allowances_tag String?               @db.VarChar(32)\n' +
              '  pt_applicable        Boolean               @default(true)\n' +
              '  salary_type          SalaryType            @default(MONTHLY)\n' +
              '  tds_applicable       Boolean               @default(true)\n' +
              '  uan_number           String?               @db.VarChar(500)\n' +
              '  uan_number_iv        String?               @db.VarChar(32)\n' +
              '  uan_number_tag       String?               @db.VarChar(32)\n' +
              '  assignments          assignments[]\n' +
              '  attendance           attendance[]\n' +
              '  companies            companies             @relation(fields: [company_id], references: 
[id], onDelete: Cascade)\n' +
              '  payroll_items        payroll_items[]\n' +
              '  shift_notifications  shift_notifications[]\n' +
              '\n' +
              '  @@unique([company_id, employee_number])\n' +
              '  @@index([company_id, employment_status])\n' +
              '  @@index([company_id])\n' +
              '  @@index([skills])\n' +
              '  @@index([company_id], map: "idx_employees_company_id_rls", where: raw("(company_id IS 
NOT NULL)"))\n' +
              '}\n' +
              '\n' +
              '/// This model contains row level security and requires additional setup for migrations. 
Visit https://pris.ly/d/row-level-security for more info.\n' +
              'model invoices {\n' +
              '  id                   String        @id @db.Uuid\n' +
              '  client'... 11023 more characters,
            logEmitter: [EventEmitter],
            logQueries: false,
            logLevel: 'error',
            tracingHelper: fi {}
          },
          _appliedParent: {
            _originalClient: [Object],
            _runtimeDataModel: [Object],
            _requestHandler: [zr [RequestHandler]],
            _connectionPromise: undefined,
            _disconnectionPromise: undefined,
            _engineConfig: [Object],
            _accelerateEngineConfig: [Object],
            _clientVersion: '7.8.0',
            _errorFormat: 'pretty',
            _tracingHelper: fi {},
            _previewFeatures: [Array],
            _activeProvider: 'postgresql',
            _globalOmit: undefined,
            _extensions: [e],
            _engine: [jt],
            _appliedParent: [Object],
            _createPrismaPromise: [Function (anonymous)],
            '$extends': [Function: Ho],
            constructor: [class t],
            '$on': [Function: $on],
            '$connect': [Function: $connect],
            '$disconnect': [AsyncFunction: $disconnect],
            '$executeRawInternal': [Function: $executeRawInternal],
            '$executeRaw': [Function: $executeRaw],
            '$executeRawUnsafe': [Function: $executeRawUnsafe],
            '$runCommandRaw': [Function: $runCommandRaw],
            '$queryRawInternal': [AsyncFunction: $queryRawInternal],
            '$queryRaw': [Function: $queryRaw],
            '$queryRawTyped': [Function: $queryRawTyped],
            '$queryRawUnsafe': [Function: $queryRawUnsafe],
            _transactionWithArray: [Function: _transactionWithArray],
            _transactionWithCallback: [AsyncFunction: _transactionWithCallback],
            _createItxClient: [Function: _createItxClient],
            '$transaction': [Function: $transaction],
            _request: [Function: _request],
            _executeRequest: [AsyncFunction: _executeRequest],
            _hasPreviewFlag: [Function: _hasPreviewFlag],
            assignments: [Object],
            attendance: [Object],
            clients: [Object],
            companies: [Object],
            contracts: [Object],
            employees: [Object],
            invoices: [Object],
            payroll_items: [Object],
            payroll_runs: [Object],
            shift_notifications: [Object],
            shift_templates: [Object],
            shifts: [Object],
            sites: [Object],
            users: [Object],
            '$parent': [Object],
            Symbol(): [Object]
          },
          _createPrismaPromise: [Function (anonymous)],
          '$extends': [Function: Ho],
          constructor: [class t],
          '$on': [Function: $on],
          '$connect': [Function: $connect],
          '$disconnect': [AsyncFunction: $disconnect],
          '$executeRawInternal': [Function: $executeRawInternal],
          '$executeRaw': [Function: $executeRaw],
          '$executeRawUnsafe': [Function: $executeRawUnsafe],
          '$runCommandRaw': [Function: $runCommandRaw],
          '$queryRawInternal': [AsyncFunction: $queryRawInternal],
          '$queryRaw': [Function: $queryRaw],
          '$queryRawTyped': [Function: $queryRawTyped],
          '$queryRawUnsafe': [Function: $queryRawUnsafe],
          _transactionWithArray: [Function: _transactionWithArray],
          _transactionWithCallback: [AsyncFunction: _transactionWithCallback],
          _createItxClient: [Function: _createItxClient],
          '$transaction': [Function: $transaction],
          _request: [Function: _request],
          _executeRequest: [AsyncFunction: _executeRequest],
          _hasPreviewFlag: [Function: _hasPreviewFlag],
          assignments: {
            findUnique: [Function (anonymous)],
            findUniqueOrThrow: [Function (anonymous)],
            findFirst: [Function (anonymous)],
            findFirstOrThrow: [Function (anonymous)],
            findMany: [Function (anonymous)],
            create: [Function (anonymous)],
            createMany: [Function (anonymous)],
            createManyAndReturn: [Function (anonymous)],
            update: [Function (anonymous)],
            updateMany: [Function (anonymous)],
            updateManyAndReturn: [Function (anonymous)],
            upsert: [Function (anonymous)],
            delete: [Function (anonymous)],
            deleteMany: [Function (anonymous)],
            groupBy: [Function (anonymous)],
            count: [Function (anonymous)],
            aggregate: [Function (anonymous)],
            findRaw: [Function (anonymous)],
            aggregateRaw: [Function (anonymous)],
            fields: {},
            name: 'assignments',
            '$name': 'assignments',
            '$parent': [Object]
          },
          attendance: {
            findUnique: [Function (anonymous)],
            findUniqueOrThrow: [Function (anonymous)],
            findFirst: [Function (anonymous)],
            findFirstOrThrow: [Function (anonymous)],
            findMany: [Function (anonymous)],
            create: [Function (anonymous)],
            createMany: [Function (anonymous)],
            createManyAndReturn: [Function (anonymous)],
            update: [Function (anonymous)],
            updateMany: [Function (anonymous)],
            updateManyAndReturn: [Function (anonymous)],
            upsert: [Function (anonymous)],
            delete: [Function (anonymous)],
            deleteMany: [Function (anonymous)],
            groupBy: [Function (anonymous)],
            count: [Function (anonymous)],
            aggregate: [Function (anonymous)],
            findRaw: [Function (anonymous)],
            aggregateRaw: [Function (anonymous)],
            fields: {},
            name: 'attendance',
            '$name': 'attendance',
            '$parent': [Object]
          },
          clients: {
            findUnique: [Function (anonymous)],
            findUniqueOrThrow: [Function (anonymous)],
            findFirst: [Function (anonymous)],
            findFirstOrThrow: [Function (anonymous)],
            findMany: [Function (anonymous)],
            create: [Function (anonymous)],
            createMany: [Function (anonymous)],
            createManyAndReturn: [Function (anonymous)],
            update: [Function (anonymous)],
            updateMany: [Function (anonymous)],
            updateManyAndReturn: [Function (anonymous)],
            upsert: [Function (anonymous)],
            delete: [Function (anonymous)],
            deleteMany: [Function (anonymous)],
            groupBy: [Function (anonymous)],
            count: [Function (anonymous)],
            aggregate: [Function (anonymous)],
            findRaw: [Function (anonymous)],
            aggregateRaw: [Function (anonymous)],
            fields: {},
            name: 'clients',
            '$name': 'clients',
            '$parent': [Object]
          },
          companies: {
            findUnique: [Function (anonymous)],
            findUniqueOrThrow: [Function (anonymous)],
            findFirst: [Function (anonymous)],
            findFirstOrThrow: [Function (anonymous)],
            findMany: [Function (anonymous)],
            create: [Function (anonymous)],
            createMany: [Function (anonymous)],
            createManyAndReturn: [Function (anonymous)],
            update: [Function (anonymous)],
            updateMany: [Function (anonymous)],
            updateManyAndReturn: [Function (anonymous)],
            upsert: [Function (anonymous)],
            delete: [Function (anonymous)],
            deleteMany: [Function (anonymous)],
            groupBy: [Function (anonymous)],
            count: [Function (anonymous)],
            aggregate: [Function (anonymous)],
            findRaw: [Function (anonymous)],
            aggregateRaw: [Function (anonymous)],
            fields: {},
            name: 'companies',
            '$name': 'companies',
            '$parent': [Object]
          },
          contracts: {
            findUnique: [Function (anonymous)],
            findUniqueOrThrow: [Function (anonymous)],
            findFirst: [Function (anonymous)],
            findFirstOrThrow: [Function (anonymous)],
            findMany: [Function (anonymous)],
            create: [Function (anonymous)],
            createMany: [Function (anonymous)],
            createManyAndReturn: [Function (anonymous)],
            update: [Function (anonymous)],
            updateMany: [Function (anonymous)],
            updateManyAndReturn: [Function (anonymous)],
            upsert: [Function (anonymous)],
            delete: [Function (anonymous)],
            deleteMany: [Function (anonymous)],
            groupBy: [Function (anonymous)],
            count: [Function (anonymous)],
            aggregate: [Function (anonymous)],
            findRaw: [Function (anonymous)],
            aggregateRaw: [Function (anonymous)],
            fields: {},
            name: 'contracts',
            '$name': 'contracts',
            '$parent': [Object]
          },
          employees: {
            findUnique: [Function (anonymous)],
            findUniqueOrThrow: [Function (anonymous)],
            findFirst: [Function (anonymous)],
            findFirstOrThrow: [Function (anonymous)],
            findMany: [Function (anonymous)],
            create: [Function (anonymous)],
            createMany: [Function (anonymous)],
            createManyAndReturn: [Function (anonymous)],
            update: [Function (anonymous)],
            updateMany: [Function (anonymous)],
            updateManyAndReturn: [Function (anonymous)],
            upsert: [Function (anonymous)],
            delete: [Function (anonymous)],
            deleteMany: [Function (anonymous)],
            groupBy: [Function (anonymous)],
            count: [Function (anonymous)],
            aggregate: [Function (anonymous)],
            findRaw: [Function (anonymous)],
            aggregateRaw: [Function (anonymous)],
            fields: {},
            name: 'employees',
            '$name': 'employees',
            '$parent': [Object]
          },
          invoices: {
            findUnique: [Function (anonymous)],
            findUniqueOrThrow: [Function (anonymous)],
            findFirst: [Function (anonymous)],
            findFirstOrThrow: [Function (anonymous)],
            findMany: [Function (anonymous)],
            create: [Function (anonymous)],
            createMany: [Function (anonymous)],
            createManyAndReturn: [Function (anonymous)],
            update: [Function (anonymous)],
            updateMany: [Function (anonymous)],
            updateManyAndReturn: [Function (anonymous)],
            upsert: [Function (anonymous)],
            delete: [Function (anonymous)],
            deleteMany: [Function (anonymous)],
            groupBy: [Function (anonymous)],
            count: [Function (anonymous)],
            aggregate: [Function (anonymous)],
            findRaw: [Function (anonymous)],
            aggregateRaw: [Function (anonymous)],
            fields: {},
            name: 'invoices',
            '$name': 'invoices',
            '$parent': [Object]
          },
          payroll_items: {
            findUnique: [Function (anonymous)],
            findUniqueOrThrow: [Function (anonymous)],
            findFirst: [Function (anonymous)],
            findFirstOrThrow: [Function (anonymous)],
            findMany: [Function (anonymous)],
            create: [Function (anonymous)],
            createMany: [Function (anonymous)],
            createManyAndReturn: [Function (anonymous)],
            update: [Function (anonymous)],
            updateMany: [Function (anonymous)],
            updateManyAndReturn: [Function (anonymous)],
            upsert: [Function (anonymous)],
            delete: [Function (anonymous)],
            deleteMany: [Function (anonymous)],
            groupBy: [Function (anonymous)],
            count: [Function (anonymous)],
            aggregate: [Function (anonymous)],
            findRaw: [Function (anonymous)],
            aggregateRaw: [Function (anonymous)],
            fields: {},
            name: 'payroll_items',
            '$name': 'payroll_items',
            '$parent': [Object]
          },
          payroll_runs: {
            findUnique: [Function (anonymous)],
            findUniqueOrThrow: [Function (anonymous)],
            findFirst: [Function (anonymous)],
            findFirstOrThrow: [Function (anonymous)],
            findMany: [Function (anonymous)],
            create: [Function (anonymous)],
            createMany: [Function (anonymous)],
            createManyAndReturn: [Function (anonymous)],
            update: [Function (anonymous)],
            updateMany: [Function (anonymous)],
            updateManyAndReturn: [Function (anonymous)],
            upsert: [Function (anonymous)],
            delete: [Function (anonymous)],
            deleteMany: [Function (anonymous)],
            groupBy: [Function (anonymous)],
            count: [Function (anonymous)],
            aggregate: [Function (anonymous)],
            findRaw: [Function (anonymous)],
            aggregateRaw: [Function (anonymous)],
            fields: {},
            name: 'payroll_runs',
            '$name': 'payroll_runs',
            '$parent': [Object]
          },
          shift_notifications: {
            findUnique: [Function (anonymous)],
            findUniqueOrThrow: [Function (anonymous)],
            findFirst: [Function (anonymous)],
            findFirstOrThrow: [Function (anonymous)],
            findMany: [Function (anonymous)],
            create: [Function (anonymous)],
            createMany: [Function (anonymous)],
            createManyAndReturn: [Function (anonymous)],
            update: [Function (anonymous)],
            updateMany: [Function (anonymous)],
            updateManyAndReturn: [Function (anonymous)],
            upsert: [Function (anonymous)],
            delete: [Function (anonymous)],
            deleteMany: [Function (anonymous)],
            groupBy: [Function (anonymous)],
            count: [Function (anonymous)],
            aggregate: [Function (anonymous)],
            findRaw: [Function (anonymous)],
            aggregateRaw: [Function (anonymous)],
            fields: {},
            name: 'shift_notifications',
            '$name': 'shift_notifications',
            '$parent': [Object]
          },
          shift_templates: {
            findUnique: [Function (anonymous)],
            findUniqueOrThrow: [Function (anonymous)],
            findFirst: [Function (anonymous)],
            findFirstOrThrow: [Function (anonymous)],
            findMany: [Function (anonymous)],
            create: [Function (anonymous)],
            createMany: [Function (anonymous)],
            createManyAndReturn: [Function (anonymous)],
            update: [Function (anonymous)],
            updateMany: [Function (anonymous)],
            updateManyAndReturn: [Function (anonymous)],
            upsert: [Function (anonymous)],
            delete: [Function (anonymous)],
            deleteMany: [Function (anonymous)],
            groupBy: [Function (anonymous)],
            count: [Function (anonymous)],
            aggregate: [Function (anonymous)],
            findRaw: [Function (anonymous)],
            aggregateRaw: [Function (anonymous)],
            fields: {},
            name: 'shift_templates',
            '$name': 'shift_templates',
            '$parent': [Object]
          },
          shifts: {
            findUnique: [Function (anonymous)],
            findUniqueOrThrow: [Function (anonymous)],
            findFirst: [Function (anonymous)],
            findFirstOrThrow: [Function (anonymous)],
            findMany: [Function (anonymous)],
            create: [Function (anonymous)],
            createMany: [Function (anonymous)],
            createManyAndReturn: [Function (anonymous)],
            update: [Function (anonymous)],
            updateMany: [Function (anonymous)],
            updateManyAndReturn: [Function (anonymous)],
            upsert: [Function (anonymous)],
            delete: [Function (anonymous)],
            deleteMany: [Function (anonymous)],
            groupBy: [Function (anonymous)],
            count: [Function (anonymous)],
            aggregate: [Function (anonymous)],
            findRaw: [Function (anonymous)],
            aggregateRaw: [Function (anonymous)],
            fields: {},
            name: 'shifts',
            '$name': 'shifts',
            '$parent': [Object]
          },
          sites: {
            findUnique: [Function (anonymous)],
            findUniqueOrThrow: [Function (anonymous)],
            findFirst: [Function (anonymous)],
            findFirstOrThrow: [Function (anonymous)],
            findMany: [Function (anonymous)],
            create: [Function (anonymous)],
            createMany: [Function (anonymous)],
            createManyAndReturn: [Function (anonymous)],
            update: [Function (anonymous)],
            updateMany: [Function (anonymous)],
            updateManyAndReturn: [Function (anonymous)],
            upsert: [Function (anonymous)],
            delete: [Function (anonymous)],
            deleteMany: [Function (anonymous)],
            groupBy: [Function (anonymous)],
            count: [Function (anonymous)],
            aggregate: [Function (anonymous)],
            findRaw: [Function (anonymous)],
            aggregateRaw: [Function (anonymous)],
            fields: {},
            name: 'sites',
            '$name': 'sites',
            '$parent': [Object]
          },
          users: {
            findUnique: [Function (anonymous)],
            findUniqueOrThrow: [Function (anonymous)],
            findFirst: [Function (anonymous)],
            findFirstOrThrow: [Function (anonymous)],
            findMany: [Function (anonymous)],
            create: [Function (anonymous)],
            createMany: [Function (anonymous)],
            createManyAndReturn: [Function (anonymous)],
            update: [Function (anonymous)],
            updateMany: [Function (anonymous)],
            updateManyAndReturn: [Function (anonymous)],
            upsert: [Function (anonymous)],
            delete: [Function (anonymous)],
            deleteMany: [Function (anonymous)],
            groupBy: [Function (anonymous)],
            count: [Function (anonymous)],
            aggregate: [Function (anonymous)],
            findRaw: [Function (anonymous)],
            aggregateRaw: [Function (anonymous)],
            fields: {},
            name: 'users',
            '$name': 'users',
            '$parent': [Object]
          },
          '$parent': {
            _originalClient: [Object],
            _runtimeDataModel: [Object],
            _requestHandler: [zr [RequestHandler]],
            _connectionPromise: undefined,
            _disconnectionPromise: undefined,
            _engineConfig: [Object],
            _accelerateEngineConfig: [Object],
            _clientVersion: '7.8.0',
            _errorFormat: 'pretty',
            _tracingHelper: fi {},
            _previewFeatures: [Array],
            _activeProvider: 'postgresql',
            _globalOmit: undefined,
            _extensions: [e],
            _engine: [jt],
            _appliedParent: [Object],
            _createPrismaPromise: [Function (anonymous)],
            '$extends': [Function: Ho],
            constructor: [class t],
            '$on': [Function: $on],
            '$connect': [Function: $connect],
            '$disconnect': [AsyncFunction: $disconnect],
            '$executeRawInternal': [Function: $executeRawInternal],
            '$executeRaw': [Function: $executeRaw],
            '$executeRawUnsafe': [Function: $executeRawUnsafe],
            '$runCommandRaw': [Function: $runCommandRaw],
            '$queryRawInternal': [AsyncFunction: $queryRawInternal],
            '$queryRaw': [Function: $queryRaw],
            '$queryRawTyped': [Function: $queryRawTyped],
            '$queryRawUnsafe': [Function: $queryRawUnsafe],
            _transactionWithArray: [Function: _transactionWithArray],
            _transactionWithCallback: [AsyncFunction: _transactionWithCallback],
            _createItxClient: [Function: _createItxClient],
            '$transaction': [Function: $transaction],
            _request: [Function: _request],
            _executeRequest: [AsyncFunction: _executeRequest],
            _hasPreviewFlag: [Function: _hasPreviewFlag],
            assignments: [Object],
            attendance: [Object],
            clients: [Object],
            companies: [Object],
            contracts: [Object],
            employees: [Object],
            invoices: [Object],
            payroll_items: [Object],
            payroll_runs: [Object],
            shift_notifications: [Object],
            shift_templates: [Object],
            shifts: [Object],
            sites: [Object],
            users: [Object],
            '$parent': [Object],
            Symbol(): [Object]
          },
          Symbol(): {
            _originalClient: [Object],
            _runtimeDataModel: [Object],
            _requestHandler: [zr [RequestHandler]],
            _connectionPromise: undefined,
            _disconnectionPromise: undefined,
            _engineConfig: [Object],
            _accelerateEngineConfig: [Object],
            _clientVersion: '7.8.0',
            _errorFormat: 'pretty',
            _tracingHelper: fi {},
            _previewFeatures: [Array],
            _activeProvider: 'postgresql',
            _globalOmit: undefined,
            _extensions: [e],
            _engine: [jt],
            _appliedParent: [Object],
            _createPrismaPromise: [Function (anonymous)],
            '$extends': [Function: Ho]
          }
        }
      }

      at Object.<anonymous> (src/test/prisma-models.test.ts:22:13)

    console.log
      Contract model: {
        findUnique: [Function (anonymous)],
        findUniqueOrThrow: [Function (anonymous)],
        findFirst: [Function (anonymous)],
        findFirstOrThrow: [Function (anonymous)],
        findMany: [Function (anonymous)],
        create: [Function (anonymous)],
        createMany: [Function (anonymous)],
        createManyAndReturn: [Function (anonymous)],
        update: [Function (anonymous)],
        updateMany: [Function (anonymous)],
        updateManyAndReturn: [Function (anonymous)],
        upsert: [Function (anonymous)],
        delete: [Function (anonymous)],
        deleteMany: [Function (anonymous)],
        groupBy: [Function (anonymous)],
        count: [Function (anonymous)],
        aggregate: [Function (anonymous)],
        findRaw: [Function (anonymous)],
        aggregateRaw: [Function (anonymous)],
        fields: {},
        name: 'contracts',
        '$name': 'contracts',
        '$parent': {
          _originalClient: {
            _originalClient: [Object],
            _runtimeDataModel: [Object],
            _requestHandler: [zr [RequestHandler]],
            _connectionPromise: undefined,
            _disconnectionPromise: undefined,
            _engineConfig: [Object],
            _accelerateEngineConfig: [Object],
            _clientVersion: '7.8.0',
            _errorFormat: 'pretty',
            _tracingHelper: fi {},
            _previewFeatures: [Array],
            _activeProvider: 'postgresql',
            _globalOmit: undefined,
            _extensions: [e],
            _engine: [jt],
            _appliedParent: [Object],
            _createPrismaPromise: [Function (anonymous)],
            '$extends': [Function: Ho]
          },
          _runtimeDataModel: { models: [Object], enums: {}, types: {} },
          _requestHandler: zr [RequestHandler] {
            client: [Object],
            dataloader: [Jr [DataLoader]],
            logEmitter: [EventEmitter]
          },
          _connectionPromise: undefined,
          _disconnectionPromise: undefined,
          _engineConfig: {
            enableDebugLogs: false,
            logLevel: 'error',
            logQueries: false,
            compilerWasm: [Object],
            clientVersion: '7.8.0',
            previewFeatures: [Array],
            activeProvider: 'postgresql',
            inlineSchema: 'generator client {\n' +
              '  provider        = "prisma-client-js"\n' +
              '  previewFeatures = ["partialIndexes"]\n' +
              '}\n' +
              '\n' +
              'datasource db {\n' +
              '  provider = "postgresql"\n' +
              '}\n' +
              '\n' +
              '/// This model contains row level security and requires additional setup for migrations. 
Visit https://pris.ly/d/row-level-security for more info.\n' +
              'model assignments {\n' +
              '  id               String           @id @db.Uuid\n' +
              '  employee_id      String           @db.Uuid\n' +
              '  site_id          String           @db.Uuid\n' +
              '  role             String           @db.VarChar(50)\n' +
              '  responsibilities Json?\n' +
              '  hourly_rate      String           @db.VarChar(500)\n' +
              '  status           AssignmentStatus @default(ACTIVE)\n' +
              '  start_date       DateTime         @db.Date\n' +
              '  end_date         DateTime?        @db.Date\n' +
              '  created_at       DateTime         @default(now()) @db.Timestamptz(6)\n' +
              '  updated_at       DateTime         @db.Timestamptz(6)\n' +
              '  hourly_rate_iv   String           @db.VarChar(32)\n' +
              '  hourly_rate_tag  String           @db.VarChar(32)\n' +
              '  employees        employees        @relation(fields: [employee_id], references: [id], 
onDelete: Cascade)\n' +
              '  sites            sites            @relation(fields: [site_id], references: [id], 
onDelete: Cascade)\n' +
              '  shifts           shifts[]\n' +
              '\n' +
              '  @@index([employee_id])\n' +
              '  @@index([site_id])\n' +
              '  @@index([status])\n' +
              '  @@index([employee_id, site_id], map: "idx_assignments_employee_site_rls", where: 
raw("((employee_id IS NOT NULL) AND (site_id IS NOT NULL))"))\n' +
              '}\n' +
              '\n' +
              '/// This model contains row level security and requires additional setup for migrations. 
Visit https://pris.ly/d/row-level-security for more info.\n' +
              'model attendance {\n' +
              '  id                String           @id @db.Uuid\n' +
              '  employee_id       String           @db.Uuid\n' +
              '  shift_id          String           @db.Uuid\n' +
              '  clock_in          DateTime?        @db.Timestamptz(6)\n' +
              '  clock_out         DateTime?        @db.Timestamptz(6)\n' +
              '  location_data     Json?\n' +
              '  status            AttendanceStatus @default(PENDING)\n' +
              '  verification_data Json?\n' +
              '  notes             String?\n' +
              '  created_at        DateTime         @default(now()) @db.Timestamptz(6)\n' +
              '  updated_at        DateTime         @db.Timestamptz(6)\n' +
              '  employees         employees        @relation(fields: [employee_id], references: [id], 
onDelete: Cascade)\n' +
              '  shifts            shifts           @relation(fields: [shift_id], references: [id], 
onDelete: Cascade)\n' +
              '\n' +
              '  @@index([clock_in])\n' +
              '  @@index([employee_id])\n' +
              '  @@index([shift_id])\n' +
              '  @@index([status])\n' +
              '}\n' +
              '\n' +
              '/// This model contains row level security and requires additional setup for migrations. 
Visit https://pris.ly/d/row-level-security for more info.\n' +
              'model clients {\n' +
              '  id                  String                  @id @db.Uuid\n' +
              '  company_id          String                  @db.Uuid\n' +
              '  name                String                  @db.VarChar(100)\n' +
              '  contact_email       String                  @db.VarChar(255)\n' +
              '  contact_info        Json?\n' +
              '  contract_status     ContractStatus          @default(ACTIVE)\n' +
              '  contract_start      DateTime?               @db.Date\n' +
              '  contract_end        DateTime?               @db.Date\n' +
              '  billing_preferences Json?\n' +
              '  created_at          DateTime                @default(now()) @db.Timestamptz(6)\n' +
              '  updated_at          DateTime                @db.Timestamptz(6)\n' +
              '  company_size        String?\n' +
              '  industry            String?\n' +
              '  organization_type   ClientOrganizationType?\n' +
              '  tags                String[]                @default([])\n' +
              '  companies           companies               @relation(fields: [company_id], references: 
[id], onDelete: Cascade)\n' +
              '  contracts           contracts[]\n' +
              '  invoices            invoices[]\n' +
              '  sites               sites[]\n' +
              '\n' +
              '  @@index([company_id, contract_status])\n' +
              '  @@index([company_id])\n' +
              '  @@index([company_id], map: "idx_clients_company_id_rls", where: raw("(company_id IS NOT 
NULL)"))\n' +
              '  @@index([organization_type], map: "idx_clients_organization_type")\n' +
              '}\n' +
              '\n' +
              '/// This model contains row level security and requires additional setup for migrations. 
Visit https://pris.ly/d/row-level-security for more info.\n' +
              'model companies {\n' +
              '  id              String            @id @db.Uuid\n' +
              '  name            String            @db.VarChar(100)\n' +
              '  slug            String            @unique @db.VarChar(50)\n' +
              '  settings        Json?\n' +
              '  branding        Json?\n' +
              '  created_at      DateTime          @default(now()) @db.Timestamptz(6)\n' +
              '  updated_at      DateTime          @db.Timestamptz(6)\n' +
              '  clients         clients[]\n' +
              '  employees       employees[]\n' +
              '  payroll_runs    payroll_runs[]\n' +
              '  shift_templates shift_templates[]\n' +
              '  users           users[]\n' +
              '}\n' +
              '\n' +
              'model contracts {\n' +
              '  id                  String         @id @default(dbgenerated("gen_random_uuid()")) 
@db.Uuid\n' +
              '  client_id           String         @db.Uuid\n' +
              '  contract_number     String         @db.VarChar(50)\n' +
              '  title               String         @db.VarChar(200)\n' +
              '  description         String?\n' +
              '  status              ContractStatus @default(ACTIVE)\n' +
              '  start_date          DateTime       @db.Date\n' +
              '  end_date            DateTime?      @db.Date\n' +
              '  service_definitions Json?\n' +
              '  billing_preferences Json?\n' +
              '  contract_value      Decimal?       @db.Decimal(15, 2)\n' +
              '  created_at          DateTime       @default(now()) @db.Timestamptz(6)\n' +
              '  updated_at          DateTime       @default(now()) @db.Timestamptz(6)\n' +
              '  clients             clients        @relation(fields: [client_id], references: [id], 
onDelete: Cascade, onUpdate: NoAction)\n' +
              '  sites               sites[]\n' +
              '\n' +
              '  @@unique([client_id, contract_number])\n' +
              '  @@index([client_id], map: "idx_contracts_client_id")\n' +
              '  @@index([client_id], map: "idx_contracts_client_id_rls", where: raw("(client_id IS NOT 
NULL)"))\n' +
              '  @@index([status], map: "idx_contracts_status")\n' +
              '}\n' +
              '\n' +
              '/// This model contains row level security and requires additional setup for migrations. 
Visit https://pris.ly/d/row-level-security for more info.\n' +
              'model employees {\n' +
              '  id                   String                @id @db.Uuid\n' +
              '  company_id           String                @db.Uuid\n' +
              '  employee_number      String                @db.VarChar(20)\n' +
              '  first_name           String                @db.VarChar(50)\n' +
              '  last_name            String                @db.VarChar(50)\n' +
              '  email                String?               @db.VarChar(500)\n' +
              '  phone                String?               @db.VarChar(500)\n' +
              '  address              Json?\n' +
              '  certifications       Json?\n' +
              '  skills               String[]              @db.VarChar(50)\n' +
              '  employment_status    EmploymentStatus      @default(ACTIVE)\n' +
              '  hire_date            DateTime              @db.Date\n' +
              '  termination_date     DateTime?             @db.Date\n' +
              '  created_at           DateTime              @default(now()) @db.Timestamptz(6)\n' +
              '  updated_at           DateTime              @db.Timestamptz(6)\n' +
              '  aadhaar_number       String?               @db.VarChar(500)\n' +
              '  metadata             Json?\n' +
              '  pan_number           String?               @db.VarChar(500)\n' +
              '  aadhaar_iv           String?               @db.VarChar(32)\n' +
              '  aadhaar_tag          String?               @db.VarChar(32)\n' +
              '  email_iv             String?               @db.VarChar(32)\n' +
              '  email_tag            String?               @db.VarChar(32)\n' +
              '  pan_iv               String?               @db.VarChar(32)\n' +
              '  pan_tag              String?               @db.VarChar(32)\n' +
              '  phone_iv             String?               @db.VarChar(32)\n' +
              '  phone_tag            String?               @db.VarChar(32)\n' +
              '  account_number       String?               @db.VarChar(500)\n' +
              '  account_number_iv    String?               @db.VarChar(32)\n' +
              '  account_number_tag   String?               @db.VarChar(32)\n' +
              '  account_type         AccountType           @default(SAVINGS)\n' +
              '  bank_name            String?               @db.VarChar(500)\n' +
              '  bank_name_iv         String?               @db.VarChar(32)\n' +
              '  bank_name_tag        String?               @db.VarChar(32)\n' +
              '  basic_salary         String?               @db.VarChar(500)\n' +
              '  basic_salary_iv      String?               @db.VarChar(32)\n' +
              '  basic_salary_tag     String?               @db.VarChar(32)\n' +
              '  date_of_birth        DateTime?             @db.Date\n' +
              '  epf_applicable       Boolean               @default(true)\n' +
              '  esic_applicable      Boolean               @default(true)\n' +
              '  esic_number          String?               @db.VarChar(500)\n' +
              '  esic_number_iv       String?               @db.VarChar(32)\n' +
              '  esic_number_tag      String?               @db.VarChar(32)\n' +
              '  gross_salary         String?               @db.VarChar(500)\n' +
              '  gross_salary_iv      String?               @db.VarChar(32)\n' +
              '  gross_salary_tag     String?               @db.VarChar(32)\n' +
              '  hra_amount           String?               @db.VarChar(500)\n' +
              '  hra_amount_iv        String?               @db.VarChar(32)\n' +
              '  hra_amount_tag       String?               @db.VarChar(32)\n' +
              '  ifsc_code            String?               @db.VarChar(500)\n' +
              '  ifsc_code_iv         String?               @db.VarChar(32)\n' +
              '  ifsc_code_tag        String?               @db.VarChar(32)\n' +
              '  other_allowances     String?               @db.VarChar(500)\n' +
              '  other_allowances_iv  String?               @db.VarChar(32)\n' +
              '  other_allowances_tag String?               @db.VarChar(32)\n' +
              '  pt_applicable        Boolean               @default(true)\n' +
              '  salary_type          SalaryType            @default(MONTHLY)\n' +
              '  tds_applicable       Boolean               @default(true)\n' +
              '  uan_number           String?               @db.VarChar(500)\n' +
              '  uan_number_iv        String?               @db.VarChar(32)\n' +
              '  uan_number_tag       String?               @db.VarChar(32)\n' +
              '  assignments          assignments[]\n' +
              '  attendance           attendance[]\n' +
              '  companies            companies             @relation(fields: [company_id], references: 
[id], onDelete: Cascade)\n' +
              '  payroll_items        payroll_items[]\n' +
              '  shift_notifications  shift_notifications[]\n' +
              '\n' +
              '  @@unique([company_id, employee_number])\n' +
              '  @@index([company_id, employment_status])\n' +
              '  @@index([company_id])\n' +
              '  @@index([skills])\n' +
              '  @@index([company_id], map: "idx_employees_company_id_rls", where: raw("(company_id IS 
NOT NULL)"))\n' +
              '}\n' +
              '\n' +
              '/// This model contains row level security and requires additional setup for migrations. 
Visit https://pris.ly/d/row-level-security for more info.\n' +
              'model invoices {\n' +
              '  id                   String        @id @db.Uuid\n' +
              '  client'... 11023 more characters,
            tracingHelper: fi {},
            transactionOptions: [Object],
            logEmitter: [EventEmitter],
            adapter: [PrismaPgAdapterFactory],
            accelerateUrl: undefined,
            sqlCommenters: undefined,
            parameterizationSchema: [Object],
            runtimeDataModel: [Object],
            queryPlanCacheMaxSize: undefined
          },
          _accelerateEngineConfig: { accelerateUtils: [Object] },
          _clientVersion: '7.8.0',
          _errorFormat: 'pretty',
          _tracingHelper: fi {},
          _previewFeatures: [ 'partialIndexes' ],
          _activeProvider: 'postgresql',
          _globalOmit: undefined,
          _extensions: e { head: undefined },
          _engine: jt {
            name: 'ClientEngine',
            config: [Object],
            datamodel: 'generator client {\n' +
              '  provider        = "prisma-client-js"\n' +
              '  previewFeatures = ["partialIndexes"]\n' +
              '}\n' +
              '\n' +
              'datasource db {\n' +
              '  provider = "postgresql"\n' +
              '}\n' +
              '\n' +
              '/// This model contains row level security and requires additional setup for migrations. 
Visit https://pris.ly/d/row-level-security for more info.\n' +
              'model assignments {\n' +
              '  id               String           @id @db.Uuid\n' +
              '  employee_id      String           @db.Uuid\n' +
              '  site_id          String           @db.Uuid\n' +
              '  role             String           @db.VarChar(50)\n' +
              '  responsibilities Json?\n' +
              '  hourly_rate      String           @db.VarChar(500)\n' +
              '  status           AssignmentStatus @default(ACTIVE)\n' +
              '  start_date       DateTime         @db.Date\n' +
              '  end_date         DateTime?        @db.Date\n' +
              '  created_at       DateTime         @default(now()) @db.Timestamptz(6)\n' +
              '  updated_at       DateTime         @db.Timestamptz(6)\n' +
              '  hourly_rate_iv   String           @db.VarChar(32)\n' +
              '  hourly_rate_tag  String           @db.VarChar(32)\n' +
              '  employees        employees        @relation(fields: [employee_id], references: [id], 
onDelete: Cascade)\n' +
              '  sites            sites            @relation(fields: [site_id], references: [id], 
onDelete: Cascade)\n' +
              '  shifts           shifts[]\n' +
              '\n' +
              '  @@index([employee_id])\n' +
              '  @@index([site_id])\n' +
              '  @@index([status])\n' +
              '  @@index([employee_id, site_id], map: "idx_assignments_employee_site_rls", where: 
raw("((employee_id IS NOT NULL) AND (site_id IS NOT NULL))"))\n' +
              '}\n' +
              '\n' +
              '/// This model contains row level security and requires additional setup for migrations. 
Visit https://pris.ly/d/row-level-security for more info.\n' +
              'model attendance {\n' +
              '  id                String           @id @db.Uuid\n' +
              '  employee_id       String           @db.Uuid\n' +
              '  shift_id          String           @db.Uuid\n' +
              '  clock_in          DateTime?        @db.Timestamptz(6)\n' +
              '  clock_out         DateTime?        @db.Timestamptz(6)\n' +
              '  location_data     Json?\n' +
              '  status            AttendanceStatus @default(PENDING)\n' +
              '  verification_data Json?\n' +
              '  notes             String?\n' +
              '  created_at        DateTime         @default(now()) @db.Timestamptz(6)\n' +
              '  updated_at        DateTime         @db.Timestamptz(6)\n' +
              '  employees         employees        @relation(fields: [employee_id], references: [id], 
onDelete: Cascade)\n' +
              '  shifts            shifts           @relation(fields: [shift_id], references: [id], 
onDelete: Cascade)\n' +
              '\n' +
              '  @@index([clock_in])\n' +
              '  @@index([employee_id])\n' +
              '  @@index([shift_id])\n' +
              '  @@index([status])\n' +
              '}\n' +
              '\n' +
              '/// This model contains row level security and requires additional setup for migrations. 
Visit https://pris.ly/d/row-level-security for more info.\n' +
              'model clients {\n' +
              '  id                  String                  @id @db.Uuid\n' +
              '  company_id          String                  @db.Uuid\n' +
              '  name                String                  @db.VarChar(100)\n' +
              '  contact_email       String                  @db.VarChar(255)\n' +
              '  contact_info        Json?\n' +
              '  contract_status     ContractStatus          @default(ACTIVE)\n' +
              '  contract_start      DateTime?               @db.Date\n' +
              '  contract_end        DateTime?               @db.Date\n' +
              '  billing_preferences Json?\n' +
              '  created_at          DateTime                @default(now()) @db.Timestamptz(6)\n' +
              '  updated_at          DateTime                @db.Timestamptz(6)\n' +
              '  company_size        String?\n' +
              '  industry            String?\n' +
              '  organization_type   ClientOrganizationType?\n' +
              '  tags                String[]                @default([])\n' +
              '  companies           companies               @relation(fields: [company_id], references: 
[id], onDelete: Cascade)\n' +
              '  contracts           contracts[]\n' +
              '  invoices            invoices[]\n' +
              '  sites               sites[]\n' +
              '\n' +
              '  @@index([company_id, contract_status])\n' +
              '  @@index([company_id])\n' +
              '  @@index([company_id], map: "idx_clients_company_id_rls", where: raw("(company_id IS NOT 
NULL)"))\n' +
              '  @@index([organization_type], map: "idx_clients_organization_type")\n' +
              '}\n' +
              '\n' +
              '/// This model contains row level security and requires additional setup for migrations. 
Visit https://pris.ly/d/row-level-security for more info.\n' +
              'model companies {\n' +
              '  id              String            @id @db.Uuid\n' +
              '  name            String            @db.VarChar(100)\n' +
              '  slug            String            @unique @db.VarChar(50)\n' +
              '  settings        Json?\n' +
              '  branding        Json?\n' +
              '  created_at      DateTime          @default(now()) @db.Timestamptz(6)\n' +
              '  updated_at      DateTime          @db.Timestamptz(6)\n' +
              '  clients         clients[]\n' +
              '  employees       employees[]\n' +
              '  payroll_runs    payroll_runs[]\n' +
              '  shift_templates shift_templates[]\n' +
              '  users           users[]\n' +
              '}\n' +
              '\n' +
              'model contracts {\n' +
              '  id                  String         @id @default(dbgenerated("gen_random_uuid()")) 
@db.Uuid\n' +
              '  client_id           String         @db.Uuid\n' +
              '  contract_number     String         @db.VarChar(50)\n' +
              '  title               String         @db.VarChar(200)\n' +
              '  description         String?\n' +
              '  status              ContractStatus @default(ACTIVE)\n' +
              '  start_date          DateTime       @db.Date\n' +
              '  end_date            DateTime?      @db.Date\n' +
              '  service_definitions Json?\n' +
              '  billing_preferences Json?\n' +
              '  contract_value      Decimal?       @db.Decimal(15, 2)\n' +
              '  created_at          DateTime       @default(now()) @db.Timestamptz(6)\n' +
              '  updated_at          DateTime       @default(now()) @db.Timestamptz(6)\n' +
              '  clients             clients        @relation(fields: [client_id], references: [id], 
onDelete: Cascade, onUpdate: NoAction)\n' +
              '  sites               sites[]\n' +
              '\n' +
              '  @@unique([client_id, contract_number])\n' +
              '  @@index([client_id], map: "idx_contracts_client_id")\n' +
              '  @@index([client_id], map: "idx_contracts_client_id_rls", where: raw("(client_id IS NOT 
NULL)"))\n' +
              '  @@index([status], map: "idx_contracts_status")\n' +
              '}\n' +
              '\n' +
              '/// This model contains row level security and requires additional setup for migrations. 
Visit https://pris.ly/d/row-level-security for more info.\n' +
              'model employees {\n' +
              '  id                   String                @id @db.Uuid\n' +
              '  company_id           String                @db.Uuid\n' +
              '  employee_number      String                @db.VarChar(20)\n' +
              '  first_name           String                @db.VarChar(50)\n' +
              '  last_name            String                @db.VarChar(50)\n' +
              '  email                String?               @db.VarChar(500)\n' +
              '  phone                String?               @db.VarChar(500)\n' +
              '  address              Json?\n' +
              '  certifications       Json?\n' +
              '  skills               String[]              @db.VarChar(50)\n' +
              '  employment_status    EmploymentStatus      @default(ACTIVE)\n' +
              '  hire_date            DateTime              @db.Date\n' +
              '  termination_date     DateTime?             @db.Date\n' +
              '  created_at           DateTime              @default(now()) @db.Timestamptz(6)\n' +
              '  updated_at           DateTime              @db.Timestamptz(6)\n' +
              '  aadhaar_number       String?               @db.VarChar(500)\n' +
              '  metadata             Json?\n' +
              '  pan_number           String?               @db.VarChar(500)\n' +
              '  aadhaar_iv           String?               @db.VarChar(32)\n' +
              '  aadhaar_tag          String?               @db.VarChar(32)\n' +
              '  email_iv             String?               @db.VarChar(32)\n' +
              '  email_tag            String?               @db.VarChar(32)\n' +
              '  pan_iv               String?               @db.VarChar(32)\n' +
              '  pan_tag              String?               @db.VarChar(32)\n' +
              '  phone_iv             String?               @db.VarChar(32)\n' +
              '  phone_tag            String?               @db.VarChar(32)\n' +
              '  account_number       String?               @db.VarChar(500)\n' +
              '  account_number_iv    String?               @db.VarChar(32)\n' +
              '  account_number_tag   String?               @db.VarChar(32)\n' +
              '  account_type         AccountType           @default(SAVINGS)\n' +
              '  bank_name            String?               @db.VarChar(500)\n' +
              '  bank_name_iv         String?               @db.VarChar(32)\n' +
              '  bank_name_tag        String?               @db.VarChar(32)\n' +
              '  basic_salary         String?               @db.VarChar(500)\n' +
              '  basic_salary_iv      String?               @db.VarChar(32)\n' +
              '  basic_salary_tag     String?               @db.VarChar(32)\n' +
              '  date_of_birth        DateTime?             @db.Date\n' +
              '  epf_applicable       Boolean               @default(true)\n' +
              '  esic_applicable      Boolean               @default(true)\n' +
              '  esic_number          String?               @db.VarChar(500)\n' +
              '  esic_number_iv       String?               @db.VarChar(32)\n' +
              '  esic_number_tag      String?               @db.VarChar(32)\n' +
              '  gross_salary         String?               @db.VarChar(500)\n' +
              '  gross_salary_iv      String?               @db.VarChar(32)\n' +
              '  gross_salary_tag     String?               @db.VarChar(32)\n' +
              '  hra_amount           String?               @db.VarChar(500)\n' +
              '  hra_amount_iv        String?               @db.VarChar(32)\n' +
              '  hra_amount_tag       String?               @db.VarChar(32)\n' +
              '  ifsc_code            String?               @db.VarChar(500)\n' +
              '  ifsc_code_iv         String?               @db.VarChar(32)\n' +
              '  ifsc_code_tag        String?               @db.VarChar(32)\n' +
              '  other_allowances     String?               @db.VarChar(500)\n' +
              '  other_allowances_iv  String?               @db.VarChar(32)\n' +
              '  other_allowances_tag String?               @db.VarChar(32)\n' +
              '  pt_applicable        Boolean               @default(true)\n' +
              '  salary_type          SalaryType            @default(MONTHLY)\n' +
              '  tds_applicable       Boolean               @default(true)\n' +
              '  uan_number           String?               @db.VarChar(500)\n' +
              '  uan_number_iv        String?               @db.VarChar(32)\n' +
              '  uan_number_tag       String?               @db.VarChar(32)\n' +
              '  assignments          assignments[]\n' +
              '  attendance           attendance[]\n' +
              '  companies            companies             @relation(fields: [company_id], references: 
[id], onDelete: Cascade)\n' +
              '  payroll_items        payroll_items[]\n' +
              '  shift_notifications  shift_notifications[]\n' +
              '\n' +
              '  @@unique([company_id, employee_number])\n' +
              '  @@index([company_id, employment_status])\n' +
              '  @@index([company_id])\n' +
              '  @@index([skills])\n' +
              '  @@index([company_id], map: "idx_employees_company_id_rls", where: raw("(company_id IS 
NOT NULL)"))\n' +
              '}\n' +
              '\n' +
              '/// This model contains row level security and requires additional setup for migrations. 
Visit https://pris.ly/d/row-level-security for more info.\n' +
              'model invoices {\n' +
              '  id                   String        @id @db.Uuid\n' +
              '  client'... 11023 more characters,
            logEmitter: [EventEmitter],
            logQueries: false,
            logLevel: 'error',
            tracingHelper: fi {}
          },
          _appliedParent: {
            _originalClient: [Object],
            _runtimeDataModel: [Object],
            _requestHandler: [zr [RequestHandler]],
            _connectionPromise: undefined,
            _disconnectionPromise: undefined,
            _engineConfig: [Object],
            _accelerateEngineConfig: [Object],
            _clientVersion: '7.8.0',
            _errorFormat: 'pretty',
            _tracingHelper: fi {},
            _previewFeatures: [Array],
            _activeProvider: 'postgresql',
            _globalOmit: undefined,
            _extensions: [e],
            _engine: [jt],
            _appliedParent: [Object],
            _createPrismaPromise: [Function (anonymous)],
            '$extends': [Function: Ho],
            constructor: [class t],
            '$on': [Function: $on],
            '$connect': [Function: $connect],
            '$disconnect': [AsyncFunction: $disconnect],
            '$executeRawInternal': [Function: $executeRawInternal],
            '$executeRaw': [Function: $executeRaw],
            '$executeRawUnsafe': [Function: $executeRawUnsafe],
            '$runCommandRaw': [Function: $runCommandRaw],
            '$queryRawInternal': [AsyncFunction: $queryRawInternal],
            '$queryRaw': [Function: $queryRaw],
            '$queryRawTyped': [Function: $queryRawTyped],
            '$queryRawUnsafe': [Function: $queryRawUnsafe],
            _transactionWithArray: [Function: _transactionWithArray],
            _transactionWithCallback: [AsyncFunction: _transactionWithCallback],
            _createItxClient: [Function: _createItxClient],
            '$transaction': [Function: $transaction],
            _request: [Function: _request],
            _executeRequest: [AsyncFunction: _executeRequest],
            _hasPreviewFlag: [Function: _hasPreviewFlag],
            assignments: [Object],
            attendance: [Object],
            clients: [Object],
            companies: [Object],
            contracts: [Object],
            employees: [Object],
            invoices: [Object],
            payroll_items: [Object],
            payroll_runs: [Object],
            shift_notifications: [Object],
            shift_templates: [Object],
            shifts: [Object],
            sites: [Object],
            users: [Object],
            '$parent': [Object],
            Symbol(): [Object]
          },
          _createPrismaPromise: [Function (anonymous)],
          '$extends': [Function: Ho],
          constructor: [class t],
          '$on': [Function: $on],
          '$connect': [Function: $connect],
          '$disconnect': [AsyncFunction: $disconnect],
          '$executeRawInternal': [Function: $executeRawInternal],
          '$executeRaw': [Function: $executeRaw],
          '$executeRawUnsafe': [Function: $executeRawUnsafe],
          '$runCommandRaw': [Function: $runCommandRaw],
          '$queryRawInternal': [AsyncFunction: $queryRawInternal],
          '$queryRaw': [Function: $queryRaw],
          '$queryRawTyped': [Function: $queryRawTyped],
          '$queryRawUnsafe': [Function: $queryRawUnsafe],
          _transactionWithArray: [Function: _transactionWithArray],
          _transactionWithCallback: [AsyncFunction: _transactionWithCallback],
          _createItxClient: [Function: _createItxClient],
          '$transaction': [Function: $transaction],
          _request: [Function: _request],
          _executeRequest: [AsyncFunction: _executeRequest],
          _hasPreviewFlag: [Function: _hasPreviewFlag],
          assignments: {
            findUnique: [Function (anonymous)],
            findUniqueOrThrow: [Function (anonymous)],
            findFirst: [Function (anonymous)],
            findFirstOrThrow: [Function (anonymous)],
            findMany: [Function (anonymous)],
            create: [Function (anonymous)],
            createMany: [Function (anonymous)],
            createManyAndReturn: [Function (anonymous)],
            update: [Function (anonymous)],
            updateMany: [Function (anonymous)],
            updateManyAndReturn: [Function (anonymous)],
            upsert: [Function (anonymous)],
            delete: [Function (anonymous)],
            deleteMany: [Function (anonymous)],
            groupBy: [Function (anonymous)],
            count: [Function (anonymous)],
            aggregate: [Function (anonymous)],
            findRaw: [Function (anonymous)],
            aggregateRaw: [Function (anonymous)],
            fields: {},
            name: 'assignments',
            '$name': 'assignments',
            '$parent': [Object]
          },
          attendance: {
            findUnique: [Function (anonymous)],
            findUniqueOrThrow: [Function (anonymous)],
            findFirst: [Function (anonymous)],
            findFirstOrThrow: [Function (anonymous)],
            findMany: [Function (anonymous)],
            create: [Function (anonymous)],
            createMany: [Function (anonymous)],
            createManyAndReturn: [Function (anonymous)],
            update: [Function (anonymous)],
            updateMany: [Function (anonymous)],
            updateManyAndReturn: [Function (anonymous)],
            upsert: [Function (anonymous)],
            delete: [Function (anonymous)],
            deleteMany: [Function (anonymous)],
            groupBy: [Function (anonymous)],
            count: [Function (anonymous)],
            aggregate: [Function (anonymous)],
            findRaw: [Function (anonymous)],
            aggregateRaw: [Function (anonymous)],
            fields: {},
            name: 'attendance',
            '$name': 'attendance',
            '$parent': [Object]
          },
          clients: {
            findUnique: [Function (anonymous)],
            findUniqueOrThrow: [Function (anonymous)],
            findFirst: [Function (anonymous)],
            findFirstOrThrow: [Function (anonymous)],
            findMany: [Function (anonymous)],
            create: [Function (anonymous)],
            createMany: [Function (anonymous)],
            createManyAndReturn: [Function (anonymous)],
            update: [Function (anonymous)],
            updateMany: [Function (anonymous)],
            updateManyAndReturn: [Function (anonymous)],
            upsert: [Function (anonymous)],
            delete: [Function (anonymous)],
            deleteMany: [Function (anonymous)],
            groupBy: [Function (anonymous)],
            count: [Function (anonymous)],
            aggregate: [Function (anonymous)],
            findRaw: [Function (anonymous)],
            aggregateRaw: [Function (anonymous)],
            fields: {},
            name: 'clients',
            '$name': 'clients',
            '$parent': [Object]
          },
          companies: {
            findUnique: [Function (anonymous)],
            findUniqueOrThrow: [Function (anonymous)],
            findFirst: [Function (anonymous)],
            findFirstOrThrow: [Function (anonymous)],
            findMany: [Function (anonymous)],
            create: [Function (anonymous)],
            createMany: [Function (anonymous)],
            createManyAndReturn: [Function (anonymous)],
            update: [Function (anonymous)],
            updateMany: [Function (anonymous)],
            updateManyAndReturn: [Function (anonymous)],
            upsert: [Function (anonymous)],
            delete: [Function (anonymous)],
            deleteMany: [Function (anonymous)],
            groupBy: [Function (anonymous)],
            count: [Function (anonymous)],
            aggregate: [Function (anonymous)],
            findRaw: [Function (anonymous)],
            aggregateRaw: [Function (anonymous)],
            fields: {},
            name: 'companies',
            '$name': 'companies',
            '$parent': [Object]
          },
          contracts: {
            findUnique: [Function (anonymous)],
            findUniqueOrThrow: [Function (anonymous)],
            findFirst: [Function (anonymous)],
            findFirstOrThrow: [Function (anonymous)],
            findMany: [Function (anonymous)],
            create: [Function (anonymous)],
            createMany: [Function (anonymous)],
            createManyAndReturn: [Function (anonymous)],
            update: [Function (anonymous)],
            updateMany: [Function (anonymous)],
            updateManyAndReturn: [Function (anonymous)],
            upsert: [Function (anonymous)],
            delete: [Function (anonymous)],
            deleteMany: [Function (anonymous)],
            groupBy: [Function (anonymous)],
            count: [Function (anonymous)],
            aggregate: [Function (anonymous)],
            findRaw: [Function (anonymous)],
            aggregateRaw: [Function (anonymous)],
            fields: {},
            name: 'contracts',
            '$name': 'contracts',
            '$parent': [Object]
          },
          employees: {
            findUnique: [Function (anonymous)],
            findUniqueOrThrow: [Function (anonymous)],
            findFirst: [Function (anonymous)],
            findFirstOrThrow: [Function (anonymous)],
            findMany: [Function (anonymous)],
            create: [Function (anonymous)],
            createMany: [Function (anonymous)],
            createManyAndReturn: [Function (anonymous)],
            update: [Function (anonymous)],
            updateMany: [Function (anonymous)],
            updateManyAndReturn: [Function (anonymous)],
            upsert: [Function (anonymous)],
            delete: [Function (anonymous)],
            deleteMany: [Function (anonymous)],
            groupBy: [Function (anonymous)],
            count: [Function (anonymous)],
            aggregate: [Function (anonymous)],
            findRaw: [Function (anonymous)],
            aggregateRaw: [Function (anonymous)],
            fields: {},
            name: 'employees',
            '$name': 'employees',
            '$parent': [Object]
          },
          invoices: {
            findUnique: [Function (anonymous)],
            findUniqueOrThrow: [Function (anonymous)],
            findFirst: [Function (anonymous)],
            findFirstOrThrow: [Function (anonymous)],
            findMany: [Function (anonymous)],
            create: [Function (anonymous)],
            createMany: [Function (anonymous)],
            createManyAndReturn: [Function (anonymous)],
            update: [Function (anonymous)],
            updateMany: [Function (anonymous)],
            updateManyAndReturn: [Function (anonymous)],
            upsert: [Function (anonymous)],
            delete: [Function (anonymous)],
            deleteMany: [Function (anonymous)],
            groupBy: [Function (anonymous)],
            count: [Function (anonymous)],
            aggregate: [Function (anonymous)],
            findRaw: [Function (anonymous)],
            aggregateRaw: [Function (anonymous)],
            fields: {},
            name: 'invoices',
            '$name': 'invoices',
            '$parent': [Object]
          },
          payroll_items: {
            findUnique: [Function (anonymous)],
            findUniqueOrThrow: [Function (anonymous)],
            findFirst: [Function (anonymous)],
            findFirstOrThrow: [Function (anonymous)],
            findMany: [Function (anonymous)],
            create: [Function (anonymous)],
            createMany: [Function (anonymous)],
            createManyAndReturn: [Function (anonymous)],
            update: [Function (anonymous)],
            updateMany: [Function (anonymous)],
            updateManyAndReturn: [Function (anonymous)],
            upsert: [Function (anonymous)],
            delete: [Function (anonymous)],
            deleteMany: [Function (anonymous)],
            groupBy: [Function (anonymous)],
            count: [Function (anonymous)],
            aggregate: [Function (anonymous)],
            findRaw: [Function (anonymous)],
            aggregateRaw: [Function (anonymous)],
            fields: {},
            name: 'payroll_items',
            '$name': 'payroll_items',
            '$parent': [Object]
          },
          payroll_runs: {
            findUnique: [Function (anonymous)],
            findUniqueOrThrow: [Function (anonymous)],
            findFirst: [Function (anonymous)],
            findFirstOrThrow: [Function (anonymous)],
            findMany: [Function (anonymous)],
            create: [Function (anonymous)],
            createMany: [Function (anonymous)],
            createManyAndReturn: [Function (anonymous)],
            update: [Function (anonymous)],
            updateMany: [Function (anonymous)],
            updateManyAndReturn: [Function (anonymous)],
            upsert: [Function (anonymous)],
            delete: [Function (anonymous)],
            deleteMany: [Function (anonymous)],
            groupBy: [Function (anonymous)],
            count: [Function (anonymous)],
            aggregate: [Function (anonymous)],
            findRaw: [Function (anonymous)],
            aggregateRaw: [Function (anonymous)],
            fields: {},
            name: 'payroll_runs',
            '$name': 'payroll_runs',
            '$parent': [Object]
          },
          shift_notifications: {
            findUnique: [Function (anonymous)],
            findUniqueOrThrow: [Function (anonymous)],
            findFirst: [Function (anonymous)],
            findFirstOrThrow: [Function (anonymous)],
            findMany: [Function (anonymous)],
            create: [Function (anonymous)],
            createMany: [Function (anonymous)],
            createManyAndReturn: [Function (anonymous)],
            update: [Function (anonymous)],
            updateMany: [Function (anonymous)],
            updateManyAndReturn: [Function (anonymous)],
            upsert: [Function (anonymous)],
            delete: [Function (anonymous)],
            deleteMany: [Function (anonymous)],
            groupBy: [Function (anonymous)],
            count: [Function (anonymous)],
            aggregate: [Function (anonymous)],
            findRaw: [Function (anonymous)],
            aggregateRaw: [Function (anonymous)],
            fields: {},
            name: 'shift_notifications',
            '$name': 'shift_notifications',
            '$parent': [Object]
          },
          shift_templates: {
            findUnique: [Function (anonymous)],
            findUniqueOrThrow: [Function (anonymous)],
            findFirst: [Function (anonymous)],
            findFirstOrThrow: [Function (anonymous)],
            findMany: [Function (anonymous)],
            create: [Function (anonymous)],
            createMany: [Function (anonymous)],
            createManyAndReturn: [Function (anonymous)],
            update: [Function (anonymous)],
            updateMany: [Function (anonymous)],
            updateManyAndReturn: [Function (anonymous)],
            upsert: [Function (anonymous)],
            delete: [Function (anonymous)],
            deleteMany: [Function (anonymous)],
            groupBy: [Function (anonymous)],
            count: [Function (anonymous)],
            aggregate: [Function (anonymous)],
            findRaw: [Function (anonymous)],
            aggregateRaw: [Function (anonymous)],
            fields: {},
            name: 'shift_templates',
            '$name': 'shift_templates',
            '$parent': [Object]
          },
          shifts: {
            findUnique: [Function (anonymous)],
            findUniqueOrThrow: [Function (anonymous)],
            findFirst: [Function (anonymous)],
            findFirstOrThrow: [Function (anonymous)],
            findMany: [Function (anonymous)],
            create: [Function (anonymous)],
            createMany: [Function (anonymous)],
            createManyAndReturn: [Function (anonymous)],
            update: [Function (anonymous)],
            updateMany: [Function (anonymous)],
            updateManyAndReturn: [Function (anonymous)],
            upsert: [Function (anonymous)],
            delete: [Function (anonymous)],
            deleteMany: [Function (anonymous)],
            groupBy: [Function (anonymous)],
            count: [Function (anonymous)],
            aggregate: [Function (anonymous)],
            findRaw: [Function (anonymous)],
            aggregateRaw: [Function (anonymous)],
            fields: {},
            name: 'shifts',
            '$name': 'shifts',
            '$parent': [Object]
          },
          sites: {
            findUnique: [Function (anonymous)],
            findUniqueOrThrow: [Function (anonymous)],
            findFirst: [Function (anonymous)],
            findFirstOrThrow: [Function (anonymous)],
            findMany: [Function (anonymous)],
            create: [Function (anonymous)],
            createMany: [Function (anonymous)],
            createManyAndReturn: [Function (anonymous)],
            update: [Function (anonymous)],
            updateMany: [Function (anonymous)],
            updateManyAndReturn: [Function (anonymous)],
            upsert: [Function (anonymous)],
            delete: [Function (anonymous)],
            deleteMany: [Function (anonymous)],
            groupBy: [Function (anonymous)],
            count: [Function (anonymous)],
            aggregate: [Function (anonymous)],
            findRaw: [Function (anonymous)],
            aggregateRaw: [Function (anonymous)],
            fields: {},
            name: 'sites',
            '$name': 'sites',
            '$parent': [Object]
          },
          users: {
            findUnique: [Function (anonymous)],
            findUniqueOrThrow: [Function (anonymous)],
            findFirst: [Function (anonymous)],
            findFirstOrThrow: [Function (anonymous)],
            findMany: [Function (anonymous)],
            create: [Function (anonymous)],
            createMany: [Function (anonymous)],
            createManyAndReturn: [Function (anonymous)],
            update: [Function (anonymous)],
            updateMany: [Function (anonymous)],
            updateManyAndReturn: [Function (anonymous)],
            upsert: [Function (anonymous)],
            delete: [Function (anonymous)],
            deleteMany: [Function (anonymous)],
            groupBy: [Function (anonymous)],
            count: [Function (anonymous)],
            aggregate: [Function (anonymous)],
            findRaw: [Function (anonymous)],
            aggregateRaw: [Function (anonymous)],
            fields: {},
            name: 'users',
            '$name': 'users',
            '$parent': [Object]
          },
          '$parent': {
            _originalClient: [Object],
            _runtimeDataModel: [Object],
            _requestHandler: [zr [RequestHandler]],
            _connectionPromise: undefined,
            _disconnectionPromise: undefined,
            _engineConfig: [Object],
            _accelerateEngineConfig: [Object],
            _clientVersion: '7.8.0',
            _errorFormat: 'pretty',
            _tracingHelper: fi {},
            _previewFeatures: [Array],
            _activeProvider: 'postgresql',
            _globalOmit: undefined,
            _extensions: [e],
            _engine: [jt],
            _appliedParent: [Object],
            _createPrismaPromise: [Function (anonymous)],
            '$extends': [Function: Ho],
            constructor: [class t],
            '$on': [Function: $on],
            '$connect': [Function: $connect],
            '$disconnect': [AsyncFunction: $disconnect],
            '$executeRawInternal': [Function: $executeRawInternal],
            '$executeRaw': [Function: $executeRaw],
            '$executeRawUnsafe': [Function: $executeRawUnsafe],
            '$runCommandRaw': [Function: $runCommandRaw],
            '$queryRawInternal': [AsyncFunction: $queryRawInternal],
            '$queryRaw': [Function: $queryRaw],
            '$queryRawTyped': [Function: $queryRawTyped],
            '$queryRawUnsafe': [Function: $queryRawUnsafe],
            _transactionWithArray: [Function: _transactionWithArray],
            _transactionWithCallback: [AsyncFunction: _transactionWithCallback],
            _createItxClient: [Function: _createItxClient],
            '$transaction': [Function: $transaction],
            _request: [Function: _request],
            _executeRequest: [AsyncFunction: _executeRequest],
            _hasPreviewFlag: [Function: _hasPreviewFlag],
            assignments: [Object],
            attendance: [Object],
            clients: [Object],
            companies: [Object],
            contracts: [Object],
            employees: [Object],
            invoices: [Object],
            payroll_items: [Object],
            payroll_runs: [Object],
            shift_notifications: [Object],
            shift_templates: [Object],
            shifts: [Object],
            sites: [Object],
            users: [Object],
            '$parent': [Object],
            Symbol(): [Object]
          },
          Symbol(): {
            _originalClient: [Object],
            _runtimeDataModel: [Object],
            _requestHandler: [zr [RequestHandler]],
            _connectionPromise: undefined,
            _disconnectionPromise: undefined,
            _engineConfig: [Object],
            _accelerateEngineConfig: [Object],
            _clientVersion: '7.8.0',
            _errorFormat: 'pretty',
            _tracingHelper: fi {},
            _previewFeatures: [Array],
            _activeProvider: 'postgresql',
            _globalOmit: undefined,
            _extensions: [e],
            _engine: [jt],
            _appliedParent: [Object],
            _createPrismaPromise: [Function (anonymous)],
            '$extends': [Function: Ho]
          }
        }
      }

      at Object.<anonymous> (src/test/prisma-models.test.ts:23:13)

    console.log
      Available models: [
        'constructor',
        'company',
        'client',
        'clientUser',
        'clientDocument',
        'clientInteraction',
        'contract',
        'employee',
        'site',
        'assignment',
        'shift',
        'shiftTemplate',
        'shiftNotification',
        'attendance',
        'payrollRun',
        'payrollItem',
        'invoice',
        'user',
        'companies',
        'clients',
        'clientUsers',
        'clientDocuments',
        'clientInteractions',
        'contracts',
        'employees',
        'sites',
        'assignments',
        'shifts',
        'shiftTemplates',
        'shiftNotifications',
        'attendances',
        'payrollRuns',
        'payrollItems',
        'invoices',
        'users',
        'onModuleInit',
        'onModuleDestroy',
        'setTenantContext',
        'clearTenantContext',
        'withTenant',
        'createTenantAwareProxy',
        'addPluralAliases',
        'withSystemContext',
        'validateRLSConfiguration',
        'getTenantContext',
        'enableRLS',
        'createTenantPolicy',
        'testRLSIsolation'
      ]

      at Object.<anonymous> (src/test/prisma-models.test.ts:24:13)

    console.log
      Ô£à Test database cleanup completed

      at Object.<anonymous> (src/test/setup.ts:97:13)

PASS src/auth/rbac/rbac-utilities.service.spec.ts (7.018 s)
  ÔùÅ Console

    console.warn
      Database schema setup encountered issues - attempting to continue with existing schema

    [0m [90m 43 |[39m       })[33m;[39m
     [90m 44 |[39m     } [36mcatch[39m (error) {
    [31m[1m>[22m[39m[90m 45 |[39m       console[33m.[39mwarn([32m'Database schema setup 
encountered issues - attempting to continue with existing schema'[39m)[33m;[39m
     [90m    |[39m               [31m[1m^[22m[39m
     [90m 46 |[39m     }
     [90m 47 |[39m
     [90m 48 |[39m     [90m// Initialize Prisma client after schema is set up with timeout 
settings[39m[0m

      at Object.<anonymous> (src/test/setup.ts:45:15)

    console.log
      Ô£à Test database setup completed successfully

      at Object.<anonymous> (src/test/setup.ts:70:13)

    console.log
      Ô£à Test database cleanup completed

      at Object.<anonymous> (src/test/setup.ts:97:13)

PASS src/payroll/services/payroll-calculation.property.spec.ts (6.834 s)
  ÔùÅ Console

    console.warn
      Database schema setup encountered issues - attempting to continue with existing schema

    [0m [90m 43 |[39m       })[33m;[39m
     [90m 44 |[39m     } [36mcatch[39m (error) {
    [31m[1m>[22m[39m[90m 45 |[39m       console[33m.[39mwarn([32m'Database schema setup 
encountered issues - attempting to continue with existing schema'[39m)[33m;[39m
     [90m    |[39m               [31m[1m^[22m[39m
     [90m 46 |[39m     }
     [90m 47 |[39m
     [90m 48 |[39m     [90m// Initialize Prisma client after schema is set up with timeout 
settings[39m[0m

      at Object.<anonymous> (src/test/setup.ts:45:15)

    console.log
      Ô£à Test database setup completed successfully

      at Object.<anonymous> (src/test/setup.ts:70:13)

    console.log
      Ô£à Test database cleanup completed

      at Object.<anonymous> (src/test/setup.ts:97:13)

PASS src/common/tenant-context.validation.test.ts (6.108 s)
  ÔùÅ Console

    console.warn
      Database schema setup encountered issues - attempting to continue with existing schema

    [0m [90m 43 |[39m       })[33m;[39m
     [90m 44 |[39m     } [36mcatch[39m (error) {
    [31m[1m>[22m[39m[90m 45 |[39m       console[33m.[39mwarn([32m'Database schema setup 
encountered issues - attempting to continue with existing schema'[39m)[33m;[39m
     [90m    |[39m               [31m[1m^[22m[39m
     [90m 46 |[39m     }
     [90m 47 |[39m
     [90m 48 |[39m     [90m// Initialize Prisma client after schema is set up with timeout 
settings[39m[0m

      at Object.<anonymous> (src/test/setup.ts:45:15)

    console.log
      Ô£à Test database setup completed successfully

      at Object.<anonymous> (src/test/setup.ts:70:13)

    console.log
      Ô£à Test database cleanup completed

      at Object.<anonymous> (src/test/setup.ts:97:13)

PASS src/auth/rbac/role-permissions.config.spec.ts (6.991 s)
  ÔùÅ Console

    console.warn
      Database schema setup encountered issues - attempting to continue with existing schema

    [0m [90m 43 |[39m       })[33m;[39m
     [90m 44 |[39m     } [36mcatch[39m (error) {
    [31m[1m>[22m[39m[90m 45 |[39m       console[33m.[39mwarn([32m'Database schema setup 
encountered issues - attempting to continue with existing schema'[39m)[33m;[39m
     [90m    |[39m               [31m[1m^[22m[39m
     [90m 46 |[39m     }
     [90m 47 |[39m
     [90m 48 |[39m     [90m// Initialize Prisma client after schema is set up with timeout 
settings[39m[0m

      at Object.<anonymous> (src/test/setup.ts:45:15)

    console.log
      Ô£à Test database setup completed successfully

      at Object.<anonymous> (src/test/setup.ts:70:13)

    console.log
      Ô£à Test database cleanup completed

      at Object.<anonymous> (src/test/setup.ts:97:13)

PASS src/billing/tests/invoice-generation-correctness.property.spec.ts (6.041 s)
  ÔùÅ Console

    console.warn
      Database schema setup encountered issues - attempting to continue with existing schema

    [0m [90m 43 |[39m       })[33m;[39m
     [90m 44 |[39m     } [36mcatch[39m (error) {
    [31m[1m>[22m[39m[90m 45 |[39m       console[33m.[39mwarn([32m'Database schema setup 
encountered issues - attempting to continue with existing schema'[39m)[33m;[39m
     [90m    |[39m               [31m[1m^[22m[39m
     [90m 46 |[39m     }
     [90m 47 |[39m
     [90m 48 |[39m     [90m// Initialize Prisma client after schema is set up with timeout 
settings[39m[0m

      at Object.<anonymous> (src/test/setup.ts:45:15)

    console.log
      Ô£à Test database setup completed successfully

      at Object.<anonymous> (src/test/setup.ts:70:13)

    console.log
      Ô£à Test database cleanup completed

      at Object.<anonymous> (src/test/setup.ts:97:13)

PASS src/attendance/attendance.integration.test.ts (7.006 s)
  ÔùÅ Console

    console.warn
      Database schema setup encountered issues - attempting to continue with existing schema

    [0m [90m 43 |[39m       })[33m;[39m
     [90m 44 |[39m     } [36mcatch[39m (error) {
    [31m[1m>[22m[39m[90m 45 |[39m       console[33m.[39mwarn([32m'Database schema setup 
encountered issues - attempting to continue with existing schema'[39m)[33m;[39m
     [90m    |[39m               [31m[1m^[22m[39m
     [90m 46 |[39m     }
     [90m 47 |[39m
     [90m 48 |[39m     [90m// Initialize Prisma client after schema is set up with timeout 
settings[39m[0m

      at Object.<anonymous> (src/test/setup.ts:45:15)

    console.log
      Ô£à Test database setup completed successfully

      at Object.<anonymous> (src/test/setup.ts:70:13)

    console.log
      Ô£à Test database cleanup completed

      at Object.<anonymous> (src/test/setup.ts:97:13)

PASS src/client-portal/client-portal-verification.test.ts (8.116 s)
  ÔùÅ Console

    console.warn
      Database schema setup encountered issues - attempting to continue with existing schema

    [0m [90m 43 |[39m       })[33m;[39m
     [90m 44 |[39m     } [36mcatch[39m (error) {
    [31m[1m>[22m[39m[90m 45 |[39m       console[33m.[39mwarn([32m'Database schema setup 
encountered issues - attempting to continue with existing schema'[39m)[33m;[39m
     [90m    |[39m               [31m[1m^[22m[39m
     [90m 46 |[39m     }
     [90m 47 |[39m
     [90m 48 |[39m     [90m// Initialize Prisma client after schema is set up with timeout 
settings[39m[0m

      at Object.<anonymous> (src/test/setup.ts:45:15)

    console.log
      Ô£à Test database setup completed successfully

      at Object.<anonymous> (src/test/setup.ts:70:13)

    console.log
      Ô£à Test database cleanup completed

      at Object.<anonymous> (src/test/setup.ts:97:13)

PASS src/billing/tests/financial-reports-accuracy.property.spec.ts (6.27 s)
  ÔùÅ Console

    console.warn
      Database schema setup encountered issues - attempting to continue with existing schema

    [0m [90m 43 |[39m       })[33m;[39m
     [90m 44 |[39m     } [36mcatch[39m (error) {
    [31m[1m>[22m[39m[90m 45 |[39m       console[33m.[39mwarn([32m'Database schema setup 
encountered issues - attempting to continue with existing schema'[39m)[33m;[39m
     [90m    |[39m               [31m[1m^[22m[39m
     [90m 46 |[39m     }
     [90m 47 |[39m
     [90m 48 |[39m     [90m// Initialize Prisma client after schema is set up with timeout 
settings[39m[0m

      at Object.<anonymous> (src/test/setup.ts:45:15)

    console.log
      Ô£à Test database setup completed successfully

      at Object.<anonymous> (src/test/setup.ts:70:13)

    console.log
      Ô£à Test database cleanup completed

      at Object.<anonymous> (src/test/setup.ts:97:13)

PASS src/tests/property-tests/tenant-isolation-mock.spec.ts (5.538 s)
  ÔùÅ Console

    console.warn
      Database schema setup encountered issues - attempting to continue with existing schema

    [0m [90m 43 |[39m       })[33m;[39m
     [90m 44 |[39m     } [36mcatch[39m (error) {
    [31m[1m>[22m[39m[90m 45 |[39m       console[33m.[39mwarn([32m'Database schema setup 
encountered issues - attempting to continue with existing schema'[39m)[33m;[39m
     [90m    |[39m               [31m[1m^[22m[39m
     [90m 46 |[39m     }
     [90m 47 |[39m
     [90m 48 |[39m     [90m// Initialize Prisma client after schema is set up with timeout 
settings[39m[0m

      at Object.<anonymous> (src/test/setup.ts:45:15)

    console.log
      Ô£à Test database setup completed successfully

      at Object.<anonymous> (src/test/setup.ts:70:13)

    console.log
      Ô£à Test database cleanup completed

      at Object.<anonymous> (src/test/setup.ts:97:13)

PASS src/tests/property-tests/drag-drop-assignment-validation.spec.ts (5.997 s)
  ÔùÅ Console

    console.warn
      Database schema setup encountered issues - attempting to continue with existing schema

    [0m [90m 43 |[39m       })[33m;[39m
     [90m 44 |[39m     } [36mcatch[39m (error) {
    [31m[1m>[22m[39m[90m 45 |[39m       console[33m.[39mwarn([32m'Database schema setup 
encountered issues - attempting to continue with existing schema'[39m)[33m;[39m
     [90m    |[39m               [31m[1m^[22m[39m
     [90m 46 |[39m     }
     [90m 47 |[39m
     [90m 48 |[39m     [90m// Initialize Prisma client after schema is set up with timeout 
settings[39m[0m

      at Object.<anonymous> (src/test/setup.ts:45:15)

    console.log
      Ô£à Test database setup completed successfully

      at Object.<anonymous> (src/test/setup.ts:70:13)

    console.log
      Ô£à Test database cleanup completed

      at Object.<anonymous> (src/test/setup.ts:97:13)


Summary of all failing tests
FAIL src/tests/property-tests/deployment-assignment-correctness.spec.ts (43.596 s)
  ÔùÅ Deployment Assignment Correctness Properties ÔÇ║ Property 15.1: Guard Assignment Tracking Accuracy 
ÔÇ║ should accurately track required vs assigned guards for all sites

    Property failed after 1 tests
    { seed: 42, path: "0:0:0:0:0:0:0:0:0:0:0:0:0:0", endOnFailure: true }
    Counterexample: [{"companyName":"    
0","siteCount":1,"employeeCount":1,"assignmentRatio":0.30000001192092896,"skillVariety":1}]
    Shrunk 13 time(s)

    Hint: Enable verbose mode in order to have the list of all failing values encountered during the run

      at buildError (node_modules/fast-check/lib/cjs/fast-check.js:2456:16)
      at asyncThrowIfFailed (node_modules/fast-check/lib/cjs/fast-check.js:2468:8)

    Cause:
    TypeError: Cannot read properties of undefined (reading 'client')

    [0m [90m 123 |[39m
     [90m 124 |[39m       [90m// Extract contact information[39m
    [31m[1m>[22m[39m[90m 125 |[39m       [36mconst[39m contactInfo [33m=[39m 
site[33m.[39mcontactInfo [33m||[39m site[33m.[39mcontract[33m.[39mclient[33m.[39mcontactInfo 
[33m||[39m {}[33m;[39m
     [90m     |[39m                                                             [31m[1m^[22m[39m
     [90m 126 |[39m
     [90m 127 |[39m       [36mreturn[39m {
     [90m 128 |[39m         siteId[33m:[39m site[33m.[39mid[33m,[39m[0m

      at src/deployment/deployment.service.ts:125:61
          at Array.map (<anonymous>)
      at DeploymentService.getSiteDetails (src/deployment/deployment.service.ts:97:36)
      at src/tests/property-tests/deployment-assignment-correctness.spec.ts:187:33
      at AsyncProperty.run (node_modules/fast-check/lib/cjs/fast-check.js:1212:19)

  ÔùÅ Deployment Assignment Correctness Properties ÔÇ║ Property 15.3: Deployment Efficiency Consistency 
ÔÇ║ should maintain consistent deployment efficiency metrics across all operations

    Property failed after 1 tests
    { seed: 42, path: "0:0:0:0:0:0:0:0:0:0:0:0", endOnFailure: true }
    Counterexample: [{"companyName":"    0","siteCount":2,"employeeCount":2,"efficiencyTarget":60}]
    Shrunk 11 time(s)

    Hint: Enable verbose mode in order to have the list of all failing values encountered during the run

      at buildError (node_modules/fast-check/lib/cjs/fast-check.js:2456:16)
      at asyncThrowIfFailed (node_modules/fast-check/lib/cjs/fast-check.js:2468:8)

    Cause:
    PrismaClientValidationError: 
    Invalid `this.prisma.site.count()` invocation in
    G:\Payroll System\backend\src\deployment\deployment.service.ts:193:42

      190 this.logger.log('Calculating deployment efficiency metrics');
      191 const tenantId = this.tenantContext.getTenantId();
      192 
    ÔåÆ 193 const sites = await this.prisma.site.count({
            select: {
              _count: {
                select: {
                  _all: true
                }
              }
            },
            where: {
              contract: {
              ~~~~~~~~
                client: {
                  companyId: "a817ed87-78d2-4737-b790-d0b859f11c43"
                }
              },
              operationalStatus: "ACTIVE",
          ?   AND?: sitesWhereInput | sitesWhereInput[],
          ?   OR?: sitesWhereInput[],
          ?   NOT?: sitesWhereInput | sitesWhereInput[],
          ?   id?: UuidFilter | String,
          ?   client_id?: UuidFilter | String,
          ?   name?: StringFilter | String,
          ?   address?: JsonFilter,
          ?   access_requirements?: JsonNullableFilter,
          ?   safety_protocols?: JsonNullableFilter,
          ?   operational_status?: EnumOperationalStatusFilter | OperationalStatus,
          ?   contact_info?: JsonNullableFilter,
          ?   created_at?: DateTimeFilter | DateTime,
          ?   updated_at?: DateTimeFilter | DateTime,
          ?   contract_id?: UuidNullableFilter | String | Null,
          ?   min_staffing_level?: IntNullableFilter | Int | Null,
          ?   max_staffing_level?: IntNullableFilter | Int | Null,
          ?   assignments?: AssignmentsListRelationFilter,
          ?   shift_templates?: Shift_templatesListRelationFilter,
          ?   shifts?: ShiftsListRelationFilter,
          ?   clients?: ClientsScalarRelationFilter | clientsWhereInput,
          ?   contracts?: ContractsNullableScalarRelationFilter | contractsWhereInput | Null
            }
          })

    Unknown argument `contract`. Did you mean `contracts`? Available options are listed in green.

    [0m [90m 191 |[39m     [36mconst[39m tenantId [33m=[39m 
[36mthis[39m[33m.[39mtenantContext[33m.[39mgetTenantId()[33m;[39m
     [90m 192 |[39m
    [31m[1m>[22m[39m[90m 193 |[39m     [36mconst[39m sites [33m=[39m [36mawait[39m 
[36mthis[39m[33m.[39mprisma[33m.[39msite[33m.[39mcount({
     [90m     |[39m                   [31m[1m^[22m[39m
     [90m 194 |[39m       where[33m:[39m {
     [90m 195 |[39m         contract[33m:[39m { 
     [90m 196 |[39m           client[33m:[39m { companyId[33m:[39m tenantId } [0m

      at ar 
(node_modules/@prisma/client/src/runtime/core/errorRendering/throwValidationException.ts:46:9)
      at zr.throwValidationException [as handleRequestError] 
(node_modules/@prisma/client/src/runtime/RequestHandler.ts:211:7)
      at zr.handleAndLogRequestError (node_modules/@prisma/client/src/runtime/RequestHandler.ts:183:12)
      at zr.request (node_modules/@prisma/client/src/runtime/RequestHandler.ts:152:12)
      at a (node_modules/@prisma/client/src/runtime/getPrismaClient.ts:963:24)
      at DeploymentService.getEfficiencyMetrics (src/deployment/deployment.service.ts:193:19)
      at src/tests/property-tests/deployment-assignment-correctness.spec.ts:308:39
      at AsyncProperty.run (node_modules/fast-check/lib/cjs/fast-check.js:1212:19)

  ÔùÅ Deployment Assignment Correctness Properties ÔÇ║ Property 15.4: Assignment Recommendation Accuracy 
ÔÇ║ should provide accurate assignment recommendations based on site requirements

    Property failed after 2 tests
    { seed: 42, path: "1:2:1:5:8:11:13:15:16:16:16:16:16:16:16:16:16:16:16:16:16:16:16:16:16", 
endOnFailure: true }
    Counterexample: [{"companyName":"           0","siteName":"    
0","availableGuardCount":0,"requiredSkills":[],"minimumExperience":0}]
    Shrunk 24 time(s)

    Hint: Enable verbose mode in order to have the list of all failing values encountered during the run

      at buildError (node_modules/fast-check/lib/cjs/fast-check.js:2456:16)
      at asyncThrowIfFailed (node_modules/fast-check/lib/cjs/fast-check.js:2468:8)

    Cause:
    PrismaClientKnownRequestError: 
    Invalid `this.prisma.companies.create()` invocation in
    G:\Payroll System\backend\src\tests\generators\deployment-test-data.generator.ts:576:49

      573 }
      574 
      575 async createRecommendationScenario(scenario,[object Object], RecommendationScenario) {
    ÔåÆ 576   const company = await this.prisma.companies.create(
    The provided value for the column is too long for the column's type. Column: (not available)

    [0m [90m 574 |[39m
     [90m 575 |[39m   [36masync[39m createRecommendationScenario(scenario[33m:[39m 
[33mRecommendationScenario[39m) {
    [31m[1m>[22m[39m[90m 576 |[39m     [36mconst[39m company [33m=[39m [36mawait[39m 
[36mthis[39m[33m.[39mprisma[33m.[39mcompanies[33m.[39mcreate({
     [90m     |[39m                     [31m[1m^[22m[39m
     [90m 577 |[39m       data[33m:[39m {
     [90m 578 |[39m         id[33m:[39m uuidv4()[33m,[39m
     [90m 579 |[39m         name[33m:[39m scenario[33m.[39mcompanyName[33m,[39m[0m

      at zr.handleRequestError (node_modules/@prisma/client/src/runtime/RequestHandler.ts:237:13)
      at zr.handleAndLogRequestError (node_modules/@prisma/client/src/runtime/RequestHandler.ts:183:12)
      at zr.request (node_modules/@prisma/client/src/runtime/RequestHandler.ts:152:12)
      at a (node_modules/@prisma/client/src/runtime/getPrismaClient.ts:963:24)
      at DeploymentTestDataGenerator.createRecommendationScenario 
(src/tests/generators/deployment-test-data.generator.ts:576:21)
      at src/tests/property-tests/deployment-assignment-correctness.spec.ts:373:54
      at AsyncProperty.run (node_modules/fast-check/lib/cjs/fast-check.js:1212:19)

FAIL src/test/property-tests/bug-condition-exploration.spec.ts (9.56 s)
  ÔùÅ Bug Condition Exploration - Infrastructure Reliability Verification (POST-FIX) ÔÇ║ should validate 
invoice generation parameter alignment is fixed

    expect(received).toBeNull()

    Received: [TypeError: Cannot read properties of null (reading 'client_id')]

    [0m [90m 305 |[39m
     [90m 306 |[39m     [90m// The FIXED condition: method succeeds because parameter alignment is 
now correct[39m
    [31m[1m>[22m[39m[90m 307 |[39m     expect(parameterError)[33m.[39mtoBeNull()[33m;[39m
     [90m     |[39m                            [31m[1m^[22m[39m
     [90m 308 |[39m     expect(result)[33m.[39mtoBeDefined()[33m;[39m
     [90m 309 |[39m   })[33m;[39m
     [90m 310 |[39m[0m

      at Object.<anonymous> (src/test/property-tests/bug-condition-exploration.spec.ts:307:28)

FAIL src/billing/billing.integration.test.ts (12.204 s)
  ÔùÅ Billing Integration Tests ÔÇ║ Invoice Creation ÔÇ║ should create invoice with basic deployment data

    PrismaClientValidationError: 
    Invalid `this.prisma.contract.findFirst()` invocation in
    G:\Payroll System\backend\src\billing\services\invoice.service.ts:55:49

      52   : this.calculateDefaultDueDate(new Date());
      53 
      54 // Find the first active contract for this client to create the invoice
    ÔåÆ 55 const contract = await this.prisma.contract.findFirst({
           where: {
             client: {
             ~~~~~~
               id: undefined,
               companyId: "5bc92930-2fb9-40b5-bde1-5353a1ac77d6"
             },
             status: "ACTIVE",
         ?   AND?: contractsWhereInput | contractsWhereInput[],
         ?   OR?: contractsWhereInput[],
         ?   NOT?: contractsWhereInput | contractsWhereInput[],
         ?   id?: UuidFilter | String,
         ?   client_id?: UuidFilter | String,
         ?   contract_number?: StringFilter | String,
         ?   title?: StringFilter | String,
         ?   description?: StringNullableFilter | String | Null,
         ?   start_date?: DateTimeFilter | DateTime,
         ?   end_date?: DateTimeNullableFilter | DateTime | Null,
         ?   service_definitions?: JsonNullableFilter,
         ?   billing_preferences?: JsonNullableFilter,
         ?   contract_value?: DecimalNullableFilter | Decimal | Null,
         ?   created_at?: DateTimeFilter | DateTime,
         ?   updated_at?: DateTimeFilter | DateTime,
         ?   clients?: ClientsScalarRelationFilter | clientsWhereInput,
         ?   sites?: SitesListRelationFilter
           }
         })

    Unknown argument `client`. Did you mean `clients`? Available options are listed in green.

    [0m [90m 53 |[39m
     [90m 54 |[39m     [90m// Find the first active contract for this client to create the 
invoice[39m
    [31m[1m>[22m[39m[90m 55 |[39m     [36mconst[39m contract [33m=[39m [36mawait[39m 
[36mthis[39m[33m.[39mprisma[33m.[39mcontract[33m.[39mfindFirst({
     [90m    |[39m                      [31m[1m^[22m[39m
     [90m 56 |[39m       where[33m:[39m {
     [90m 57 |[39m         client[33m:[39m {
     [90m 58 |[39m           id[33m:[39m createInvoiceDto[33m.[39mclientId[33m,[39m[0m

      at ar 
(node_modules/@prisma/client/src/runtime/core/errorRendering/throwValidationException.ts:46:9)
      at zr.throwValidationException [as handleRequestError] 
(node_modules/@prisma/client/src/runtime/RequestHandler.ts:211:7)
      at zr.handleAndLogRequestError (node_modules/@prisma/client/src/runtime/RequestHandler.ts:183:12)
      at zr.request (node_modules/@prisma/client/src/runtime/RequestHandler.ts:152:12)
      at a (node_modules/@prisma/client/src/runtime/getPrismaClient.ts:963:24)
      at InvoiceService.createInvoice (src/billing/services/invoice.service.ts:55:22)
      at Object.<anonymous> (src/billing/billing.integration.test.ts:86:23)

  ÔùÅ Billing Integration Tests ÔÇ║ Invoice Creation ÔÇ║ should calculate GST correctly for Indian 
billing

    PrismaClientValidationError: 
    Invalid `this.prisma.contract.findFirst()` invocation in
    G:\Payroll System\backend\src\billing\services\invoice.service.ts:55:49

      52   : this.calculateDefaultDueDate(new Date());
      53 
      54 // Find the first active contract for this client to create the invoice
    ÔåÆ 55 const contract = await this.prisma.contract.findFirst({
           where: {
             client: {
             ~~~~~~
               id: undefined,
               companyId: "8e308033-a429-4296-b3f0-438316848759"
             },
             status: "ACTIVE",
         ?   AND?: contractsWhereInput | contractsWhereInput[],
         ?   OR?: contractsWhereInput[],
         ?   NOT?: contractsWhereInput | contractsWhereInput[],
         ?   id?: UuidFilter | String,
         ?   client_id?: UuidFilter | String,
         ?   contract_number?: StringFilter | String,
         ?   title?: StringFilter | String,
         ?   description?: StringNullableFilter | String | Null,
         ?   start_date?: DateTimeFilter | DateTime,
         ?   end_date?: DateTimeNullableFilter | DateTime | Null,
         ?   service_definitions?: JsonNullableFilter,
         ?   billing_preferences?: JsonNullableFilter,
         ?   contract_value?: DecimalNullableFilter | Decimal | Null,
         ?   created_at?: DateTimeFilter | DateTime,
         ?   updated_at?: DateTimeFilter | DateTime,
         ?   clients?: ClientsScalarRelationFilter | clientsWhereInput,
         ?   sites?: SitesListRelationFilter
           }
         })

    Unknown argument `client`. Did you mean `clients`? Available options are listed in green.

    [0m [90m 53 |[39m
     [90m 54 |[39m     [90m// Find the first active contract for this client to create the 
invoice[39m
    [31m[1m>[22m[39m[90m 55 |[39m     [36mconst[39m contract [33m=[39m [36mawait[39m 
[36mthis[39m[33m.[39mprisma[33m.[39mcontract[33m.[39mfindFirst({
     [90m    |[39m                      [31m[1m^[22m[39m
     [90m 56 |[39m       where[33m:[39m {
     [90m 57 |[39m         client[33m:[39m {
     [90m 58 |[39m           id[33m:[39m createInvoiceDto[33m.[39mclientId[33m,[39m[0m

      at ar 
(node_modules/@prisma/client/src/runtime/core/errorRendering/throwValidationException.ts:46:9)
      at zr.throwValidationException [as handleRequestError] 
(node_modules/@prisma/client/src/runtime/RequestHandler.ts:211:7)
      at zr.handleAndLogRequestError (node_modules/@prisma/client/src/runtime/RequestHandler.ts:183:12)
      at zr.request (node_modules/@prisma/client/src/runtime/RequestHandler.ts:152:12)
      at a (node_modules/@prisma/client/src/runtime/getPrismaClient.ts:963:24)
      at InvoiceService.createInvoice (src/billing/services/invoice.service.ts:55:22)
      at Object.<anonymous> (src/billing/billing.integration.test.ts:109:23)

  ÔùÅ Billing Integration Tests ÔÇ║ Invoice Creation ÔÇ║ should handle additional charges correctly

    PrismaClientValidationError: 
    Invalid `this.prisma.contract.findFirst()` invocation in
    G:\Payroll System\backend\src\billing\services\invoice.service.ts:55:49

      52   : this.calculateDefaultDueDate(new Date());
      53 
      54 // Find the first active contract for this client to create the invoice
    ÔåÆ 55 const contract = await this.prisma.contract.findFirst({
           where: {
             client: {
             ~~~~~~
               id: undefined,
               companyId: "5c441fa6-473b-4d2c-9099-9ded3cb5cb79"
             },
             status: "ACTIVE",
         ?   AND?: contractsWhereInput | contractsWhereInput[],
         ?   OR?: contractsWhereInput[],
         ?   NOT?: contractsWhereInput | contractsWhereInput[],
         ?   id?: UuidFilter | String,
         ?   client_id?: UuidFilter | String,
         ?   contract_number?: StringFilter | String,
         ?   title?: StringFilter | String,
         ?   description?: StringNullableFilter | String | Null,
         ?   start_date?: DateTimeFilter | DateTime,
         ?   end_date?: DateTimeNullableFilter | DateTime | Null,
         ?   service_definitions?: JsonNullableFilter,
         ?   billing_preferences?: JsonNullableFilter,
         ?   contract_value?: DecimalNullableFilter | Decimal | Null,
         ?   created_at?: DateTimeFilter | DateTime,
         ?   updated_at?: DateTimeFilter | DateTime,
         ?   clients?: ClientsScalarRelationFilter | clientsWhereInput,
         ?   sites?: SitesListRelationFilter
           }
         })

    Unknown argument `client`. Did you mean `clients`? Available options are listed in green.

    [0m [90m 53 |[39m
     [90m 54 |[39m     [90m// Find the first active contract for this client to create the 
invoice[39m
    [31m[1m>[22m[39m[90m 55 |[39m     [36mconst[39m contract [33m=[39m [36mawait[39m 
[36mthis[39m[33m.[39mprisma[33m.[39mcontract[33m.[39mfindFirst({
     [90m    |[39m                      [31m[1m^[22m[39m
     [90m 56 |[39m       where[33m:[39m {
     [90m 57 |[39m         client[33m:[39m {
     [90m 58 |[39m           id[33m:[39m createInvoiceDto[33m.[39mclientId[33m,[39m[0m

      at ar 
(node_modules/@prisma/client/src/runtime/core/errorRendering/throwValidationException.ts:46:9)
      at zr.throwValidationException [as handleRequestError] 
(node_modules/@prisma/client/src/runtime/RequestHandler.ts:211:7)
      at zr.handleAndLogRequestError (node_modules/@prisma/client/src/runtime/RequestHandler.ts:183:12)
      at zr.request (node_modules/@prisma/client/src/runtime/RequestHandler.ts:152:12)
      at a (node_modules/@prisma/client/src/runtime/getPrismaClient.ts:963:24)
      at InvoiceService.createInvoice (src/billing/services/invoice.service.ts:55:22)
      at Object.<anonymous> (src/billing/billing.integration.test.ts:140:23)

  ÔùÅ Billing Integration Tests ÔÇ║ Invoice Management ÔÇ║ should list invoices with pagination

    PrismaClientValidationError: 
    Invalid `this.prisma.contract.findFirst()` invocation in
    G:\Payroll System\backend\src\billing\services\invoice.service.ts:55:49

      52   : this.calculateDefaultDueDate(new Date());
      53 
      54 // Find the first active contract for this client to create the invoice
    ÔåÆ 55 const contract = await this.prisma.contract.findFirst({
           where: {
             client: {
             ~~~~~~
               id: undefined,
               companyId: "b2949aca-d5eb-46f9-a5db-4e7103396fef"
             },
             status: "ACTIVE",
         ?   AND?: contractsWhereInput | contractsWhereInput[],
         ?   OR?: contractsWhereInput[],
         ?   NOT?: contractsWhereInput | contractsWhereInput[],
         ?   id?: UuidFilter | String,
         ?   client_id?: UuidFilter | String,
         ?   contract_number?: StringFilter | String,
         ?   title?: StringFilter | String,
         ?   description?: StringNullableFilter | String | Null,
         ?   start_date?: DateTimeFilter | DateTime,
         ?   end_date?: DateTimeNullableFilter | DateTime | Null,
         ?   service_definitions?: JsonNullableFilter,
         ?   billing_preferences?: JsonNullableFilter,
         ?   contract_value?: DecimalNullableFilter | Decimal | Null,
         ?   created_at?: DateTimeFilter | DateTime,
         ?   updated_at?: DateTimeFilter | DateTime,
         ?   clients?: ClientsScalarRelationFilter | clientsWhereInput,
         ?   sites?: SitesListRelationFilter
           }
         })

    Unknown argument `client`. Did you mean `clients`? Available options are listed in green.

    [0m [90m 53 |[39m
     [90m 54 |[39m     [90m// Find the first active contract for this client to create the 
invoice[39m
    [31m[1m>[22m[39m[90m 55 |[39m     [36mconst[39m contract [33m=[39m [36mawait[39m 
[36mthis[39m[33m.[39mprisma[33m.[39mcontract[33m.[39mfindFirst({
     [90m    |[39m                      [31m[1m^[22m[39m
     [90m 56 |[39m       where[33m:[39m {
     [90m 57 |[39m         client[33m:[39m {
     [90m 58 |[39m           id[33m:[39m createInvoiceDto[33m.[39mclientId[33m,[39m[0m

      at ar 
(node_modules/@prisma/client/src/runtime/core/errorRendering/throwValidationException.ts:46:9)
      at zr.throwValidationException [as handleRequestError] 
(node_modules/@prisma/client/src/runtime/RequestHandler.ts:211:7)
      at zr.handleAndLogRequestError (node_modules/@prisma/client/src/runtime/RequestHandler.ts:183:12)
      at zr.request (node_modules/@prisma/client/src/runtime/RequestHandler.ts:152:12)
      at a (node_modules/@prisma/client/src/runtime/getPrismaClient.ts:963:24)
      at InvoiceService.createInvoice (src/billing/services/invoice.service.ts:55:22)
      at Object.<anonymous> (src/billing/billing.integration.test.ts:158:7)

  ÔùÅ Billing Integration Tests ÔÇ║ Invoice Management ÔÇ║ should update invoice status

    PrismaClientValidationError: 
    Invalid `this.prisma.contract.findFirst()` invocation in
    G:\Payroll System\backend\src\billing\services\invoice.service.ts:55:49

      52   : this.calculateDefaultDueDate(new Date());
      53 
      54 // Find the first active contract for this client to create the invoice
    ÔåÆ 55 const contract = await this.prisma.contract.findFirst({
           where: {
             client: {
             ~~~~~~
               id: undefined,
               companyId: "32abaf01-94da-469f-9391-427de54423c3"
             },
             status: "ACTIVE",
         ?   AND?: contractsWhereInput | contractsWhereInput[],
         ?   OR?: contractsWhereInput[],
         ?   NOT?: contractsWhereInput | contractsWhereInput[],
         ?   id?: UuidFilter | String,
         ?   client_id?: UuidFilter | String,
         ?   contract_number?: StringFilter | String,
         ?   title?: StringFilter | String,
         ?   description?: StringNullableFilter | String | Null,
         ?   start_date?: DateTimeFilter | DateTime,
         ?   end_date?: DateTimeNullableFilter | DateTime | Null,
         ?   service_definitions?: JsonNullableFilter,
         ?   billing_preferences?: JsonNullableFilter,
         ?   contract_value?: DecimalNullableFilter | Decimal | Null,
         ?   created_at?: DateTimeFilter | DateTime,
         ?   updated_at?: DateTimeFilter | DateTime,
         ?   clients?: ClientsScalarRelationFilter | clientsWhereInput,
         ?   sites?: SitesListRelationFilter
           }
         })

    Unknown argument `client`. Did you mean `clients`? Available options are listed in green.

    [0m [90m 53 |[39m
     [90m 54 |[39m     [90m// Find the first active contract for this client to create the 
invoice[39m
    [31m[1m>[22m[39m[90m 55 |[39m     [36mconst[39m contract [33m=[39m [36mawait[39m 
[36mthis[39m[33m.[39mprisma[33m.[39mcontract[33m.[39mfindFirst({
     [90m    |[39m                      [31m[1m^[22m[39m
     [90m 56 |[39m       where[33m:[39m {
     [90m 57 |[39m         client[33m:[39m {
     [90m 58 |[39m           id[33m:[39m createInvoiceDto[33m.[39mclientId[33m,[39m[0m

      at ar 
(node_modules/@prisma/client/src/runtime/core/errorRendering/throwValidationException.ts:46:9)
      at zr.throwValidationException [as handleRequestError] 
(node_modules/@prisma/client/src/runtime/RequestHandler.ts:211:7)
      at zr.handleAndLogRequestError (node_modules/@prisma/client/src/runtime/RequestHandler.ts:183:12)
      at zr.request (node_modules/@prisma/client/src/runtime/RequestHandler.ts:152:12)
      at a (node_modules/@prisma/client/src/runtime/getPrismaClient.ts:963:24)
      at InvoiceService.createInvoice (src/billing/services/invoice.service.ts:55:22)
      at Object.<anonymous> (src/billing/billing.integration.test.ts:184:23)

FAIL src/tests/property-tests/attendance-monitoring-accuracy.spec.ts (9.517 s)
  ÔùÅ Property Test: Attendance Monitoring Accuracy ÔÇ║ Property 16: Attendance monitoring accuracy

    PrismaClientValidationError: 
    Invalid `systemPrisma.attendance.deleteMany()` invocation in
    G:\Payroll System\backend\src\test\helpers\property-test-setup.ts:1584:37

      1581 static async cleanupTenantData(prisma,[object Object], PrismaService,[object Object], 
tenantId,[object Object], string) {
      1582   return await prisma.withSystemContext(async (systemPrisma) => {
      1583     // Delete in reverse dependency order to avoid FK constraint violations
    ÔåÆ 1584     await systemPrisma.attendance.deleteMany({
                 where: {
                   employee: {
                   ~~~~~~~~
                     company_id: "87139c45-fa8d-4f67-810f-39510b1e9458"
                   },
               ?   AND?: attendanceWhereInput | attendanceWhereInput[],
               ?   OR?: attendanceWhereInput[],
               ?   NOT?: attendanceWhereInput | attendanceWhereInput[],
               ?   id?: UuidFilter | String,
               ?   employee_id?: UuidFilter | String,
               ?   shift_id?: UuidFilter | String,
               ?   clock_in?: DateTimeNullableFilter | DateTime | Null,
               ?   clock_out?: DateTimeNullableFilter | DateTime | Null,
               ?   location_data?: JsonNullableFilter,
               ?   status?: EnumAttendanceStatusFilter | AttendanceStatus,
               ?   verification_data?: JsonNullableFilter,
               ?   notes?: StringNullableFilter | String | Null,
               ?   created_at?: DateTimeFilter | DateTime,
               ?   updated_at?: DateTimeFilter | DateTime,
               ?   employees?: EmployeesScalarRelationFilter | employeesWhereInput,
               ?   shifts?: ShiftsScalarRelationFilter | shiftsWhereInput
                 }
               })

    Unknown argument `employee`. Did you mean `employees`? Available options are listed in green.

    [0m [90m 1582 |[39m     [36mreturn[39m [36mawait[39m 
prisma[33m.[39mwithSystemContext([36masync[39m (systemPrisma) [33m=>[39m {
     [90m 1583 |[39m       [90m// Delete in reverse dependency order to avoid FK constraint 
violations[39m
    [31m[1m>[22m[39m[90m 1584 |[39m       [36mawait[39m 
systemPrisma[33m.[39mattendance[33m.[39mdeleteMany({
     [90m      |[39m       [31m[1m^[22m[39m
     [90m 1585 |[39m         where[33m:[39m {
     [90m 1586 |[39m           employee[33m:[39m { company_id[33m:[39m tenantId }[33m,[39m
     [90m 1587 |[39m         }[33m,[39m[0m

      at ar 
(node_modules/@prisma/client/src/runtime/core/errorRendering/throwValidationException.ts:46:9)
      at zr.throwValidationException [as handleRequestError] 
(node_modules/@prisma/client/src/runtime/RequestHandler.ts:211:7)
      at zr.handleAndLogRequestError (node_modules/@prisma/client/src/runtime/RequestHandler.ts:183:12)
      at zr.request (node_modules/@prisma/client/src/runtime/RequestHandler.ts:152:12)
      at a (node_modules/@prisma/client/src/runtime/getPrismaClient.ts:963:24)
      at src/test/helpers/property-test-setup.ts:1584:7
      at Proxy._transactionWithCallback 
(node_modules/@prisma/client/src/runtime/getPrismaClient.ts:810:18)
      at PropertyTestSetup.cleanupTenantData (src/test/helpers/property-test-setup.ts:1582:12)
      at Object.<anonymous> (src/tests/property-tests/attendance-monitoring-accuracy.spec.ts:311:7)

FAIL src/payroll/payroll-run-management.integration.test.ts (8.76 s)
  ÔùÅ PayrollRunManagementService Integration ÔÇ║ Payroll Run Batch Processing ÔÇ║ should create payroll 
run with batch processing successfully

    PrismaClientValidationError: 
    Invalid `prismaService.prismaClient.sites.create()` invocation in
    G:\Payroll System\backend\src\payroll\payroll-run-management.integration.test.ts:364:57

      361 testClientId = client.id;
      362 
      363 // Create test site with contract
    ÔåÆ 364 const site = await prismaService.prismaClient.sites.create({
            data: {
              contract_id: "6eb2fd0a-1709-4843-871b-7e2ae59004af",
              name: "Test Site",
              address: {
                street: "123 Test St",
                city: "Test City"
              },
              operational_status: "ACTIVE",
          +   id: String
            }
          })

    Argument `id` is missing.

    [0m [90m 362 |[39m
     [90m 363 |[39m     [90m// Create test site with contract[39m
    [31m[1m>[22m[39m[90m 364 |[39m     [36mconst[39m site [33m=[39m [36mawait[39m 
prismaService[33m.[39mprismaClient[33m.[39msites[33m.[39mcreate({
     [90m     |[39m                  [31m[1m^[22m[39m
     [90m 365 |[39m       data[33m:[39m {
     [90m 366 |[39m         contract_id[33m:[39m contract[33m.[39mid[33m,[39m
     [90m 367 |[39m         name[33m:[39m [32m'Test Site'[39m[33m,[39m[0m

      at ar 
(node_modules/@prisma/client/src/runtime/core/errorRendering/throwValidationException.ts:46:9)
      at zr.throwValidationException [as handleRequestError] 
(node_modules/@prisma/client/src/runtime/RequestHandler.ts:211:7)
      at zr.handleAndLogRequestError (node_modules/@prisma/client/src/runtime/RequestHandler.ts:183:12)
      at zr.request (node_modules/@prisma/client/src/runtime/RequestHandler.ts:152:12)
      at a (node_modules/@prisma/client/src/runtime/getPrismaClient.ts:963:24)
      at setupTestData (src/payroll/payroll-run-management.integration.test.ts:364:18)
      at Object.<anonymous> (src/payroll/payroll-run-management.integration.test.ts:58:5)

  ÔùÅ PayrollRunManagementService Integration ÔÇ║ Payroll Run Batch Processing ÔÇ║ should perform dry 
run without saving data

    PrismaClientValidationError: 
    Invalid `prismaService.prismaClient.sites.create()` invocation in
    G:\Payroll System\backend\src\payroll\payroll-run-management.integration.test.ts:364:57

      361 testClientId = client.id;
      362 
      363 // Create test site with contract
    ÔåÆ 364 const site = await prismaService.prismaClient.sites.create({
            data: {
              contract_id: "6eb2fd0a-1709-4843-871b-7e2ae59004af",
              name: "Test Site",
              address: {
                street: "123 Test St",
                city: "Test City"
              },
              operational_status: "ACTIVE",
          +   id: String
            }
          })

    Argument `id` is missing.

    [0m [90m 362 |[39m
     [90m 363 |[39m     [90m// Create test site with contract[39m
    [31m[1m>[22m[39m[90m 364 |[39m     [36mconst[39m site [33m=[39m [36mawait[39m 
prismaService[33m.[39mprismaClient[33m.[39msites[33m.[39mcreate({
     [90m     |[39m                  [31m[1m^[22m[39m
     [90m 365 |[39m       data[33m:[39m {
     [90m 366 |[39m         contract_id[33m:[39m contract[33m.[39mid[33m,[39m
     [90m 367 |[39m         name[33m:[39m [32m'Test Site'[39m[33m,[39m[0m

      at ar 
(node_modules/@prisma/client/src/runtime/core/errorRendering/throwValidationException.ts:46:9)
      at zr.throwValidationException [as handleRequestError] 
(node_modules/@prisma/client/src/runtime/RequestHandler.ts:211:7)
      at zr.handleAndLogRequestError (node_modules/@prisma/client/src/runtime/RequestHandler.ts:183:12)
      at zr.request (node_modules/@prisma/client/src/runtime/RequestHandler.ts:152:12)
      at a (node_modules/@prisma/client/src/runtime/getPrismaClient.ts:963:24)
      at setupTestData (src/payroll/payroll-run-management.integration.test.ts:364:18)
      at Object.<anonymous> (src/payroll/payroll-run-management.integration.test.ts:58:5)

  ÔùÅ PayrollRunManagementService Integration ÔÇ║ Payroll Run Batch Processing ÔÇ║ should handle 
validation errors appropriately

    PrismaClientValidationError: 
    Invalid `prismaService.prismaClient.sites.create()` invocation in
    G:\Payroll System\backend\src\payroll\payroll-run-management.integration.test.ts:364:57

      361 testClientId = client.id;
      362 
      363 // Create test site with contract
    ÔåÆ 364 const site = await prismaService.prismaClient.sites.create({
            data: {
              contract_id: "6eb2fd0a-1709-4843-871b-7e2ae59004af",
              name: "Test Site",
              address: {
                street: "123 Test St",
                city: "Test City"
              },
              operational_status: "ACTIVE",
          +   id: String
            }
          })

    Argument `id` is missing.

    [0m [90m 362 |[39m
     [90m 363 |[39m     [90m// Create test site with contract[39m
    [31m[1m>[22m[39m[90m 364 |[39m     [36mconst[39m site [33m=[39m [36mawait[39m 
prismaService[33m.[39mprismaClient[33m.[39msites[33m.[39mcreate({
     [90m     |[39m                  [31m[1m^[22m[39m
     [90m 365 |[39m       data[33m:[39m {
     [90m 366 |[39m         contract_id[33m:[39m contract[33m.[39mid[33m,[39m
     [90m 367 |[39m         name[33m:[39m [32m'Test Site'[39m[33m,[39m[0m

      at ar 
(node_modules/@prisma/client/src/runtime/core/errorRendering/throwValidationException.ts:46:9)
      at zr.throwValidationException [as handleRequestError] 
(node_modules/@prisma/client/src/runtime/RequestHandler.ts:211:7)
      at zr.handleAndLogRequestError (node_modules/@prisma/client/src/runtime/RequestHandler.ts:183:12)
      at zr.request (node_modules/@prisma/client/src/runtime/RequestHandler.ts:152:12)
      at a (node_modules/@prisma/client/src/runtime/getPrismaClient.ts:963:24)
      at setupTestData (src/payroll/payroll-run-management.integration.test.ts:364:18)
      at Object.<anonymous> (src/payroll/payroll-run-management.integration.test.ts:58:5)

  ÔùÅ PayrollRunManagementService Integration ÔÇ║ Payroll Run Filtering ÔÇ║ should filter payroll runs 
by status

    PrismaClientValidationError: 
    Invalid `prismaService.prismaClient.sites.create()` invocation in
    G:\Payroll System\backend\src\payroll\payroll-run-management.integration.test.ts:364:57

      361 testClientId = client.id;
      362 
      363 // Create test site with contract
    ÔåÆ 364 const site = await prismaService.prismaClient.sites.create({
            data: {
              contract_id: "6eb2fd0a-1709-4843-871b-7e2ae59004af",
              name: "Test Site",
              address: {
                street: "123 Test St",
                city: "Test City"
              },
              operational_status: "ACTIVE",
          +   id: String
            }
          })

    Argument `id` is missing.

    [0m [90m 362 |[39m
     [90m 363 |[39m     [90m// Create test site with contract[39m
    [31m[1m>[22m[39m[90m 364 |[39m     [36mconst[39m site [33m=[39m [36mawait[39m 
prismaService[33m.[39mprismaClient[33m.[39msites[33m.[39mcreate({
     [90m     |[39m                  [31m[1m^[22m[39m
     [90m 365 |[39m       data[33m:[39m {
     [90m 366 |[39m         contract_id[33m:[39m contract[33m.[39mid[33m,[39m
     [90m 367 |[39m         name[33m:[39m [32m'Test Site'[39m[33m,[39m[0m

      at ar 
(node_modules/@prisma/client/src/runtime/core/errorRendering/throwValidationException.ts:46:9)
      at zr.throwValidationException [as handleRequestError] 
(node_modules/@prisma/client/src/runtime/RequestHandler.ts:211:7)
      at zr.handleAndLogRequestError (node_modules/@prisma/client/src/runtime/RequestHandler.ts:183:12)
      at zr.request (node_modules/@prisma/client/src/runtime/RequestHandler.ts:152:12)
      at a (node_modules/@prisma/client/src/runtime/getPrismaClient.ts:963:24)
      at setupTestData (src/payroll/payroll-run-management.integration.test.ts:364:18)
      at Object.<anonymous> (src/payroll/payroll-run-management.integration.test.ts:58:5)

  ÔùÅ PayrollRunManagementService Integration ÔÇ║ Payroll Run Filtering ÔÇ║ should filter payroll runs 
by pay period

    PrismaClientValidationError: 
    Invalid `prismaService.prismaClient.sites.create()` invocation in
    G:\Payroll System\backend\src\payroll\payroll-run-management.integration.test.ts:364:57

      361 testClientId = client.id;
      362 
      363 // Create test site with contract
    ÔåÆ 364 const site = await prismaService.prismaClient.sites.create({
            data: {
              contract_id: "6eb2fd0a-1709-4843-871b-7e2ae59004af",
              name: "Test Site",
              address: {
                street: "123 Test St",
                city: "Test City"
              },
              operational_status: "ACTIVE",
          +   id: String
            }
          })

    Argument `id` is missing.

    [0m [90m 362 |[39m
     [90m 363 |[39m     [90m// Create test site with contract[39m
    [31m[1m>[22m[39m[90m 364 |[39m     [36mconst[39m site [33m=[39m [36mawait[39m 
prismaService[33m.[39mprismaClient[33m.[39msites[33m.[39mcreate({
     [90m     |[39m                  [31m[1m^[22m[39m
     [90m 365 |[39m       data[33m:[39m {
     [90m 366 |[39m         contract_id[33m:[39m contract[33m.[39mid[33m,[39m
     [90m 367 |[39m         name[33m:[39m [32m'Test Site'[39m[33m,[39m[0m

      at ar 
(node_modules/@prisma/client/src/runtime/core/errorRendering/throwValidationException.ts:46:9)
      at zr.throwValidationException [as handleRequestError] 
(node_modules/@prisma/client/src/runtime/RequestHandler.ts:211:7)
      at zr.handleAndLogRequestError (node_modules/@prisma/client/src/runtime/RequestHandler.ts:183:12)
      at zr.request (node_modules/@prisma/client/src/runtime/RequestHandler.ts:152:12)
      at a (node_modules/@prisma/client/src/runtime/getPrismaClient.ts:963:24)
      at setupTestData (src/payroll/payroll-run-management.integration.test.ts:364:18)
      at Object.<anonymous> (src/payroll/payroll-run-management.integration.test.ts:58:5)

  ÔùÅ PayrollRunManagementService Integration ÔÇ║ Payroll Run Filtering ÔÇ║ should search payroll runs 
by run number

    PrismaClientValidationError: 
    Invalid `prismaService.prismaClient.sites.create()` invocation in
    G:\Payroll System\backend\src\payroll\payroll-run-management.integration.test.ts:364:57

      361 testClientId = client.id;
      362 
      363 // Create test site with contract
    ÔåÆ 364 const site = await prismaService.prismaClient.sites.create({
            data: {
              contract_id: "6eb2fd0a-1709-4843-871b-7e2ae59004af",
              name: "Test Site",
              address: {
                street: "123 Test St",
                city: "Test City"
              },
              operational_status: "ACTIVE",
          +   id: String
            }
          })

    Argument `id` is missing.

    [0m [90m 362 |[39m
     [90m 363 |[39m     [90m// Create test site with contract[39m
    [31m[1m>[22m[39m[90m 364 |[39m     [36mconst[39m site [33m=[39m [36mawait[39m 
prismaService[33m.[39mprismaClient[33m.[39msites[33m.[39mcreate({
     [90m     |[39m                  [31m[1m^[22m[39m
     [90m 365 |[39m       data[33m:[39m {
     [90m 366 |[39m         contract_id[33m:[39m contract[33m.[39mid[33m,[39m
     [90m 367 |[39m         name[33m:[39m [32m'Test Site'[39m[33m,[39m[0m

      at ar 
(node_modules/@prisma/client/src/runtime/core/errorRendering/throwValidationException.ts:46:9)
      at zr.throwValidationException [as handleRequestError] 
(node_modules/@prisma/client/src/runtime/RequestHandler.ts:211:7)
      at zr.handleAndLogRequestError (node_modules/@prisma/client/src/runtime/RequestHandler.ts:183:12)
      at zr.request (node_modules/@prisma/client/src/runtime/RequestHandler.ts:152:12)
      at a (node_modules/@prisma/client/src/runtime/getPrismaClient.ts:963:24)
      at setupTestData (src/payroll/payroll-run-management.integration.test.ts:364:18)
      at Object.<anonymous> (src/payroll/payroll-run-management.integration.test.ts:58:5)

  ÔùÅ PayrollRunManagementService Integration ÔÇ║ Payroll Run Analytics ÔÇ║ should generate 
comprehensive payroll analytics

    PrismaClientValidationError: 
    Invalid `prismaService.prismaClient.sites.create()` invocation in
    G:\Payroll System\backend\src\payroll\payroll-run-management.integration.test.ts:364:57

      361 testClientId = client.id;
      362 
      363 // Create test site with contract
    ÔåÆ 364 const site = await prismaService.prismaClient.sites.create({
            data: {
              contract_id: "6eb2fd0a-1709-4843-871b-7e2ae59004af",
              name: "Test Site",
              address: {
                street: "123 Test St",
                city: "Test City"
              },
              operational_status: "ACTIVE",
          +   id: String
            }
          })

    Argument `id` is missing.

    [0m [90m 362 |[39m
     [90m 363 |[39m     [90m// Create test site with contract[39m
    [31m[1m>[22m[39m[90m 364 |[39m     [36mconst[39m site [33m=[39m [36mawait[39m 
prismaService[33m.[39mprismaClient[33m.[39msites[33m.[39mcreate({
     [90m     |[39m                  [31m[1m^[22m[39m
     [90m 365 |[39m       data[33m:[39m {
     [90m 366 |[39m         contract_id[33m:[39m contract[33m.[39mid[33m,[39m
     [90m 367 |[39m         name[33m:[39m [32m'Test Site'[39m[33m,[39m[0m

      at ar 
(node_modules/@prisma/client/src/runtime/core/errorRendering/throwValidationException.ts:46:9)
      at zr.throwValidationException [as handleRequestError] 
(node_modules/@prisma/client/src/runtime/RequestHandler.ts:211:7)
      at zr.handleAndLogRequestError (node_modules/@prisma/client/src/runtime/RequestHandler.ts:183:12)
      at zr.request (node_modules/@prisma/client/src/runtime/RequestHandler.ts:152:12)
      at a (node_modules/@prisma/client/src/runtime/getPrismaClient.ts:963:24)
      at setupTestData (src/payroll/payroll-run-management.integration.test.ts:364:18)
      at Object.<anonymous> (src/payroll/payroll-run-management.integration.test.ts:58:5)

  ÔùÅ PayrollRunManagementService Integration ÔÇ║ Payroll Run Analytics ÔÇ║ should calculate correct 
item breakdown

    PrismaClientValidationError: 
    Invalid `prismaService.prismaClient.sites.create()` invocation in
    G:\Payroll System\backend\src\payroll\payroll-run-management.integration.test.ts:364:57

      361 testClientId = client.id;
      362 
      363 // Create test site with contract
    ÔåÆ 364 const site = await prismaService.prismaClient.sites.create({
            data: {
              contract_id: "6eb2fd0a-1709-4843-871b-7e2ae59004af",
              name: "Test Site",
              address: {
                street: "123 Test St",
                city: "Test City"
              },
              operational_status: "ACTIVE",
          +   id: String
            }
          })

    Argument `id` is missing.

    [0m [90m 362 |[39m
     [90m 363 |[39m     [90m// Create test site with contract[39m
    [31m[1m>[22m[39m[90m 364 |[39m     [36mconst[39m site [33m=[39m [36mawait[39m 
prismaService[33m.[39mprismaClient[33m.[39msites[33m.[39mcreate({
     [90m     |[39m                  [31m[1m^[22m[39m
     [90m 365 |[39m       data[33m:[39m {
     [90m 366 |[39m         contract_id[33m:[39m contract[33m.[39mid[33m,[39m
     [90m 367 |[39m         name[33m:[39m [32m'Test Site'[39m[33m,[39m[0m

      at ar 
(node_modules/@prisma/client/src/runtime/core/errorRendering/throwValidationException.ts:46:9)
      at zr.throwValidationException [as handleRequestError] 
(node_modules/@prisma/client/src/runtime/RequestHandler.ts:211:7)
      at zr.handleAndLogRequestError (node_modules/@prisma/client/src/runtime/RequestHandler.ts:183:12)
      at zr.request (node_modules/@prisma/client/src/runtime/RequestHandler.ts:152:12)
      at a (node_modules/@prisma/client/src/runtime/getPrismaClient.ts:963:24)
      at setupTestData (src/payroll/payroll-run-management.integration.test.ts:364:18)
      at Object.<anonymous> (src/payroll/payroll-run-management.integration.test.ts:58:5)

FAIL src/employees/employee-data-integrity.property.spec.ts (12.622 s)
  ÔùÅ Employee Data Integrity Property Tests ÔÇ║ Property 5: Termination data preservation

    Property failed after 1 tests
    { seed: 810524304, path: "0:0:0:0:0:0:0:0:0:0:0:0:0:0:0:0:0:0", endOnFailure: true }
    Counterexample: [{"employeeNumber":"EMP-   ","firstName":" ","lastName":" 
","email":null,"phone":null,"hireDate":new Date("2020-01-01T00:00:00.000Z"),"employmentType":null,"depart
ment":null,"jobTitle":null,"skills":null,"certifications":null,"complianceStatus":null,"hourlyRate":null}
]
    Shrunk 17 time(s)

    Hint: Enable verbose mode in order to have the list of all failing values encountered during the run

      at buildError (node_modules/fast-check/lib/cjs/fast-check.js:2456:16)
      at asyncThrowIfFailed (node_modules/fast-check/lib/cjs/fast-check.js:2468:8)

    Cause:
    TypeError: Cannot read properties of undefined (reading 'delete')

    [0m [90m 546 |[39m
     [90m 547 |[39m           [90m// Clean up (hard delete for test cleanup)[39m
    [31m[1m>[22m[39m[90m 548 |[39m           [36mawait[39m 
prisma[33m.[39memployees[33m.[39m[36mdelete[39m({ where[33m:[39m { id[33m:[39m 
employee[33m.[39mid } })[33m;[39m
     [90m     |[39m                                  [31m[1m^[22m[39m
     [90m 549 |[39m
     [90m 550 |[39m         } [36mcatch[39m (error) {
     [90m 551 |[39m           [36mif[39m (getErrorMessage(error)[33m.[39mincludes([32m'already 
exists'[39m)) {[0m

      at src/employees/employee-data-integrity.property.spec.ts:548:34
      at AsyncProperty.run (node_modules/fast-check/lib/cjs/fast-check.js:1212:19)
      at asyncRunIt (node_modules/fast-check/lib/cjs/fast-check.js:2510:15)
      at Object.<anonymous> (src/employees/employee-data-integrity.property.spec.ts:504:5)

FAIL src/tests/property-tests/shift-calendar-consistency.spec.ts (11.079 s)
  ÔùÅ Shift Calendar Consistency Properties ÔÇ║ Property 19.1: Shift Creation Consistency ÔÇ║ should 
maintain schedule integrity during shift creation operations

    Property failed after 1 tests
    { seed: 42, path: "0:0:0:0:0:0:0:0:0:0:0:0:0:0:0:0", endOnFailure: true }
    Counterexample: [{"companyName":"    0","siteCount":1,"employeeCount":1,"shiftCount":1,"daysAhead":1,
"conflictProbability":0,"recurringEnabled":false,"swappingEnabled":false},{"startHour":6,"durationHours":
4}]
    Shrunk 15 time(s)

    Hint: Enable verbose mode in order to have the list of all failing values encountered during the run

      at buildError (node_modules/fast-check/lib/cjs/fast-check.js:2456:16)
      at asyncThrowIfFailed (node_modules/fast-check/lib/cjs/fast-check.js:2468:8)

    Cause:
    PrismaClientValidationError: 
    Invalid `prisma.companies.create()` invocation in
    G:\Payroll System\backend\src\tests\property-tests\shift-calendar-consistency.spec.ts:120:44

      117 
      118 async function createTestScenario(scenario,[object Object], any) {
      119   // Create company
    ÔåÆ 120   const company = await prisma.companies.create({
              data: {
                id: "5283be73-7ef2-480f-932c-ae1e4784a36c",
                name: "    0",
                slug: "----0-1787849188557-q2lhenj3f",
                settings: {},
                branding: {},
            +   updated_at: DateTime
              }
            })

    Argument `updated_at` is missing.

    [0m [90m 118 |[39m   [36masync[39m [36mfunction[39m createTestScenario(scenario[33m:[39m 
any) {
     [90m 119 |[39m     [90m// Create company[39m
    [31m[1m>[22m[39m[90m 120 |[39m     [36mconst[39m company [33m=[39m [36mawait[39m 
prisma[33m.[39mcompanies[33m.[39mcreate({
     [90m     |[39m                     [31m[1m^[22m[39m
     [90m 121 |[39m       data[33m:[39m {
     [90m 122 |[39m         id[33m:[39m randomUUID()[33m,[39m
     [90m 123 |[39m         name[33m:[39m scenario[33m.[39mcompanyName[33m,[39m[0m

      at ar 
(node_modules/@prisma/client/src/runtime/core/errorRendering/throwValidationException.ts:46:9)
      at zr.throwValidationException [as handleRequestError] 
(node_modules/@prisma/client/src/runtime/RequestHandler.ts:211:7)
      at zr.handleAndLogRequestError (node_modules/@prisma/client/src/runtime/RequestHandler.ts:183:12)
      at zr.request (node_modules/@prisma/client/src/runtime/RequestHandler.ts:152:12)
      at a (node_modules/@prisma/client/src/runtime/getPrismaClient.ts:963:24)
      at createTestScenario (src/tests/property-tests/shift-calendar-consistency.spec.ts:120:21)
      at src/tests/property-tests/shift-calendar-consistency.spec.ts:265:51
      at AsyncProperty.run (node_modules/fast-check/lib/cjs/fast-check.js:1212:19)

  ÔùÅ Shift Calendar Consistency Properties ÔÇ║ Property 19.2: Coverage Assignment Validation ÔÇ║ should 
correctly manage coverage requirements and assignments

    Property failed after 1 tests
    { seed: 42, path: "0:0:0:0:0:0:0:0:0:0:0:0:0:0:0", endOnFailure: true }
    Counterexample: [{"companyName":"    0","siteCount":1,"employeeCount":1,"shiftCount":1,"daysAhead":1,
"conflictProbability":0,"recurringEnabled":false,"swappingEnabled":false},1]
    Shrunk 14 time(s)

    Hint: Enable verbose mode in order to have the list of all failing values encountered during the run

      at buildError (node_modules/fast-check/lib/cjs/fast-check.js:2456:16)
      at asyncThrowIfFailed (node_modules/fast-check/lib/cjs/fast-check.js:2468:8)

    Cause:
    PrismaClientValidationError: 
    Invalid `prisma.companies.create()` invocation in
    G:\Payroll System\backend\src\tests\property-tests\shift-calendar-consistency.spec.ts:120:44

      117 
      118 async function createTestScenario(scenario,[object Object], any) {
      119   // Create company
    ÔåÆ 120   const company = await prisma.companies.create({
              data: {
                id: "5ddce3a0-856d-42b7-b39d-7e1d48c2acaa",
                name: "    0",
                slug: "----0-1787849188832-i5qipj3hu",
                settings: {},
                branding: {},
            +   updated_at: DateTime
              }
            })

    Argument `updated_at` is missing.

    [0m [90m 118 |[39m   [36masync[39m [36mfunction[39m createTestScenario(scenario[33m:[39m 
any) {
     [90m 119 |[39m     [90m// Create company[39m
    [31m[1m>[22m[39m[90m 120 |[39m     [36mconst[39m company [33m=[39m [36mawait[39m 
prisma[33m.[39mcompanies[33m.[39mcreate({
     [90m     |[39m                     [31m[1m^[22m[39m
     [90m 121 |[39m       data[33m:[39m {
     [90m 122 |[39m         id[33m:[39m randomUUID()[33m,[39m
     [90m 123 |[39m         name[33m:[39m scenario[33m.[39mcompanyName[33m,[39m[0m

      at ar 
(node_modules/@prisma/client/src/runtime/core/errorRendering/throwValidationException.ts:46:9)
      at zr.throwValidationException [as handleRequestError] 
(node_modules/@prisma/client/src/runtime/RequestHandler.ts:211:7)
      at zr.handleAndLogRequestError (node_modules/@prisma/client/src/runtime/RequestHandler.ts:183:12)
      at zr.request (node_modules/@prisma/client/src/runtime/RequestHandler.ts:152:12)
      at a (node_modules/@prisma/client/src/runtime/getPrismaClient.ts:963:24)
      at createTestScenario (src/tests/property-tests/shift-calendar-consistency.spec.ts:120:21)
      at src/tests/property-tests/shift-calendar-consistency.spec.ts:376:51
      at AsyncProperty.run (node_modules/fast-check/lib/cjs/fast-check.js:1212:19)

  ÔùÅ Shift Calendar Consistency Properties ÔÇ║ Property 19.3: Conflict Detection Accuracy ÔÇ║ should 
accurately detect and prevent scheduling conflicts

    Property failed after 1 tests
    { seed: 42, path: "0:0:0:0:0:0:0:0:0:0:0:0:0:0", endOnFailure: true }
    Counterexample: [{"companyName":"    0","siteCount":1,"employeeCount":1,"shiftCount":1,"daysAhead":1,
"conflictProbability":0,"recurringEnabled":false,"swappingEnabled":false}]
    Shrunk 13 time(s)

    Hint: Enable verbose mode in order to have the list of all failing values encountered during the run

      at buildError (node_modules/fast-check/lib/cjs/fast-check.js:2456:16)
      at asyncThrowIfFailed (node_modules/fast-check/lib/cjs/fast-check.js:2468:8)

    Cause:
    PrismaClientValidationError: 
    Invalid `prisma.companies.create()` invocation in
    G:\Payroll System\backend\src\tests\property-tests\shift-calendar-consistency.spec.ts:120:44

      117 
      118 async function createTestScenario(scenario,[object Object], any) {
      119   // Create company
    ÔåÆ 120   const company = await prisma.companies.create({
              data: {
                id: "0de0f614-a0d1-4fcd-8806-8ae0e9913dc9",
                name: "    0",
                slug: "----0-1787849189068-vpwsw08p2",
                settings: {},
                branding: {},
            +   updated_at: DateTime
              }
            })

    Argument `updated_at` is missing.

    [0m [90m 118 |[39m   [36masync[39m [36mfunction[39m createTestScenario(scenario[33m:[39m 
any) {
     [90m 119 |[39m     [90m// Create company[39m
    [31m[1m>[22m[39m[90m 120 |[39m     [36mconst[39m company [33m=[39m [36mawait[39m 
prisma[33m.[39mcompanies[33m.[39mcreate({
     [90m     |[39m                     [31m[1m^[22m[39m
     [90m 121 |[39m       data[33m:[39m {
     [90m 122 |[39m         id[33m:[39m randomUUID()[33m,[39m
     [90m 123 |[39m         name[33m:[39m scenario[33m.[39mcompanyName[33m,[39m[0m

      at ar 
(node_modules/@prisma/client/src/runtime/core/errorRendering/throwValidationException.ts:46:9)
      at zr.throwValidationException [as handleRequestError] 
(node_modules/@prisma/client/src/runtime/RequestHandler.ts:211:7)
      at zr.handleAndLogRequestError (node_modules/@prisma/client/src/runtime/RequestHandler.ts:183:12)
      at zr.request (node_modules/@prisma/client/src/runtime/RequestHandler.ts:152:12)
      at a (node_modules/@prisma/client/src/runtime/getPrismaClient.ts:963:24)
      at createTestScenario (src/tests/property-tests/shift-calendar-consistency.spec.ts:120:21)
      at src/tests/property-tests/shift-calendar-consistency.spec.ts:449:51
      at AsyncProperty.run (node_modules/fast-check/lib/cjs/fast-check.js:1212:19)

  ÔùÅ Shift Calendar Consistency Properties ÔÇ║ Property 19.4: Shift Status Management ÔÇ║ should 
maintain proper shift status transitions and integrity

    Property failed after 1 tests
    { seed: 42, path: "0:0:0:0:0:0:0:0:0:0:0:0:0:0:0", endOnFailure: true }
    Counterexample: [{"companyName":"    0","siteCount":1,"employeeCount":1,"shiftCount":1,"daysAhead":1,
"conflictProbability":0,"recurringEnabled":false,"swappingEnabled":false},"SCHEDULED"]
    Shrunk 14 time(s)

    Hint: Enable verbose mode in order to have the list of all failing values encountered during the run

      at buildError (node_modules/fast-check/lib/cjs/fast-check.js:2456:16)
      at asyncThrowIfFailed (node_modules/fast-check/lib/cjs/fast-check.js:2468:8)

    Cause:
    PrismaClientValidationError: 
    Invalid `prisma.companies.create()` invocation in
    G:\Payroll System\backend\src\tests\property-tests\shift-calendar-consistency.spec.ts:120:44

      117 
      118 async function createTestScenario(scenario,[object Object], any) {
      119   // Create company
    ÔåÆ 120   const company = await prisma.companies.create({
              data: {
                id: "ce23764f-d693-42cc-ad55-34f955b7d22b",
                name: "    0",
                slug: "----0-1787849189285-qx8981s5i",
                settings: {},
                branding: {},
            +   updated_at: DateTime
              }
            })

    Argument `updated_at` is missing.

    [0m [90m 118 |[39m   [36masync[39m [36mfunction[39m createTestScenario(scenario[33m:[39m 
any) {
     [90m 119 |[39m     [90m// Create company[39m
    [31m[1m>[22m[39m[90m 120 |[39m     [36mconst[39m company [33m=[39m [36mawait[39m 
prisma[33m.[39mcompanies[33m.[39mcreate({
     [90m     |[39m                     [31m[1m^[22m[39m
     [90m 121 |[39m       data[33m:[39m {
     [90m 122 |[39m         id[33m:[39m randomUUID()[33m,[39m
     [90m 123 |[39m         name[33m:[39m scenario[33m.[39mcompanyName[33m,[39m[0m

      at ar 
(node_modules/@prisma/client/src/runtime/core/errorRendering/throwValidationException.ts:46:9)
      at zr.throwValidationException [as handleRequestError] 
(node_modules/@prisma/client/src/runtime/RequestHandler.ts:211:7)
      at zr.handleAndLogRequestError (node_modules/@prisma/client/src/runtime/RequestHandler.ts:183:12)
      at zr.request (node_modules/@prisma/client/src/runtime/RequestHandler.ts:152:12)
      at a (node_modules/@prisma/client/src/runtime/getPrismaClient.ts:963:24)
      at createTestScenario (src/tests/property-tests/shift-calendar-consistency.spec.ts:120:21)
      at src/tests/property-tests/shift-calendar-consistency.spec.ts:568:51
      at AsyncProperty.run (node_modules/fast-check/lib/cjs/fast-check.js:1212:19)

  ÔùÅ Shift Calendar Consistency Properties ÔÇ║ Property 19.5: Recurring Shift Consistency ÔÇ║ should 
maintain schedule integrity for recurring shift operations

    Property failed after 1 tests
    { seed: 42, path: "0:0:0:0:0:0:0:0:0:0:0:0:0:0:0", endOnFailure: true }
    Counterexample: [{"companyName":"    0","siteCount":1,"employeeCount":1,"shiftCount":1,"daysAhead":1,
"conflictProbability":0,"recurringEnabled":true,"swappingEnabled":false},"WEEKLY",2]
    Shrunk 14 time(s)

    Hint: Enable verbose mode in order to have the list of all failing values encountered during the run

      at buildError (node_modules/fast-check/lib/cjs/fast-check.js:2456:16)
      at asyncThrowIfFailed (node_modules/fast-check/lib/cjs/fast-check.js:2468:8)

    Cause:
    PrismaClientValidationError: 
    Invalid `prisma.companies.create()` invocation in
    G:\Payroll System\backend\src\tests\property-tests\shift-calendar-consistency.spec.ts:120:44

      117 
      118 async function createTestScenario(scenario,[object Object], any) {
      119   // Create company
    ÔåÆ 120   const company = await prisma.companies.create({
              data: {
                id: "b60b579c-ed94-4bf0-9879-f6755ac47017",
                name: "    0",
                slug: "----0-1787849189508-gjlsstxme",
                settings: {},
                branding: {},
            +   updated_at: DateTime
              }
            })

    Argument `updated_at` is missing.

    [0m [90m 118 |[39m   [36masync[39m [36mfunction[39m createTestScenario(scenario[33m:[39m 
any) {
     [90m 119 |[39m     [90m// Create company[39m
    [31m[1m>[22m[39m[90m 120 |[39m     [36mconst[39m company [33m=[39m [36mawait[39m 
prisma[33m.[39mcompanies[33m.[39mcreate({
     [90m     |[39m                     [31m[1m^[22m[39m
     [90m 121 |[39m       data[33m:[39m {
     [90m 122 |[39m         id[33m:[39m randomUUID()[33m,[39m
     [90m 123 |[39m         name[33m:[39m scenario[33m.[39mcompanyName[33m,[39m[0m

      at ar 
(node_modules/@prisma/client/src/runtime/core/errorRendering/throwValidationException.ts:46:9)
      at zr.throwValidationException [as handleRequestError] 
(node_modules/@prisma/client/src/runtime/RequestHandler.ts:211:7)
      at zr.handleAndLogRequestError (node_modules/@prisma/client/src/runtime/RequestHandler.ts:183:12)
      at zr.request (node_modules/@prisma/client/src/runtime/RequestHandler.ts:152:12)
      at a (node_modules/@prisma/client/src/runtime/getPrismaClient.ts:963:24)
      at createTestScenario (src/tests/property-tests/shift-calendar-consistency.spec.ts:120:21)
      at src/tests/property-tests/shift-calendar-consistency.spec.ts:658:51
      at AsyncProperty.run (node_modules/fast-check/lib/cjs/fast-check.js:1212:19)

FAIL src/tests/property-tests/employee-portal-consistency.spec.ts (9.81 s)
  ÔùÅ Property Test: Employee Portal Data Consistency ÔÇ║ Property 25: Employee Portal Consistency

    Property failed after 1 tests
    { seed: 42, path: "0", endOnFailure: true }
    Counterexample: [{"employee":{"employeeNumber":"!$%0x","firstName":"b+u.Lx@D(H","lastName":"!!x!|","e
mail":"0e3k.h`{.kl{.onxan_.j7awbe.'9aa3k!5h@ow76p5i.if","employmentStatus":"ACTIVE"},"client":{__proto__:
null,"name":"anE~","contactEmail":"'._4e`|keyrgu.~~su.n^qf?}t1.ref.-&4-tm_7=yq@cnbq.bm"},"site":{"name":"
ex:%?","address":{"street":"#!#D#{f&*MC","city":"{?GK<T_Igu,","state":"name","zipCode":",R'SE"}},"queryFi
lters":{__proto__:null,"attendanceFilter":"THIS_WEEK","shiftFilter":"PAST","payrollYear":"2024","payrollM
onth":"12"}}]
    Shrunk 0 time(s)

    Hint: Enable verbose mode in order to have the list of all failing values encountered during the run

      at buildError (node_modules/fast-check/lib/cjs/fast-check.js:2456:16)
      at asyncThrowIfFailed (node_modules/fast-check/lib/cjs/fast-check.js:2468:8)

    Cause:
    PrismaClientValidationError: 
    Invalid `originalModel.create()` invocation in
    G:\Payroll System\backend\src\prisma\prisma.service.ts:304:36

      301   data[tenantField] = tenantId;
      302 }
      303 
    ÔåÆ 304 return originalModel.create({
            data: {
              name: "anE~",
              contact_email: "'._4e`|keyrgu.~~su.n^qf?}t1.ref.-&4-tm_7=yq@cnbq.bm",
              company_id: "cc6aeb9a-372d-4724-8735-085f0e7cf231",
              created_at: new Date("2026-08-27T16:46:40.565Z"),
              updated_at: new Date("2026-08-27T16:46:40.565Z"),
          +   id: String
            }
          })

    Argument `id` is missing.

    [0m [90m 118 |[39m             [36mawait[39m 
prismaService[33m.[39mwithTenant(testTenantId[33m,[39m [36masync[39m (prisma) [33m=>[39m {
     [90m 119 |[39m               [90m// Create client using minimal required fields[39m
    [31m[1m>[22m[39m[90m 120 |[39m               [36mconst[39m client [33m=[39m 
[36mawait[39m prisma[33m.[39mclients[33m.[39mcreate({
     [90m     |[39m                              [31m[1m^[22m[39m
     [90m 121 |[39m                 data[33m:[39m {
     [90m 122 |[39m                   name[33m:[39m 
testData[33m.[39mclient[33m.[39mname[33m,[39m
     [90m 123 |[39m                   contact_email[33m:[39m 
testData[33m.[39mclient[33m.[39mcontactEmail[33m,[39m[0m

      at ar 
(node_modules/@prisma/client/src/runtime/core/errorRendering/throwValidationException.ts:46:9)
      at zr.throwValidationException [as handleRequestError] 
(node_modules/@prisma/client/src/runtime/RequestHandler.ts:211:7)
      at zr.handleAndLogRequestError (node_modules/@prisma/client/src/runtime/RequestHandler.ts:183:12)
      at zr.request (node_modules/@prisma/client/src/runtime/RequestHandler.ts:152:12)
      at a (node_modules/@prisma/client/src/runtime/getPrismaClient.ts:963:24)
      at src/tests/property-tests/employee-portal-consistency.spec.ts:120:30
      at Proxy._transactionWithCallback 
(node_modules/@prisma/client/src/runtime/getPrismaClient.ts:810:18)
      at src/tests/property-tests/employee-portal-consistency.spec.ts:118:13
      at AsyncProperty.run (node_modules/fast-check/lib/cjs/fast-check.js:1212:19)

  ÔùÅ Property Test: Employee Portal Data Consistency ÔÇ║ Property 26: Employee Portal Data Mathematical 
Consistency

    Property failed after 1 tests
    { seed: 123, path: "0", endOnFailure: true }
    Counterexample: [{"employeeNumber":"8=#y","firstName":"?$v!","lastName":"}]X,r","email":"$w@ukj83.by.
tyc","employmentStatus":"ACTIVE"}]
    Shrunk 0 time(s)

    Hint: Enable verbose mode in order to have the list of all failing values encountered during the run

      at buildError (node_modules/fast-check/lib/cjs/fast-check.js:2456:16)
      at asyncThrowIfFailed (node_modules/fast-check/lib/cjs/fast-check.js:2468:8)

    Cause:
    PrismaClientValidationError: 
    Invalid `originalModel.create()` invocation in
    G:\Payroll System\backend\src\prisma\prisma.service.ts:304:36

      301   data[tenantField] = tenantId;
      302 }
      303 
    ÔåÆ 304 return originalModel.create({
            data: {
              employee_number: "8=#y",
              first_name: "?$v!",
              last_name: "}]X,r",
              email: "$w@ukj83.by.tyc",
              employment_status: "ACTIVE",
              hire_date: new Date("2024-01-01T00:00:00.000Z"),
              company_id: "9872f36d-ff28-4413-99df-7375d0e69d67",
              created_at: new Date("2026-08-27T16:46:41.198Z"),
              updated_at: new Date("2026-08-27T16:46:41.198Z"),
          +   id: String
            }
          })

    Argument `id` is missing.

    [0m [90m 357 |[39m             [36mawait[39m 
prismaService[33m.[39mwithTenant(testTenantId[33m,[39m [36masync[39m (prisma) [33m=>[39m {
     [90m 358 |[39m               [90m// Create minimal employee[39m
    [31m[1m>[22m[39m[90m 359 |[39m               createdEmployee [33m=[39m [36mawait[39m 
prisma[33m.[39memployees[33m.[39mcreate({
     [90m     |[39m                                 [31m[1m^[22m[39m
     [90m 360 |[39m                 data[33m:[39m {
     [90m 361 |[39m                   employee_number[33m:[39m 
employeeData[33m.[39memployeeNumber[33m,[39m
     [90m 362 |[39m                   first_name[33m:[39m 
employeeData[33m.[39mfirstName[33m,[39m[0m

      at ar 
(node_modules/@prisma/client/src/runtime/core/errorRendering/throwValidationException.ts:46:9)
      at zr.throwValidationException [as handleRequestError] 
(node_modules/@prisma/client/src/runtime/RequestHandler.ts:211:7)
      at zr.handleAndLogRequestError (node_modules/@prisma/client/src/runtime/RequestHandler.ts:183:12)
      at zr.request (node_modules/@prisma/client/src/runtime/RequestHandler.ts:152:12)
      at a (node_modules/@prisma/client/src/runtime/getPrismaClient.ts:963:24)
      at src/tests/property-tests/employee-portal-consistency.spec.ts:359:33
      at Proxy._transactionWithCallback 
(node_modules/@prisma/client/src/runtime/getPrismaClient.ts:810:18)
      at src/tests/property-tests/employee-portal-consistency.spec.ts:357:13
      at AsyncProperty.run (node_modules/fast-check/lib/cjs/fast-check.js:1212:19)

FAIL src/payroll/payroll.integration.test.ts (10.796 s)
  ÔùÅ Payroll Integration Tests ÔÇ║ POST /payroll/runs ÔÇ║ should create payroll run with correct 
calculations

    TypeError: Cannot read properties of undefined (reading 'deleteMany')

    [0m [90m 56 |[39m     [36mawait[39m prisma[33m.[39msites[33m.[39mdeleteMany()[33m;[39m
     [90m 57 |[39m     [36mawait[39m prisma[33m.[39mclients[33m.[39mdeleteMany()[33m;[39m
    [31m[1m>[22m[39m[90m 58 |[39m     [36mawait[39m 
prisma[33m.[39mpayroll_items[33m.[39mdeleteMany()[33m;[39m
     [90m    |[39m                                [31m[1m^[22m[39m
     [90m 59 |[39m     [36mawait[39m prisma[33m.[39mpayroll_runs[33m.[39mdeleteMany()[33m;[39m
     [90m 60 |[39m     [36mawait[39m prisma[33m.[39mcompanies[33m.[39mdeleteMany()[33m;[39m
     [90m 61 |[39m[0m

      at Object.<anonymous> (src/payroll/payroll.integration.test.ts:58:32)

  ÔùÅ Payroll Integration Tests ÔÇ║ POST /payroll/runs ÔÇ║ should handle overtime correctly

    TypeError: Cannot read properties of undefined (reading 'deleteMany')

    [0m [90m 56 |[39m     [36mawait[39m prisma[33m.[39msites[33m.[39mdeleteMany()[33m;[39m
     [90m 57 |[39m     [36mawait[39m prisma[33m.[39mclients[33m.[39mdeleteMany()[33m;[39m
    [31m[1m>[22m[39m[90m 58 |[39m     [36mawait[39m 
prisma[33m.[39mpayroll_items[33m.[39mdeleteMany()[33m;[39m
     [90m    |[39m                                [31m[1m^[22m[39m
     [90m 59 |[39m     [36mawait[39m prisma[33m.[39mpayroll_runs[33m.[39mdeleteMany()[33m;[39m
     [90m 60 |[39m     [36mawait[39m prisma[33m.[39mcompanies[33m.[39mdeleteMany()[33m;[39m
     [90m 61 |[39m[0m

      at Object.<anonymous> (src/payroll/payroll.integration.test.ts:58:32)

  ÔùÅ Payroll Integration Tests ÔÇ║ POST /payroll/runs ÔÇ║ should calculate Indian payroll deductions 
correctly

    TypeError: Cannot read properties of undefined (reading 'deleteMany')

    [0m [90m 56 |[39m     [36mawait[39m prisma[33m.[39msites[33m.[39mdeleteMany()[33m;[39m
     [90m 57 |[39m     [36mawait[39m prisma[33m.[39mclients[33m.[39mdeleteMany()[33m;[39m
    [31m[1m>[22m[39m[90m 58 |[39m     [36mawait[39m 
prisma[33m.[39mpayroll_items[33m.[39mdeleteMany()[33m;[39m
     [90m    |[39m                                [31m[1m^[22m[39m
     [90m 59 |[39m     [36mawait[39m prisma[33m.[39mpayroll_runs[33m.[39mdeleteMany()[33m;[39m
     [90m 60 |[39m     [36mawait[39m prisma[33m.[39mcompanies[33m.[39mdeleteMany()[33m;[39m
     [90m 61 |[39m[0m

      at Object.<anonymous> (src/payroll/payroll.integration.test.ts:58:32)

  ÔùÅ Payroll Integration Tests ÔÇ║ POST /payroll/runs ÔÇ║ should prevent overlapping payroll runs

    TypeError: Cannot read properties of undefined (reading 'deleteMany')

    [0m [90m 56 |[39m     [36mawait[39m prisma[33m.[39msites[33m.[39mdeleteMany()[33m;[39m
     [90m 57 |[39m     [36mawait[39m prisma[33m.[39mclients[33m.[39mdeleteMany()[33m;[39m
    [31m[1m>[22m[39m[90m 58 |[39m     [36mawait[39m 
prisma[33m.[39mpayroll_items[33m.[39mdeleteMany()[33m;[39m
     [90m    |[39m                                [31m[1m^[22m[39m
     [90m 59 |[39m     [36mawait[39m prisma[33m.[39mpayroll_runs[33m.[39mdeleteMany()[33m;[39m
     [90m 60 |[39m     [36mawait[39m prisma[33m.[39mcompanies[33m.[39mdeleteMany()[33m;[39m
     [90m 61 |[39m[0m

      at Object.<anonymous> (src/payroll/payroll.integration.test.ts:58:32)

  ÔùÅ Payroll Integration Tests ÔÇ║ GET /payroll/runs ÔÇ║ should list payroll runs with pagination

    TypeError: Cannot read properties of undefined (reading 'deleteMany')

    [0m [90m 56 |[39m     [36mawait[39m prisma[33m.[39msites[33m.[39mdeleteMany()[33m;[39m
     [90m 57 |[39m     [36mawait[39m prisma[33m.[39mclients[33m.[39mdeleteMany()[33m;[39m
    [31m[1m>[22m[39m[90m 58 |[39m     [36mawait[39m 
prisma[33m.[39mpayroll_items[33m.[39mdeleteMany()[33m;[39m
     [90m    |[39m                                [31m[1m^[22m[39m
     [90m 59 |[39m     [36mawait[39m prisma[33m.[39mpayroll_runs[33m.[39mdeleteMany()[33m;[39m
     [90m 60 |[39m     [36mawait[39m prisma[33m.[39mcompanies[33m.[39mdeleteMany()[33m;[39m
     [90m 61 |[39m[0m

      at Object.<anonymous> (src/payroll/payroll.integration.test.ts:58:32)

  ÔùÅ Payroll Integration Tests ÔÇ║ GET /payroll/runs ÔÇ║ should support custom pagination

    TypeError: Cannot read properties of undefined (reading 'deleteMany')

    [0m [90m 56 |[39m     [36mawait[39m prisma[33m.[39msites[33m.[39mdeleteMany()[33m;[39m
     [90m 57 |[39m     [36mawait[39m prisma[33m.[39mclients[33m.[39mdeleteMany()[33m;[39m
    [31m[1m>[22m[39m[90m 58 |[39m     [36mawait[39m 
prisma[33m.[39mpayroll_items[33m.[39mdeleteMany()[33m;[39m
     [90m    |[39m                                [31m[1m^[22m[39m
     [90m 59 |[39m     [36mawait[39m prisma[33m.[39mpayroll_runs[33m.[39mdeleteMany()[33m;[39m
     [90m 60 |[39m     [36mawait[39m prisma[33m.[39mcompanies[33m.[39mdeleteMany()[33m;[39m
     [90m 61 |[39m[0m

      at Object.<anonymous> (src/payroll/payroll.integration.test.ts:58:32)

  ÔùÅ Payroll Integration Tests ÔÇ║ GET /payroll/runs/:id ÔÇ║ should get payroll run details

    TypeError: Cannot read properties of undefined (reading 'deleteMany')

    [0m [90m 56 |[39m     [36mawait[39m prisma[33m.[39msites[33m.[39mdeleteMany()[33m;[39m
     [90m 57 |[39m     [36mawait[39m prisma[33m.[39mclients[33m.[39mdeleteMany()[33m;[39m
    [31m[1m>[22m[39m[90m 58 |[39m     [36mawait[39m 
prisma[33m.[39mpayroll_items[33m.[39mdeleteMany()[33m;[39m
     [90m    |[39m                                [31m[1m^[22m[39m
     [90m 59 |[39m     [36mawait[39m prisma[33m.[39mpayroll_runs[33m.[39mdeleteMany()[33m;[39m
     [90m 60 |[39m     [36mawait[39m prisma[33m.[39mcompanies[33m.[39mdeleteMany()[33m;[39m
     [90m 61 |[39m[0m

      at Object.<anonymous> (src/payroll/payroll.integration.test.ts:58:32)

  ÔùÅ Payroll Integration Tests ÔÇ║ GET /payroll/runs/:id ÔÇ║ should return 404 for non-existent payroll 
run

    TypeError: Cannot read properties of undefined (reading 'deleteMany')

    [0m [90m 56 |[39m     [36mawait[39m prisma[33m.[39msites[33m.[39mdeleteMany()[33m;[39m
     [90m 57 |[39m     [36mawait[39m prisma[33m.[39mclients[33m.[39mdeleteMany()[33m;[39m
    [31m[1m>[22m[39m[90m 58 |[39m     [36mawait[39m 
prisma[33m.[39mpayroll_items[33m.[39mdeleteMany()[33m;[39m
     [90m    |[39m                                [31m[1m^[22m[39m
     [90m 59 |[39m     [36mawait[39m prisma[33m.[39mpayroll_runs[33m.[39mdeleteMany()[33m;[39m
     [90m 60 |[39m     [36mawait[39m prisma[33m.[39mcompanies[33m.[39mdeleteMany()[33m;[39m
     [90m 61 |[39m[0m

      at Object.<anonymous> (src/payroll/payroll.integration.test.ts:58:32)

  ÔùÅ Payroll Integration Tests ÔÇ║ GET /payroll/runs/:id/summary ÔÇ║ should get payroll run summary

    TypeError: Cannot read properties of undefined (reading 'deleteMany')

    [0m [90m 56 |[39m     [36mawait[39m prisma[33m.[39msites[33m.[39mdeleteMany()[33m;[39m
     [90m 57 |[39m     [36mawait[39m prisma[33m.[39mclients[33m.[39mdeleteMany()[33m;[39m
    [31m[1m>[22m[39m[90m 58 |[39m     [36mawait[39m 
prisma[33m.[39mpayroll_items[33m.[39mdeleteMany()[33m;[39m
     [90m    |[39m                                [31m[1m^[22m[39m
     [90m 59 |[39m     [36mawait[39m prisma[33m.[39mpayroll_runs[33m.[39mdeleteMany()[33m;[39m
     [90m 60 |[39m     [36mawait[39m prisma[33m.[39mcompanies[33m.[39mdeleteMany()[33m;[39m
     [90m 61 |[39m[0m

      at Object.<anonymous> (src/payroll/payroll.integration.test.ts:58:32)

FAIL src/common/multi-tenant-isolation.property.spec.ts (11.599 s)
  ÔùÅ Multi-tenant Data Isolation Property Tests ÔÇ║ Property 1: Multi-tenant Data Isolation ÔÇ║ should 
maintain isolation under concurrent operations

    Property failed after 1 tests
    { seed: 42, path: "0:0:0:0:0:0:0:0:0:0:0:0:0:0:0:0:0:0:0:0:0:0:0:0:0:0:0:0:0:0:0:0:0:0:0:0:0:0:0:0:0:
0:0:0:0:0:0:0:0:0:0:0:0:0:0:0:0:0:0:0:0:0:0:0:0:0:0:0:0:0:0:0:0:0:0:0:0:0:0:0:0:0:0:0:0:0:0:0:0:0:0:0:0:0
:0:0:0:0:0:0:0:0:0:0:0:0:0:0:0:0:0:0:0:0:0:0:0:0", endOnFailure: true }
    Counterexample: [{"company":{"id":"fb14eb73-c3c8-4dda-8b4f-8107f9fc131e","name":"     ","slug":"---",
"settings":{},"branding":{}},"clients":[{"id":"b113e6cc-5315-40e7-9809-419edb77a4d6","name":"   ","contac
tEmail":"a@a.aa","contactInfo":{}}],"sites":[{"id":"ef58ac8b-f1cf-4912-9ef6-c136ba6b4719","name":"     
","address":{"street":"123 Test St","city":"Test City","state":"TS","zipCode":"12345"},"accessRequirement
s":{},"safetyProtocols":{},"operationalStatus":"ACTIVE","contactInfo":{}}],"employees":[{"id":"d8e39a9c-f
caf-447a-a140-6dc84519375c","employeeNumber":"   ","firstName":"  ","lastName":"  
","email":"a@a.aa","phone":"          
","address":{},"certifications":{},"skills":[],"employmentStatus":"ACTIVE","hireDate":new 
Date("2022-01-01T00:00:00.000Z")}]},{"company":{"id":"cc27f1cf-3e09-4089-b92b-65b2e8510218","name":"     
","slug":"---","settings":{},"branding":{}},"clients":[{"id":"9ccb3ddc-1a30-4103-99d7-4ff700a7da70","name
":"   ","contactEmail":"a@a.aa","contactInfo":{}}],"sites":[{"id":"65e01e47-5542-4ba4-a31b-5125711ee1b5",
"name":"     ","address":{"street":"123 Test St","city":"Test City","state":"TS","zipCode":"12345"},"acce
ssRequirements":{},"safetyProtocols":{},"operationalStatus":"ACTIVE","contactInfo":{}}],"employees":[{"id
":"101289f7-cca5-4039-93b8-da5c7647ce71","employeeNumber":"   ","firstName":"  ","lastName":"  
","email":"a@a.aa","phone":"          
","address":{},"certifications":{},"skills":[],"employmentStatus":"ACTIVE","hireDate":new 
Date("2022-01-01T00:00:00.000Z")}]}]
    Shrunk 117 time(s)

    Hint: Enable verbose mode in order to have the list of all failing values encountered during the run

      at buildError (node_modules/fast-check/lib/cjs/fast-check.js:2456:16)
      at asyncThrowIfFailed (node_modules/fast-check/lib/cjs/fast-check.js:2468:8)

    Cause:
    expect(received).toBe(expected) // Object.is equality

    Expected: true
    Received: false

    [0m [90m 1046 |[39m       tenant1Results[33m.[39memployees[33m.[39mevery((e[33m:[39m any) 
[33m=>[39m e[33m.[39mcompanyId [33m===[39m tenant1Setup[33m.[39mcompany[33m.[39mid)[33m,[39m
     [90m 1047 |[39m     )[33m.[39mtoBe([36mtrue[39m)[33m;[39m
    [31m[1m>[22m[39m[90m 1048 |[39m     
expect(tenant1Results[33m.[39mclients[33m.[39mevery((c[33m:[39m any) [33m=>[39m 
c[33m.[39mcompanyId [33m===[39m tenant1Setup[33m.[39mcompany[33m.[39mid))[33m.[39mtoBe(
     [90m      |[39m                                                                                   
            [31m[1m^[22m[39m
     [90m 1049 |[39m       [36mtrue[39m[33m,[39m
     [90m 1050 |[39m     )[33m;[39m
     [90m 1051 |[39m[0m

      at verifyConcurrentIsolation (src/common/multi-tenant-isolation.property.spec.ts:1048:95)
      at src/common/multi-tenant-isolation.property.spec.ts:612:15
      at AsyncProperty.run (node_modules/fast-check/lib/cjs/fast-check.js:1212:19)

FAIL src/attendance/attendance-recording-accuracy.property.spec.ts (8.186 s)
  ÔùÅ AttendanceService Property Tests - Recording Accuracy ÔÇ║ Property 9a: Clock-in records complete 
data without corruption

    Property failed after 1 tests
    { seed: 115130247, path: "0:0:0:0:0:0:0:0:0:0:0:0:0:0:0:0:0:0", endOnFailure: true }
    Counterexample: [{"employeeId":"00000000-0000-1000-8000-000000000000","shiftId":"00000000-0000-1000-8
000-000000000000","clockInTime":null,"locationData":{"latitude":0,"longitude":0,"accuracy":null,"address"
:null,"capturedAt":null,"method":null},"verificationData":null,"notes":null}]
    Shrunk 17 time(s)

    Hint: Enable verbose mode in order to have the list of all failing values encountered during the run

      at buildError (node_modules/fast-check/lib/cjs/fast-check.js:2456:16)
      at asyncThrowIfFailed (node_modules/fast-check/lib/cjs/fast-check.js:2468:8)

    Cause:
    expect(received).toBeInstanceOf(expected)

    Expected constructor: Date

    Received value has no prototype
    Received value: undefined

    [0m [90m 199 |[39m           
expect(result[33m.[39mattendance[33m.[39mclock_in)[33m.[39mtoEqual([36mnew[39m 
[33mDate[39m(actualClockInData[33m.[39mclockInTime))[33m;[39m
     [90m 200 |[39m         } [36melse[39m {
    [31m[1m>[22m[39m[90m 201 |[39m           expect(result[33m.[39mattendance[33m.[39mclock_in)
[33m.[39mtoBeInstanceOf([33mDate[39m)[33m;[39m
     [90m     |[39m                                              [31m[1m^[22m[39m
     [90m 202 |[39m           
expect([33mMath[39m[33m.[39mabs(result[33m.[39mattendance[33m.[39mclock_in[33m.[39mgetTime() 
[33m-[39m [33mDate[39m[33m.[39mnow()))[33m.[39mtoBeLessThan([35m5000[39m)[33m;[39m [90m// 
Within 5 seconds[39m
     [90m 203 |[39m         }
     [90m 204 |[39m         [0m

      at src/attendance/attendance-recording-accuracy.property.spec.ts:201:46
      at AsyncProperty.run (node_modules/fast-check/lib/cjs/fast-check.js:1212:19)

  ÔùÅ AttendanceService Property Tests - Recording Accuracy ÔÇ║ Property 9e: System metadata maintains 
consistency and accuracy

    Property failed after 1 tests
    { seed: -333896472, path: "0:0:0:0", endOnFailure: true }
    Counterexample: [" ",new Date("2024-01-01T00:00:00.000Z")]
    Shrunk 3 time(s)

    Hint: Enable verbose mode in order to have the list of all failing values encountered during the run

      at buildError (node_modules/fast-check/lib/cjs/fast-check.js:2456:16)
      at asyncThrowIfFailed (node_modules/fast-check/lib/cjs/fast-check.js:2468:8)

    Cause:
    expect(received).toBe(expected) // Object.is equality

    Expected: "emp-oydarwghw"
    Received: undefined

    [0m [90m 530 |[39m         
     [90m 531 |[39m         [90m// Verify employee and shift relationships are maintained[39m
    [31m[1m>[22m[39m[90m 532 |[39m         expect(clockInResult[33m.[39mattendance[33m.[39mempl
oyee_id)[33m.[39mtoBe(employee[33m.[39mid)[33m;[39m
     [90m     |[39m                                                      [31m[1m^[22m[39m
     [90m 533 |[39m         expect(clockInResult[33m.[39mattendance[33m.[39mshift_id)[33m.[39mtoB
e(shift[33m.[39mid)[33m;[39m
     [90m 534 |[39m         expect(clockOutResult[33m.[39mattendance[33m.[39memployee_id)[33m.[39
mtoBe(employee[33m.[39mid)[33m;[39m
     [90m 535 |[39m         expect(clockOutResult[33m.[39mattendance[33m.[39mshift_id)[33m.[39mto
Be(shift[33m.[39mid)[33m;[39m[0m

      at src/attendance/attendance-recording-accuracy.property.spec.ts:532:54
      at AsyncProperty.run (node_modules/fast-check/lib/cjs/fast-check.js:1212:19)

FAIL src/tests/property-tests/client-portal-monitoring-accuracy.spec.ts (9.128 s)
  ÔùÅ Property Test: Client Portal Monitoring Accuracy ÔÇ║ Property 26: Client Portal Monitoring Accuracy

    Property failed after 1 tests
    { seed: 26, path: "0", endOnFailure: true }
    Counterexample: [{"client":{"name":"W=*$Fm V4Yf4<qC","contactEmail":"sit{.g7&q&.lrxt@yftsfn0.xlr","co
ntactInfo":{"phone":"ZZOF@.3R}TX,^","address":" l~%#~\\lK(;"}},"contract":{"serviceDefinition":{"guardCou
nt":3,"shiftPattern":"ROTATING","coverageHours":9},"billingPreferences":{__proto__:null,"hourlyRate":29.0
140323638916,"overtimeMultiplier":1.9999983310699463,"billingFrequency":"WEEKLY"}},"sites":[{"name":"`k&3
","operationalStatus":"ACTIVE","minStaffingLevel":5,"maxStaffingLevel":3,"skillRequirements":{__proto__:n
ull,"skills":["SECURITY"]},"address":{"street":"+D$#5`w[Zz?(vD@kx","city":"#\\R:ZO6192AG$G","state":"R%o"
,"zipCode":"length"}},{"name":"Upror hasOwnProp","operationalStatus":"ACTIVE","minStaffingLevel":1,"maxSt
affingLevel":3,"skillRequirements":{"skills":["FIRE_SAFETY","FIRST_AID"]},"address":{__proto__:null,"stre
et":"$rototy","city":"caller","state":"%x\"Gj{&3wl !%s","zipCode":"8X+a<9:PL'"}}],"employees":[{__proto__
:null,"employeeNumber":"(8zHb]R5s","firstName":"J~@q2d.","lastName":":\\&W^=d","email":"4t^bge.1fi|dl=.t_
'*5{~.5^7`4&n#!wf.x.45ia~790h}zb.ami+d.un$45&@zsmqf9td.m.lj","skills":["FIRE_SAFETY","FIRE_SAFETY","SECUR
ITY"],"employmentStatus":"ACTIVE"},{"employeeNumber":"MYN~ap","firstName":"lRLm","lastName":"nq","email":
"rd09_%.q3ox&uwe!6{.t.2ekv*{$.~`05f}{1xbw@0eu.lq","skills":["FIRST_AID","FIRE_SAFETY"],"employmentStatus"
:"ACTIVE"},{__proto__:null,"employeeNumber":"Wm`{Mxx","firstName":"(11N]?Y@6-S","lastName":"3r)zu^yF7V","
email":"ygr.c44.z79tht$.$k`h`'sebr1.g'1.3ckb.3._|1-g|kyb.9/4+~klgag@hx92cq.wq","skills":["FIRE_SAFETY"],"
employmentStatus":"ACTIVE"},{__proto__:null,"employeeNumber":"&232n\\?r","firstName":"$k-;9q'0","lastName
":"1[","email":"u_.{mtffr.`h|97x2!j{p*.3s4h405=d.w8p`k#s3%w6.y-*kp}pme@gy04a.hm","skills":["FIRST_AID","F
IRE_SAFETY","FIRST_AID"],"employmentStatus":"ACTIVE"},{"employeeNumber":"A9nM7lse^c","firstName":"{sSQBOO
Z\\>gK$K","lastName":"E_e`cKv7r!t,,","email":"'k-c~{.?$s'7!7emk}t.s5r7w.y+e&s%iotpy.*e=}t|73d@t43jk03memp
u.4.ous","skills":["SECURITY","FIRE_SAFETY","SECURITY"],"employmentStatus":"ACTIVE"}],"attendanceData":{"
shiftsPerSite":1,"attendanceRate":0.8515876531600952,"lateArrivals":1,"earlyDepartures":1}}]
    Shrunk 0 time(s)

    Hint: Enable verbose mode in order to have the list of all failing values encountered during the run

      at buildError (node_modules/fast-check/lib/cjs/fast-check.js:2456:16)
      at asyncThrowIfFailed (node_modules/fast-check/lib/cjs/fast-check.js:2468:8)

    Cause:
    NotFoundException: Client not found

    [0m [90m 545 |[39m
     [90m 546 |[39m     [36mif[39m ([33m![39mclient) {
    [31m[1m>[22m[39m[90m 547 |[39m       [36mthrow[39m [36mnew[39m 
[33mNotFoundException[39m([32m'Client not found'[39m)[33m;[39m
     [90m     |[39m             [31m[1m^[22m[39m
     [90m 548 |[39m     }
     [90m 549 |[39m
     [90m 550 |[39m     [36mconst[39m allSites [33m=[39m 
client[33m.[39mcontracts[33m.[39mflatMap(contract [33m=>[39m 
contract[33m.[39msites)[33m;[39m[0m

      at ClientPortalService.getSiteOverview (src/client-portal/client-portal.service.ts:547:13)
          at async Promise.all (index 0)
      at ClientPortalService.getClientDashboard (src/client-portal/client-portal.service.ts:62:9)
      at src/tests/property-tests/client-portal-monitoring-accuracy.spec.ts:397:35
      at AsyncProperty.run (node_modules/fast-check/lib/cjs/fast-check.js:1212:19)

  ÔùÅ Property Test: Client Portal Monitoring Accuracy ÔÇ║ Property 27: Client Portal Data Temporal 
Consistency

    Property failed after 1 tests
    { seed: 27, path: "0", endOnFailure: true }
    Counterexample: [{__proto__:null,"name":"vn[et9k)","contactEmail":"__proto__@g6.ref","contactInfo":{"
phone":"z${#7~Y%&{y","address":"`i#rtypropertyIsE"}}]
    Shrunk 0 time(s)

    Hint: Enable verbose mode in order to have the list of all failing values encountered during the run

      at buildError (node_modules/fast-check/lib/cjs/fast-check.js:2456:16)
      at asyncThrowIfFailed (node_modules/fast-check/lib/cjs/fast-check.js:2468:8)

    Cause:
    NotFoundException: Client not found

    [0m [90m 545 |[39m
     [90m 546 |[39m     [36mif[39m ([33m![39mclient) {
    [31m[1m>[22m[39m[90m 547 |[39m       [36mthrow[39m [36mnew[39m 
[33mNotFoundException[39m([32m'Client not found'[39m)[33m;[39m
     [90m     |[39m             [31m[1m^[22m[39m
     [90m 548 |[39m     }
     [90m 549 |[39m
     [90m 550 |[39m     [36mconst[39m allSites [33m=[39m 
client[33m.[39mcontracts[33m.[39mflatMap(contract [33m=>[39m 
contract[33m.[39msites)[33m;[39m[0m

      at ClientPortalService.getSiteOverview (src/client-portal/client-portal.service.ts:547:13)
          at async Promise.all (index 0)
      at ClientPortalService.getClientDashboard (src/client-portal/client-portal.service.ts:62:9)
      at src/tests/property-tests/client-portal-monitoring-accuracy.spec.ts:654:35
      at AsyncProperty.run (node_modules/fast-check/lib/cjs/fast-check.js:1212:19)

FAIL src/payroll/tests/payroll-dashboard-accuracy.property.spec.ts (9.968 s)
  ÔùÅ Property 22: Payroll Dashboard Accuracy ÔÇ║ Property: Dashboard maintains data consistency across 
views

    Property failed after 1 tests
    { seed: 901038371, path: "0:0:0:0:0:0:0:0:0:0:0:0:0:0:0:0:0:0:0:0:0:0:0:0:0:0:0:0:0:0:0:0:0:0:0:0:0:0
:0:0:0:0:0:0:0:0:0:0:0:0:0:0:0:0:0:0:0:0:0:0:0:0:0:0:0:0:0:0:0:0:0:0:0:0:0:0:0:0:0:0:0:0:0:0:0:0:0:0:0:0:
0:0:0:0:0", endOnFailure: true }
    Counterexample: [[{"runNumber":"          ","payPeriodStart":new 
Date("2024-01-01T00:00:00.000Z"),"payPeriodEnd":new 
Date("2024-01-01T00:00:00.000Z"),"status":"DRAFT","totalAmount":50000,"employeeCount":1},{"runNumber":"  
        ","payPeriodStart":new Date("2024-01-01T00:00:00.000Z"),"payPeriodEnd":new Date("2024-01-01T00:00
:00.000Z"),"status":"DRAFT","totalAmount":50000,"employeeCount":1}],[{"employeeId":"00000000-0000-1000-80
00-000000000000","itemType":"BASIC_PAY","amount":0,"description":"     "},{"employeeId":"00000000-0000-10
00-8000-000000000000","itemType":"BASIC_PAY","amount":0,"description":"     "},{"employeeId":"00000000-00
00-1000-8000-000000000000","itemType":"BASIC_PAY","amount":0,"description":"     "},{"employeeId":"000000
00-0000-1000-8000-000000000000","itemType":"BASIC_PAY","amount":0,"description":"     "},{"employeeId":"0
0000000-0000-1000-8000-000000000000","itemType":"BASIC_PAY","amount":0,"description":"     "}]]
    Shrunk 94 time(s)

    Hint: Enable verbose mode in order to have the list of all failing values encountered during the run

      at buildError (node_modules/fast-check/lib/cjs/fast-check.js:2456:16)
      at asyncThrowIfFailed (node_modules/fast-check/lib/cjs/fast-check.js:2468:8)

    Cause:
    expect(received).toBe(expected) // Object.is equality

    Expected: 0
    Received: 2

    [0m [90m 544 |[39m           [36mconst[39m page2Ids [33m=[39m [36mnew[39m 
[33mSet[39m(page2[33m.[39mdata[33m.[39mmap(run [33m=>[39m run[33m.[39mid))[33m;[39m
     [90m 545 |[39m           [36mconst[39m intersection [33m=[39m [36mnew[39m 
[33mSet[39m([[33m...[39mpage1Ids][33m.[39mfilter(id [33m=>[39m 
page2Ids[33m.[39mhas(id)))[33m;[39m
    [31m[1m>[22m[39m[90m 546 |[39m           
expect(intersection[33m.[39msize)[33m.[39mtoBe([35m0[39m)[33m;[39m
     [90m     |[39m                                     [31m[1m^[22m[39m
     [90m 547 |[39m         }
     [90m 548 |[39m       )[33m,[39m
     [90m 549 |[39m       { numRuns[33m:[39m [35m12[39m[33m,[39m timeout[33m:[39m 
[35m12000[39m }[0m

      at src/payroll/tests/payroll-dashboard-accuracy.property.spec.ts:546:37
      at AsyncProperty.run (node_modules/fast-check/lib/cjs/fast-check.js:1212:19)

FAIL src/contracts/contracts.service.spec.ts (9.154 s)
  ÔùÅ ContractsService ÔÇ║ create ÔÇ║ should create a new contract successfully

    TypeError: Cannot read properties of undefined (reading 'findFirst')

    [0m [90m 22 |[39m
     [90m 23 |[39m     [90m// Validate client exists and belongs to tenant[39m
    [31m[1m>[22m[39m[90m 24 |[39m     [36mconst[39m client [33m=[39m [36mawait[39m 
[36mthis[39m[33m.[39mprisma[33m.[39mclients[33m.[39mfindFirst({
     [90m    |[39m                                              [31m[1m^[22m[39m
     [90m 25 |[39m       where[33m:[39m {
     [90m 26 |[39m         id[33m:[39m createContractDto[33m.[39mclientId[33m,[39m
     [90m 27 |[39m         company_id[33m:[39m 
[36mthis[39m[33m.[39mtenantContext[33m.[39mgetTenantId()[33m,[39m[0m

      at ContractsService.create (src/contracts/contracts.service.ts:24:46)
      at Object.<anonymous> (src/contracts/contracts.service.spec.ts:128:36)

  ÔùÅ ContractsService ÔÇ║ create ÔÇ║ should throw NotFoundException when client does not exist

    expect(received).rejects.toThrow(expected)

    Expected constructor: NotFoundException
    Received constructor: TypeError

    Received message: "Cannot read properties of undefined (reading 'findFirst')"

        [0m [90m 22 |[39m
         [90m 23 |[39m     [90m// Validate client exists and belongs to tenant[39m
        [31m[1m>[22m[39m[90m 24 |[39m     [36mconst[39m client [33m=[39m [36mawait[39m 
[36mthis[39m[33m.[39mprisma[33m.[39mclients[33m.[39mfindFirst({
         [90m    |[39m                                              [31m[1m^[22m[39m
         [90m 25 |[39m       where[33m:[39m {
         [90m 26 |[39m         id[33m:[39m createContractDto[33m.[39mclientId[33m,[39m
         [90m 27 |[39m         company_id[33m:[39m 
[36mthis[39m[33m.[39mtenantContext[33m.[39mgetTenantId()[33m,[39m[0m

      at ContractsService.create (src/contracts/contracts.service.ts:24:46)
      at Object.<anonymous> (src/contracts/contracts.service.spec.ts:147:28)
      at Object.toThrow (node_modules/expect/build/index.js:2155:20)
      at Object.<anonymous> (src/contracts/contracts.service.spec.ts:147:74)

  ÔùÅ ContractsService ÔÇ║ create ÔÇ║ should throw NotFoundException when client does not belong to 
tenant

    expect(received).rejects.toThrow(expected)

    Expected constructor: NotFoundException
    Received constructor: TypeError

    Received message: "Cannot read properties of undefined (reading 'findFirst')"

        [0m [90m 22 |[39m
         [90m 23 |[39m     [90m// Validate client exists and belongs to tenant[39m
        [31m[1m>[22m[39m[90m 24 |[39m     [36mconst[39m client [33m=[39m [36mawait[39m 
[36mthis[39m[33m.[39mprisma[33m.[39mclients[33m.[39mfindFirst({
         [90m    |[39m                                              [31m[1m^[22m[39m
         [90m 25 |[39m       where[33m:[39m {
         [90m 26 |[39m         id[33m:[39m createContractDto[33m.[39mclientId[33m,[39m
         [90m 27 |[39m         company_id[33m:[39m 
[36mthis[39m[33m.[39mtenantContext[33m.[39mgetTenantId()[33m,[39m[0m

      at ContractsService.create (src/contracts/contracts.service.ts:24:46)
      at Object.<anonymous> (src/contracts/contracts.service.spec.ts:161:28)
      at Object.toThrow (node_modules/expect/build/index.js:2155:20)
      at Object.<anonymous> (src/contracts/contracts.service.spec.ts:161:74)

  ÔùÅ ContractsService ÔÇ║ findAll ÔÇ║ should return paginated contracts

    TypeError: Cannot read properties of undefined (reading 'findMany')

    [0m [90m  98 |[39m
     [90m  99 |[39m     [36mconst[39m [contracts[33m,[39m total] [33m=[39m [36mawait[39m 
[33mPromise[39m[33m.[39mall([
    [31m[1m>[22m[39m[90m 100 |[39m       
[36mthis[39m[33m.[39mprisma[33m.[39mcontracts[33m.[39mfindMany({
     [90m     |[39m                             [31m[1m^[22m[39m
     [90m 101 |[39m         where[33m,[39m
     [90m 102 |[39m         include[33m:[39m {
     [90m 103 |[39m           clients[33m:[39m {[0m

      at ContractsService.findAll (src/contracts/contracts.service.ts:100:29)
      at Object.<anonymous> (src/contracts/contracts.service.spec.ts:182:36)

  ÔùÅ ContractsService ÔÇ║ findAll ÔÇ║ should filter contracts by status

    TypeError: Cannot read properties of undefined (reading 'findMany')

    [0m [90m  98 |[39m
     [90m  99 |[39m     [36mconst[39m [contracts[33m,[39m total] [33m=[39m [36mawait[39m 
[33mPromise[39m[33m.[39mall([
    [31m[1m>[22m[39m[90m 100 |[39m       
[36mthis[39m[33m.[39mprisma[33m.[39mcontracts[33m.[39mfindMany({
     [90m     |[39m                             [31m[1m^[22m[39m
     [90m 101 |[39m         where[33m,[39m
     [90m 102 |[39m         include[33m:[39m {
     [90m 103 |[39m           clients[33m:[39m {[0m

      at ContractsService.findAll (src/contracts/contracts.service.ts:100:29)
      at Object.<anonymous> (src/contracts/contracts.service.spec.ts:230:21)

  ÔùÅ ContractsService ÔÇ║ findAll ÔÇ║ should filter contracts by client ID

    TypeError: Cannot read properties of undefined (reading 'findMany')

    [0m [90m  98 |[39m
     [90m  99 |[39m     [36mconst[39m [contracts[33m,[39m total] [33m=[39m [36mawait[39m 
[33mPromise[39m[33m.[39mall([
    [31m[1m>[22m[39m[90m 100 |[39m       
[36mthis[39m[33m.[39mprisma[33m.[39mcontracts[33m.[39mfindMany({
     [90m     |[39m                             [31m[1m^[22m[39m
     [90m 101 |[39m         where[33m,[39m
     [90m 102 |[39m         include[33m:[39m {
     [90m 103 |[39m           clients[33m:[39m {[0m

      at ContractsService.findAll (src/contracts/contracts.service.ts:100:29)
      at Object.<anonymous> (src/contracts/contracts.service.spec.ts:255:21)

  ÔùÅ ContractsService ÔÇ║ findOne ÔÇ║ should return a contract by ID

    TypeError: Cannot read properties of undefined (reading 'findFirst')

    [0m [90m 139 |[39m
     [90m 140 |[39m   [36masync[39m findOne(id[33m:[39m string)[33m:[39m 
[33mPromise[39m[33m<[39m[33mContract[39m[33m>[39m {
    [31m[1m>[22m[39m[90m 141 |[39m     [36mconst[39m contract [33m=[39m [36mawait[39m 
[36mthis[39m[33m.[39mprisma[33m.[39mcontracts[33m.[39mfindFirst({
     [90m     |[39m                                                  [31m[1m^[22m[39m
     [90m 142 |[39m       where[33m:[39m {
     [90m 143 |[39m         id[33m,[39m
     [90m 144 |[39m         clients[33m:[39m {[0m

      at ContractsService.findOne (src/contracts/contracts.service.ts:141:50)
      at Object.<anonymous> (src/contracts/contracts.service.spec.ts:289:36)

  ÔùÅ ContractsService ÔÇ║ findOne ÔÇ║ should throw NotFoundException when contract does not exist

    expect(received).rejects.toThrow(expected)

    Expected constructor: NotFoundException
    Received constructor: TypeError

    Received message: "Cannot read properties of undefined (reading 'findFirst')"

        [0m [90m 139 |[39m
         [90m 140 |[39m   [36masync[39m findOne(id[33m:[39m string)[33m:[39m 
[33mPromise[39m[33m<[39m[33mContract[39m[33m>[39m {
        [31m[1m>[22m[39m[90m 141 |[39m     [36mconst[39m contract [33m=[39m [36mawait[39m 
[36mthis[39m[33m.[39mprisma[33m.[39mcontracts[33m.[39mfindFirst({
         [90m     |[39m                                                  [31m[1m^[22m[39m
         [90m 142 |[39m       where[33m:[39m {
         [90m 143 |[39m         id[33m,[39m
         [90m 144 |[39m         clients[33m:[39m {[0m

      at ContractsService.findOne (src/contracts/contracts.service.ts:141:50)
      at Object.<anonymous> (src/contracts/contracts.service.spec.ts:310:28)
      at Object.toThrow (node_modules/expect/build/index.js:2155:20)
      at Object.<anonymous> (src/contracts/contracts.service.spec.ts:310:61)

  ÔùÅ ContractsService ÔÇ║ update ÔÇ║ should update a contract successfully

    BadRequestException: Failed to update contract

    [0m [90m 241 |[39m     } [36mcatch[39m (error[33m:[39m any) {
     [90m 242 |[39m       [36mthis[39m[33m.[39mlogger[33m.[39merror([32m`Failed to update 
contract: ${error.message}`[39m)[33m;[39m
    [31m[1m>[22m[39m[90m 243 |[39m       [36mthrow[39m [36mnew[39m 
[33mBadRequestException[39m([32m'Failed to update contract'[39m)[33m;[39m
     [90m     |[39m             [31m[1m^[22m[39m
     [90m 244 |[39m     }
     [90m 245 |[39m   }
     [90m 246 |[39m[0m

      at ContractsService.update (src/contracts/contracts.service.ts:243:13)
      at Object.<anonymous> (src/contracts/contracts.service.spec.ts:337:22)

  ÔùÅ ContractsService ÔÇ║ remove ÔÇ║ should soft delete a contract with no active sites

    TypeError: Cannot read properties of undefined (reading 'count')

    [0m [90m 252 |[39m
     [90m 253 |[39m     [90m// Check if contract has active sites[39m
    [31m[1m>[22m[39m[90m 254 |[39m     [36mconst[39m activeSites [33m=[39m [36mawait[39m 
[36mthis[39m[33m.[39mprisma[33m.[39msites[33m.[39mcount({
     [90m     |[39m                                                 [31m[1m^[22m[39m
     [90m 255 |[39m       where[33m:[39m {
     [90m 256 |[39m         contract_id[33m:[39m id[33m,[39m
     [90m 257 |[39m         operational_status[33m:[39m [32m'ACTIVE'[39m[33m,[39m[0m

      at ContractsService.remove (src/contracts/contracts.service.ts:254:49)
      at Object.<anonymous> (src/contracts/contracts.service.spec.ts:380:7)

  ÔùÅ ContractsService ÔÇ║ remove ÔÇ║ should throw BadRequestException when contract has active sites

    expect(received).rejects.toThrow(expected)

    Expected constructor: BadRequestException
    Received constructor: TypeError

    Received message: "Cannot read properties of undefined (reading 'count')"

        [0m [90m 252 |[39m
         [90m 253 |[39m     [90m// Check if contract has active sites[39m
        [31m[1m>[22m[39m[90m 254 |[39m     [36mconst[39m activeSites [33m=[39m [36mawait[39m 
[36mthis[39m[33m.[39mprisma[33m.[39msites[33m.[39mcount({
         [90m     |[39m                                                 [31m[1m^[22m[39m
         [90m 255 |[39m       where[33m:[39m {
         [90m 256 |[39m         contract_id[33m:[39m id[33m,[39m
         [90m 257 |[39m         operational_status[33m:[39m [32m'ACTIVE'[39m[33m,[39m[0m

      at ContractsService.remove (src/contracts/contracts.service.ts:254:49)
      at Object.<anonymous> (src/contracts/contracts.service.spec.ts:404:7)
      at Object.toThrow (node_modules/expect/build/index.js:2155:20)
      at Object.<anonymous> (src/contracts/contracts.service.spec.ts:404:60)

  ÔùÅ ContractsService ÔÇ║ contract number generation ÔÇ║ should generate unique contract numbers

    TypeError: Cannot read properties of undefined (reading 'findFirst')

    [0m [90m 22 |[39m
     [90m 23 |[39m     [90m// Validate client exists and belongs to tenant[39m
    [31m[1m>[22m[39m[90m 24 |[39m     [36mconst[39m client [33m=[39m [36mawait[39m 
[36mthis[39m[33m.[39mprisma[33m.[39mclients[33m.[39mfindFirst({
     [90m    |[39m                                              [31m[1m^[22m[39m
     [90m 25 |[39m       where[33m:[39m {
     [90m 26 |[39m         id[33m:[39m createContractDto[33m.[39mclientId[33m,[39m
     [90m 27 |[39m         company_id[33m:[39m 
[36mthis[39m[33m.[39mtenantContext[33m.[39mgetTenantId()[33m,[39m[0m

      at ContractsService.create (src/contracts/contracts.service.ts:24:46)
      at Object.<anonymous> (src/contracts/contracts.service.spec.ts:428:36)

FAIL src/common/company-registration.property.spec.ts (6.746 s)
  ÔùÅ Company Registration Completeness Property Tests ÔÇ║ Property 2: Company Registration Completeness 
ÔÇ║ should create a complete isolated workspace with default configurations for any valid company 
registration

    TypeError: Cannot read properties of undefined (reading 'deleteMany')

    [0m [90m 700 |[39m     [36mawait[39m prismaService[33m.[39mwithSystemContext([36masync[39m 
(prisma) [33m=>[39m {
     [90m 701 |[39m       [90m// Delete in reverse dependency order[39m
    [31m[1m>[22m[39m[90m 702 |[39m       [36mawait[39m 
prisma[33m.[39mpayroll_items[33m.[39mdeleteMany({})[33m;[39m
     [90m     |[39m                                  [31m[1m^[22m[39m
     [90m 703 |[39m       [36mawait[39m 
prisma[33m.[39mpayroll_runs[33m.[39mdeleteMany({})[33m;[39m
     [90m 704 |[39m       [36mawait[39m prisma[33m.[39minvoices[33m.[39mdeleteMany({})[33m;[39m
     [90m 705 |[39m       [36mawait[39m 
prisma[33m.[39mattendance[33m.[39mdeleteMany({})[33m;[39m[0m

      at src/common/company-registration.property.spec.ts:702:34
      at MockPrismaService.withSystemContext (src/common/company-registration.property.spec.ts:38:20)
      at cleanupTestData (src/common/company-registration.property.spec.ts:700:25)
      at Object.<anonymous> (src/common/company-registration.property.spec.ts:382:11)

  ÔùÅ Company Registration Completeness Property Tests ÔÇ║ Property 2: Company Registration Completeness 
ÔÇ║ should create a complete isolated workspace with default configurations for any valid company 
registration

    TypeError: Cannot read properties of undefined (reading 'deleteMany')

    [0m [90m 700 |[39m     [36mawait[39m prismaService[33m.[39mwithSystemContext([36masync[39m 
(prisma) [33m=>[39m {
     [90m 701 |[39m       [90m// Delete in reverse dependency order[39m
    [31m[1m>[22m[39m[90m 702 |[39m       [36mawait[39m 
prisma[33m.[39mpayroll_items[33m.[39mdeleteMany({})[33m;[39m
     [90m     |[39m                                  [31m[1m^[22m[39m
     [90m 703 |[39m       [36mawait[39m 
prisma[33m.[39mpayroll_runs[33m.[39mdeleteMany({})[33m;[39m
     [90m 704 |[39m       [36mawait[39m prisma[33m.[39minvoices[33m.[39mdeleteMany({})[33m;[39m
     [90m 705 |[39m       [36mawait[39m 
prisma[33m.[39mattendance[33m.[39mdeleteMany({})[33m;[39m[0m

      at src/common/company-registration.property.spec.ts:702:34
      at MockPrismaService.withSystemContext (src/common/company-registration.property.spec.ts:38:20)
      at cleanupTestData (src/common/company-registration.property.spec.ts:700:25)
      at Object.<anonymous> (src/common/company-registration.property.spec.ts:387:11)

  ÔùÅ Company Registration Completeness Property Tests ÔÇ║ Property 2: Company Registration Completeness 
ÔÇ║ should create default configurations that are non-empty and well-structured for any company

    TypeError: Cannot read properties of undefined (reading 'deleteMany')

    [0m [90m 700 |[39m     [36mawait[39m prismaService[33m.[39mwithSystemContext([36masync[39m 
(prisma) [33m=>[39m {
     [90m 701 |[39m       [90m// Delete in reverse dependency order[39m
    [31m[1m>[22m[39m[90m 702 |[39m       [36mawait[39m 
prisma[33m.[39mpayroll_items[33m.[39mdeleteMany({})[33m;[39m
     [90m     |[39m                                  [31m[1m^[22m[39m
     [90m 703 |[39m       [36mawait[39m 
prisma[33m.[39mpayroll_runs[33m.[39mdeleteMany({})[33m;[39m
     [90m 704 |[39m       [36mawait[39m prisma[33m.[39minvoices[33m.[39mdeleteMany({})[33m;[39m
     [90m 705 |[39m       [36mawait[39m 
prisma[33m.[39mattendance[33m.[39mdeleteMany({})[33m;[39m[0m

      at src/common/company-registration.property.spec.ts:702:34
      at MockPrismaService.withSystemContext (src/common/company-registration.property.spec.ts:38:20)
      at cleanupTestData (src/common/company-registration.property.spec.ts:700:25)
      at Object.<anonymous> (src/common/company-registration.property.spec.ts:382:11)

  ÔùÅ Company Registration Completeness Property Tests ÔÇ║ Property 2: Company Registration Completeness 
ÔÇ║ should create default configurations that are non-empty and well-structured for any company

    TypeError: Cannot read properties of undefined (reading 'deleteMany')

    [0m [90m 700 |[39m     [36mawait[39m prismaService[33m.[39mwithSystemContext([36masync[39m 
(prisma) [33m=>[39m {
     [90m 701 |[39m       [90m// Delete in reverse dependency order[39m
    [31m[1m>[22m[39m[90m 702 |[39m       [36mawait[39m 
prisma[33m.[39mpayroll_items[33m.[39mdeleteMany({})[33m;[39m
     [90m     |[39m                                  [31m[1m^[22m[39m
     [90m 703 |[39m       [36mawait[39m 
prisma[33m.[39mpayroll_runs[33m.[39mdeleteMany({})[33m;[39m
     [90m 704 |[39m       [36mawait[39m prisma[33m.[39minvoices[33m.[39mdeleteMany({})[33m;[39m
     [90m 705 |[39m       [36mawait[39m 
prisma[33m.[39mattendance[33m.[39mdeleteMany({})[33m;[39m[0m

      at src/common/company-registration.property.spec.ts:702:34
      at MockPrismaService.withSystemContext (src/common/company-registration.property.spec.ts:38:20)
      at cleanupTestData (src/common/company-registration.property.spec.ts:700:25)
      at Object.<anonymous> (src/common/company-registration.property.spec.ts:387:11)

  ÔùÅ Company Registration Completeness Property Tests ÔÇ║ Property 2: Company Registration Completeness 
ÔÇ║ should maintain workspace isolation and completeness under concurrent registrations

    TypeError: Cannot read properties of undefined (reading 'deleteMany')

    [0m [90m 700 |[39m     [36mawait[39m prismaService[33m.[39mwithSystemContext([36masync[39m 
(prisma) [33m=>[39m {
     [90m 701 |[39m       [90m// Delete in reverse dependency order[39m
    [31m[1m>[22m[39m[90m 702 |[39m       [36mawait[39m 
prisma[33m.[39mpayroll_items[33m.[39mdeleteMany({})[33m;[39m
     [90m     |[39m                                  [31m[1m^[22m[39m
     [90m 703 |[39m       [36mawait[39m 
prisma[33m.[39mpayroll_runs[33m.[39mdeleteMany({})[33m;[39m
     [90m 704 |[39m       [36mawait[39m prisma[33m.[39minvoices[33m.[39mdeleteMany({})[33m;[39m
     [90m 705 |[39m       [36mawait[39m 
prisma[33m.[39mattendance[33m.[39mdeleteMany({})[33m;[39m[0m

      at src/common/company-registration.property.spec.ts:702:34
      at MockPrismaService.withSystemContext (src/common/company-registration.property.spec.ts:38:20)
      at cleanupTestData (src/common/company-registration.property.spec.ts:700:25)
      at Object.<anonymous> (src/common/company-registration.property.spec.ts:382:11)

  ÔùÅ Company Registration Completeness Property Tests ÔÇ║ Property 2: Company Registration Completeness 
ÔÇ║ should maintain workspace isolation and completeness under concurrent registrations

    TypeError: Cannot read properties of undefined (reading 'deleteMany')

    [0m [90m 700 |[39m     [36mawait[39m prismaService[33m.[39mwithSystemContext([36masync[39m 
(prisma) [33m=>[39m {
     [90m 701 |[39m       [90m// Delete in reverse dependency order[39m
    [31m[1m>[22m[39m[90m 702 |[39m       [36mawait[39m 
prisma[33m.[39mpayroll_items[33m.[39mdeleteMany({})[33m;[39m
     [90m     |[39m                                  [31m[1m^[22m[39m
     [90m 703 |[39m       [36mawait[39m 
prisma[33m.[39mpayroll_runs[33m.[39mdeleteMany({})[33m;[39m
     [90m 704 |[39m       [36mawait[39m prisma[33m.[39minvoices[33m.[39mdeleteMany({})[33m;[39m
     [90m 705 |[39m       [36mawait[39m 
prisma[33m.[39mattendance[33m.[39mdeleteMany({})[33m;[39m[0m

      at src/common/company-registration.property.spec.ts:702:34
      at MockPrismaService.withSystemContext (src/common/company-registration.property.spec.ts:38:20)
      at cleanupTestData (src/common/company-registration.property.spec.ts:700:25)
      at Object.<anonymous> (src/common/company-registration.property.spec.ts:387:11)

  ÔùÅ Company Registration Completeness Property Tests ÔÇ║ Property 2: Company Registration Completeness 
ÔÇ║ should provide consistent default workspace structure regardless of input variations

    TypeError: Cannot read properties of undefined (reading 'deleteMany')

    [0m [90m 700 |[39m     [36mawait[39m prismaService[33m.[39mwithSystemContext([36masync[39m 
(prisma) [33m=>[39m {
     [90m 701 |[39m       [90m// Delete in reverse dependency order[39m
    [31m[1m>[22m[39m[90m 702 |[39m       [36mawait[39m 
prisma[33m.[39mpayroll_items[33m.[39mdeleteMany({})[33m;[39m
     [90m     |[39m                                  [31m[1m^[22m[39m
     [90m 703 |[39m       [36mawait[39m 
prisma[33m.[39mpayroll_runs[33m.[39mdeleteMany({})[33m;[39m
     [90m 704 |[39m       [36mawait[39m prisma[33m.[39minvoices[33m.[39mdeleteMany({})[33m;[39m
     [90m 705 |[39m       [36mawait[39m 
prisma[33m.[39mattendance[33m.[39mdeleteMany({})[33m;[39m[0m

      at src/common/company-registration.property.spec.ts:702:34
      at MockPrismaService.withSystemContext (src/common/company-registration.property.spec.ts:38:20)
      at cleanupTestData (src/common/company-registration.property.spec.ts:700:25)
      at Object.<anonymous> (src/common/company-registration.property.spec.ts:382:11)

  ÔùÅ Company Registration Completeness Property Tests ÔÇ║ Property 2: Company Registration Completeness 
ÔÇ║ should provide consistent default workspace structure regardless of input variations

    TypeError: Cannot read properties of undefined (reading 'deleteMany')

    [0m [90m 700 |[39m     [36mawait[39m prismaService[33m.[39mwithSystemContext([36masync[39m 
(prisma) [33m=>[39m {
     [90m 701 |[39m       [90m// Delete in reverse dependency order[39m
    [31m[1m>[22m[39m[90m 702 |[39m       [36mawait[39m 
prisma[33m.[39mpayroll_items[33m.[39mdeleteMany({})[33m;[39m
     [90m     |[39m                                  [31m[1m^[22m[39m
     [90m 703 |[39m       [36mawait[39m 
prisma[33m.[39mpayroll_runs[33m.[39mdeleteMany({})[33m;[39m
     [90m 704 |[39m       [36mawait[39m prisma[33m.[39minvoices[33m.[39mdeleteMany({})[33m;[39m
     [90m 705 |[39m       [36mawait[39m 
prisma[33m.[39mattendance[33m.[39mdeleteMany({})[33m;[39m[0m

      at src/common/company-registration.property.spec.ts:702:34
      at MockPrismaService.withSystemContext (src/common/company-registration.property.spec.ts:38:20)
      at cleanupTestData (src/common/company-registration.property.spec.ts:700:25)
      at Object.<anonymous> (src/common/company-registration.property.spec.ts:387:11)


Test Suites: 15 failed, 54 passed, 69 total
Tests:       57 failed, 623 passed, 680 total
Snapshots:   0 total
Time:        645.206 s, estimated 936 s
Ran all test suites.
Force exiting Jest: Have you considered using `--detectOpenHandles` to detect async operations that kept 
running after all tests finished?
